?   	raven/cmd/delivery	[no test files]
?   	raven/cmd/sasl	[no test files]
?   	raven/cmd/server	[no test files]
?   	raven/cmd/socketmap	[no test files]
=== RUN   TestParseInitialClientResponse
2026/06/13 08:52:47 OAUTHBEARER: parsed client response authzid="user@example.com" user="" token_len=9 token_preview="token-123"
--- PASS: TestParseInitialClientResponse (0.00s)
=== RUN   TestParseInitialClientResponseDetails
2026/06/13 08:52:47 OAUTHBEARER: parsed client response authzid="user@example.com" user="alice" token_len=9 token_preview="token-abc"
--- PASS: TestParseInitialClientResponseDetails (0.00s)
=== RUN   TestParseRawInitialClientResponse_MissingBearer
--- PASS: TestParseRawInitialClientResponse_MissingBearer (0.00s)
=== RUN   TestValidateAccessToken_Success
2026/06/13 08:52:48 OAUTHBEARER: key lookup kid="kid-1" alg="RS256" cache_hit=false refreshing_jwks=true
2026/06/13 08:52:48 OAUTHBEARER: fetching jwks url="http://127.0.0.1:39099"
2026/06/13 08:52:48 OAUTHBEARER: jwks response ok url="http://127.0.0.1:39099" status=200 body="{\"keys\":[{\"e\":\"AQAB\",\"kid\":\"kid-1\",\"kty\":\"RSA\",\"n\":\"0O_dtXL76LFqchdJkDn-0bVv2ioM-ev3m4wr0QQxWMNgK83IKpb8x8cwyQ2vC23IO8jfjBeRibtTdi95nwsXqxaCXhAHlI9KsY28Q5HZhbYLVP8wJ0dj9KGPfMz1ehmysj9OIz62sqc4VqROT3HbZ4HtrkyA_XFMGnjpnRn048nca8PNJOgZuxi9v1cM4Ecym59wVu2dQ0CM2VYAvYsK3lPykZKOJ5LdxnJ8H75-6MWDBTOPmS_oQ49ZlQ7nwCFT2Zz2zW8XpRNDeNLUO-Dp1TdT0q5zZ32LFAqJcaQKla2Y0NQ-GW5tY2q2X6JaxPmb27UQXmr_YooNaKxHNw2uLQ\"}]}\n"
2026/06/13 08:52:48 OAUTHBEARER: jwks refresh successful rsa_keys=1
2026/06/13 08:52:48 OAUTHBEARER: key lookup kid="kid-1" alg="RS256" cache_hit=true source=post_refresh
--- PASS: TestValidateAccessToken_Success (0.33s)
=== RUN   TestValidateAccessToken_Expired
2026/06/13 08:52:48 OAUTHBEARER: key lookup kid="kid-1" alg="RS256" cache_hit=false refreshing_jwks=true
2026/06/13 08:52:48 OAUTHBEARER: fetching jwks url="http://127.0.0.1:46851"
2026/06/13 08:52:48 OAUTHBEARER: jwks response ok url="http://127.0.0.1:46851" status=200 body="{\"keys\":[{\"e\":\"AQAB\",\"kid\":\"kid-1\",\"kty\":\"RSA\",\"n\":\"3aq63lIRfH2SCTL9l8GA_ad3rBUiYny5nk3icfDD-uVF6S5jAUiAXxM6APztpFnWDtDkVbSuSXmmCNEqygE6Sk1bIRKfBLiJztSiERIbnScSEpkGU_clNNyGGE0xW4AeqYiV20Gi3GP09jXZ3Douy8V-YNSP0pRZbpTz8xhFRfqFaZHtEcWndKbrfymK3PrE8kjKXaIdZelvfqEjWORfyxvfLeLmi6JZRYEheff0D-uIOoxENrh6nL1kNKr-o1zo_lCe22Rs7AMWnnChNVuTRPWV8sfUEqplQiNpF05-PyL1wOEiQxf0M2cdpxrYTgj2Jj6ck5bMDxP6hke0gscfEQ\"}]}\n"
2026/06/13 08:52:48 OAUTHBEARER: jwks refresh successful rsa_keys=1
2026/06/13 08:52:48 OAUTHBEARER: key lookup kid="kid-1" alg="RS256" cache_hit=true source=post_refresh
--- PASS: TestValidateAccessToken_Expired (0.05s)
=== RUN   TestValidateAccessToken_IssuerMismatch
2026/06/13 08:52:48 OAUTHBEARER: key lookup kid="kid-1" alg="RS256" cache_hit=false refreshing_jwks=true
2026/06/13 08:52:48 OAUTHBEARER: fetching jwks url="http://127.0.0.1:45233"
2026/06/13 08:52:48 OAUTHBEARER: jwks response ok url="http://127.0.0.1:45233" status=200 body="{\"keys\":[{\"e\":\"AQAB\",\"kid\":\"kid-1\",\"kty\":\"RSA\",\"n\":\"23J5EAu_KOUXew3rhBRCyhfgH9oMm5Wbi899cACg3Actmufk_7xuKMvaM8_VWfApTJFPKvXIfRQC4tI1WDqOyjDJ0l-588P7hvysM8rrAygAx2-YIM1GWFJ5Ynz2EBKSIM8We5VCA3tB7X4OTi9dWwSNv2opGZ8KScIHUBar9DnzNv5ZCX5yeB-urecfPoreBI9eGrVRQZm-I9XvFzzO9qnVMIh0aHB-rBM4Afq3H2svdmM2BC7GjEAAKZC4OoMH7Y66JOkbOBqdUAGzgXcKrVe_zAtHWc3xGTuJqWRgvbflzmnxmndr-A_SeiWhWiUDCAMJpTLDrYBzSfS_kQSR8Q\"}]}\n"
2026/06/13 08:52:48 OAUTHBEARER: jwks refresh successful rsa_keys=1
2026/06/13 08:52:48 OAUTHBEARER: key lookup kid="kid-1" alg="RS256" cache_hit=true source=post_refresh
2026/06/13 08:52:48 OAUTHBEARER: claims validation failed reason=issuer_mismatch expected="https://issuer.example.com" actual="https://wrong-issuer.example.com"
--- PASS: TestValidateAccessToken_IssuerMismatch (0.23s)
=== RUN   TestValidateAccessToken_AudienceMismatch
2026/06/13 08:52:48 OAUTHBEARER: key lookup kid="kid-1" alg="RS256" cache_hit=false refreshing_jwks=true
2026/06/13 08:52:48 OAUTHBEARER: fetching jwks url="http://127.0.0.1:37669"
2026/06/13 08:52:48 OAUTHBEARER: jwks response ok url="http://127.0.0.1:37669" status=200 body="{\"keys\":[{\"e\":\"AQAB\",\"kid\":\"kid-1\",\"kty\":\"RSA\",\"n\":\"wTRpfoeHttkFnPe_oj1pLzmOgQ4jlIeN_ompEP0bOpUoTD2AOskEZ_ZKMVormhOQvKCeBgKSB8-FpYmFgJorRDkHQU4Q_LznqLbqIaLdGNf-teTJzTirnuTk7WC2BcvXEgYaaEdbZaT5qt8c2CaFAqENYnzXDcMi-VTj0rXp8F91hueA6_Dt0RbUZ3qmU050uDt9U_SPozk1a8jZ8KVhgZPZf41jBAf2RQvah3v9CwYUBimjhzJJ3vqElp_iS9SLucI6CbOXgWinao5Ri89ArbUKp7_xT8x2JUIqNT6J-3SysW-H0LK7KsSm0dkGap7cIe71Fb3QQPazIX9ffjTxCw\"}]}\n"
2026/06/13 08:52:48 OAUTHBEARER: jwks refresh successful rsa_keys=1
2026/06/13 08:52:48 OAUTHBEARER: key lookup kid="kid-1" alg="RS256" cache_hit=true source=post_refresh
2026/06/13 08:52:48 OAUTHBEARER: claims validation failed reason=audience_mismatch expected="raven-imap" actual="other-aud"
--- PASS: TestValidateAccessToken_AudienceMismatch (0.21s)
=== RUN   TestIdentityPrecedence
--- PASS: TestIdentityPrecedence (0.00s)
=== RUN   TestValidateAccessToken_ConcurrentJWKSRefreshSingleflight
2026/06/13 08:52:48 OAUTHBEARER: key lookup kid="kid-1" alg="RS256" cache_hit=false refreshing_jwks=true
2026/06/13 08:52:48 OAUTHBEARER: fetching jwks url="http://127.0.0.1:37335"
2026/06/13 08:52:48 OAUTHBEARER: key lookup kid="kid-1" alg="RS256" cache_hit=false refreshing_jwks=true
2026/06/13 08:52:48 OAUTHBEARER: key lookup kid="kid-1" alg="RS256" cache_hit=false refreshing_jwks=true
2026/06/13 08:52:48 OAUTHBEARER: key lookup kid="kid-1" alg="RS256" cache_hit=false refreshing_jwks=true
2026/06/13 08:52:48 OAUTHBEARER: key lookup kid="kid-1" alg="RS256" cache_hit=false refreshing_jwks=true
2026/06/13 08:52:48 OAUTHBEARER: key lookup kid="kid-1" alg="RS256" cache_hit=false refreshing_jwks=true
2026/06/13 08:52:48 OAUTHBEARER: key lookup kid="kid-1" alg="RS256" cache_hit=false refreshing_jwks=true
2026/06/13 08:52:48 OAUTHBEARER: key lookup kid="kid-1" alg="RS256" cache_hit=false refreshing_jwks=true
2026/06/13 08:52:48 OAUTHBEARER: key lookup kid="kid-1" alg="RS256" cache_hit=false refreshing_jwks=true
2026/06/13 08:52:48 OAUTHBEARER: key lookup kid="kid-1" alg="RS256" cache_hit=false refreshing_jwks=true
2026/06/13 08:52:48 OAUTHBEARER: jwks response ok url="http://127.0.0.1:37335" status=200 body="{\"keys\":[{\"e\":\"AQAB\",\"kid\":\"kid-1\",\"kty\":\"RSA\",\"n\":\"zIgbCAadRJ1madsWvWYGVdujYx8CiTGYvferGWT_dxfri65jnbPZ20S9llabdB02EEVtcgxWg3yafBwTAyEErBpSr8iVnzsc7Np5uLpdAATjCfE6AIuDSz8gRL10SLzEGzl4blL22pe8qZpWWoAZz62PQhtav48VR0Z1SBrckM6ZxSp62Ct3p4dsDGZtNG5wH8CbIBFSX7I_8LwJ7cc6IvXk2n8oUcGe2s9W34GwXPFypQ3PQHYE8BcRY4QYPgpzNmf2KrcFWxvPmlNKrY2-IwrFABehcn6pxaknV5A7hHuOAfrUbmVxFV3qC1gOU5c3-9s9Hg3Gv_CnyxeBn8jCxw\"}]}\n"
2026/06/13 08:52:48 OAUTHBEARER: jwks refresh successful rsa_keys=1
2026/06/13 08:52:48 OAUTHBEARER: key lookup kid="kid-1" alg="RS256" cache_hit=true source=post_refresh
2026/06/13 08:52:48 OAUTHBEARER: key lookup kid="kid-1" alg="RS256" cache_hit=true source=post_refresh
2026/06/13 08:52:48 OAUTHBEARER: key lookup kid="kid-1" alg="RS256" cache_hit=true source=post_refresh
2026/06/13 08:52:48 OAUTHBEARER: key lookup kid="kid-1" alg="RS256" cache_hit=true source=post_refresh
2026/06/13 08:52:48 OAUTHBEARER: key lookup kid="kid-1" alg="RS256" cache_hit=true source=post_refresh
2026/06/13 08:52:48 OAUTHBEARER: key lookup kid="kid-1" alg="RS256" cache_hit=true source=post_refresh
2026/06/13 08:52:48 OAUTHBEARER: key lookup kid="kid-1" alg="RS256" cache_hit=true source=post_refresh
2026/06/13 08:52:48 OAUTHBEARER: key lookup kid="kid-1" alg="RS256" cache_hit=true source=post_refresh
2026/06/13 08:52:48 OAUTHBEARER: key lookup kid="kid-1" alg="RS256" cache_hit=true source=post_refresh
2026/06/13 08:52:48 OAUTHBEARER: key lookup kid="kid-1" alg="RS256" cache_hit=true source=post_refresh
--- PASS: TestValidateAccessToken_ConcurrentJWKSRefreshSingleflight (0.39s)
=== RUN   TestExtractClaims_RolesArray
--- PASS: TestExtractClaims_RolesArray (0.00s)
=== RUN   TestExtractClaims_RolesString
--- PASS: TestExtractClaims_RolesString (0.00s)
=== RUN   TestExtractClaims_RoleSingularFallback
--- PASS: TestExtractClaims_RoleSingularFallback (0.00s)
=== RUN   TestExtractClaims_NoRoles
--- PASS: TestExtractClaims_NoRoles (0.00s)
=== RUN   TestEvaluateRoleAccess_Match
--- PASS: TestEvaluateRoleAccess_Match (0.00s)
=== RUN   TestEvaluateRoleAccess_CaseInsensitive
--- PASS: TestEvaluateRoleAccess_CaseInsensitive (0.00s)
=== RUN   TestEvaluateRoleAccess_NotARole
--- PASS: TestEvaluateRoleAccess_NotARole (0.00s)
=== RUN   TestEvaluateRoleAccess_NoAt
--- PASS: TestEvaluateRoleAccess_NoAt (0.00s)
=== RUN   TestEvaluateRoleAccess_EmptyRoles
--- PASS: TestEvaluateRoleAccess_EmptyRoles (0.00s)
=== RUN   TestEvaluateRoleAccess_TrailingDotDomain
--- PASS: TestEvaluateRoleAccess_TrailingDotDomain (0.00s)
=== RUN   TestEvaluateRoleAccess_RejectsUnsafeComponents
=== RUN   TestEvaluateRoleAccess_RejectsUnsafeComponents/backslash_in_domain
=== RUN   TestEvaluateRoleAccess_RejectsUnsafeComponents/slash_in_local
=== RUN   TestEvaluateRoleAccess_RejectsUnsafeComponents/non-ascii_in_domain
=== RUN   TestEvaluateRoleAccess_RejectsUnsafeComponents/null_byte_in_domain
=== RUN   TestEvaluateRoleAccess_RejectsUnsafeComponents/path_traversal_in_domain
=== RUN   TestEvaluateRoleAccess_RejectsUnsafeComponents/double_dot_inside_domain
=== RUN   TestEvaluateRoleAccess_RejectsUnsafeComponents/double_dot_in_local
=== RUN   TestEvaluateRoleAccess_RejectsUnsafeComponents/whitespace_inside_local
=== RUN   TestEvaluateRoleAccess_RejectsUnsafeComponents/slash_in_domain
--- PASS: TestEvaluateRoleAccess_RejectsUnsafeComponents (0.00s)
    --- PASS: TestEvaluateRoleAccess_RejectsUnsafeComponents/backslash_in_domain (0.00s)
    --- PASS: TestEvaluateRoleAccess_RejectsUnsafeComponents/slash_in_local (0.00s)
    --- PASS: TestEvaluateRoleAccess_RejectsUnsafeComponents/non-ascii_in_domain (0.00s)
    --- PASS: TestEvaluateRoleAccess_RejectsUnsafeComponents/null_byte_in_domain (0.00s)
    --- PASS: TestEvaluateRoleAccess_RejectsUnsafeComponents/path_traversal_in_domain (0.00s)
    --- PASS: TestEvaluateRoleAccess_RejectsUnsafeComponents/double_dot_inside_domain (0.00s)
    --- PASS: TestEvaluateRoleAccess_RejectsUnsafeComponents/double_dot_in_local (0.00s)
    --- PASS: TestEvaluateRoleAccess_RejectsUnsafeComponents/whitespace_inside_local (0.00s)
    --- PASS: TestEvaluateRoleAccess_RejectsUnsafeComponents/slash_in_domain (0.00s)
PASS
ok  	raven/internal/auth/oauthbearer	(cached)
=== RUN   TestNewS3BlobStorage
=== RUN   TestNewS3BlobStorage/disabled_blob_storage
=== RUN   TestNewS3BlobStorage/missing_access_key
=== RUN   TestNewS3BlobStorage/missing_secret_key
=== RUN   TestNewS3BlobStorage/valid_config_with_defaults
=== RUN   TestNewS3BlobStorage/valid_config_with_custom_values
--- PASS: TestNewS3BlobStorage (1.60s)
    --- PASS: TestNewS3BlobStorage/disabled_blob_storage (0.00s)
    --- PASS: TestNewS3BlobStorage/missing_access_key (0.00s)
    --- PASS: TestNewS3BlobStorage/missing_secret_key (0.00s)
    --- PASS: TestNewS3BlobStorage/valid_config_with_defaults (0.16s)
    --- PASS: TestNewS3BlobStorage/valid_config_with_custom_values (1.44s)
=== RUN   TestIsEnabled
=== RUN   TestIsEnabled/enabled_storage
=== RUN   TestIsEnabled/disabled_storage
--- PASS: TestIsEnabled (0.00s)
    --- PASS: TestIsEnabled/enabled_storage (0.00s)
    --- PASS: TestIsEnabled/disabled_storage (0.00s)
=== RUN   TestStore
=== RUN   TestStore/disabled_storage
=== RUN   TestStore/successful_first_time_store
=== RUN   TestStore/deduplication_-_blob_already_exists
=== RUN   TestStore/head_object_failure_on_store
=== RUN   TestStore/upload_failure
--- PASS: TestStore (0.00s)
    --- PASS: TestStore/disabled_storage (0.00s)
    --- PASS: TestStore/successful_first_time_store (0.00s)
    --- PASS: TestStore/deduplication_-_blob_already_exists (0.00s)
    --- PASS: TestStore/head_object_failure_on_store (0.00s)
    --- PASS: TestStore/upload_failure (0.00s)
=== RUN   TestRetrieve
=== RUN   TestRetrieve/disabled_storage
=== RUN   TestRetrieve/successful_retrieval
=== RUN   TestRetrieve/blob_not_found
=== RUN   TestRetrieve/read_error
--- PASS: TestRetrieve (0.00s)
    --- PASS: TestRetrieve/disabled_storage (0.00s)
    --- PASS: TestRetrieve/successful_retrieval (0.00s)
    --- PASS: TestRetrieve/blob_not_found (0.00s)
    --- PASS: TestRetrieve/read_error (0.00s)
=== RUN   TestDelete
=== RUN   TestDelete/disabled_storage
=== RUN   TestDelete/successful_deletion
=== RUN   TestDelete/deletion_error
--- PASS: TestDelete (0.00s)
    --- PASS: TestDelete/disabled_storage (0.00s)
    --- PASS: TestDelete/successful_deletion (0.00s)
    --- PASS: TestDelete/deletion_error (0.00s)
=== RUN   TestExists
=== RUN   TestExists/disabled_storage
=== RUN   TestExists/blob_exists
=== RUN   TestExists/blob_does_not_exist
=== RUN   TestExists/head_object_error
--- PASS: TestExists (0.00s)
    --- PASS: TestExists/disabled_storage (0.00s)
    --- PASS: TestExists/blob_exists (0.00s)
    --- PASS: TestExists/blob_does_not_exist (0.00s)
    --- PASS: TestExists/head_object_error (0.00s)
PASS
ok  	raven/internal/blobstorage	(cached)
=== RUN   TestConfig_YAMLTags
--- PASS: TestConfig_YAMLTags (0.00s)
=== RUN   TestLoadConfig_Success
--- PASS: TestLoadConfig_Success (0.00s)
=== RUN   TestLoadConfig_MissingFile
--- PASS: TestLoadConfig_MissingFile (0.00s)
=== RUN   TestLoadConfig_InvalidYAML
--- PASS: TestLoadConfig_InvalidYAML (0.00s)
=== RUN   TestLoadConfig_EmptyFile
--- PASS: TestLoadConfig_EmptyFile (0.00s)
=== RUN   TestLoadConfig_PartialConfig
--- PASS: TestLoadConfig_PartialConfig (0.00s)
=== RUN   TestLoadConfig_WithComments
--- PASS: TestLoadConfig_WithComments (0.00s)
=== RUN   TestLoadConfig_ConfigSubdirectory
--- PASS: TestLoadConfig_ConfigSubdirectory (0.00s)
=== RUN   TestLoadConfig_SpecialCharacters
--- PASS: TestLoadConfig_SpecialCharacters (0.00s)
=== RUN   TestLoadConfig_WhitespaceHandling
--- PASS: TestLoadConfig_WhitespaceHandling (0.00s)
=== RUN   TestLoadConfig_CaseSensitiveKeys
--- PASS: TestLoadConfig_CaseSensitiveKeys (0.00s)
=== RUN   TestSASLScopeValidation
=== RUN   TestSASLScopeValidation/Config_with_tcp_only_scope
=== RUN   TestSASLScopeValidation/Config_with_unix_socket_only_scope
=== RUN   TestSASLScopeValidation/Config_with_all_scope
=== RUN   TestSASLScopeValidation/Config_without_sasl_scope_(should_default)
--- PASS: TestSASLScopeValidation (0.02s)
    --- PASS: TestSASLScopeValidation/Config_with_tcp_only_scope (0.00s)
    --- PASS: TestSASLScopeValidation/Config_with_unix_socket_only_scope (0.02s)
    --- PASS: TestSASLScopeValidation/Config_with_all_scope (0.00s)
    --- PASS: TestSASLScopeValidation/Config_without_sasl_scope_(should_default) (0.00s)
=== RUN   TestGetApplicationID_PreferenceOrder
2026/06/13 08:52:47 Using Application ID from THUNDER_DEVELOP_APP_ID environment variable
--- PASS: TestGetApplicationID_PreferenceOrder (0.00s)
=== RUN   TestGetApplicationID_FromDotEnv
2026/06/13 08:52:47 Using Application ID from .env
--- PASS: TestGetApplicationID_FromDotEnv (0.00s)
=== RUN   TestReadEnvValue_QuotedValue
--- PASS: TestReadEnvValue_QuotedValue (0.00s)
PASS
ok  	raven/internal/conf	(cached)
=== RUN   TestBlobDeduplicationAcrossEncodings
    blob_deduplication_test.go:61: ✅ Blob deduplication across encodings successful!
    blob_deduplication_test.go:62:    ID: 1
    blob_deduplication_test.go:63:    Reference count: 2
--- PASS: TestBlobDeduplicationAcrossEncodings (0.00s)
=== RUN   TestBlobDeduplicationRawVsBase64
    blob_deduplication_test.go:110: ✅ Deduplication between raw and base64 successful!
--- PASS: TestBlobDeduplicationRawVsBase64 (0.00s)
=== RUN   TestBlobDeduplicationWithLineBreaks
    blob_deduplication_test.go:155: ✅ Deduplication with various line breaks successful!
--- PASS: TestBlobDeduplicationWithLineBreaks (0.00s)
=== RUN   TestBlobDeduplicationSentAndReceived
    blob_deduplication_test.go:219: ✅ SUCCESS: Sent and received attachments deduplicated correctly!
    blob_deduplication_test.go:220:    Blob ID: 1
    blob_deduplication_test.go:221:    Reference count: 2
    blob_deduplication_test.go:222:    Total blobs in database: 1
--- PASS: TestBlobDeduplicationSentAndReceived (0.00s)
=== RUN   TestBlobDeduplicationQuotedPrintable
--- PASS: TestBlobDeduplicationQuotedPrintable (0.00s)
=== RUN   TestBlobDeduplicationBackwardCompatibility
    blob_deduplication_test.go:294: ✅ Backward compatibility maintained!
--- PASS: TestBlobDeduplicationBackwardCompatibility (0.00s)
=== RUN   TestNewDBManager
--- PASS: TestNewDBManager (0.02s)
=== RUN   TestNewDBManager_InvalidPath
--- PASS: TestNewDBManager_InvalidPath (0.00s)
=== RUN   TestGetSharedDB
--- PASS: TestGetSharedDB (0.00s)
=== RUN   TestGetUserDB
--- PASS: TestGetUserDB (0.05s)
=== RUN   TestGetUserDB_RoleMailboxIdentityPath
--- PASS: TestGetUserDB_RoleMailboxIdentityPath (0.08s)
=== RUN   TestGetUserDB_Caching
--- PASS: TestGetUserDB_Caching (0.06s)
=== RUN   TestGetUserDB_DefaultMailboxes
--- PASS: TestGetUserDB_DefaultMailboxes (0.05s)
=== RUN   TestClose
--- PASS: TestClose (0.09s)
=== RUN   TestClose_MultipleUserDBs
--- PASS: TestClose_MultipleUserDBs (0.29s)
=== RUN   TestSharedDBTables
--- PASS: TestSharedDBTables (0.00s)
=== RUN   TestUserDBTables
--- PASS: TestUserDBTables (0.05s)
=== RUN   TestSharedDBIndexes
--- PASS: TestSharedDBIndexes (0.01s)
=== RUN   TestUserDBIndexes
--- PASS: TestUserDBIndexes (0.08s)
=== RUN   TestGetUserDB_ExistingDatabase
--- PASS: TestGetUserDB_ExistingDatabase (0.09s)
=== RUN   TestForeignKeyConstraints
--- PASS: TestForeignKeyConstraints (0.07s)
=== RUN   TestInitDB
--- PASS: TestInitDB (0.07s)
=== RUN   TestInitDB_InvalidPath
--- PASS: TestInitDB_InvalidPath (0.00s)
=== RUN   TestCreateDomain
--- PASS: TestCreateDomain (0.00s)
=== RUN   TestCreateDomain_Duplicate
--- PASS: TestCreateDomain_Duplicate (0.00s)
=== RUN   TestGetDomainByName
--- PASS: TestGetDomainByName (0.00s)
=== RUN   TestGetDomainByName_NotFound
--- PASS: TestGetDomainByName_NotFound (0.00s)
=== RUN   TestGetOrCreateDomain
--- PASS: TestGetOrCreateDomain (0.00s)
=== RUN   TestCreateUser
--- PASS: TestCreateUser (0.00s)
=== RUN   TestCreateUser_Duplicate
--- PASS: TestCreateUser_Duplicate (0.00s)
=== RUN   TestGetUserByUsername
--- PASS: TestGetUserByUsername (0.00s)
=== RUN   TestGetUserByUsername_NotFound
--- PASS: TestGetUserByUsername_NotFound (0.00s)
=== RUN   TestGetUserByEmail
--- PASS: TestGetUserByEmail (0.00s)
=== RUN   TestGetUserByEmail_InvalidFormat
--- PASS: TestGetUserByEmail_InvalidFormat (0.00s)
=== RUN   TestGetUserByEmail_NonExistentDomain
--- PASS: TestGetUserByEmail_NonExistentDomain (0.00s)
=== RUN   TestGetOrCreateUser
--- PASS: TestGetOrCreateUser (0.00s)
=== RUN   TestUserExists
--- PASS: TestUserExists (0.00s)
=== RUN   TestCreateMailbox
--- PASS: TestCreateMailbox (0.00s)
=== RUN   TestCreateMailbox_EmptyName
--- PASS: TestCreateMailbox_EmptyName (0.00s)
=== RUN   TestCreateMailbox_Duplicate
--- PASS: TestCreateMailbox_Duplicate (0.00s)
=== RUN   TestGetMailboxByName
--- PASS: TestGetMailboxByName (0.00s)
=== RUN   TestGetMailboxByName_NotFound
--- PASS: TestGetMailboxByName_NotFound (0.00s)
=== RUN   TestGetMailboxInfo
--- PASS: TestGetMailboxInfo (0.00s)
=== RUN   TestIncrementUIDNext
--- PASS: TestIncrementUIDNext (0.00s)
=== RUN   TestMailboxExists
--- PASS: TestMailboxExists (0.00s)
=== RUN   TestGetUserMailboxes
--- PASS: TestGetUserMailboxes (0.00s)
=== RUN   TestDeleteMailbox
--- PASS: TestDeleteMailbox (0.00s)
=== RUN   TestDeleteMailbox_INBOX
--- PASS: TestDeleteMailbox_INBOX (0.00s)
=== RUN   TestDeleteMailbox_WithChildren
--- PASS: TestDeleteMailbox_WithChildren (0.00s)
=== RUN   TestDeleteMailbox_DefaultMailbox
--- PASS: TestDeleteMailbox_DefaultMailbox (0.00s)
=== RUN   TestRenameMailbox
--- PASS: TestRenameMailbox (0.00s)
=== RUN   TestRenameMailbox_ToINBOX
--- PASS: TestRenameMailbox_ToINBOX (0.00s)
=== RUN   TestRenameMailbox_NonExistent
--- PASS: TestRenameMailbox_NonExistent (0.00s)
=== RUN   TestRenameMailbox_AlreadyExists
--- PASS: TestRenameMailbox_AlreadyExists (0.00s)
=== RUN   TestRenameMailbox_WithChildren
--- PASS: TestRenameMailbox_WithChildren (0.00s)
=== RUN   TestRenameMailbox_CreateIntermediateHierarchy
--- PASS: TestRenameMailbox_CreateIntermediateHierarchy (0.00s)
=== RUN   TestStoreBlob
--- PASS: TestStoreBlob (0.00s)
=== RUN   TestStoreBlob_Duplicate
--- PASS: TestStoreBlob_Duplicate (0.00s)
=== RUN   TestGetBlob
--- PASS: TestGetBlob (0.00s)
=== RUN   TestGetBlob_NotFound
--- PASS: TestGetBlob_NotFound (0.00s)
=== RUN   TestDecrementBlobReference
--- PASS: TestDecrementBlobReference (0.00s)
=== RUN   TestCreateMessage
--- PASS: TestCreateMessage (0.00s)
=== RUN   TestAddMessageToMailbox
--- PASS: TestAddMessageToMailbox (0.00s)
=== RUN   TestGetMessagesByMailbox
--- PASS: TestGetMessagesByMailbox (0.00s)
=== RUN   TestGetMessageCount
--- PASS: TestGetMessageCount (0.00s)
=== RUN   TestGetUnseenCount
--- PASS: TestGetUnseenCount (0.00s)
=== RUN   TestUpdateMessageFlags
--- PASS: TestUpdateMessageFlags (0.00s)
=== RUN   TestGetMessageFlags
--- PASS: TestGetMessageFlags (0.00s)
=== RUN   TestAddAddress
--- PASS: TestAddAddress (0.00s)
=== RUN   TestGetMessageAddresses
--- PASS: TestGetMessageAddresses (0.00s)
=== RUN   TestAddMessagePart
--- PASS: TestAddMessagePart (0.00s)
=== RUN   TestGetMessageParts
--- PASS: TestGetMessageParts (0.00s)
=== RUN   TestSubscribeToMailbox
--- PASS: TestSubscribeToMailbox (0.00s)
=== RUN   TestSubscribeToMailbox_Duplicate
--- PASS: TestSubscribeToMailbox_Duplicate (0.00s)
=== RUN   TestUnsubscribeFromMailbox
--- PASS: TestUnsubscribeFromMailbox (0.00s)
=== RUN   TestUnsubscribeFromMailbox_NonExistent
--- PASS: TestUnsubscribeFromMailbox_NonExistent (0.00s)
=== RUN   TestGetUserSubscriptions
--- PASS: TestGetUserSubscriptions (0.00s)
=== RUN   TestIsMailboxSubscribed
--- PASS: TestIsMailboxSubscribed (0.00s)
=== RUN   TestRecordDelivery
--- PASS: TestRecordDelivery (0.00s)
=== RUN   TestQueueOutboundMessage
--- PASS: TestQueueOutboundMessage (0.00s)
=== RUN   TestGetPendingOutboundMessages
--- PASS: TestGetPendingOutboundMessages (0.00s)
=== RUN   TestUpdateOutboundStatus
--- PASS: TestUpdateOutboundStatus (0.00s)
=== RUN   TestRetryOutboundMessage
--- PASS: TestRetryOutboundMessage (0.00s)
=== RUN   TestAddMessageHeader
--- PASS: TestAddMessageHeader (0.00s)
=== RUN   TestGetMessageHeaders
--- PASS: TestGetMessageHeaders (0.00s)
=== RUN   TestCreateMailboxPerUser
--- PASS: TestCreateMailboxPerUser (0.00s)
=== RUN   TestCreateMailboxPerUser_EmptyName
--- PASS: TestCreateMailboxPerUser_EmptyName (0.00s)
=== RUN   TestCreateMailboxPerUser_Duplicate
--- PASS: TestCreateMailboxPerUser_Duplicate (0.00s)
=== RUN   TestGetMailboxByNamePerUser
--- PASS: TestGetMailboxByNamePerUser (0.00s)
=== RUN   TestGetMailboxByNamePerUser_INBOXCaseInsensitive
--- PASS: TestGetMailboxByNamePerUser_INBOXCaseInsensitive (0.00s)
=== RUN   TestGetMailboxByNamePerUser_NotFound
--- PASS: TestGetMailboxByNamePerUser_NotFound (0.00s)
=== RUN   TestGetMailboxInfoPerUser
--- PASS: TestGetMailboxInfoPerUser (0.00s)
=== RUN   TestIncrementUIDNextPerUser
--- PASS: TestIncrementUIDNextPerUser (0.00s)
=== RUN   TestMailboxExistsPerUser
--- PASS: TestMailboxExistsPerUser (0.00s)
=== RUN   TestGetUserMailboxesPerUser
--- PASS: TestGetUserMailboxesPerUser (0.00s)
=== RUN   TestDeleteMailboxPerUser
--- PASS: TestDeleteMailboxPerUser (0.00s)
=== RUN   TestDeleteMailboxPerUser_INBOX
--- PASS: TestDeleteMailboxPerUser_INBOX (0.00s)
=== RUN   TestDeleteMailboxPerUser_WithChildren
--- PASS: TestDeleteMailboxPerUser_WithChildren (0.00s)
=== RUN   TestRenameMailboxPerUser
--- PASS: TestRenameMailboxPerUser (0.00s)
=== RUN   TestRenameMailboxPerUser_ToINBOX
--- PASS: TestRenameMailboxPerUser_ToINBOX (0.00s)
=== RUN   TestRenameMailboxPerUser_WithChildren
--- PASS: TestRenameMailboxPerUser_WithChildren (0.00s)
=== RUN   TestAddMessageToMailboxPerUser
--- PASS: TestAddMessageToMailboxPerUser (0.00s)
=== RUN   TestGetMessagesByMailboxPerUser
--- PASS: TestGetMessagesByMailboxPerUser (0.00s)
=== RUN   TestGetMessageCountPerUser
--- PASS: TestGetMessageCountPerUser (0.00s)
=== RUN   TestGetUnseenCountPerUser
--- PASS: TestGetUnseenCountPerUser (0.00s)
=== RUN   TestGetRecentCountPerUser
--- PASS: TestGetRecentCountPerUser (0.00s)
=== RUN   TestUpdateMessageFlagsPerUser
--- PASS: TestUpdateMessageFlagsPerUser (0.00s)
=== RUN   TestGetMessageFlagsPerUser
--- PASS: TestGetMessageFlagsPerUser (0.00s)
=== RUN   TestSubscribeToMailboxPerUser
--- PASS: TestSubscribeToMailboxPerUser (0.00s)
=== RUN   TestUnsubscribeFromMailboxPerUser
--- PASS: TestUnsubscribeFromMailboxPerUser (0.00s)
=== RUN   TestUnsubscribeFromMailboxPerUser_NonExistent
--- PASS: TestUnsubscribeFromMailboxPerUser_NonExistent (0.00s)
=== RUN   TestGetUserSubscriptionsPerUser
--- PASS: TestGetUserSubscriptionsPerUser (0.00s)
=== RUN   TestIsMailboxSubscribedPerUser
--- PASS: TestIsMailboxSubscribedPerUser (0.00s)
=== RUN   TestRecordDeliveryPerUser
--- PASS: TestRecordDeliveryPerUser (0.00s)
=== RUN   TestQueueOutboundMessagePerUser
--- PASS: TestQueueOutboundMessagePerUser (0.00s)
=== RUN   TestGetPendingOutboundMessagesPerUser
--- PASS: TestGetPendingOutboundMessagesPerUser (0.00s)
=== RUN   TestUpdateOutboundStatusPerUser
--- PASS: TestUpdateOutboundStatusPerUser (0.00s)
=== RUN   TestRetryOutboundMessagePerUser
--- PASS: TestRetryOutboundMessagePerUser (0.00s)
PASS
ok  	raven/internal/db	(cached)
=== RUN   TestDefaultConfig
--- PASS: TestDefaultConfig (0.00s)
=== RUN   TestLoadConfig
2026/06/13 08:52:48 Warning: failed to load main config for group resolution: could not find raven.yaml in standard locations
--- PASS: TestLoadConfig (0.00s)
=== RUN   TestConfigValidation
=== RUN   TestConfigValidation/Valid_config
=== RUN   TestConfigValidation/No_listeners
=== RUN   TestConfigValidation/Invalid_max_size
=== RUN   TestConfigValidation/Invalid_timeout
=== RUN   TestConfigValidation/Empty_database_path
=== RUN   TestConfigValidation/Invalid_quota
=== RUN   TestConfigValidation/Invalid_log_level
--- PASS: TestConfigValidation (0.00s)
    --- PASS: TestConfigValidation/Valid_config (0.00s)
    --- PASS: TestConfigValidation/No_listeners (0.00s)
    --- PASS: TestConfigValidation/Invalid_max_size (0.00s)
    --- PASS: TestConfigValidation/Invalid_timeout (0.00s)
    --- PASS: TestConfigValidation/Empty_database_path (0.00s)
    --- PASS: TestConfigValidation/Invalid_quota (0.00s)
    --- PASS: TestConfigValidation/Invalid_log_level (0.00s)
PASS
ok  	raven/internal/delivery/config	(cached)
=== RUN   TestExtractJWTExpiry
=== RUN   TestExtractJWTExpiry/valid_JWT_with_exp_claim
=== RUN   TestExtractJWTExpiry/invalid_JWT_format
--- PASS: TestExtractJWTExpiry (0.00s)
    --- PASS: TestExtractJWTExpiry/valid_JWT_with_exp_claim (0.00s)
    --- PASS: TestExtractJWTExpiry/invalid_JWT_format (0.00s)
=== RUN   TestGroupResolverAuthentication
2026/06/13 08:52:49 GroupResolver: obtained fresh assertion (expires in 59m59.965619149s)
2026/06/13 08:52:49 GroupResolver: using cached assertion (expires in 59m59.965512904s)
--- PASS: TestGroupResolverAuthentication (0.01s)
=== RUN   TestGroupMemberResolution
2026/06/13 08:52:49 GroupResolver: obtained fresh assertion (expires in 59m59.962509298s)
2026/06/13 08:52:49 GroupResolver: resolved 2 unique members for group engineering
--- PASS: TestGroupMemberResolution (0.01s)
=== RUN   TestGroupNotFound
2026/06/13 08:52:49 GroupResolver: obtained fresh assertion (expires in 59m59.957911091s)
--- PASS: TestGroupNotFound (0.00s)
PASS
ok  	raven/internal/delivery/groupresolver	(cached)
=== RUN   TestNewServer
2026/06/13 08:52:50 Warning: IDP base URL not configured, group email delivery will be disabled
--- PASS: TestNewServer (0.01s)
=== RUN   TestServer_StartUnixListener
2026/06/13 08:52:50 Warning: IDP base URL not configured, group email delivery will be disabled
2026/06/13 08:52:50 Starting LMTP server...
2026/06/13 08:52:50 LMTP server listening on UNIX socket: /tmp/lmtp_sock_889019756/test.sock
2026/06/13 08:52:50 Shutting down LMTP server...
2026/06/13 08:52:50 All connections closed
2026/06/13 08:52:50 LMTP server shutdown complete
--- PASS: TestServer_StartUnixListener (0.11s)
=== RUN   TestServer_StartTCPListener
2026/06/13 08:52:50 Warning: IDP base URL not configured, group email delivery will be disabled
2026/06/13 08:52:50 Starting LMTP server...
2026/06/13 08:52:50 LMTP server listening on TCP: 127.0.0.1:0 (with keep-alive enabled)
2026/06/13 08:52:50 Shutting down LMTP server...
2026/06/13 08:52:50 New tcp connection from: 127.0.0.1:34610
2026/06/13 08:52:50 Stopping tcp listener...
2026/06/13 08:52:50 TCP options configured for connection from 127.0.0.1:34610
2026/06/13 08:52:50 Sending greeting to 127.0.0.1:34610
2026/06/13 08:52:50 S: 220 test.example.com LMTP Service ready
2026/06/13 08:52:50 Greeting sent successfully to 127.0.0.1:34610, waiting for client command...
2026/06/13 08:52:50 Waiting to read from 127.0.0.1:34610...
2026/06/13 08:52:50 Read failed from 127.0.0.1:34610: EOF (connection likely closed by client)
2026/06/13 08:52:50 Session error from 127.0.0.1:34610: read error: EOF
2026/06/13 08:52:50 Connection closed: 127.0.0.1:34610
2026/06/13 08:52:50 All connections closed
2026/06/13 08:52:50 LMTP server shutdown complete
--- PASS: TestServer_StartTCPListener (0.11s)
=== RUN   TestServer_StartBothListeners
2026/06/13 08:52:50 Warning: IDP base URL not configured, group email delivery will be disabled
2026/06/13 08:52:50 Starting LMTP server...
2026/06/13 08:52:50 LMTP server listening on UNIX socket: /tmp/lmtp_sock_2935648868/test.sock
2026/06/13 08:52:50 LMTP server listening on TCP: 127.0.0.1:0 (with keep-alive enabled)
2026/06/13 08:52:50 Shutting down LMTP server...
2026/06/13 08:52:50 New tcp connection from: 127.0.0.1:43058
2026/06/13 08:52:50 Stopping tcp listener...
2026/06/13 08:52:50 TCP options configured for connection from 127.0.0.1:43058
2026/06/13 08:52:50 Sending greeting to 127.0.0.1:43058
2026/06/13 08:52:50 S: 220 test.example.com LMTP Service ready
2026/06/13 08:52:50 Greeting sent successfully to 127.0.0.1:43058, waiting for client command...
2026/06/13 08:52:50 Waiting to read from 127.0.0.1:43058...
2026/06/13 08:52:50 Read failed from 127.0.0.1:43058: EOF (connection likely closed by client)
2026/06/13 08:52:50 Session error from 127.0.0.1:43058: read error: EOF
2026/06/13 08:52:50 Connection closed: 127.0.0.1:43058
2026/06/13 08:52:50 New unix connection from: @
2026/06/13 08:52:50 Stopping unix listener...
2026/06/13 08:52:50 Sending greeting to @
2026/06/13 08:52:50 S: 220 test.example.com LMTP Service ready
2026/06/13 08:52:50 Failed to send greeting to @: write unix /tmp/lmtp_sock_2935648868/test.sock->@: write: broken pipe
2026/06/13 08:52:50 Session error from @: write unix /tmp/lmtp_sock_2935648868/test.sock->@: write: broken pipe
2026/06/13 08:52:50 Connection closed: @
2026/06/13 08:52:50 All connections closed
2026/06/13 08:52:50 LMTP server shutdown complete
--- PASS: TestServer_StartBothListeners (0.11s)
=== RUN   TestServer_StartNoListeners
2026/06/13 08:52:50 Warning: IDP base URL not configured, group email delivery will be disabled
2026/06/13 08:52:50 Starting LMTP server...
2026/06/13 08:52:50 All connections closed
--- PASS: TestServer_StartNoListeners (0.01s)
=== RUN   TestServer_StartUnixListener_InvalidPath
2026/06/13 08:52:50 Warning: IDP base URL not configured, group email delivery will be disabled
2026/06/13 08:52:50 Starting LMTP server...
--- PASS: TestServer_StartUnixListener_InvalidPath (0.02s)
=== RUN   TestServer_StartTCPListener_InvalidAddress
2026/06/13 08:52:50 Warning: IDP base URL not configured, group email delivery will be disabled
2026/06/13 08:52:50 Starting LMTP server...
--- PASS: TestServer_StartTCPListener_InvalidAddress (0.01s)
=== RUN   TestServer_Shutdown_Graceful
2026/06/13 08:52:50 Warning: IDP base URL not configured, group email delivery will be disabled
2026/06/13 08:52:50 Starting LMTP server...
2026/06/13 08:52:50 LMTP server listening on UNIX socket: /tmp/lmtp_sock_235146162/test.sock
2026/06/13 08:52:50 LMTP server listening on TCP: 127.0.0.1:0 (with keep-alive enabled)
2026/06/13 08:52:50 Shutting down LMTP server...
2026/06/13 08:52:50 All connections closed
2026/06/13 08:52:50 LMTP server shutdown complete
--- PASS: TestServer_Shutdown_Graceful (0.11s)
=== RUN   TestServer_HandleConnection_TCPOptions
2026/06/13 08:52:50 Warning: IDP base URL not configured, group email delivery will be disabled
2026/06/13 08:52:50 Starting LMTP server...
2026/06/13 08:52:50 LMTP server listening on TCP: 127.0.0.1:0 (with keep-alive enabled)
2026/06/13 08:52:50 New tcp connection from: 127.0.0.1:57970
2026/06/13 08:52:50 TCP options configured for connection from 127.0.0.1:57970
2026/06/13 08:52:50 Sending greeting to 127.0.0.1:57970
2026/06/13 08:52:50 S: 220 test.example.com LMTP Service ready
2026/06/13 08:52:50 Shutting down LMTP server...
2026/06/13 08:52:50 Greeting sent successfully to 127.0.0.1:57970, waiting for client command...
2026/06/13 08:52:50 Waiting to read from 127.0.0.1:57970...
2026/06/13 08:52:50 C: QUIT
2026/06/13 08:52:50 S: 221 Bye
2026/06/13 08:52:50 LMTP server shutdown complete
2026/06/13 08:52:50 Command error: QUIT
2026/06/13 08:52:50 Connection closed: 127.0.0.1:57970
2026/06/13 08:52:50 All connections closed
--- PASS: TestServer_HandleConnection_TCPOptions (0.11s)
=== RUN   TestServer_HandleConnection_UnixSocket
2026/06/13 08:52:50 Warning: IDP base URL not configured, group email delivery will be disabled
2026/06/13 08:52:50 Starting LMTP server...
2026/06/13 08:52:50 LMTP server listening on UNIX socket: /tmp/lmtp_sock_4204195328/test.sock
2026/06/13 08:52:50 New unix connection from: @
2026/06/13 08:52:50 Sending greeting to @
2026/06/13 08:52:50 S: 220 test.example.com LMTP Service ready
2026/06/13 08:52:50 Greeting sent successfully to @, waiting for client command...
2026/06/13 08:52:50 Waiting to read from @...
2026/06/13 08:52:50 C: QUIT
2026/06/13 08:52:50 S: 221 Bye
2026/06/13 08:52:50 Command error: QUIT
2026/06/13 08:52:50 Connection closed: @
2026/06/13 08:52:50 Shutting down LMTP server...
2026/06/13 08:52:50 All connections closed
2026/06/13 08:52:50 LMTP server shutdown complete
--- PASS: TestServer_HandleConnection_UnixSocket (0.11s)
=== RUN   TestServer_MultipleConnections
2026/06/13 08:52:50 Warning: IDP base URL not configured, group email delivery will be disabled
2026/06/13 08:52:50 Starting LMTP server...
2026/06/13 08:52:50 LMTP server listening on TCP: 127.0.0.1:0 (with keep-alive enabled)
2026/06/13 08:52:51 New tcp connection from: 127.0.0.1:53944
2026/06/13 08:52:51 TCP options configured for connection from 127.0.0.1:53944
2026/06/13 08:52:51 Sending greeting to 127.0.0.1:53944
2026/06/13 08:52:51 S: 220 test.example.com LMTP Service ready
2026/06/13 08:52:51 Greeting sent successfully to 127.0.0.1:53944, waiting for client command...
2026/06/13 08:52:51 Waiting to read from 127.0.0.1:53944...
2026/06/13 08:52:51 New tcp connection from: 127.0.0.1:53948
2026/06/13 08:52:51 TCP options configured for connection from 127.0.0.1:53948
2026/06/13 08:52:51 Sending greeting to 127.0.0.1:53948
2026/06/13 08:52:51 S: 220 test.example.com LMTP Service ready
2026/06/13 08:52:51 Greeting sent successfully to 127.0.0.1:53948, waiting for client command...
2026/06/13 08:52:51 Waiting to read from 127.0.0.1:53948...
2026/06/13 08:52:51 New tcp connection from: 127.0.0.1:53958
2026/06/13 08:52:51 TCP options configured for connection from 127.0.0.1:53958
2026/06/13 08:52:51 Sending greeting to 127.0.0.1:53958
2026/06/13 08:52:51 S: 220 test.example.com LMTP Service ready
2026/06/13 08:52:51 Greeting sent successfully to 127.0.0.1:53958, waiting for client command...
2026/06/13 08:52:51 Waiting to read from 127.0.0.1:53958...
2026/06/13 08:52:51 New tcp connection from: 127.0.0.1:53966
2026/06/13 08:52:51 TCP options configured for connection from 127.0.0.1:53966
2026/06/13 08:52:51 Sending greeting to 127.0.0.1:53966
2026/06/13 08:52:51 S: 220 test.example.com LMTP Service ready
2026/06/13 08:52:51 Greeting sent successfully to 127.0.0.1:53966, waiting for client command...
2026/06/13 08:52:51 Waiting to read from 127.0.0.1:53966...
2026/06/13 08:52:51 New tcp connection from: 127.0.0.1:53978
2026/06/13 08:52:51 TCP options configured for connection from 127.0.0.1:53978
2026/06/13 08:52:51 Sending greeting to 127.0.0.1:53978
2026/06/13 08:52:51 S: 220 test.example.com LMTP Service ready
2026/06/13 08:52:51 Greeting sent successfully to 127.0.0.1:53978, waiting for client command...
2026/06/13 08:52:51 Waiting to read from 127.0.0.1:53978...
2026/06/13 08:52:51 C: QUIT
2026/06/13 08:52:51 Shutting down LMTP server...
2026/06/13 08:52:51 S: 221 Bye
2026/06/13 08:52:51 LMTP server shutdown complete
2026/06/13 08:52:51 Command error: QUIT
2026/06/13 08:52:51 Connection closed: 127.0.0.1:53944
2026/06/13 08:52:51 C: QUIT
2026/06/13 08:52:51 S: 221 Bye
2026/06/13 08:52:51 Command error: QUIT
2026/06/13 08:52:51 Connection closed: 127.0.0.1:53978
2026/06/13 08:52:51 C: QUIT
2026/06/13 08:52:51 S: 221 Bye
2026/06/13 08:52:51 Command error: QUIT
2026/06/13 08:52:51 Connection closed: 127.0.0.1:53958
2026/06/13 08:52:51 C: QUIT
2026/06/13 08:52:51 S: 221 Bye
2026/06/13 08:52:51 Command error: QUIT
2026/06/13 08:52:51 Connection closed: 127.0.0.1:53948
2026/06/13 08:52:51 C: QUIT
--- PASS: TestServer_MultipleConnections (0.11s)
2026/06/13 08:52:51 S: 221 Bye
=== RUN   TestNewSession
2026/06/13 08:52:51 Command error: QUIT
2026/06/13 08:52:51 Connection closed: 127.0.0.1:53966
2026/06/13 08:52:51 All connections closed
--- PASS: TestNewSession (0.01s)
=== RUN   TestSession_HandleLHLO
2026/06/13 08:52:51 Sending greeting to 127.0.0.1:54321
2026/06/13 08:52:51 S: 220 test.example.com LMTP Service ready
2026/06/13 08:52:51 Greeting sent successfully to 127.0.0.1:54321, waiting for client command...
2026/06/13 08:52:51 Waiting to read from 127.0.0.1:54321...
2026/06/13 08:52:51 C: LHLO client.example.com
2026/06/13 08:52:51 S: 250-test.example.com
2026/06/13 08:52:51 S: 250-PIPELINING
2026/06/13 08:52:51 S: 250-ENHANCEDSTATUSCODES
2026/06/13 08:52:51 S: 250-SIZE 1048576
2026/06/13 08:52:51 S: 250 8BITMIME
2026/06/13 08:52:51 Waiting to read from 127.0.0.1:54321...
2026/06/13 08:52:51 C: QUIT
2026/06/13 08:52:51 S: 221 Bye
2026/06/13 08:52:51 Command error: QUIT
--- PASS: TestSession_HandleLHLO (0.01s)
=== RUN   TestSession_HandleLHLO_NoArgument
2026/06/13 08:52:51 Sending greeting to 127.0.0.1:54321
2026/06/13 08:52:51 S: 220 test.example.com LMTP Service ready
2026/06/13 08:52:51 Greeting sent successfully to 127.0.0.1:54321, waiting for client command...
2026/06/13 08:52:51 Waiting to read from 127.0.0.1:54321...
2026/06/13 08:52:51 C: LHLO
2026/06/13 08:52:51 S: 501 LHLO requires domain address
2026/06/13 08:52:51 Waiting to read from 127.0.0.1:54321...
2026/06/13 08:52:51 C: QUIT
2026/06/13 08:52:51 S: 221 Bye
2026/06/13 08:52:51 Command error: QUIT
--- PASS: TestSession_HandleLHLO_NoArgument (0.01s)
=== RUN   TestIsGroupEmail
=== RUN   TestIsGroupEmail/valid_group_email
=== RUN   TestIsGroupEmail/group_email_with_subdomain
=== RUN   TestIsGroupEmail/non-group_email
=== RUN   TestIsGroupEmail/missing_domain
=== RUN   TestIsGroupEmail/empty_local_part
=== RUN   TestIsGroupEmail/suffix_appears_in_domain_only
--- PASS: TestIsGroupEmail (0.00s)
    --- PASS: TestIsGroupEmail/valid_group_email (0.00s)
    --- PASS: TestIsGroupEmail/group_email_with_subdomain (0.00s)
    --- PASS: TestIsGroupEmail/non-group_email (0.00s)
    --- PASS: TestIsGroupEmail/missing_domain (0.00s)
    --- PASS: TestIsGroupEmail/empty_local_part (0.00s)
    --- PASS: TestIsGroupEmail/suffix_appears_in_domain_only (0.00s)
=== RUN   TestParseGroupEmail
=== RUN   TestParseGroupEmail/valid_group_email
=== RUN   TestParseGroupEmail/valid_with_numbers
=== RUN   TestParseGroupEmail/missing_group_suffix
=== RUN   TestParseGroupEmail/empty_group_name
=== RUN   TestParseGroupEmail/invalid_email_format
--- PASS: TestParseGroupEmail (0.00s)
    --- PASS: TestParseGroupEmail/valid_group_email (0.00s)
    --- PASS: TestParseGroupEmail/valid_with_numbers (0.00s)
    --- PASS: TestParseGroupEmail/missing_group_suffix (0.00s)
    --- PASS: TestParseGroupEmail/empty_group_name (0.00s)
    --- PASS: TestParseGroupEmail/invalid_email_format (0.00s)
=== RUN   TestSession_HandleMAIL
2026/06/13 08:52:51 Sending greeting to 127.0.0.1:54321
2026/06/13 08:52:51 S: 220 test.example.com LMTP Service ready
2026/06/13 08:52:51 Greeting sent successfully to 127.0.0.1:54321, waiting for client command...
2026/06/13 08:52:51 Waiting to read from 127.0.0.1:54321...
2026/06/13 08:52:51 C: LHLO client.example.com
2026/06/13 08:52:51 S: 250-test.example.com
2026/06/13 08:52:51 S: 250-PIPELINING
2026/06/13 08:52:51 S: 250-ENHANCEDSTATUSCODES
2026/06/13 08:52:51 S: 250-SIZE 1048576
2026/06/13 08:52:51 S: 250 8BITMIME
2026/06/13 08:52:51 Waiting to read from 127.0.0.1:54321...
2026/06/13 08:52:51 C: MAIL FROM:<sender@example.com>
2026/06/13 08:52:51 S: 250 2.1.0 Sender OK
2026/06/13 08:52:51 Waiting to read from 127.0.0.1:54321...
2026/06/13 08:52:51 C: QUIT
2026/06/13 08:52:51 S: 221 Bye
2026/06/13 08:52:51 Command error: QUIT
--- PASS: TestSession_HandleMAIL (0.01s)
=== RUN   TestSession_HandleMAIL_NoLHLO
2026/06/13 08:52:51 Sending greeting to 127.0.0.1:54321
2026/06/13 08:52:51 S: 220 test.example.com LMTP Service ready
2026/06/13 08:52:51 Greeting sent successfully to 127.0.0.1:54321, waiting for client command...
2026/06/13 08:52:51 Waiting to read from 127.0.0.1:54321...
2026/06/13 08:52:51 C: MAIL FROM:<sender@example.com>
2026/06/13 08:52:51 S: 503 Please send LHLO first
2026/06/13 08:52:51 Waiting to read from 127.0.0.1:54321...
2026/06/13 08:52:51 C: QUIT
2026/06/13 08:52:51 S: 221 Bye
2026/06/13 08:52:51 Command error: QUIT
--- PASS: TestSession_HandleMAIL_NoLHLO (0.01s)
=== RUN   TestSession_HandleMAIL_DuplicateSender
2026/06/13 08:52:51 Sending greeting to 127.0.0.1:54321
2026/06/13 08:52:51 S: 220 test.example.com LMTP Service ready
2026/06/13 08:52:51 Greeting sent successfully to 127.0.0.1:54321, waiting for client command...
2026/06/13 08:52:51 Waiting to read from 127.0.0.1:54321...
2026/06/13 08:52:51 C: LHLO client.example.com
2026/06/13 08:52:51 S: 250-test.example.com
2026/06/13 08:52:51 S: 250-PIPELINING
2026/06/13 08:52:51 S: 250-ENHANCEDSTATUSCODES
2026/06/13 08:52:51 S: 250-SIZE 1048576
2026/06/13 08:52:51 S: 250 8BITMIME
2026/06/13 08:52:51 Waiting to read from 127.0.0.1:54321...
2026/06/13 08:52:51 C: MAIL FROM:<sender@example.com>
2026/06/13 08:52:51 S: 250 2.1.0 Sender OK
2026/06/13 08:52:51 Waiting to read from 127.0.0.1:54321...
2026/06/13 08:52:51 C: MAIL FROM:<another@example.com>
2026/06/13 08:52:51 S: 503 Sender already specified
2026/06/13 08:52:51 Waiting to read from 127.0.0.1:54321...
2026/06/13 08:52:51 C: QUIT
2026/06/13 08:52:51 S: 221 Bye
2026/06/13 08:52:51 Command error: QUIT
--- PASS: TestSession_HandleMAIL_DuplicateSender (0.01s)
=== RUN   TestSession_HandleMAIL_InvalidSyntax
2026/06/13 08:52:51 Sending greeting to 127.0.0.1:54321
2026/06/13 08:52:51 S: 220 test.example.com LMTP Service ready
2026/06/13 08:52:51 Greeting sent successfully to 127.0.0.1:54321, waiting for client command...
2026/06/13 08:52:51 Waiting to read from 127.0.0.1:54321...
2026/06/13 08:52:51 C: LHLO client.example.com
2026/06/13 08:52:51 S: 250-test.example.com
2026/06/13 08:52:51 S: 250-PIPELINING
2026/06/13 08:52:51 S: 250-ENHANCEDSTATUSCODES
2026/06/13 08:52:51 S: 250-SIZE 1048576
2026/06/13 08:52:51 S: 250 8BITMIME
2026/06/13 08:52:51 Waiting to read from 127.0.0.1:54321...
2026/06/13 08:52:51 C: MAIL invalid syntax
2026/06/13 08:52:51 S: 501 Invalid MAIL FROM syntax: expected FROM
2026/06/13 08:52:51 Waiting to read from 127.0.0.1:54321...
2026/06/13 08:52:51 C: QUIT
2026/06/13 08:52:51 S: 221 Bye
2026/06/13 08:52:51 Command error: QUIT
--- PASS: TestSession_HandleMAIL_InvalidSyntax (0.01s)
=== RUN   TestSession_HandleRCPT
2026/06/13 08:52:51 Sending greeting to 127.0.0.1:54321
2026/06/13 08:52:51 S: 220 test.example.com LMTP Service ready
2026/06/13 08:52:51 Greeting sent successfully to 127.0.0.1:54321, waiting for client command...
2026/06/13 08:52:51 Waiting to read from 127.0.0.1:54321...
2026/06/13 08:52:51 C: LHLO client.example.com
2026/06/13 08:52:51 S: 250-test.example.com
2026/06/13 08:52:51 S: 250-PIPELINING
2026/06/13 08:52:51 S: 250-ENHANCEDSTATUSCODES
2026/06/13 08:52:51 S: 250-SIZE 1048576
2026/06/13 08:52:51 S: 250 8BITMIME
2026/06/13 08:52:51 Waiting to read from 127.0.0.1:54321...
2026/06/13 08:52:51 C: MAIL FROM:<sender@example.com>
2026/06/13 08:52:51 S: 250 2.1.0 Sender OK
2026/06/13 08:52:51 Waiting to read from 127.0.0.1:54321...
2026/06/13 08:52:51 C: RCPT TO:<recipient@example.com>
2026/06/13 08:52:51 S: 250 2.1.5 Recipient OK
2026/06/13 08:52:51 Waiting to read from 127.0.0.1:54321...
2026/06/13 08:52:51 C: QUIT
2026/06/13 08:52:51 S: 221 Bye
2026/06/13 08:52:51 Command error: QUIT
--- PASS: TestSession_HandleRCPT (0.01s)
=== RUN   TestSession_HandleRCPT_StoresResolvedMailboxIdentity
2026/06/13 08:52:51 Sending greeting to 127.0.0.1:54321
2026/06/13 08:52:51 S: 220 test.example.com LMTP Service ready
2026/06/13 08:52:51 Greeting sent successfully to 127.0.0.1:54321, waiting for client command...
2026/06/13 08:52:51 Waiting to read from 127.0.0.1:54321...
2026/06/13 08:52:51 C: LHLO client.example.com
2026/06/13 08:52:51 S: 250-test.example.com
2026/06/13 08:52:51 S: 250-PIPELINING
2026/06/13 08:52:51 S: 250-ENHANCEDSTATUSCODES
2026/06/13 08:52:51 S: 250-SIZE 1048576
2026/06/13 08:52:51 S: 250 8BITMIME
2026/06/13 08:52:51 Waiting to read from 127.0.0.1:54321...
2026/06/13 08:52:51 C: MAIL FROM:<sender@example.com>
2026/06/13 08:52:51 S: 250 2.1.0 Sender OK
2026/06/13 08:52:51 Waiting to read from 127.0.0.1:54321...
2026/06/13 08:52:51 C: RCPT TO:<testrole@example.com>
2026/06/13 08:52:51 S: 250 2.1.5 Recipient OK
2026/06/13 08:52:51 Waiting to read from 127.0.0.1:54321...
2026/06/13 08:52:51 C: QUIT
2026/06/13 08:52:51 S: 221 Bye
2026/06/13 08:52:51 Command error: QUIT
--- PASS: TestSession_HandleRCPT_StoresResolvedMailboxIdentity (0.01s)
=== RUN   TestSession_HandleDATA_DeliversToResolvedIdentity
2026/06/13 08:52:51 Sending greeting to 127.0.0.1:54321
2026/06/13 08:52:51 S: 220 test.example.com LMTP Service ready
2026/06/13 08:52:51 Greeting sent successfully to 127.0.0.1:54321, waiting for client command...
2026/06/13 08:52:51 Waiting to read from 127.0.0.1:54321...
2026/06/13 08:52:51 C: LHLO client.example.com
2026/06/13 08:52:51 S: 250-test.example.com
2026/06/13 08:52:51 S: 250-PIPELINING
2026/06/13 08:52:51 S: 250-ENHANCEDSTATUSCODES
2026/06/13 08:52:51 S: 250-SIZE 1048576
2026/06/13 08:52:51 S: 250 8BITMIME
2026/06/13 08:52:51 Waiting to read from 127.0.0.1:54321...
2026/06/13 08:52:51 C: MAIL FROM:<sender@example.com>
2026/06/13 08:52:51 S: 250 2.1.0 Sender OK
2026/06/13 08:52:51 Waiting to read from 127.0.0.1:54321...
2026/06/13 08:52:51 C: RCPT TO:<testrole@example.com>
2026/06/13 08:52:51 S: 250 2.1.5 Recipient OK
2026/06/13 08:52:51 Waiting to read from 127.0.0.1:54321...
2026/06/13 08:52:51 C: DATA
2026/06/13 08:52:51 S: 354 Start mail input; end with <CRLF>.<CRLF>
DEBUG ParseMIMEMessage: Content-Type='text/plain; charset=us-ascii'
DEBUG ParseMIMEMessage: mediaType='text/plain', boundary=''
DEBUG ParseMIMEMessage: Single-part message (not multipart)
DEBUG StoreMessage: Stored part idx=0 (type=text/plain) as db_id=1 with part_number=1 (parent_db_id={0 false})
2026/06/13 08:52:51 Message delivered successfully to testrole@example.com
2026/06/13 08:52:51 S: 250 2.0.0 Message accepted for delivery to <testrole@example.com>
2026/06/13 08:52:51 Waiting to read from 127.0.0.1:54321...
2026/06/13 08:52:51 C: QUIT
2026/06/13 08:52:51 S: 221 Bye
2026/06/13 08:52:51 Command error: QUIT
--- PASS: TestSession_HandleDATA_DeliversToResolvedIdentity (0.10s)
=== RUN   TestSession_HandleDATA_DeduplicatesMappedRecipients
2026/06/13 08:52:51 Sending greeting to 127.0.0.1:54321
2026/06/13 08:52:51 S: 220 test.example.com LMTP Service ready
2026/06/13 08:52:51 Greeting sent successfully to 127.0.0.1:54321, waiting for client command...
2026/06/13 08:52:51 Waiting to read from 127.0.0.1:54321...
2026/06/13 08:52:51 C: LHLO client.example.com
2026/06/13 08:52:51 S: 250-test.example.com
2026/06/13 08:52:51 S: 250-PIPELINING
2026/06/13 08:52:51 S: 250-ENHANCEDSTATUSCODES
2026/06/13 08:52:51 S: 250-SIZE 1048576
2026/06/13 08:52:51 S: 250 8BITMIME
2026/06/13 08:52:51 Waiting to read from 127.0.0.1:54321...
2026/06/13 08:52:51 C: MAIL FROM:<sender@example.com>
2026/06/13 08:52:51 S: 250 2.1.0 Sender OK
2026/06/13 08:52:51 Waiting to read from 127.0.0.1:54321...
2026/06/13 08:52:51 C: RCPT TO:<team-alias@example.com>
2026/06/13 08:52:51 S: 250 2.1.5 Recipient OK
2026/06/13 08:52:51 Waiting to read from 127.0.0.1:54321...
2026/06/13 08:52:51 C: RCPT TO:<team-role@example.com>
2026/06/13 08:52:51 S: 250 2.1.5 Recipient OK
2026/06/13 08:52:51 Waiting to read from 127.0.0.1:54321...
2026/06/13 08:52:51 C: DATA
2026/06/13 08:52:51 S: 354 Start mail input; end with <CRLF>.<CRLF>
DEBUG ParseMIMEMessage: Content-Type='text/plain; charset=us-ascii'
DEBUG ParseMIMEMessage: mediaType='text/plain', boundary=''
DEBUG ParseMIMEMessage: Single-part message (not multipart)
DEBUG StoreMessage: Stored part idx=0 (type=text/plain) as db_id=1 with part_number=1 (parent_db_id={0 false})
2026/06/13 08:52:51 Message delivered successfully to team-alias@example.com
2026/06/13 08:52:51 S: 250 2.0.0 Message accepted for delivery to <team-alias@example.com>
2026/06/13 08:52:51 Message delivered successfully to team-role@example.com
2026/06/13 08:52:51 S: 250 2.0.0 Message accepted for delivery to <team-role@example.com>
2026/06/13 08:52:51 Waiting to read from 127.0.0.1:54321...
2026/06/13 08:52:51 C: QUIT
2026/06/13 08:52:51 S: 221 Bye
2026/06/13 08:52:51 Command error: QUIT
--- PASS: TestSession_HandleDATA_DeduplicatesMappedRecipients (0.10s)
=== RUN   TestSession_HandleRCPT_NoMAIL
2026/06/13 08:52:51 Sending greeting to 127.0.0.1:54321
2026/06/13 08:52:51 S: 220 test.example.com LMTP Service ready
2026/06/13 08:52:51 Greeting sent successfully to 127.0.0.1:54321, waiting for client command...
2026/06/13 08:52:51 Waiting to read from 127.0.0.1:54321...
2026/06/13 08:52:51 C: LHLO client.example.com
2026/06/13 08:52:51 S: 250-test.example.com
2026/06/13 08:52:51 S: 250-PIPELINING
2026/06/13 08:52:51 S: 250-ENHANCEDSTATUSCODES
2026/06/13 08:52:51 S: 250-SIZE 1048576
2026/06/13 08:52:51 S: 250 8BITMIME
2026/06/13 08:52:51 Waiting to read from 127.0.0.1:54321...
2026/06/13 08:52:51 C: RCPT TO:<recipient@example.com>
2026/06/13 08:52:51 S: 503 Please send MAIL FROM first
2026/06/13 08:52:51 Waiting to read from 127.0.0.1:54321...
2026/06/13 08:52:51 C: QUIT
2026/06/13 08:52:51 S: 221 Bye
2026/06/13 08:52:51 Command error: QUIT
--- PASS: TestSession_HandleRCPT_NoMAIL (0.01s)
=== RUN   TestSession_HandleRCPT_TooManyRecipients
2026/06/13 08:52:51 Sending greeting to 127.0.0.1:54321
2026/06/13 08:52:51 S: 220 test.example.com LMTP Service ready
2026/06/13 08:52:51 Greeting sent successfully to 127.0.0.1:54321, waiting for client command...
2026/06/13 08:52:51 Waiting to read from 127.0.0.1:54321...
2026/06/13 08:52:51 C: LHLO client.example.com
2026/06/13 08:52:51 S: 250-test.example.com
2026/06/13 08:52:51 S: 250-PIPELINING
2026/06/13 08:52:51 S: 250-ENHANCEDSTATUSCODES
2026/06/13 08:52:51 S: 250-SIZE 1048576
2026/06/13 08:52:51 S: 250 8BITMIME
2026/06/13 08:52:51 Waiting to read from 127.0.0.1:54321...
2026/06/13 08:52:51 C: MAIL FROM:<sender@example.com>
2026/06/13 08:52:51 S: 250 2.1.0 Sender OK
2026/06/13 08:52:51 Waiting to read from 127.0.0.1:54321...
2026/06/13 08:52:51 C: RCPT TO:<recipient1@example.com>
2026/06/13 08:52:51 S: 250 2.1.5 Recipient OK
2026/06/13 08:52:51 Waiting to read from 127.0.0.1:54321...
2026/06/13 08:52:51 C: RCPT TO:<recipient2@example.com>
2026/06/13 08:52:51 S: 250 2.1.5 Recipient OK
2026/06/13 08:52:51 Waiting to read from 127.0.0.1:54321...
2026/06/13 08:52:51 C: RCPT TO:<recipient3@example.com>
2026/06/13 08:52:51 S: 452 Too many recipients
2026/06/13 08:52:51 Waiting to read from 127.0.0.1:54321...
2026/06/13 08:52:51 C: QUIT
2026/06/13 08:52:51 S: 221 Bye
2026/06/13 08:52:51 Command error: QUIT
--- PASS: TestSession_HandleRCPT_TooManyRecipients (0.01s)
=== RUN   TestSession_HandleRCPT_DomainRestriction
2026/06/13 08:52:51 Sending greeting to 127.0.0.1:54321
2026/06/13 08:52:51 S: 220 test.example.com LMTP Service ready
2026/06/13 08:52:51 Greeting sent successfully to 127.0.0.1:54321, waiting for client command...
2026/06/13 08:52:51 Waiting to read from 127.0.0.1:54321...
2026/06/13 08:52:51 C: LHLO client.example.com
2026/06/13 08:52:51 S: 250-test.example.com
2026/06/13 08:52:51 S: 250-PIPELINING
2026/06/13 08:52:51 S: 250-ENHANCEDSTATUSCODES
2026/06/13 08:52:51 S: 250-SIZE 1048576
2026/06/13 08:52:51 S: 250 8BITMIME
2026/06/13 08:52:51 Waiting to read from 127.0.0.1:54321...
2026/06/13 08:52:51 C: MAIL FROM:<sender@example.com>
2026/06/13 08:52:51 S: 250 2.1.0 Sender OK
2026/06/13 08:52:51 Waiting to read from 127.0.0.1:54321...
2026/06/13 08:52:51 C: RCPT TO:<recipient@notallowed.com>
2026/06/13 08:52:51 S: 550 5.7.1 Relay not permitted
2026/06/13 08:52:51 Waiting to read from 127.0.0.1:54321...
2026/06/13 08:52:51 C: QUIT
2026/06/13 08:52:51 S: 221 Bye
2026/06/13 08:52:51 Command error: QUIT
--- PASS: TestSession_HandleRCPT_DomainRestriction (0.00s)
=== RUN   TestSession_HandleRCPT_AllowedDomain
2026/06/13 08:52:51 Sending greeting to 127.0.0.1:54321
2026/06/13 08:52:51 S: 220 test.example.com LMTP Service ready
2026/06/13 08:52:51 Greeting sent successfully to 127.0.0.1:54321, waiting for client command...
2026/06/13 08:52:51 Waiting to read from 127.0.0.1:54321...
2026/06/13 08:52:51 C: LHLO client.example.com
2026/06/13 08:52:51 S: 250-test.example.com
2026/06/13 08:52:51 S: 250-PIPELINING
2026/06/13 08:52:51 S: 250-ENHANCEDSTATUSCODES
2026/06/13 08:52:51 S: 250-SIZE 1048576
2026/06/13 08:52:51 S: 250 8BITMIME
2026/06/13 08:52:51 Waiting to read from 127.0.0.1:54321...
2026/06/13 08:52:51 C: MAIL FROM:<sender@example.com>
2026/06/13 08:52:51 S: 250 2.1.0 Sender OK
2026/06/13 08:52:51 Waiting to read from 127.0.0.1:54321...
2026/06/13 08:52:51 C: RCPT TO:<recipient@allowed.com>
2026/06/13 08:52:51 S: 250 2.1.5 Recipient OK
2026/06/13 08:52:51 Waiting to read from 127.0.0.1:54321...
2026/06/13 08:52:51 C: QUIT
2026/06/13 08:52:51 S: 221 Bye
2026/06/13 08:52:51 Command error: QUIT
--- PASS: TestSession_HandleRCPT_AllowedDomain (0.01s)
=== RUN   TestSession_HandleRCPT_InvalidSyntax
2026/06/13 08:52:51 Sending greeting to 127.0.0.1:54321
2026/06/13 08:52:51 S: 220 test.example.com LMTP Service ready
2026/06/13 08:52:51 Greeting sent successfully to 127.0.0.1:54321, waiting for client command...
2026/06/13 08:52:51 Waiting to read from 127.0.0.1:54321...
2026/06/13 08:52:51 C: LHLO client.example.com
2026/06/13 08:52:51 S: 250-test.example.com
2026/06/13 08:52:51 S: 250-PIPELINING
2026/06/13 08:52:51 S: 250-ENHANCEDSTATUSCODES
2026/06/13 08:52:51 S: 250-SIZE 1048576
2026/06/13 08:52:51 S: 250 8BITMIME
2026/06/13 08:52:51 Waiting to read from 127.0.0.1:54321...
2026/06/13 08:52:51 C: MAIL FROM:<sender@example.com>
2026/06/13 08:52:51 S: 250 2.1.0 Sender OK
2026/06/13 08:52:51 Waiting to read from 127.0.0.1:54321...
2026/06/13 08:52:51 C: RCPT invalid syntax
2026/06/13 08:52:51 S: 501 Invalid RCPT TO syntax: expected TO
2026/06/13 08:52:51 Waiting to read from 127.0.0.1:54321...
2026/06/13 08:52:51 C: QUIT
2026/06/13 08:52:51 S: 221 Bye
2026/06/13 08:52:51 Command error: QUIT
--- PASS: TestSession_HandleRCPT_InvalidSyntax (0.01s)
=== RUN   TestSession_HandleRSET
2026/06/13 08:52:51 Sending greeting to 127.0.0.1:54321
2026/06/13 08:52:51 S: 220 test.example.com LMTP Service ready
2026/06/13 08:52:51 Greeting sent successfully to 127.0.0.1:54321, waiting for client command...
2026/06/13 08:52:51 Waiting to read from 127.0.0.1:54321...
2026/06/13 08:52:51 C: LHLO client.example.com
2026/06/13 08:52:51 S: 250-test.example.com
2026/06/13 08:52:51 S: 250-PIPELINING
2026/06/13 08:52:51 S: 250-ENHANCEDSTATUSCODES
2026/06/13 08:52:51 S: 250-SIZE 1048576
2026/06/13 08:52:51 S: 250 8BITMIME
2026/06/13 08:52:51 Waiting to read from 127.0.0.1:54321...
2026/06/13 08:52:51 C: MAIL FROM:<sender@example.com>
2026/06/13 08:52:51 S: 250 2.1.0 Sender OK
2026/06/13 08:52:51 Waiting to read from 127.0.0.1:54321...
2026/06/13 08:52:51 C: RCPT TO:<recipient@example.com>
2026/06/13 08:52:51 S: 250 2.1.5 Recipient OK
2026/06/13 08:52:51 Waiting to read from 127.0.0.1:54321...
2026/06/13 08:52:51 C: RSET
2026/06/13 08:52:51 S: 250 Reset state
2026/06/13 08:52:51 Waiting to read from 127.0.0.1:54321...
2026/06/13 08:52:51 C: QUIT
2026/06/13 08:52:51 S: 221 Bye
2026/06/13 08:52:51 Command error: QUIT
--- PASS: TestSession_HandleRSET (0.01s)
=== RUN   TestSession_HandleNOOP
2026/06/13 08:52:51 Sending greeting to 127.0.0.1:54321
2026/06/13 08:52:51 S: 220 test.example.com LMTP Service ready
2026/06/13 08:52:51 Greeting sent successfully to 127.0.0.1:54321, waiting for client command...
2026/06/13 08:52:51 Waiting to read from 127.0.0.1:54321...
2026/06/13 08:52:51 C: NOOP
2026/06/13 08:52:51 S: 250 OK
2026/06/13 08:52:51 Waiting to read from 127.0.0.1:54321...
2026/06/13 08:52:51 C: QUIT
2026/06/13 08:52:51 S: 221 Bye
2026/06/13 08:52:51 Command error: QUIT
--- PASS: TestSession_HandleNOOP (0.01s)
=== RUN   TestSession_HandleQUIT
2026/06/13 08:52:51 Sending greeting to 127.0.0.1:54321
2026/06/13 08:52:51 S: 220 test.example.com LMTP Service ready
2026/06/13 08:52:51 Greeting sent successfully to 127.0.0.1:54321, waiting for client command...
2026/06/13 08:52:51 Waiting to read from 127.0.0.1:54321...
2026/06/13 08:52:51 C: QUIT
2026/06/13 08:52:51 S: 221 Bye
2026/06/13 08:52:51 Command error: QUIT
--- PASS: TestSession_HandleQUIT (0.01s)
=== RUN   TestSession_HandleVRFY
2026/06/13 08:52:51 Sending greeting to 127.0.0.1:54321
2026/06/13 08:52:51 S: 220 test.example.com LMTP Service ready
2026/06/13 08:52:51 Greeting sent successfully to 127.0.0.1:54321, waiting for client command...
2026/06/13 08:52:51 Waiting to read from 127.0.0.1:54321...
2026/06/13 08:52:51 C: VRFY user@example.com
2026/06/13 08:52:51 S: 252 Cannot VRFY user, but will accept message
2026/06/13 08:52:51 Waiting to read from 127.0.0.1:54321...
2026/06/13 08:52:51 C: QUIT
2026/06/13 08:52:51 S: 221 Bye
2026/06/13 08:52:51 Command error: QUIT
--- PASS: TestSession_HandleVRFY (0.00s)
=== RUN   TestSession_HandleHELP
2026/06/13 08:52:51 Sending greeting to 127.0.0.1:54321
2026/06/13 08:52:51 S: 220 test.example.com LMTP Service ready
2026/06/13 08:52:51 Greeting sent successfully to 127.0.0.1:54321, waiting for client command...
2026/06/13 08:52:51 Waiting to read from 127.0.0.1:54321...
2026/06/13 08:52:51 C: HELP
2026/06/13 08:52:51 S: 214 Commands: LHLO MAIL RCPT DATA RSET NOOP QUIT
2026/06/13 08:52:51 Waiting to read from 127.0.0.1:54321...
2026/06/13 08:52:51 C: QUIT
2026/06/13 08:52:51 S: 221 Bye
2026/06/13 08:52:51 Command error: QUIT
--- PASS: TestSession_HandleHELP (0.01s)
=== RUN   TestSession_HandleUnknownCommand
2026/06/13 08:52:51 Sending greeting to 127.0.0.1:54321
2026/06/13 08:52:51 S: 220 test.example.com LMTP Service ready
2026/06/13 08:52:51 Greeting sent successfully to 127.0.0.1:54321, waiting for client command...
2026/06/13 08:52:51 Waiting to read from 127.0.0.1:54321...
2026/06/13 08:52:51 C: INVALID
2026/06/13 08:52:51 S: 500 Command not recognized
2026/06/13 08:52:51 Waiting to read from 127.0.0.1:54321...
2026/06/13 08:52:51 C: QUIT
2026/06/13 08:52:51 S: 221 Bye
2026/06/13 08:52:51 Command error: QUIT
--- PASS: TestSession_HandleUnknownCommand (0.01s)
=== RUN   TestSession_ParseMailFrom_WithBrackets
--- PASS: TestSession_ParseMailFrom_WithBrackets (0.01s)
=== RUN   TestSession_ParseMailFrom_WithoutBrackets
--- PASS: TestSession_ParseMailFrom_WithoutBrackets (0.01s)
=== RUN   TestSession_ParseMailFrom_WithSizeParameter
--- PASS: TestSession_ParseMailFrom_WithSizeParameter (0.01s)
=== RUN   TestSession_ParseMailFrom_InvalidFormat
--- PASS: TestSession_ParseMailFrom_InvalidFormat (0.01s)
=== RUN   TestSession_ParseRcptTo_WithBrackets
--- PASS: TestSession_ParseRcptTo_WithBrackets (0.01s)
=== RUN   TestSession_ParseRcptTo_WithoutBrackets
--- PASS: TestSession_ParseRcptTo_WithoutBrackets (0.01s)
=== RUN   TestSession_ParseRcptTo_InvalidFormat
--- PASS: TestSession_ParseRcptTo_InvalidFormat (0.01s)
=== RUN   TestSession_SendResponse
2026/06/13 08:52:51 S: 250 Test message
--- PASS: TestSession_SendResponse (0.01s)
=== RUN   TestSession_SendRawResponse
2026/06/13 08:52:51 S: 250-First line
2026/06/13 08:52:51 S: 250 Last line
--- PASS: TestSession_SendRawResponse (0.01s)
=== RUN   TestSession_SendRawResponse_AddsCRLF
2026/06/13 08:52:51 S: 250 Test
--- PASS: TestSession_SendRawResponse_AddsCRLF (0.01s)
=== RUN   TestSession_EmptyLine
2026/06/13 08:52:51 Sending greeting to 127.0.0.1:54321
2026/06/13 08:52:51 S: 220 test.example.com LMTP Service ready
2026/06/13 08:52:51 Greeting sent successfully to 127.0.0.1:54321, waiting for client command...
2026/06/13 08:52:51 Waiting to read from 127.0.0.1:54321...
2026/06/13 08:52:51 Waiting to read from 127.0.0.1:54321...
2026/06/13 08:52:51 Waiting to read from 127.0.0.1:54321...
2026/06/13 08:52:51 C: QUIT
2026/06/13 08:52:51 S: 221 Bye
2026/06/13 08:52:51 Command error: QUIT
--- PASS: TestSession_EmptyLine (0.01s)
=== RUN   TestSession_Timeout
2026/06/13 08:52:51 Sending greeting to pipe
2026/06/13 08:52:51 S: 220 test.example.com LMTP Service ready
2026/06/13 08:52:51 Greeting sent successfully to pipe, waiting for client command...
2026/06/13 08:52:51 Waiting to read from pipe...
2026/06/13 08:52:52 Read failed from pipe: read pipe: i/o timeout (connection likely closed by client)
--- PASS: TestSession_Timeout (2.01s)
=== RUN   TestSession_MultipleRecipients
2026/06/13 08:52:53 Sending greeting to 127.0.0.1:54321
2026/06/13 08:52:53 S: 220 test.example.com LMTP Service ready
2026/06/13 08:52:53 Greeting sent successfully to 127.0.0.1:54321, waiting for client command...
2026/06/13 08:52:53 Waiting to read from 127.0.0.1:54321...
2026/06/13 08:52:53 C: LHLO client.example.com
2026/06/13 08:52:53 S: 250-test.example.com
2026/06/13 08:52:53 S: 250-PIPELINING
2026/06/13 08:52:53 S: 250-ENHANCEDSTATUSCODES
2026/06/13 08:52:53 S: 250-SIZE 1048576
2026/06/13 08:52:53 S: 250 8BITMIME
2026/06/13 08:52:53 Waiting to read from 127.0.0.1:54321...
2026/06/13 08:52:53 C: MAIL FROM:<sender@example.com>
2026/06/13 08:52:53 S: 250 2.1.0 Sender OK
2026/06/13 08:52:53 Waiting to read from 127.0.0.1:54321...
2026/06/13 08:52:53 C: RCPT TO:<recipient1@example.com>
2026/06/13 08:52:53 S: 250 2.1.5 Recipient OK
2026/06/13 08:52:53 Waiting to read from 127.0.0.1:54321...
2026/06/13 08:52:53 C: RCPT TO:<recipient2@example.com>
2026/06/13 08:52:53 S: 250 2.1.5 Recipient OK
2026/06/13 08:52:53 Waiting to read from 127.0.0.1:54321...
2026/06/13 08:52:53 C: RCPT TO:<recipient3@example.com>
2026/06/13 08:52:53 S: 250 2.1.5 Recipient OK
2026/06/13 08:52:53 Waiting to read from 127.0.0.1:54321...
2026/06/13 08:52:53 C: QUIT
2026/06/13 08:52:53 S: 221 Bye
2026/06/13 08:52:53 Command error: QUIT
--- PASS: TestSession_MultipleRecipients (0.01s)
=== RUN   TestSession_HandleDATA_NoMAIL
2026/06/13 08:52:53 Sending greeting to 127.0.0.1:54321
2026/06/13 08:52:53 S: 220 test.example.com LMTP Service ready
2026/06/13 08:52:53 Greeting sent successfully to 127.0.0.1:54321, waiting for client command...
2026/06/13 08:52:53 Waiting to read from 127.0.0.1:54321...
2026/06/13 08:52:53 C: LHLO client.example.com
2026/06/13 08:52:53 S: 250-test.example.com
2026/06/13 08:52:53 S: 250-PIPELINING
2026/06/13 08:52:53 S: 250-ENHANCEDSTATUSCODES
2026/06/13 08:52:53 S: 250-SIZE 1048576
2026/06/13 08:52:53 S: 250 8BITMIME
2026/06/13 08:52:53 Waiting to read from 127.0.0.1:54321...
2026/06/13 08:52:53 C: DATA
2026/06/13 08:52:53 S: 503 Please send MAIL FROM first
2026/06/13 08:52:53 Waiting to read from 127.0.0.1:54321...
2026/06/13 08:52:53 C: QUIT
2026/06/13 08:52:53 S: 221 Bye
2026/06/13 08:52:53 Command error: QUIT
--- PASS: TestSession_HandleDATA_NoMAIL (0.01s)
=== RUN   TestSession_HandleDATA_NoRCPT
2026/06/13 08:52:53 Sending greeting to 127.0.0.1:54321
2026/06/13 08:52:53 S: 220 test.example.com LMTP Service ready
2026/06/13 08:52:53 Greeting sent successfully to 127.0.0.1:54321, waiting for client command...
2026/06/13 08:52:53 Waiting to read from 127.0.0.1:54321...
2026/06/13 08:52:53 C: LHLO client.example.com
2026/06/13 08:52:53 S: 250-test.example.com
2026/06/13 08:52:53 S: 250-PIPELINING
2026/06/13 08:52:53 S: 250-ENHANCEDSTATUSCODES
2026/06/13 08:52:53 S: 250-SIZE 1048576
2026/06/13 08:52:53 S: 250 8BITMIME
2026/06/13 08:52:53 Waiting to read from 127.0.0.1:54321...
2026/06/13 08:52:53 C: MAIL FROM:<sender@example.com>
2026/06/13 08:52:53 S: 250 2.1.0 Sender OK
2026/06/13 08:52:53 Waiting to read from 127.0.0.1:54321...
2026/06/13 08:52:53 C: DATA
2026/06/13 08:52:53 S: 503 Please send RCPT TO first
2026/06/13 08:52:53 Waiting to read from 127.0.0.1:54321...
2026/06/13 08:52:53 C: QUIT
2026/06/13 08:52:53 S: 221 Bye
2026/06/13 08:52:53 Command error: QUIT
--- PASS: TestSession_HandleDATA_NoRCPT (0.01s)
=== RUN   TestSession_Integration_BasicFlow
2026/06/13 08:52:53 Sending greeting to 127.0.0.1:54321
2026/06/13 08:52:53 S: 220 test.example.com LMTP Service ready
2026/06/13 08:52:53 Greeting sent successfully to 127.0.0.1:54321, waiting for client command...
2026/06/13 08:52:53 Waiting to read from 127.0.0.1:54321...
2026/06/13 08:52:53 C: LHLO client.example.com
2026/06/13 08:52:53 S: 250-test.example.com
2026/06/13 08:52:53 S: 250-PIPELINING
2026/06/13 08:52:53 S: 250-ENHANCEDSTATUSCODES
2026/06/13 08:52:53 S: 250-SIZE 1048576
2026/06/13 08:52:53 S: 250 8BITMIME
2026/06/13 08:52:53 Waiting to read from 127.0.0.1:54321...
2026/06/13 08:52:53 C: MAIL FROM:<sender@example.com>
2026/06/13 08:52:53 S: 250 2.1.0 Sender OK
2026/06/13 08:52:53 Waiting to read from 127.0.0.1:54321...
2026/06/13 08:52:53 C: RCPT TO:<testuser@example.com>
2026/06/13 08:52:53 S: 250 2.1.5 Recipient OK
2026/06/13 08:52:53 Waiting to read from 127.0.0.1:54321...
2026/06/13 08:52:53 C: DATA
2026/06/13 08:52:53 S: 354 Start mail input; end with <CRLF>.<CRLF>
DEBUG ParseMIMEMessage: Content-Type='text/plain; charset=us-ascii'
DEBUG ParseMIMEMessage: mediaType='text/plain', boundary=''
DEBUG ParseMIMEMessage: Single-part message (not multipart)
DEBUG StoreMessage: Stored part idx=0 (type=text/plain) as db_id=1 with part_number=1 (parent_db_id={0 false})
2026/06/13 08:52:53 Message delivered successfully to testuser@example.com
2026/06/13 08:52:53 S: 250 2.0.0 Message accepted for delivery to <testuser@example.com>
2026/06/13 08:52:53 Waiting to read from 127.0.0.1:54321...
2026/06/13 08:52:53 C: QUIT
2026/06/13 08:52:53 S: 221 Bye
2026/06/13 08:52:53 Command error: QUIT
--- PASS: TestSession_Integration_BasicFlow (0.10s)
=== RUN   TestGroupEmailDelivery
2026/06/13 08:52:53 Sending greeting to 127.0.0.1:54321
2026/06/13 08:52:53 S: 220 test.example.com LMTP Service ready
2026/06/13 08:52:53 Greeting sent successfully to 127.0.0.1:54321, waiting for client command...
2026/06/13 08:52:53 Waiting to read from 127.0.0.1:54321...
2026/06/13 08:52:53 C: LHLO client.example.com
2026/06/13 08:52:53 S: 250-test.example.com
2026/06/13 08:52:53 S: 250-PIPELINING
2026/06/13 08:52:53 S: 250-ENHANCEDSTATUSCODES
2026/06/13 08:52:53 S: 250-SIZE 1048576
2026/06/13 08:52:53 S: 250 8BITMIME
2026/06/13 08:52:53 Waiting to read from 127.0.0.1:54321...
2026/06/13 08:52:53 C: MAIL FROM:<sender@example.com>
2026/06/13 08:52:53 S: 250 2.1.0 Sender OK
2026/06/13 08:52:53 Waiting to read from 127.0.0.1:54321...
2026/06/13 08:52:53 C: RCPT TO:<engineering-group@example.com>
2026/06/13 08:52:53 Resolving group email: engineering-group@example.com (group=engineering)
2026/06/13 08:52:53 GroupResolver: obtained fresh assertion (expires in 59m59.388171981s)
2026/06/13 08:52:53 GroupResolver: resolved 2 unique members for group engineering
2026/06/13 08:52:53 Group email engineering-group@example.com resolved to 2 members: [alice@example.com bob@example.net]
2026/06/13 08:52:53 S: 250 2.1.5 Recipient OK
2026/06/13 08:52:53 Waiting to read from 127.0.0.1:54321...
2026/06/13 08:52:53 C: DATA
2026/06/13 08:52:53 S: 354 Start mail input; end with <CRLF>.<CRLF>
DEBUG ParseMIMEMessage: Content-Type='text/plain; charset=us-ascii'
DEBUG ParseMIMEMessage: mediaType='text/plain', boundary=''
DEBUG ParseMIMEMessage: Single-part message (not multipart)
DEBUG StoreMessage: Stored part idx=0 (type=text/plain) as db_id=1 with part_number=1 (parent_db_id={0 false})
DEBUG ParseMIMEMessage: Content-Type='text/plain; charset=us-ascii'
DEBUG ParseMIMEMessage: mediaType='text/plain', boundary=''
DEBUG ParseMIMEMessage: Single-part message (not multipart)
DEBUG StoreMessage: Stored part idx=0 (type=text/plain) as db_id=1 with part_number=1 (parent_db_id={0 false})
2026/06/13 08:52:53 Message delivered successfully to alice@example.com
2026/06/13 08:52:53 S: 250 2.0.0 Message accepted for delivery to <alice@example.com>
2026/06/13 08:52:53 Message delivered successfully to bob@example.net
2026/06/13 08:52:53 S: 250 2.0.0 Message accepted for delivery to <bob@example.net>
2026/06/13 08:52:53 Waiting to read from 127.0.0.1:54321...
2026/06/13 08:52:53 C: QUIT
2026/06/13 08:52:53 S: 221 Bye
2026/06/13 08:52:53 Command error: QUIT
--- PASS: TestGroupEmailDelivery (0.23s)
PASS
ok  	raven/internal/delivery/lmtp	(cached)
=== RUN   TestParseMessage
--- PASS: TestParseMessage (0.00s)
=== RUN   TestParseMessageWithMultipleRecipients
--- PASS: TestParseMessageWithMultipleRecipients (0.00s)
=== RUN   TestValidateMessage
=== RUN   TestValidateMessage/Valid_message
=== RUN   TestValidateMessage/Missing_From
=== RUN   TestValidateMessage/Missing_recipients
=== RUN   TestValidateMessage/Size_exceeds_limit
--- PASS: TestValidateMessage (0.00s)
    --- PASS: TestValidateMessage/Valid_message (0.00s)
    --- PASS: TestValidateMessage/Missing_From (0.00s)
    --- PASS: TestValidateMessage/Missing_recipients (0.00s)
    --- PASS: TestValidateMessage/Size_exceeds_limit (0.00s)
=== RUN   TestExtractEnvelopeRecipient
=== RUN   TestExtractEnvelopeRecipient/Simple_format
=== RUN   TestExtractEnvelopeRecipient/Angle_brackets
=== RUN   TestExtractEnvelopeRecipient/With_display_name
=== RUN   TestExtractEnvelopeRecipient/Invalid_email
--- PASS: TestExtractEnvelopeRecipient (0.00s)
    --- PASS: TestExtractEnvelopeRecipient/Simple_format (0.00s)
    --- PASS: TestExtractEnvelopeRecipient/Angle_brackets (0.00s)
    --- PASS: TestExtractEnvelopeRecipient/With_display_name (0.00s)
    --- PASS: TestExtractEnvelopeRecipient/Invalid_email (0.00s)
=== RUN   TestReadDataCommand
=== RUN   TestReadDataCommand/Simple_message
=== RUN   TestReadDataCommand/Dot_stuffing
=== RUN   TestReadDataCommand/Size_exceeded
--- PASS: TestReadDataCommand (0.00s)
    --- PASS: TestReadDataCommand/Simple_message (0.00s)
    --- PASS: TestReadDataCommand/Dot_stuffing (0.00s)
    --- PASS: TestReadDataCommand/Size_exceeded (0.00s)
=== RUN   TestExtractLocalPart
=== RUN   TestExtractLocalPart/Valid_email
=== RUN   TestExtractLocalPart/Invalid_email_-_no_@
--- PASS: TestExtractLocalPart (0.00s)
    --- PASS: TestExtractLocalPart/Valid_email (0.00s)
    --- PASS: TestExtractLocalPart/Invalid_email_-_no_@ (0.00s)
=== RUN   TestExtractDomain
=== RUN   TestExtractDomain/Valid_email
=== RUN   TestExtractDomain/Invalid_email_-_no_@
--- PASS: TestExtractDomain (0.00s)
    --- PASS: TestExtractDomain/Valid_email (0.00s)
    --- PASS: TestExtractDomain/Invalid_email_-_no_@ (0.00s)
=== RUN   TestParseMIMEMessage_SinglePart
=== RUN   TestParseMIMEMessage_SinglePart/Simple_text/plain_message
DEBUG ParseMIMEMessage: Content-Type='text/plain; charset=utf-8'
DEBUG ParseMIMEMessage: mediaType='text/plain', boundary=''
DEBUG ParseMIMEMessage: Single-part message (not multipart)
=== RUN   TestParseMIMEMessage_SinglePart/Message_with_no_Content-Type_(defaults_to_text/plain)
DEBUG ParseMIMEMessage: Content-Type='text/plain; charset=us-ascii'
DEBUG ParseMIMEMessage: mediaType='text/plain', boundary=''
DEBUG ParseMIMEMessage: Single-part message (not multipart)
=== RUN   TestParseMIMEMessage_SinglePart/Message_with_multiple_address_types
DEBUG ParseMIMEMessage: Content-Type='text/plain; charset=us-ascii'
DEBUG ParseMIMEMessage: mediaType='text/plain', boundary=''
DEBUG ParseMIMEMessage: Single-part message (not multipart)
=== RUN   TestParseMIMEMessage_SinglePart/Message_with_In-Reply-To_and_References
DEBUG ParseMIMEMessage: Content-Type='text/plain; charset=us-ascii'
DEBUG ParseMIMEMessage: mediaType='text/plain', boundary=''
DEBUG ParseMIMEMessage: Single-part message (not multipart)
=== RUN   TestParseMIMEMessage_SinglePart/Message_with_invalid_date_defaults_to_now
DEBUG ParseMIMEMessage: Content-Type='text/plain; charset=us-ascii'
DEBUG ParseMIMEMessage: mediaType='text/plain', boundary=''
DEBUG ParseMIMEMessage: Single-part message (not multipart)
=== RUN   TestParseMIMEMessage_SinglePart/Invalid_message_format
--- PASS: TestParseMIMEMessage_SinglePart (0.00s)
    --- PASS: TestParseMIMEMessage_SinglePart/Simple_text/plain_message (0.00s)
    --- PASS: TestParseMIMEMessage_SinglePart/Message_with_no_Content-Type_(defaults_to_text/plain) (0.00s)
    --- PASS: TestParseMIMEMessage_SinglePart/Message_with_multiple_address_types (0.00s)
    --- PASS: TestParseMIMEMessage_SinglePart/Message_with_In-Reply-To_and_References (0.00s)
    --- PASS: TestParseMIMEMessage_SinglePart/Message_with_invalid_date_defaults_to_now (0.00s)
    --- PASS: TestParseMIMEMessage_SinglePart/Invalid_message_format (0.00s)
=== RUN   TestParseMIMEMessage_Multipart
=== RUN   TestParseMIMEMessage_Multipart/Multipart/alternative_with_text_and_HTML
DEBUG ParseMIMEMessage: Content-Type='multipart/alternative; boundary="boundary123"'
DEBUG ParseMIMEMessage: mediaType='multipart/alternative', boundary='boundary123'
DEBUG ParseMIMEMessage: Parsing multipart with boundary='boundary123'
DEBUG parseMultipart: boundary='boundary123', depth=0, parentPartIdx=0xc000167f98
DEBUG parseMultipart: Found part: type='text/plain', disposition='', filename='', size=19, depth=0
DEBUG parseMultipart: Added content part at index 1 (type=text/plain)
DEBUG parseMultipart: Found part: type='text/html', disposition='', filename='', size=39, depth=0
DEBUG parseMultipart: Added content part at index 2 (type=text/html)
DEBUG parseMultipart: EOF reached at depth 0
DEBUG ParseMIMEMessage: Successfully parsed 3 parts (including root container)
=== RUN   TestParseMIMEMessage_Multipart/Multipart/mixed_with_attachment
DEBUG ParseMIMEMessage: Content-Type='multipart/mixed; boundary="boundary456"'
DEBUG ParseMIMEMessage: mediaType='multipart/mixed', boundary='boundary456'
DEBUG ParseMIMEMessage: Parsing multipart with boundary='boundary456'
DEBUG parseMultipart: boundary='boundary456', depth=0, parentPartIdx=0xc000167ff8
DEBUG parseMultipart: Found part: type='text/plain', disposition='', filename='', size=13, depth=0
DEBUG parseMultipart: Added content part at index 1 (type=text/plain)
DEBUG parseMultipart: Found part: type='application/pdf', disposition='attachment; filename="document.pdf"', filename='document.pdf', size=19, depth=0
DEBUG parseMultipart: Added content part at index 2 (type=application/pdf)
DEBUG parseMultipart: EOF reached at depth 0
DEBUG ParseMIMEMessage: Successfully parsed 3 parts (including root container)
=== RUN   TestParseMIMEMessage_Multipart/Multipart_with_no_boundary
DEBUG ParseMIMEMessage: Content-Type='multipart/mixed'
DEBUG ParseMIMEMessage: mediaType='multipart/mixed', boundary=''
DEBUG ParseMIMEMessage: multipart detected but no boundary!
--- PASS: TestParseMIMEMessage_Multipart (0.00s)
    --- PASS: TestParseMIMEMessage_Multipart/Multipart/alternative_with_text_and_HTML (0.00s)
    --- PASS: TestParseMIMEMessage_Multipart/Multipart/mixed_with_attachment (0.00s)
    --- PASS: TestParseMIMEMessage_Multipart/Multipart_with_no_boundary (0.00s)
=== RUN   TestExtractAllHeaders
DEBUG ParseMIMEMessage: Content-Type='text/plain; charset=us-ascii'
DEBUG ParseMIMEMessage: mediaType='text/plain', boundary=''
DEBUG ParseMIMEMessage: Single-part message (not multipart)
--- PASS: TestExtractAllHeaders (0.00s)
=== RUN   TestIsValidEmail
=== RUN   TestIsValidEmail/Valid_email
=== RUN   TestIsValidEmail/Valid_email_with_subdomain
=== RUN   TestIsValidEmail/Missing_@
=== RUN   TestIsValidEmail/Missing_local_part
=== RUN   TestIsValidEmail/Missing_domain
=== RUN   TestIsValidEmail/No_dot_in_domain
=== RUN   TestIsValidEmail/Empty_string
=== RUN   TestIsValidEmail/Multiple_@
--- PASS: TestIsValidEmail (0.00s)
    --- PASS: TestIsValidEmail/Valid_email (0.00s)
    --- PASS: TestIsValidEmail/Valid_email_with_subdomain (0.00s)
    --- PASS: TestIsValidEmail/Missing_@ (0.00s)
    --- PASS: TestIsValidEmail/Missing_local_part (0.00s)
    --- PASS: TestIsValidEmail/Missing_domain (0.00s)
    --- PASS: TestIsValidEmail/No_dot_in_domain (0.00s)
    --- PASS: TestIsValidEmail/Empty_string (0.00s)
    --- PASS: TestIsValidEmail/Multiple_@ (0.00s)
=== RUN   TestParseAddressList
=== RUN   TestParseAddressList/Single_address
=== RUN   TestParseAddressList/Multiple_addresses
=== RUN   TestParseAddressList/With_display_names
=== RUN   TestParseAddressList/Invalid_format_fallback
=== RUN   TestParseAddressList/Empty_string
--- PASS: TestParseAddressList (0.00s)
    --- PASS: TestParseAddressList/Single_address (0.00s)
    --- PASS: TestParseAddressList/Multiple_addresses (0.00s)
    --- PASS: TestParseAddressList/With_display_names (0.00s)
    --- PASS: TestParseAddressList/Invalid_format_fallback (0.00s)
    --- PASS: TestParseAddressList/Empty_string (0.00s)
=== RUN   TestStoreMessage
DEBUG ParseMIMEMessage: Content-Type='text/plain; charset=utf-8'
DEBUG ParseMIMEMessage: mediaType='text/plain', boundary=''
DEBUG ParseMIMEMessage: Single-part message (not multipart)
DEBUG StoreMessage: Stored part idx=0 (type=text/plain) as db_id=1 with part_number=1 (parent_db_id={0 false})
--- PASS: TestStoreMessage (0.00s)
=== RUN   TestStoreMessage_Multipart
DEBUG ParseMIMEMessage: Content-Type='multipart/alternative; boundary="boundary123"'
DEBUG ParseMIMEMessage: mediaType='multipart/alternative', boundary='boundary123'
DEBUG ParseMIMEMessage: Parsing multipart with boundary='boundary123'
DEBUG parseMultipart: boundary='boundary123', depth=0, parentPartIdx=0xc0001c31b8
DEBUG parseMultipart: Found part: type='text/plain', disposition='', filename='', size=19, depth=0
DEBUG parseMultipart: Added content part at index 1 (type=text/plain)
DEBUG parseMultipart: Found part: type='text/html', disposition='', filename='', size=39, depth=0
DEBUG parseMultipart: Added content part at index 2 (type=text/html)
DEBUG parseMultipart: EOF reached at depth 0
DEBUG ParseMIMEMessage: Successfully parsed 3 parts (including root container)
DEBUG StoreMessage: Stored part idx=0 (type=multipart/alternative) as db_id=1 with part_number=1 (parent_db_id={0 false})
DEBUG StoreMessage: Part idx=1 references parent idx=0 (db_id=1)
DEBUG StoreMessage: Stored part idx=1 (type=text/plain) as db_id=2 with part_number=1 (parent_db_id={1 true})
DEBUG StoreMessage: Part idx=2 references parent idx=0 (db_id=1)
DEBUG StoreMessage: Stored part idx=2 (type=text/html) as db_id=3 with part_number=2 (parent_db_id={1 true})
--- PASS: TestStoreMessage_Multipart (0.00s)
=== RUN   TestStoreMessage_LargeContent
DEBUG ParseMIMEMessage: Content-Type='text/plain; charset=us-ascii'
DEBUG ParseMIMEMessage: mediaType='text/plain', boundary=''
DEBUG ParseMIMEMessage: Single-part message (not multipart)
DEBUG StoreMessage: Stored part idx=0 (type=text/plain) as db_id=1 with part_number=1 (parent_db_id={0 false})
--- PASS: TestStoreMessage_LargeContent (0.00s)
=== RUN   TestStoreMessagePerUser
DEBUG ParseMIMEMessage: Content-Type='text/plain; charset=us-ascii'
DEBUG ParseMIMEMessage: mediaType='text/plain', boundary=''
DEBUG ParseMIMEMessage: Single-part message (not multipart)
DEBUG StoreMessage: Stored part idx=0 (type=text/plain) as db_id=1 with part_number=1 (parent_db_id={0 false})
--- PASS: TestStoreMessagePerUser (0.00s)
=== RUN   TestReconstructMessage_SinglePart
DEBUG ParseMIMEMessage: Content-Type='text/plain; charset=utf-8'
DEBUG ParseMIMEMessage: mediaType='text/plain', boundary=''
DEBUG ParseMIMEMessage: Single-part message (not multipart)
DEBUG StoreMessage: Stored part idx=0 (type=text/plain) as db_id=1 with part_number=1 (parent_db_id={0 false})
DEBUG ReconstructMessage: Starting reconstruction with 5 headers, 1 parts
DEBUG ReconstructMessage: Wrote 5 stored headers
DEBUG ReconstructMessage: Reconstructed headers:
From: sender@example.com
To: recipient@example.com
Subject: Simple Message
Date: Mon, 01 Jan 2024 12:00:00 +0000
Content-Type: text/plain; charset=utf-8
DEBUG ReconstructMessage: Total message size: 180 bytes
--- PASS: TestReconstructMessage_SinglePart (0.00s)
=== RUN   TestReconstructMessage_Multipart
DEBUG ParseMIMEMessage: Content-Type='multipart/alternative; boundary="boundary123"'
DEBUG ParseMIMEMessage: mediaType='multipart/alternative', boundary='boundary123'
DEBUG ParseMIMEMessage: Parsing multipart with boundary='boundary123'
DEBUG parseMultipart: boundary='boundary123', depth=0, parentPartIdx=0xc0002130b0
DEBUG parseMultipart: Found part: type='text/plain', disposition='', filename='', size=19, depth=0
DEBUG parseMultipart: Added content part at index 1 (type=text/plain)
DEBUG parseMultipart: Found part: type='text/html', disposition='', filename='', size=39, depth=0
DEBUG parseMultipart: Added content part at index 2 (type=text/html)
DEBUG parseMultipart: EOF reached at depth 0
DEBUG ParseMIMEMessage: Successfully parsed 3 parts (including root container)
DEBUG StoreMessage: Stored part idx=0 (type=multipart/alternative) as db_id=1 with part_number=1 (parent_db_id={0 false})
DEBUG StoreMessage: Part idx=1 references parent idx=0 (db_id=1)
DEBUG StoreMessage: Stored part idx=1 (type=text/plain) as db_id=2 with part_number=1 (parent_db_id={1 true})
DEBUG StoreMessage: Part idx=2 references parent idx=0 (db_id=1)
DEBUG StoreMessage: Stored part idx=2 (type=text/html) as db_id=3 with part_number=2 (parent_db_id={1 true})
DEBUG ReconstructMessage: Starting reconstruction with 5 headers, 3 parts
DEBUG ReconstructMessage: Filtering out stored Content-Type header
DEBUG ReconstructMessage: Filtering out stored MIME-Version header
DEBUG ReconstructMessage: After filtering, 3 headers remain
DEBUG ReconstructMessage: Wrote 3 stored headers
DEBUG ReconstructMessage: Part id=1 num=1 (type=multipart/alternative) is root (no parent)
DEBUG ReconstructMessage: Part id=2 num=1 (type=text/plain) has parent_part_id=1
DEBUG ReconstructMessage: Part id=3 num=2 (type=text/html) has parent_part_id=1
DEBUG ReconstructMessage: Added part id=2 as child of part id=1
DEBUG ReconstructMessage: Added part id=3 as child of part id=1
DEBUG ReconstructMessage: Processing 3 parts (1 root parts)
DEBUG reconstructPartDFS: Multipart container type='multipart/alternative' with 2 children, boundary='----=_Part_Alternative_1781340770302363526'
DEBUG reconstructPartDFS: Leaf part type='text/plain', has_blob=false, text_len=19
DEBUG reconstructPartDFS: Leaf part type='text/html', has_blob=false, text_len=39
DEBUG ReconstructMessage: Reconstructed headers:
From: sender@example.com
To: recipient@example.com
Subject: Multipart Message
MIME-Version: 1.0
Content-Type: multipart/alternative; boundary="----=_Part_Alternative_1781340770302363526"
DEBUG ReconstructMessage: Total message size: 547 bytes
--- PASS: TestReconstructMessage_Multipart (0.00s)
=== RUN   TestReconstructMessage_WithAttachment
DEBUG ParseMIMEMessage: Content-Type='multipart/mixed; boundary="boundary456"'
DEBUG ParseMIMEMessage: mediaType='multipart/mixed', boundary='boundary456'
DEBUG ParseMIMEMessage: Parsing multipart with boundary='boundary456'
DEBUG parseMultipart: boundary='boundary456', depth=0, parentPartIdx=0xc000213b70
DEBUG parseMultipart: Found part: type='text/plain', disposition='', filename='', size=13, depth=0
DEBUG parseMultipart: Added content part at index 1 (type=text/plain)
DEBUG parseMultipart: Found part: type='application/pdf', disposition='attachment; filename="document.pdf"', filename='document.pdf', size=14, depth=0
DEBUG parseMultipart: Added content part at index 2 (type=application/pdf)
DEBUG parseMultipart: EOF reached at depth 0
DEBUG ParseMIMEMessage: Successfully parsed 3 parts (including root container)
DEBUG StoreMessage: Stored part idx=0 (type=multipart/mixed) as db_id=1 with part_number=1 (parent_db_id={0 false})
DEBUG StoreMessage: Part idx=1 references parent idx=0 (db_id=1)
DEBUG StoreMessage: Stored part idx=1 (type=text/plain) as db_id=2 with part_number=1 (parent_db_id={1 true})
DEBUG StoreMessage: Part idx=2 references parent idx=0 (db_id=1)
DEBUG StoreMessage: Stored part idx=2 (type=application/pdf) as db_id=3 with part_number=2 (parent_db_id={1 true})
DEBUG ReconstructMessage: Starting reconstruction with 5 headers, 3 parts
DEBUG ReconstructMessage: Filtering out stored Content-Type header
DEBUG ReconstructMessage: Filtering out stored MIME-Version header
DEBUG ReconstructMessage: After filtering, 3 headers remain
DEBUG ReconstructMessage: Wrote 3 stored headers
DEBUG ReconstructMessage: Part id=1 num=1 (type=multipart/mixed) is root (no parent)
DEBUG ReconstructMessage: Part id=2 num=1 (type=text/plain) has parent_part_id=1
DEBUG ReconstructMessage: Part id=3 num=2 (type=application/pdf) has parent_part_id=1
DEBUG ReconstructMessage: Added part id=2 as child of part id=1
DEBUG ReconstructMessage: Added part id=3 as child of part id=1
DEBUG ReconstructMessage: Processing 3 parts (1 root parts)
DEBUG reconstructPartDFS: Multipart container type='multipart/mixed' with 2 children, boundary='----=_Part_Mixed_1781340770304418297'
DEBUG reconstructPartDFS: Leaf part type='text/plain', has_blob=false, text_len=13
DEBUG reconstructPartDFS: Leaf part type='application/pdf', has_blob=true, text_len=0
DEBUG ReconstructMessage: Reconstructed headers:
From: sender@example.com
To: recipient@example.com
Subject: Message with Attachment
MIME-Version: 1.0
Content-Type: multipart/mixed; boundary="----=_Part_Mixed_1781340770304418297"
DEBUG ReconstructMessage: Total message size: 508 bytes
--- PASS: TestReconstructMessage_WithAttachment (0.00s)
=== RUN   TestReconstructMessage_NoPartsError
--- PASS: TestReconstructMessage_NoPartsError (0.00s)
=== RUN   TestStoreMessage_WithBlobStorage
DEBUG ParseMIMEMessage: Content-Type='multipart/mixed; boundary="boundary789"'
DEBUG ParseMIMEMessage: mediaType='multipart/mixed', boundary='boundary789'
DEBUG ParseMIMEMessage: Parsing multipart with boundary='boundary789'
DEBUG parseMultipart: boundary='boundary789', depth=0, parentPartIdx=0xc00026ece8
DEBUG parseMultipart: Found part: type='text/plain', disposition='', filename='', size=11, depth=0
DEBUG parseMultipart: Added content part at index 1 (type=text/plain)
DEBUG parseMultipart: Found part: type='application/octet-stream', disposition='attachment; filename="large.bin"', filename='large.bin', size=2000, depth=0
DEBUG parseMultipart: Added content part at index 2 (type=application/octet-stream)
DEBUG parseMultipart: EOF reached at depth 0
DEBUG ParseMIMEMessage: Successfully parsed 3 parts (including root container)
DEBUG StoreMessage: Stored part idx=0 (type=multipart/mixed) as db_id=1 with part_number=1 (parent_db_id={0 false})
DEBUG StoreMessage: Part idx=1 references parent idx=0 (db_id=1)
DEBUG StoreMessage: Stored part idx=1 (type=text/plain) as db_id=2 with part_number=1 (parent_db_id={1 true})
DEBUG StoreMessage: Part idx=2 references parent idx=0 (db_id=1)
DEBUG StoreMessage: Stored part idx=2 (type=application/octet-stream) as db_id=3 with part_number=2 (parent_db_id={1 true})
--- PASS: TestStoreMessage_WithBlobStorage (0.00s)
=== RUN   TestStoreAndReconstruct_ComplexMessage
DEBUG ParseMIMEMessage: Content-Type='multipart/alternative; boundary="alt123"'
DEBUG ParseMIMEMessage: mediaType='multipart/alternative', boundary='alt123'
DEBUG ParseMIMEMessage: Parsing multipart with boundary='alt123'
DEBUG parseMultipart: boundary='alt123', depth=0, parentPartIdx=0xc00026f5f0
DEBUG parseMultipart: Found part: type='text/plain', disposition='', filename='', size=46, depth=0
DEBUG parseMultipart: Added content part at index 1 (type=text/plain)
DEBUG parseMultipart: Found part: type='text/html', disposition='', filename='', size=73, depth=0
DEBUG parseMultipart: Added content part at index 2 (type=text/html)
DEBUG parseMultipart: EOF reached at depth 0
DEBUG ParseMIMEMessage: Successfully parsed 3 parts (including root container)
DEBUG StoreMessage: Stored part idx=0 (type=multipart/alternative) as db_id=1 with part_number=1 (parent_db_id={0 false})
DEBUG StoreMessage: Part idx=1 references parent idx=0 (db_id=1)
DEBUG StoreMessage: Stored part idx=1 (type=text/plain) as db_id=2 with part_number=1 (parent_db_id={1 true})
DEBUG StoreMessage: Part idx=2 references parent idx=0 (db_id=1)
DEBUG StoreMessage: Stored part idx=2 (type=text/html) as db_id=3 with part_number=2 (parent_db_id={1 true})
DEBUG ReconstructMessage: Starting reconstruction with 9 headers, 3 parts
DEBUG ReconstructMessage: Filtering out stored Content-Type header
DEBUG ReconstructMessage: Filtering out stored MIME-Version header
DEBUG ReconstructMessage: After filtering, 7 headers remain
DEBUG ReconstructMessage: Wrote 7 stored headers
DEBUG ReconstructMessage: Part id=1 num=1 (type=multipart/alternative) is root (no parent)
DEBUG ReconstructMessage: Part id=2 num=1 (type=text/plain) has parent_part_id=1
DEBUG ReconstructMessage: Part id=3 num=2 (type=text/html) has parent_part_id=1
DEBUG ReconstructMessage: Added part id=2 as child of part id=1
DEBUG ReconstructMessage: Added part id=3 as child of part id=1
DEBUG ReconstructMessage: Processing 3 parts (1 root parts)
DEBUG reconstructPartDFS: Multipart container type='multipart/alternative' with 2 children, boundary='----=_Part_Alternative_1781340770309976051'
DEBUG reconstructPartDFS: Leaf part type='text/plain', has_blob=false, text_len=46
DEBUG reconstructPartDFS: Leaf part type='text/html', has_blob=false, text_len=73
DEBUG ReconstructMessage: Reconstructed headers:
From: John Doe <john@example.com>
To: jane@example.com, bob@example.com
Cc: admin@example.com
Subject: Complex Test Message
Date: Mon, 01 Jan 2024 12:00:00 +0000
In-Reply-To: <previous@example.com>
References: <previous@example.com>
MIME-Version: 1.0
Content-Type: multipart/alternative; boundary="----=_Part_Alternative_1781340770309976051"
DEBUG ReconstructMessage: Total message size: 767 bytes
--- PASS: TestStoreAndReconstruct_ComplexMessage (0.00s)
=== RUN   TestReconstructMessage_WithMultipartRelated
DEBUG ParseMIMEMessage: Content-Type='multipart/alternative; boundary="boundary-alt"'
DEBUG ParseMIMEMessage: mediaType='multipart/alternative', boundary='boundary-alt'
DEBUG ParseMIMEMessage: Parsing multipart with boundary='boundary-alt'
DEBUG parseMultipart: boundary='boundary-alt', depth=0, parentPartIdx=0xc000416280
DEBUG parseMultipart: Found part: type='text/plain', disposition='', filename='', size=8, depth=0
DEBUG parseMultipart: Added content part at index 1 (type=text/plain)
DEBUG parseMultipart: Found part: type='multipart/related', disposition='', filename='', size=541, depth=0
DEBUG parseMultipart: Part is nested multipart/related with boundary='boundary-rel'
DEBUG parseMultipart: Added multipart container at index 2 (will be parent)
DEBUG parseMultipart: boundary='boundary-rel', depth=1, parentPartIdx=0xc0004162b0
DEBUG parseMultipart: Found part: type='text/html', disposition='', filename='', size=195, depth=1
DEBUG parseMultipart: Added content part at index 3 (type=text/html)
DEBUG parseMultipart: Found part: type='image/png', disposition='inline; filename="image.png"', filename='image.png', size=96, depth=1
DEBUG parseMultipart: Added content part at index 4 (type=image/png)
DEBUG parseMultipart: EOF reached at depth 1
DEBUG parseMultipart: EOF reached at depth 0
DEBUG ParseMIMEMessage: Successfully parsed 5 parts (including root container)
DEBUG StoreMessage: Stored part idx=0 (type=multipart/alternative) as db_id=1 with part_number=1 (parent_db_id={0 false})
DEBUG StoreMessage: Part idx=1 references parent idx=0 (db_id=1)
DEBUG StoreMessage: Stored part idx=1 (type=text/plain) as db_id=2 with part_number=1 (parent_db_id={1 true})
DEBUG StoreMessage: Part idx=2 references parent idx=0 (db_id=1)
DEBUG StoreMessage: Stored part idx=2 (type=multipart/related) as db_id=3 with part_number=2 (parent_db_id={1 true})
DEBUG StoreMessage: Part idx=3 references parent idx=2 (db_id=3)
DEBUG StoreMessage: Stored part idx=3 (type=text/html) as db_id=4 with part_number=1 (parent_db_id={3 true})
DEBUG StoreMessage: Part idx=4 references parent idx=2 (db_id=3)
DEBUG StoreMessage: Stored part idx=4 (type=image/png) as db_id=5 with part_number=2 (parent_db_id={3 true})
DEBUG ReconstructMessage: Starting reconstruction with 5 headers, 5 parts
DEBUG ReconstructMessage: Filtering out stored Content-Type header
DEBUG ReconstructMessage: Filtering out stored MIME-Version header
DEBUG ReconstructMessage: After filtering, 3 headers remain
DEBUG ReconstructMessage: Wrote 3 stored headers
DEBUG ReconstructMessage: Part id=1 num=1 (type=multipart/alternative) is root (no parent)
DEBUG ReconstructMessage: Part id=2 num=1 (type=text/plain) has parent_part_id=1
DEBUG ReconstructMessage: Part id=3 num=2 (type=multipart/related) has parent_part_id=1
DEBUG ReconstructMessage: Part id=4 num=1 (type=text/html) has parent_part_id=3
DEBUG ReconstructMessage: Part id=5 num=2 (type=image/png) has parent_part_id=3
DEBUG ReconstructMessage: Added part id=2 as child of part id=1
DEBUG ReconstructMessage: Added part id=3 as child of part id=1
DEBUG ReconstructMessage: Added part id=4 as child of part id=3
DEBUG ReconstructMessage: Added part id=5 as child of part id=3
DEBUG ReconstructMessage: Processing 5 parts (1 root parts)
DEBUG reconstructPartDFS: Multipart container type='multipart/alternative' with 2 children, boundary='----=_Part_Alternative_1781340770312362832'
DEBUG reconstructPartDFS: Leaf part type='text/plain', has_blob=false, text_len=8
DEBUG reconstructPartDFS: Multipart container type='multipart/related' with 2 children, boundary='----=_Part_Related_1781340770312372138'
DEBUG reconstructPartDFS: Leaf part type='text/html', has_blob=false, text_len=195
DEBUG reconstructPartDFS: Leaf part type='image/png', has_blob=true, text_len=0
DEBUG ReconstructMessage: Reconstructed headers:
From: sender@example.com
To: recipient@example.com
Subject: Message with Inline Image
MIME-Version: 1.0
Content-Type: multipart/alternative; boundary="----=_Part_Alternative_1781340770312362832"
DEBUG ReconstructMessage: Total message size: 1163 bytes
    parser_test.go:1188: Reconstructed message structure verified successfully
--- PASS: TestReconstructMessage_WithMultipartRelated (0.00s)
=== RUN   TestReconstructMessage_WithMultipleInlineImages
DEBUG ParseMIMEMessage: Content-Type='multipart/alternative; boundary="alt-boundary"'
DEBUG ParseMIMEMessage: mediaType='multipart/alternative', boundary='alt-boundary'
DEBUG ParseMIMEMessage: Parsing multipart with boundary='alt-boundary'
DEBUG parseMultipart: boundary='alt-boundary', depth=0, parentPartIdx=0xc000416fd8
DEBUG parseMultipart: Found part: type='text/plain', disposition='', filename='', size=45, depth=0
DEBUG parseMultipart: Added content part at index 1 (type=text/plain)
DEBUG parseMultipart: Found part: type='multipart/related', disposition='', filename='', size=696, depth=0
DEBUG parseMultipart: Part is nested multipart/related with boundary='rel-boundary'
DEBUG parseMultipart: Added multipart container at index 2 (will be parent)
DEBUG parseMultipart: boundary='rel-boundary', depth=1, parentPartIdx=0xc0002820b0
DEBUG parseMultipart: Found part: type='text/html', disposition='', filename='', size=120, depth=1
DEBUG parseMultipart: Added content part at index 3 (type=text/html)
DEBUG parseMultipart: Found part: type='image/png', disposition='inline; filename="image1.png"', filename='image1.png', size=96, depth=1
DEBUG parseMultipart: Added content part at index 4 (type=image/png)
DEBUG parseMultipart: Found part: type='image/png', disposition='inline; filename="image2.png"', filename='image2.png', size=96, depth=1
DEBUG parseMultipart: Added content part at index 5 (type=image/png)
DEBUG parseMultipart: EOF reached at depth 1
DEBUG parseMultipart: EOF reached at depth 0
DEBUG ParseMIMEMessage: Successfully parsed 6 parts (including root container)
DEBUG StoreMessage: Stored part idx=0 (type=multipart/alternative) as db_id=1 with part_number=1 (parent_db_id={0 false})
DEBUG StoreMessage: Part idx=1 references parent idx=0 (db_id=1)
DEBUG StoreMessage: Stored part idx=1 (type=text/plain) as db_id=2 with part_number=1 (parent_db_id={1 true})
DEBUG StoreMessage: Part idx=2 references parent idx=0 (db_id=1)
DEBUG StoreMessage: Stored part idx=2 (type=multipart/related) as db_id=3 with part_number=2 (parent_db_id={1 true})
DEBUG StoreMessage: Part idx=3 references parent idx=2 (db_id=3)
DEBUG StoreMessage: Stored part idx=3 (type=text/html) as db_id=4 with part_number=1 (parent_db_id={3 true})
DEBUG StoreMessage: Part idx=4 references parent idx=2 (db_id=3)
DEBUG StoreMessage: Stored part idx=4 (type=image/png) as db_id=5 with part_number=2 (parent_db_id={3 true})
DEBUG StoreMessage: Part idx=5 references parent idx=2 (db_id=3)
DEBUG StoreMessage: Stored part idx=5 (type=image/png) as db_id=6 with part_number=3 (parent_db_id={3 true})
DEBUG ReconstructMessage: Starting reconstruction with 5 headers, 6 parts
DEBUG ReconstructMessage: Filtering out stored MIME-Version header
DEBUG ReconstructMessage: Filtering out stored Content-Type header
DEBUG ReconstructMessage: After filtering, 3 headers remain
DEBUG ReconstructMessage: Wrote 3 stored headers
DEBUG ReconstructMessage: Part id=1 num=1 (type=multipart/alternative) is root (no parent)
DEBUG ReconstructMessage: Part id=2 num=1 (type=text/plain) has parent_part_id=1
DEBUG ReconstructMessage: Part id=3 num=2 (type=multipart/related) has parent_part_id=1
DEBUG ReconstructMessage: Part id=4 num=1 (type=text/html) has parent_part_id=3
DEBUG ReconstructMessage: Part id=5 num=2 (type=image/png) has parent_part_id=3
DEBUG ReconstructMessage: Part id=6 num=3 (type=image/png) has parent_part_id=3
DEBUG ReconstructMessage: Added part id=3 as child of part id=1
DEBUG ReconstructMessage: Added part id=4 as child of part id=3
DEBUG ReconstructMessage: Added part id=5 as child of part id=3
DEBUG ReconstructMessage: Added part id=6 as child of part id=3
DEBUG ReconstructMessage: Added part id=2 as child of part id=1
DEBUG ReconstructMessage: Processing 6 parts (1 root parts)
DEBUG reconstructPartDFS: Multipart container type='multipart/alternative' with 2 children, boundary='----=_Part_Alternative_1781340770314907629'
DEBUG reconstructPartDFS: Leaf part type='text/plain', has_blob=false, text_len=45
DEBUG reconstructPartDFS: Multipart container type='multipart/related' with 3 children, boundary='----=_Part_Related_1781340770314916544'
DEBUG reconstructPartDFS: Leaf part type='text/html', has_blob=false, text_len=120
DEBUG reconstructPartDFS: Leaf part type='image/png', has_blob=true, text_len=0
DEBUG reconstructPartDFS: Leaf part type='image/png', has_blob=true, text_len=0
DEBUG ReconstructMessage: Reconstructed headers:
From: sender@example.com
To: recipient@example.com
Subject: Test Multiple Inline Images
MIME-Version: 1.0
Content-Type: multipart/alternative; boundary="----=_Part_Alternative_1781340770314907629"
DEBUG ReconstructMessage: Total message size: 1410 bytes
    parser_test.go:1297: Successfully reconstructed message with 2 inline images
--- PASS: TestReconstructMessage_WithMultipleInlineImages (0.00s)
=== RUN   TestReconstructMessage_MultipartRelatedHTMLNotFirst
DEBUG ParseMIMEMessage: Content-Type='multipart/alternative; boundary="alt-boundary"'
DEBUG ParseMIMEMessage: mediaType='multipart/alternative', boundary='alt-boundary'
DEBUG ParseMIMEMessage: Parsing multipart with boundary='alt-boundary'
DEBUG parseMultipart: boundary='alt-boundary', depth=0, parentPartIdx=0xc000282f48
DEBUG parseMultipart: Found part: type='text/plain', disposition='', filename='', size=18, depth=0
DEBUG parseMultipart: Added content part at index 1 (type=text/plain)
DEBUG parseMultipart: Found part: type='multipart/related', disposition='', filename='', size=415, depth=0
DEBUG parseMultipart: Part is nested multipart/related with boundary='rel-boundary'
DEBUG parseMultipart: Added multipart container at index 2 (will be parent)
DEBUG parseMultipart: boundary='rel-boundary', depth=1, parentPartIdx=0xc000282f80
DEBUG parseMultipart: Found part: type='image/png', disposition='inline; filename="logo.png"', filename='logo.png', size=96, depth=1
DEBUG parseMultipart: Added content part at index 3 (type=image/png)
DEBUG parseMultipart: Found part: type='text/html', disposition='', filename='', size=75, depth=1
DEBUG parseMultipart: Added content part at index 4 (type=text/html)
DEBUG parseMultipart: EOF reached at depth 1
DEBUG parseMultipart: EOF reached at depth 0
DEBUG ParseMIMEMessage: Successfully parsed 5 parts (including root container)
DEBUG StoreMessage: Stored part idx=0 (type=multipart/alternative) as db_id=1 with part_number=1 (parent_db_id={0 false})
DEBUG StoreMessage: Part idx=1 references parent idx=0 (db_id=1)
DEBUG StoreMessage: Stored part idx=1 (type=text/plain) as db_id=2 with part_number=1 (parent_db_id={1 true})
DEBUG StoreMessage: Part idx=2 references parent idx=0 (db_id=1)
DEBUG StoreMessage: Stored part idx=2 (type=multipart/related) as db_id=3 with part_number=2 (parent_db_id={1 true})
DEBUG StoreMessage: Part idx=3 references parent idx=2 (db_id=3)
DEBUG StoreMessage: Stored part idx=3 (type=image/png) as db_id=4 with part_number=1 (parent_db_id={3 true})
DEBUG StoreMessage: Part idx=4 references parent idx=2 (db_id=3)
DEBUG StoreMessage: Stored part idx=4 (type=text/html) as db_id=5 with part_number=2 (parent_db_id={3 true})
DEBUG ReconstructMessage: Starting reconstruction with 5 headers, 5 parts
DEBUG ReconstructMessage: Filtering out stored MIME-Version header
DEBUG ReconstructMessage: Filtering out stored Content-Type header
DEBUG ReconstructMessage: After filtering, 3 headers remain
DEBUG ReconstructMessage: Wrote 3 stored headers
DEBUG ReconstructMessage: Part id=1 num=1 (type=multipart/alternative) is root (no parent)
DEBUG ReconstructMessage: Part id=2 num=1 (type=text/plain) has parent_part_id=1
DEBUG ReconstructMessage: Part id=3 num=2 (type=multipart/related) has parent_part_id=1
DEBUG ReconstructMessage: Part id=4 num=1 (type=image/png) has parent_part_id=3
DEBUG ReconstructMessage: Part id=5 num=2 (type=text/html) has parent_part_id=3
DEBUG ReconstructMessage: Added part id=2 as child of part id=1
DEBUG ReconstructMessage: Added part id=3 as child of part id=1
DEBUG ReconstructMessage: Added part id=4 as child of part id=3
DEBUG ReconstructMessage: Added part id=5 as child of part id=3
DEBUG ReconstructMessage: Processing 5 parts (1 root parts)
DEBUG reconstructPartDFS: Multipart container type='multipart/alternative' with 2 children, boundary='----=_Part_Alternative_1781340770317392959'
DEBUG reconstructPartDFS: Leaf part type='text/plain', has_blob=false, text_len=18
DEBUG reconstructPartDFS: Multipart container type='multipart/related' with 2 children, boundary='----=_Part_Related_1781340770317401511'
DEBUG reconstructPartDFS: Leaf part type='image/png', has_blob=true, text_len=0
DEBUG reconstructPartDFS: Leaf part type='text/html', has_blob=false, text_len=75
DEBUG ReconstructMessage: Reconstructed headers:
From: sender@example.com
To: recipient@example.com
Subject: HTML Not First Test
MIME-Version: 1.0
Content-Type: multipart/alternative; boundary="----=_Part_Alternative_1781340770317392959"
DEBUG ReconstructMessage: Total message size: 1042 bytes
    parser_test.go:1383: ✓ Parts preserved in original order: image first (HTML at 414, image at 128)
--- PASS: TestReconstructMessage_MultipartRelatedHTMLNotFirst (0.00s)
=== RUN   TestParseGmailInlineImageStructure
DEBUG ParseMIMEMessage: Content-Type='multipart/related; boundary="boundary-related"'
DEBUG ParseMIMEMessage: mediaType='multipart/related', boundary='boundary-related'
DEBUG ParseMIMEMessage: Parsing multipart with boundary='boundary-related'
DEBUG parseMultipart: boundary='boundary-related', depth=0, parentPartIdx=0xc000283c70
DEBUG parseMultipart: Found part: type='multipart/alternative', disposition='', filename='', size=706, depth=0
DEBUG parseMultipart: Part is nested multipart/alternative with boundary='boundary-alt'
DEBUG parseMultipart: Added multipart container at index 1 (will be parent)
DEBUG parseMultipart: boundary='boundary-alt', depth=1, parentPartIdx=0xc000283c98
DEBUG parseMultipart: Found part: type='text/plain', disposition='', filename='', size=27, depth=1
DEBUG parseMultipart: Added content part at index 2 (type=text/plain)
DEBUG parseMultipart: Found part: type='text/html', disposition='', filename='', size=545, depth=1
DEBUG parseMultipart: Added content part at index 3 (type=text/html)
DEBUG parseMultipart: EOF reached at depth 1
DEBUG parseMultipart: Found part: type='image/png', disposition='attachment; filename="logo.png"', filename='logo.png', size=96, depth=0
DEBUG parseMultipart: Added content part at index 4 (type=image/png)
DEBUG parseMultipart: EOF reached at depth 0
DEBUG ParseMIMEMessage: Successfully parsed 5 parts (including root container)
DEBUG StoreMessage: Stored part idx=0 (type=multipart/related) as db_id=1 with part_number=1 (parent_db_id={0 false})
DEBUG StoreMessage: Part idx=1 references parent idx=0 (db_id=1)
DEBUG StoreMessage: Stored part idx=1 (type=multipart/alternative) as db_id=2 with part_number=1 (parent_db_id={1 true})
DEBUG StoreMessage: Part idx=2 references parent idx=1 (db_id=2)
DEBUG StoreMessage: Stored part idx=2 (type=text/plain) as db_id=3 with part_number=1 (parent_db_id={2 true})
DEBUG StoreMessage: Part idx=3 references parent idx=1 (db_id=2)
DEBUG StoreMessage: Stored part idx=3 (type=text/html) as db_id=4 with part_number=2 (parent_db_id={2 true})
DEBUG StoreMessage: Part idx=4 references parent idx=0 (db_id=1)
DEBUG StoreMessage: Stored part idx=4 (type=image/png) as db_id=5 with part_number=2 (parent_db_id={1 true})
DEBUG ReconstructMessage: Starting reconstruction with 5 headers, 5 parts
DEBUG ReconstructMessage: Filtering out stored MIME-Version header
DEBUG ReconstructMessage: Filtering out stored Content-Type header
DEBUG ReconstructMessage: After filtering, 3 headers remain
DEBUG ReconstructMessage: Wrote 3 stored headers
DEBUG ReconstructMessage: Part id=1 num=1 (type=multipart/related) is root (no parent)
DEBUG ReconstructMessage: Part id=2 num=1 (type=multipart/alternative) has parent_part_id=1
DEBUG ReconstructMessage: Part id=3 num=1 (type=text/plain) has parent_part_id=2
DEBUG ReconstructMessage: Part id=4 num=2 (type=text/html) has parent_part_id=2
DEBUG ReconstructMessage: Part id=5 num=2 (type=image/png) has parent_part_id=1
DEBUG ReconstructMessage: Added part id=3 as child of part id=2
DEBUG ReconstructMessage: Added part id=4 as child of part id=2
DEBUG ReconstructMessage: Added part id=5 as child of part id=1
DEBUG ReconstructMessage: Added part id=2 as child of part id=1
DEBUG ReconstructMessage: Processing 5 parts (1 root parts)
DEBUG reconstructPartDFS: Multipart container type='multipart/related' with 2 children, boundary='----=_Part_Related_1781340770319808923'
DEBUG reconstructPartDFS: Multipart container type='multipart/alternative' with 2 children, boundary='----=_Part_Alternative_1781340770319812925'
DEBUG reconstructPartDFS: Leaf part type='text/plain', has_blob=false, text_len=27
DEBUG reconstructPartDFS: Leaf part type='text/html', has_blob=false, text_len=545
DEBUG reconstructPartDFS: Leaf part type='image/png', has_blob=true, text_len=0
DEBUG ReconstructMessage: Reconstructed headers:
From: sender@example.com
To: recipient@example.com
Subject: Gmail Inline Image Test
MIME-Version: 1.0
Content-Type: multipart/related; boundary="----=_Part_Related_1781340770319808923"
DEBUG ReconstructMessage: Total message size: 1529 bytes
    parser_test.go:1532: Successfully parsed and reconstructed Gmail multipart/related structure with 5 parts
--- PASS: TestParseGmailInlineImageStructure (0.00s)
=== RUN   TestReconstructedMultipartRelatedOrder
DEBUG ParseMIMEMessage: Content-Type='multipart/related; boundary="boundary-rel"'
DEBUG ParseMIMEMessage: mediaType='multipart/related', boundary='boundary-rel'
DEBUG ParseMIMEMessage: Parsing multipart with boundary='boundary-rel'
DEBUG parseMultipart: boundary='boundary-rel', depth=0, parentPartIdx=0xc0002b6a00
DEBUG parseMultipart: Found part: type='multipart/alternative', disposition='', filename='', size=169, depth=0
DEBUG parseMultipart: Part is nested multipart/alternative with boundary='boundary-alt'
DEBUG parseMultipart: Added multipart container at index 1 (will be parent)
DEBUG parseMultipart: boundary='boundary-alt', depth=1, parentPartIdx=0xc0002b6a20
DEBUG parseMultipart: Found part: type='text/plain', disposition='', filename='', size=10, depth=1
DEBUG parseMultipart: Added content part at index 2 (type=text/plain)
DEBUG parseMultipart: Found part: type='text/html', disposition='', filename='', size=60, depth=1
DEBUG parseMultipart: Added content part at index 3 (type=text/html)
DEBUG parseMultipart: EOF reached at depth 1
DEBUG parseMultipart: Found part: type='image/png', disposition='', filename='', size=9, depth=0
DEBUG parseMultipart: Added content part at index 4 (type=image/png)
DEBUG parseMultipart: EOF reached at depth 0
DEBUG ParseMIMEMessage: Successfully parsed 5 parts (including root container)
DEBUG StoreMessage: Stored part idx=0 (type=multipart/related) as db_id=1 with part_number=1 (parent_db_id={0 false})
DEBUG StoreMessage: Part idx=1 references parent idx=0 (db_id=1)
DEBUG StoreMessage: Stored part idx=1 (type=multipart/alternative) as db_id=2 with part_number=1 (parent_db_id={1 true})
DEBUG StoreMessage: Part idx=2 references parent idx=1 (db_id=2)
DEBUG StoreMessage: Stored part idx=2 (type=text/plain) as db_id=3 with part_number=1 (parent_db_id={2 true})
DEBUG StoreMessage: Part idx=3 references parent idx=1 (db_id=2)
DEBUG StoreMessage: Stored part idx=3 (type=text/html) as db_id=4 with part_number=2 (parent_db_id={2 true})
DEBUG StoreMessage: Part idx=4 references parent idx=0 (db_id=1)
DEBUG StoreMessage: Stored part idx=4 (type=image/png) as db_id=5 with part_number=2 (parent_db_id={1 true})
DEBUG ReconstructMessage: Starting reconstruction with 4 headers, 5 parts
DEBUG ReconstructMessage: Filtering out stored Content-Type header
DEBUG ReconstructMessage: After filtering, 3 headers remain
DEBUG ReconstructMessage: Wrote 3 stored headers
DEBUG ReconstructMessage: Part id=1 num=1 (type=multipart/related) is root (no parent)
DEBUG ReconstructMessage: Part id=2 num=1 (type=multipart/alternative) has parent_part_id=1
DEBUG ReconstructMessage: Part id=3 num=1 (type=text/plain) has parent_part_id=2
DEBUG ReconstructMessage: Part id=4 num=2 (type=text/html) has parent_part_id=2
DEBUG ReconstructMessage: Part id=5 num=2 (type=image/png) has parent_part_id=1
DEBUG ReconstructMessage: Added part id=3 as child of part id=2
DEBUG ReconstructMessage: Added part id=4 as child of part id=2
DEBUG ReconstructMessage: Added part id=5 as child of part id=1
DEBUG ReconstructMessage: Added part id=2 as child of part id=1
DEBUG ReconstructMessage: Processing 5 parts (1 root parts)
DEBUG reconstructPartDFS: Multipart container type='multipart/related' with 2 children, boundary='----=_Part_Related_1781340770321926082'
DEBUG reconstructPartDFS: Multipart container type='multipart/alternative' with 2 children, boundary='----=_Part_Alternative_1781340770321930103'
DEBUG reconstructPartDFS: Leaf part type='text/plain', has_blob=false, text_len=10
DEBUG reconstructPartDFS: Leaf part type='text/html', has_blob=false, text_len=60
DEBUG reconstructPartDFS: Leaf part type='image/png', has_blob=false, text_len=9
DEBUG ReconstructMessage: Reconstructed headers:
From: sender@example.com
To: recipient@example.com
Subject: Order Test
MIME-Version: 1.0
Content-Type: multipart/related; boundary="----=_Part_Related_1781340770321926082"
DEBUG ReconstructMessage: Total message size: 798 bytes
    parser_test.go:1611: ✓ Correct order: multipart/alternative (235) before image (717)
    parser_test.go:1625: Reconstructed structure order verified successfully
--- PASS: TestReconstructedMultipartRelatedOrder (0.00s)
PASS
ok  	raven/internal/delivery/parser	(cached)
=== RUN   TestDeliverMessage_NewUserAndMailbox
DEBUG ParseMIMEMessage: Content-Type='text/plain; charset=us-ascii'
DEBUG ParseMIMEMessage: mediaType='text/plain', boundary=''
DEBUG ParseMIMEMessage: Single-part message (not multipart)
DEBUG StoreMessage: Stored part idx=0 (type=text/plain) as db_id=1 with part_number=1 (parent_db_id={0 false})
--- PASS: TestDeliverMessage_NewUserAndMailbox (0.10s)
=== RUN   TestDeliverToMultipleRecipients
DEBUG ParseMIMEMessage: Content-Type='text/plain; charset=us-ascii'
DEBUG ParseMIMEMessage: mediaType='text/plain', boundary=''
DEBUG ParseMIMEMessage: Single-part message (not multipart)
DEBUG StoreMessage: Stored part idx=0 (type=text/plain) as db_id=1 with part_number=1 (parent_db_id={0 false})
DEBUG ParseMIMEMessage: Content-Type='text/plain; charset=us-ascii'
DEBUG ParseMIMEMessage: mediaType='text/plain', boundary=''
DEBUG ParseMIMEMessage: Single-part message (not multipart)
DEBUG StoreMessage: Stored part idx=0 (type=text/plain) as db_id=1 with part_number=1 (parent_db_id={0 false})
--- PASS: TestDeliverToMultipleRecipients (0.20s)
=== RUN   TestCheckUserExists
--- PASS: TestCheckUserExists (0.00s)
=== RUN   TestQuotaFunctions
DEBUG ParseMIMEMessage: Content-Type='text/plain; charset=us-ascii'
DEBUG ParseMIMEMessage: mediaType='text/plain', boundary=''
DEBUG ParseMIMEMessage: Single-part message (not multipart)
DEBUG StoreMessage: Stored part idx=0 (type=text/plain) as db_id=1 with part_number=1 (parent_db_id={0 false})
--- PASS: TestQuotaFunctions (0.07s)
=== RUN   TestGetMessageCountInFolder_MissingFolder
--- PASS: TestGetMessageCountInFolder_MissingFolder (0.05s)
=== RUN   TestCreateUserIfNotExists_WithDomainInName
--- PASS: TestCreateUserIfNotExists_WithDomainInName (0.05s)
=== RUN   TestDeliverMessage_InvalidRecipient
--- PASS: TestDeliverMessage_InvalidRecipient (0.00s)
=== RUN   TestDeliverMessage_CustomFolder
DEBUG ParseMIMEMessage: Content-Type='text/plain; charset=us-ascii'
DEBUG ParseMIMEMessage: mediaType='text/plain', boundary=''
DEBUG ParseMIMEMessage: Single-part message (not multipart)
DEBUG StoreMessage: Stored part idx=0 (type=text/plain) as db_id=1 with part_number=1 (parent_db_id={0 false})
--- PASS: TestDeliverMessage_CustomFolder (0.07s)
=== RUN   TestDeliverMessage_MultipleDeliveries
DEBUG ParseMIMEMessage: Content-Type='text/plain; charset=us-ascii'
DEBUG ParseMIMEMessage: mediaType='text/plain', boundary=''
DEBUG ParseMIMEMessage: Single-part message (not multipart)
DEBUG StoreMessage: Stored part idx=0 (type=text/plain) as db_id=1 with part_number=1 (parent_db_id={0 false})
DEBUG ParseMIMEMessage: Content-Type='text/plain; charset=us-ascii'
DEBUG ParseMIMEMessage: mediaType='text/plain', boundary=''
DEBUG ParseMIMEMessage: Single-part message (not multipart)
DEBUG StoreMessage: Stored part idx=0 (type=text/plain) as db_id=2 with part_number=1 (parent_db_id={0 false})
DEBUG ParseMIMEMessage: Content-Type='text/plain; charset=us-ascii'
DEBUG ParseMIMEMessage: mediaType='text/plain', boundary=''
DEBUG ParseMIMEMessage: Single-part message (not multipart)
DEBUG StoreMessage: Stored part idx=0 (type=text/plain) as db_id=3 with part_number=1 (parent_db_id={0 false})
DEBUG ParseMIMEMessage: Content-Type='text/plain; charset=us-ascii'
DEBUG ParseMIMEMessage: mediaType='text/plain', boundary=''
DEBUG ParseMIMEMessage: Single-part message (not multipart)
DEBUG StoreMessage: Stored part idx=0 (type=text/plain) as db_id=4 with part_number=1 (parent_db_id={0 false})
DEBUG ParseMIMEMessage: Content-Type='text/plain; charset=us-ascii'
DEBUG ParseMIMEMessage: mediaType='text/plain', boundary=''
DEBUG ParseMIMEMessage: Single-part message (not multipart)
DEBUG StoreMessage: Stored part idx=0 (type=text/plain) as db_id=5 with part_number=1 (parent_db_id={0 false})
--- PASS: TestDeliverMessage_MultipleDeliveries (0.23s)
=== RUN   TestGetUserQuota_NonExistentUser
--- PASS: TestGetUserQuota_NonExistentUser (0.07s)
=== RUN   TestGetMessageCount_NonExistentUser
--- PASS: TestGetMessageCount_NonExistentUser (0.08s)
=== RUN   TestCreateUserIfNotExists_WithoutDomain
--- PASS: TestCreateUserIfNotExists_WithoutDomain (0.07s)
=== RUN   TestDeliverMessage_ToExistingFolder
DEBUG ParseMIMEMessage: Content-Type='text/plain; charset=us-ascii'
DEBUG ParseMIMEMessage: mediaType='text/plain', boundary=''
DEBUG ParseMIMEMessage: Single-part message (not multipart)
DEBUG StoreMessage: Stored part idx=0 (type=text/plain) as db_id=1 with part_number=1 (parent_db_id={0 false})
DEBUG ParseMIMEMessage: Content-Type='text/plain; charset=us-ascii'
DEBUG ParseMIMEMessage: mediaType='text/plain', boundary=''
DEBUG ParseMIMEMessage: Single-part message (not multipart)
DEBUG StoreMessage: Stored part idx=0 (type=text/plain) as db_id=2 with part_number=1 (parent_db_id={0 false})
--- PASS: TestDeliverMessage_ToExistingFolder (0.09s)
=== RUN   TestDeliverToMultipleRecipients_AllValid
DEBUG ParseMIMEMessage: Content-Type='text/plain; charset=us-ascii'
DEBUG ParseMIMEMessage: mediaType='text/plain', boundary=''
DEBUG ParseMIMEMessage: Single-part message (not multipart)
DEBUG StoreMessage: Stored part idx=0 (type=text/plain) as db_id=1 with part_number=1 (parent_db_id={0 false})
DEBUG ParseMIMEMessage: Content-Type='text/plain; charset=us-ascii'
DEBUG ParseMIMEMessage: mediaType='text/plain', boundary=''
DEBUG ParseMIMEMessage: Single-part message (not multipart)
DEBUG StoreMessage: Stored part idx=0 (type=text/plain) as db_id=1 with part_number=1 (parent_db_id={0 false})
DEBUG ParseMIMEMessage: Content-Type='text/plain; charset=us-ascii'
DEBUG ParseMIMEMessage: mediaType='text/plain', boundary=''
DEBUG ParseMIMEMessage: Single-part message (not multipart)
DEBUG StoreMessage: Stored part idx=0 (type=text/plain) as db_id=1 with part_number=1 (parent_db_id={0 false})
--- PASS: TestDeliverToMultipleRecipients_AllValid (0.21s)
=== RUN   TestCheckQuota_ExactLimit
DEBUG ParseMIMEMessage: Content-Type='text/plain; charset=us-ascii'
DEBUG ParseMIMEMessage: mediaType='text/plain', boundary=''
DEBUG ParseMIMEMessage: Single-part message (not multipart)
DEBUG StoreMessage: Stored part idx=0 (type=text/plain) as db_id=1 with part_number=1 (parent_db_id={0 false})
--- PASS: TestCheckQuota_ExactLimit (0.07s)
=== RUN   TestDeliverMessage_LargeBody
DEBUG ParseMIMEMessage: Content-Type='text/plain; charset=us-ascii'
DEBUG ParseMIMEMessage: mediaType='text/plain', boundary=''
DEBUG ParseMIMEMessage: Single-part message (not multipart)
DEBUG StoreMessage: Stored part idx=0 (type=text/plain) as db_id=1 with part_number=1 (parent_db_id={0 false})
--- PASS: TestDeliverMessage_LargeBody (0.07s)
=== RUN   TestDeliverMessage_MultipleFolders
DEBUG ParseMIMEMessage: Content-Type='text/plain; charset=us-ascii'
DEBUG ParseMIMEMessage: mediaType='text/plain', boundary=''
DEBUG ParseMIMEMessage: Single-part message (not multipart)
DEBUG StoreMessage: Stored part idx=0 (type=text/plain) as db_id=1 with part_number=1 (parent_db_id={0 false})
DEBUG ParseMIMEMessage: Content-Type='text/plain; charset=us-ascii'
DEBUG ParseMIMEMessage: mediaType='text/plain', boundary=''
DEBUG ParseMIMEMessage: Single-part message (not multipart)
DEBUG StoreMessage: Stored part idx=0 (type=text/plain) as db_id=2 with part_number=1 (parent_db_id={0 false})
DEBUG ParseMIMEMessage: Content-Type='text/plain; charset=us-ascii'
DEBUG ParseMIMEMessage: mediaType='text/plain', boundary=''
DEBUG ParseMIMEMessage: Single-part message (not multipart)
DEBUG StoreMessage: Stored part idx=0 (type=text/plain) as db_id=3 with part_number=1 (parent_db_id={0 false})
DEBUG ParseMIMEMessage: Content-Type='text/plain; charset=us-ascii'
DEBUG ParseMIMEMessage: mediaType='text/plain', boundary=''
DEBUG ParseMIMEMessage: Single-part message (not multipart)
DEBUG StoreMessage: Stored part idx=0 (type=text/plain) as db_id=4 with part_number=1 (parent_db_id={0 false})
--- PASS: TestDeliverMessage_MultipleFolders (0.12s)
=== RUN   TestGetMessageCountInFolder_AfterDelivery
DEBUG ParseMIMEMessage: Content-Type='text/plain; charset=us-ascii'
DEBUG ParseMIMEMessage: mediaType='text/plain', boundary=''
DEBUG ParseMIMEMessage: Single-part message (not multipart)
DEBUG StoreMessage: Stored part idx=0 (type=text/plain) as db_id=1 with part_number=1 (parent_db_id={0 false})
--- PASS: TestGetMessageCountInFolder_AfterDelivery (0.06s)
=== RUN   TestDeliverMessage_MultipartMessage
DEBUG ParseMIMEMessage: Content-Type='multipart/mixed; boundary="boundary123"'
DEBUG ParseMIMEMessage: mediaType='multipart/mixed', boundary='boundary123'
DEBUG ParseMIMEMessage: Parsing multipart with boundary='boundary123'
DEBUG parseMultipart: boundary='boundary123', depth=0, parentPartIdx=0xc000303be8
DEBUG parseMultipart: Found part: type='text/plain', disposition='', filename='', size=15, depth=0
DEBUG parseMultipart: Added content part at index 1 (type=text/plain)
DEBUG parseMultipart: Found part: type='text/html', disposition='', filename='', size=35, depth=0
DEBUG parseMultipart: Added content part at index 2 (type=text/html)
DEBUG parseMultipart: EOF reached at depth 0
DEBUG ParseMIMEMessage: Successfully parsed 3 parts (including root container)
DEBUG StoreMessage: Stored part idx=0 (type=multipart/mixed) as db_id=1 with part_number=1 (parent_db_id={0 false})
DEBUG StoreMessage: Part idx=1 references parent idx=0 (db_id=1)
DEBUG StoreMessage: Stored part idx=1 (type=text/plain) as db_id=2 with part_number=1 (parent_db_id={1 true})
DEBUG StoreMessage: Part idx=2 references parent idx=0 (db_id=1)
DEBUG StoreMessage: Stored part idx=2 (type=text/html) as db_id=3 with part_number=2 (parent_db_id={1 true})
--- PASS: TestDeliverMessage_MultipartMessage (0.07s)
=== RUN   TestDeliverToMultipleRecipients_PartialFailure
DEBUG ParseMIMEMessage: Content-Type='text/plain; charset=us-ascii'
DEBUG ParseMIMEMessage: mediaType='text/plain', boundary=''
DEBUG ParseMIMEMessage: Single-part message (not multipart)
DEBUG StoreMessage: Stored part idx=0 (type=text/plain) as db_id=1 with part_number=1 (parent_db_id={0 false})
DEBUG ParseMIMEMessage: Content-Type='text/plain; charset=us-ascii'
DEBUG ParseMIMEMessage: mediaType='text/plain', boundary=''
DEBUG ParseMIMEMessage: Single-part message (not multipart)
DEBUG StoreMessage: Stored part idx=0 (type=text/plain) as db_id=1 with part_number=1 (parent_db_id={0 false})
--- PASS: TestDeliverToMultipleRecipients_PartialFailure (0.13s)
=== RUN   TestDeliverMessage_EmptyBody
DEBUG ParseMIMEMessage: Content-Type='text/plain; charset=us-ascii'
DEBUG ParseMIMEMessage: mediaType='text/plain', boundary=''
DEBUG ParseMIMEMessage: Single-part message (not multipart)
DEBUG StoreMessage: Stored part idx=0 (type=text/plain) as db_id=1 with part_number=1 (parent_db_id={0 false})
--- PASS: TestDeliverMessage_EmptyBody (0.07s)
=== RUN   TestDeliverMessage_SpecialCharactersInSubject
DEBUG ParseMIMEMessage: Content-Type='text/plain; charset=us-ascii'
DEBUG ParseMIMEMessage: mediaType='text/plain', boundary=''
DEBUG ParseMIMEMessage: Single-part message (not multipart)
DEBUG StoreMessage: Stored part idx=0 (type=text/plain) as db_id=1 with part_number=1 (parent_db_id={0 false})
--- PASS: TestDeliverMessage_SpecialCharactersInSubject (0.07s)
=== RUN   TestCreateUserIfNotExists_MultipleCalls
--- PASS: TestCreateUserIfNotExists_MultipleCalls (0.05s)
=== RUN   TestDeliverMessage_WithDifferentDomains
DEBUG ParseMIMEMessage: Content-Type='text/plain; charset=us-ascii'
DEBUG ParseMIMEMessage: mediaType='text/plain', boundary=''
DEBUG ParseMIMEMessage: Single-part message (not multipart)
DEBUG StoreMessage: Stored part idx=0 (type=text/plain) as db_id=1 with part_number=1 (parent_db_id={0 false})
DEBUG ParseMIMEMessage: Content-Type='text/plain; charset=us-ascii'
DEBUG ParseMIMEMessage: mediaType='text/plain', boundary=''
DEBUG ParseMIMEMessage: Single-part message (not multipart)
DEBUG StoreMessage: Stored part idx=0 (type=text/plain) as db_id=1 with part_number=1 (parent_db_id={0 false})
DEBUG ParseMIMEMessage: Content-Type='text/plain; charset=us-ascii'
DEBUG ParseMIMEMessage: mediaType='text/plain', boundary=''
DEBUG ParseMIMEMessage: Single-part message (not multipart)
DEBUG StoreMessage: Stored part idx=0 (type=text/plain) as db_id=1 with part_number=1 (parent_db_id={0 false})
--- PASS: TestDeliverMessage_WithDifferentDomains (0.19s)
=== RUN   TestGetUserQuota_AfterMultipleDeliveries
DEBUG ParseMIMEMessage: Content-Type='text/plain; charset=us-ascii'
DEBUG ParseMIMEMessage: mediaType='text/plain', boundary=''
DEBUG ParseMIMEMessage: Single-part message (not multipart)
DEBUG StoreMessage: Stored part idx=0 (type=text/plain) as db_id=1 with part_number=1 (parent_db_id={0 false})
DEBUG ParseMIMEMessage: Content-Type='text/plain; charset=us-ascii'
DEBUG ParseMIMEMessage: mediaType='text/plain', boundary=''
DEBUG ParseMIMEMessage: Single-part message (not multipart)
DEBUG StoreMessage: Stored part idx=0 (type=text/plain) as db_id=2 with part_number=1 (parent_db_id={0 false})
DEBUG ParseMIMEMessage: Content-Type='text/plain; charset=us-ascii'
DEBUG ParseMIMEMessage: mediaType='text/plain', boundary=''
DEBUG ParseMIMEMessage: Single-part message (not multipart)
DEBUG StoreMessage: Stored part idx=0 (type=text/plain) as db_id=3 with part_number=1 (parent_db_id={0 false})
--- PASS: TestGetUserQuota_AfterMultipleDeliveries (0.11s)
=== RUN   TestGetMessageCountInFolder_NonExistentFolder
DEBUG ParseMIMEMessage: Content-Type='text/plain; charset=us-ascii'
DEBUG ParseMIMEMessage: mediaType='text/plain', boundary=''
DEBUG ParseMIMEMessage: Single-part message (not multipart)
DEBUG StoreMessage: Stored part idx=0 (type=text/plain) as db_id=1 with part_number=1 (parent_db_id={0 false})
--- PASS: TestGetMessageCountInFolder_NonExistentFolder (0.08s)
=== RUN   TestCheckUserExists_WithDifferentCases
DEBUG ParseMIMEMessage: Content-Type='text/plain; charset=us-ascii'
DEBUG ParseMIMEMessage: mediaType='text/plain', boundary=''
DEBUG ParseMIMEMessage: Single-part message (not multipart)
DEBUG StoreMessage: Stored part idx=0 (type=text/plain) as db_id=1 with part_number=1 (parent_db_id={0 false})
--- PASS: TestCheckUserExists_WithDifferentCases (0.07s)
=== RUN   TestDeliverMessage_WithAttachment
DEBUG ParseMIMEMessage: Content-Type='multipart/mixed; boundary="attach123"'
DEBUG ParseMIMEMessage: mediaType='multipart/mixed', boundary='attach123'
DEBUG ParseMIMEMessage: Parsing multipart with boundary='attach123'
DEBUG parseMultipart: boundary='attach123', depth=0, parentPartIdx=0xc00035cee0
DEBUG parseMultipart: Found part: type='text/plain', disposition='', filename='', size=12, depth=0
DEBUG parseMultipart: Added content part at index 1 (type=text/plain)
DEBUG parseMultipart: Found part: type='application/octet-stream', disposition='attachment; filename="file.bin"', filename='file.bin', size=16, depth=0
DEBUG parseMultipart: Added content part at index 2 (type=application/octet-stream)
DEBUG parseMultipart: EOF reached at depth 0
DEBUG ParseMIMEMessage: Successfully parsed 3 parts (including root container)
DEBUG StoreMessage: Stored part idx=0 (type=multipart/mixed) as db_id=1 with part_number=1 (parent_db_id={0 false})
DEBUG StoreMessage: Part idx=1 references parent idx=0 (db_id=1)
DEBUG StoreMessage: Stored part idx=1 (type=text/plain) as db_id=2 with part_number=1 (parent_db_id={1 true})
DEBUG StoreMessage: Part idx=2 references parent idx=0 (db_id=1)
DEBUG StoreMessage: Stored part idx=2 (type=application/octet-stream) as db_id=3 with part_number=2 (parent_db_id={1 true})
--- PASS: TestDeliverMessage_WithAttachment (0.07s)
=== RUN   TestSpamFiltering_RspamdActionReject
2026/06/13 08:52:53 Message classified as spam, routing to Spam folder (X-Rspamd-Action: reject, X-Spam-Status: )
DEBUG ParseMIMEMessage: Content-Type='text/plain; charset=us-ascii'
DEBUG ParseMIMEMessage: mediaType='text/plain', boundary=''
DEBUG ParseMIMEMessage: Single-part message (not multipart)
DEBUG StoreMessage: Stored part idx=0 (type=text/plain) as db_id=1 with part_number=1 (parent_db_id={0 false})
--- PASS: TestSpamFiltering_RspamdActionReject (0.07s)
=== RUN   TestSpamFiltering_RspamdActionAddHeader
2026/06/13 08:52:53 Message classified as spam, routing to Spam folder (X-Rspamd-Action: add header, X-Spam-Status: )
DEBUG ParseMIMEMessage: Content-Type='text/plain; charset=us-ascii'
DEBUG ParseMIMEMessage: mediaType='text/plain', boundary=''
DEBUG ParseMIMEMessage: Single-part message (not multipart)
DEBUG StoreMessage: Stored part idx=0 (type=text/plain) as db_id=1 with part_number=1 (parent_db_id={0 false})
--- PASS: TestSpamFiltering_RspamdActionAddHeader (0.07s)
=== RUN   TestSpamFiltering_RspamdActionRewriteSubject
2026/06/13 08:52:53 Message classified as spam, routing to Spam folder (X-Rspamd-Action: rewrite subject, X-Spam-Status: )
DEBUG ParseMIMEMessage: Content-Type='text/plain; charset=us-ascii'
DEBUG ParseMIMEMessage: mediaType='text/plain', boundary=''
DEBUG ParseMIMEMessage: Single-part message (not multipart)
DEBUG StoreMessage: Stored part idx=0 (type=text/plain) as db_id=1 with part_number=1 (parent_db_id={0 false})
--- PASS: TestSpamFiltering_RspamdActionRewriteSubject (0.08s)
=== RUN   TestSpamFiltering_XSpamStatusYes
2026/06/13 08:52:53 Message classified as spam, routing to Spam folder (X-Rspamd-Action: , X-Spam-Status: Yes, score=10.5)
DEBUG ParseMIMEMessage: Content-Type='text/plain; charset=us-ascii'
DEBUG ParseMIMEMessage: mediaType='text/plain', boundary=''
DEBUG ParseMIMEMessage: Single-part message (not multipart)
DEBUG StoreMessage: Stored part idx=0 (type=text/plain) as db_id=1 with part_number=1 (parent_db_id={0 false})
--- PASS: TestSpamFiltering_XSpamStatusYes (0.07s)
=== RUN   TestSpamFiltering_NoActionGoesToInbox
DEBUG ParseMIMEMessage: Content-Type='text/plain; charset=us-ascii'
DEBUG ParseMIMEMessage: mediaType='text/plain', boundary=''
DEBUG ParseMIMEMessage: Single-part message (not multipart)
DEBUG StoreMessage: Stored part idx=0 (type=text/plain) as db_id=1 with part_number=1 (parent_db_id={0 false})
--- PASS: TestSpamFiltering_NoActionGoesToInbox (0.07s)
=== RUN   TestSpamFiltering_NoHeadersGoesToInbox
DEBUG ParseMIMEMessage: Content-Type='text/plain; charset=us-ascii'
DEBUG ParseMIMEMessage: mediaType='text/plain', boundary=''
DEBUG ParseMIMEMessage: Single-part message (not multipart)
DEBUG StoreMessage: Stored part idx=0 (type=text/plain) as db_id=1 with part_number=1 (parent_db_id={0 false})
--- PASS: TestSpamFiltering_NoHeadersGoesToInbox (0.07s)
=== RUN   TestSpamFiltering_CaseInsensitive
2026/06/13 08:52:53 Message classified as spam, routing to Spam folder (X-Rspamd-Action: REJECT, X-Spam-Status: YES, score=5.0)
DEBUG ParseMIMEMessage: Content-Type='text/plain; charset=us-ascii'
DEBUG ParseMIMEMessage: mediaType='text/plain', boundary=''
DEBUG ParseMIMEMessage: Single-part message (not multipart)
DEBUG StoreMessage: Stored part idx=0 (type=text/plain) as db_id=1 with part_number=1 (parent_db_id={0 false})
--- PASS: TestSpamFiltering_CaseInsensitive (0.10s)
=== RUN   TestSpamFiltering_GreylistGoesToInbox
DEBUG ParseMIMEMessage: Content-Type='text/plain; charset=us-ascii'
DEBUG ParseMIMEMessage: mediaType='text/plain', boundary=''
DEBUG ParseMIMEMessage: Single-part message (not multipart)
DEBUG StoreMessage: Stored part idx=0 (type=text/plain) as db_id=1 with part_number=1 (parent_db_id={0 false})
--- PASS: TestSpamFiltering_GreylistGoesToInbox (0.11s)
PASS
ok  	raven/internal/delivery/storage	(cached)
?   	raven/internal/models	[no test files]
=== RUN   TestNewServer
2026/06/13 08:52:51 SASL OAUTHBEARER: config load skipped at init: open config/raven.yaml: no such file or directory
--- PASS: TestNewServer (0.00s)
=== RUN   TestServerStartShutdown
2026/06/13 08:52:51 SASL OAUTHBEARER: config load skipped at init: open config/raven.yaml: no such file or directory
2026/06/13 08:52:51 Starting SASL server...
2026/06/13 08:52:51 SASL Scope: all
2026/06/13 08:52:51 SASL server listening on Unix socket: /tmp/sasl-6232110818272347606.sock
2026/06/13 08:52:51 Using authentication URL: http://127.0.0.1:46009
2026/06/13 08:52:51 Domain: example.com
2026/06/13 08:52:51 Skipping Unix socket listener (scope: all, only TCP connections are allowed)
2026/06/13 08:52:51 Shutting down SASL server...
2026/06/13 08:52:51 All connections closed
2026/06/13 08:52:51 SASL server shutdown complete
--- PASS: TestServerStartShutdown (0.10s)
=== RUN   TestServerShutdownIdempotent
2026/06/13 08:52:51 SASL OAUTHBEARER: config load skipped at init: open config/raven.yaml: no such file or directory
2026/06/13 08:52:51 Starting SASL server...
2026/06/13 08:52:51 SASL Scope: all
2026/06/13 08:52:51 SASL server listening on Unix socket: /tmp/sasl-4241644847768847850.sock
2026/06/13 08:52:51 Using authentication URL: https://example.com/auth
2026/06/13 08:52:51 Domain: example.com
2026/06/13 08:52:51 Skipping Unix socket listener (scope: all, only TCP connections are allowed)
2026/06/13 08:52:51 Shutting down SASL server...
2026/06/13 08:52:51 All connections closed
2026/06/13 08:52:51 SASL server shutdown complete
--- PASS: TestServerShutdownIdempotent (0.10s)
=== RUN   TestVersionHandshake
2026/06/13 08:52:51 SASL OAUTHBEARER: config load skipped at init: open config/raven.yaml: no such file or directory
2026/06/13 08:52:51 Starting SASL server...
2026/06/13 08:52:51 SASL Scope: all
2026/06/13 08:52:51 SASL server listening on Unix socket: /tmp/sasl-6960150684108566707.sock
2026/06/13 08:52:51 Using authentication URL: http://127.0.0.1:40023
2026/06/13 08:52:51 Domain: example.com
2026/06/13 08:52:51 Skipping Unix socket listener (scope: all, only TCP connections are allowed)
2026/06/13 08:52:51 New unix connection from: @
2026/06/13 08:52:51 SASL received: VERSION	1	2
2026/06/13 08:52:51 SASL sent: VERSION	1	2
2026/06/13 08:52:51 Shutting down SASL server...
2026/06/13 08:52:51 SASL server shutdown complete
--- PASS: TestVersionHandshake (0.10s)
=== RUN   TestCPIDCommand
2026/06/13 08:52:51 All connections closed
2026/06/13 08:52:51 SASL OAUTHBEARER: config load skipped at init: open config/raven.yaml: no such file or directory
2026/06/13 08:52:51 Starting SASL server...
2026/06/13 08:52:51 SASL Scope: all
2026/06/13 08:52:51 SASL server listening on Unix socket: /tmp/sasl-4469624153193079186.sock
2026/06/13 08:52:51 Using authentication URL: http://127.0.0.1:34531
2026/06/13 08:52:51 Domain: example.com
2026/06/13 08:52:51 Skipping Unix socket listener (scope: all, only TCP connections are allowed)
2026/06/13 08:52:51 New unix connection from: @
2026/06/13 08:52:51 SASL received: CPID	12345
2026/06/13 08:52:51 SASL sent: MECH	PLAIN	plaintext
2026/06/13 08:52:51 SASL sent: MECH	LOGIN	plaintext
2026/06/13 08:52:51 SASL sent: MECH	OAUTHBEARER	plaintext
2026/06/13 08:52:51 SASL sent: MECH	XOAUTH2	plaintext
2026/06/13 08:52:51 SASL sent: DONE
2026/06/13 08:52:51 Shutting down SASL server...
2026/06/13 08:52:51 SASL server shutdown complete
2026/06/13 08:52:51 All connections closed
--- PASS: TestCPIDCommand (0.10s)
=== RUN   TestPlainAuthenticationSuccess
2026/06/13 08:52:51 SASL OAUTHBEARER: config load skipped at init: open config/raven.yaml: no such file or directory
2026/06/13 08:52:51 Starting SASL server...
2026/06/13 08:52:51 SASL Scope: all
2026/06/13 08:52:51 SASL server listening on Unix socket: /tmp/sasl-2510946027575224233.sock
2026/06/13 08:52:51 Using authentication URL: http://127.0.0.1:45945
2026/06/13 08:52:51 Domain: example.com
2026/06/13 08:52:51 Skipping Unix socket listener (scope: all, only TCP connections are allowed)
2026/06/13 08:52:51 New unix connection from: @
2026/06/13 08:52:51 SASL received: AUTH	1	PLAIN	service=smtp	resp=AHRlc3R1c2VyAHRlc3RwYXNz
2026/06/13 08:52:51 AUTH request: id=1, mechanism=PLAIN
2026/06/13 08:52:51 Service: smtp, Response present: true
2026/06/13 08:52:51 PLAIN authentication attempt for user: testuser
2026/06/13 08:52:51 Authentication API returned success for user: testuser
2026/06/13 08:52:51 SASL sent: OK	1	user=testuser
2026/06/13 08:52:51 Authentication successful for user: testuser
2026/06/13 08:52:51 Shutting down SASL server...
2026/06/13 08:52:51 All connections closed
2026/06/13 08:52:51 SASL server shutdown complete
--- PASS: TestPlainAuthenticationSuccess (0.06s)
=== RUN   TestPlainAuthenticationWithDomain
2026/06/13 08:52:51 SASL OAUTHBEARER: config load skipped at init: open config/raven.yaml: no such file or directory
2026/06/13 08:52:51 Starting SASL server...
2026/06/13 08:52:51 SASL Scope: all
2026/06/13 08:52:51 SASL server listening on Unix socket: /tmp/sasl-2135988243782484876.sock
2026/06/13 08:52:51 Using authentication URL: http://127.0.0.1:34019
2026/06/13 08:52:51 Domain: example.com
2026/06/13 08:52:51 Skipping Unix socket listener (scope: all, only TCP connections are allowed)
2026/06/13 08:52:51 New unix connection from: @
2026/06/13 08:52:51 SASL received: AUTH	1	PLAIN	service=smtp	resp=AHRlc3R1c2VyAHRlc3RwYXNz
2026/06/13 08:52:51 AUTH request: id=1, mechanism=PLAIN
2026/06/13 08:52:51 Service: smtp, Response present: true
2026/06/13 08:52:51 PLAIN authentication attempt for user: testuser
2026/06/13 08:52:51 Authentication API returned success for user: testuser
2026/06/13 08:52:51 SASL sent: OK	1	user=testuser
2026/06/13 08:52:51 Authentication successful for user: testuser
2026/06/13 08:52:51 Shutting down SASL server...
2026/06/13 08:52:51 All connections closed
2026/06/13 08:52:51 SASL server shutdown complete
--- PASS: TestPlainAuthenticationWithDomain (0.21s)
=== RUN   TestPlainAuthenticationFailure
2026/06/13 08:52:51 SASL OAUTHBEARER: config load skipped at init: open config/raven.yaml: no such file or directory
2026/06/13 08:52:51 Starting SASL server...
2026/06/13 08:52:51 SASL Scope: all
2026/06/13 08:52:51 SASL server listening on Unix socket: /tmp/sasl-6606432603964157895.sock
2026/06/13 08:52:51 Using authentication URL: http://127.0.0.1:35749
2026/06/13 08:52:51 Domain: example.com
2026/06/13 08:52:51 Skipping Unix socket listener (scope: all, only TCP connections are allowed)
2026/06/13 08:52:51 New unix connection from: @
2026/06/13 08:52:51 SASL received: AUTH	1	PLAIN	service=smtp	resp=AHdyb25ndXNlcgB3cm9uZ3Bhc3M=
2026/06/13 08:52:51 AUTH request: id=1, mechanism=PLAIN
2026/06/13 08:52:51 Service: smtp, Response present: true
2026/06/13 08:52:51 PLAIN authentication attempt for user: wronguser
2026/06/13 08:52:51 Authentication API returned status 401 for user: wronguser
2026/06/13 08:52:51 SASL sent: FAIL	1	user=wronguser	reason=Invalid credentials
2026/06/13 08:52:51 Authentication failed for user: wronguser
2026/06/13 08:52:51 Shutting down SASL server...
2026/06/13 08:52:51 All connections closed
2026/06/13 08:52:51 SASL server shutdown complete
--- PASS: TestPlainAuthenticationFailure (0.10s)
=== RUN   TestPlainAuthenticationWithAuthzid
2026/06/13 08:52:51 SASL OAUTHBEARER: config load skipped at init: open config/raven.yaml: no such file or directory
2026/06/13 08:52:51 Starting SASL server...
2026/06/13 08:52:51 SASL Scope: all
2026/06/13 08:52:51 SASL server listening on Unix socket: /tmp/sasl-9090794702850477371.sock
2026/06/13 08:52:51 Using authentication URL: http://127.0.0.1:41871
2026/06/13 08:52:51 Domain: example.com
2026/06/13 08:52:51 Skipping Unix socket listener (scope: all, only TCP connections are allowed)
2026/06/13 08:52:52 New unix connection from: @
2026/06/13 08:52:52 SASL received: AUTH	1	PLAIN	service=smtp	resp=YWRtaW4AdGVzdHVzZXIAdGVzdHBhc3M=
2026/06/13 08:52:52 AUTH request: id=1, mechanism=PLAIN
2026/06/13 08:52:52 Service: smtp, Response present: true
2026/06/13 08:52:52 PLAIN authentication attempt for user: testuser
2026/06/13 08:52:52 Authentication API returned success for user: testuser
2026/06/13 08:52:52 SASL sent: OK	1	user=testuser
2026/06/13 08:52:52 Authentication successful for user: testuser
2026/06/13 08:52:52 Shutting down SASL server...
2026/06/13 08:52:52 SASL server shutdown complete
2026/06/13 08:52:52 All connections closed
--- PASS: TestPlainAuthenticationWithAuthzid (0.10s)
=== RUN   TestPlainAuthenticationInvalidBase64
2026/06/13 08:52:52 SASL OAUTHBEARER: config load skipped at init: open config/raven.yaml: no such file or directory
2026/06/13 08:52:52 Starting SASL server...
2026/06/13 08:52:52 SASL Scope: all
2026/06/13 08:52:52 SASL server listening on Unix socket: /tmp/sasl-447825631437355371.sock
2026/06/13 08:52:52 Using authentication URL: http://127.0.0.1:41321
2026/06/13 08:52:52 Domain: example.com
2026/06/13 08:52:52 Skipping Unix socket listener (scope: all, only TCP connections are allowed)
2026/06/13 08:52:52 New unix connection from: @
2026/06/13 08:52:52 SASL received: AUTH	1	PLAIN	service=smtp	resp=!!!invalid-base64!!!
2026/06/13 08:52:52 AUTH request: id=1, mechanism=PLAIN
2026/06/13 08:52:52 Service: smtp, Response present: true
2026/06/13 08:52:52 Failed to decode base64 response: illegal base64 data at input byte 0
2026/06/13 08:52:52 SASL sent: FAIL	1	reason=Invalid encoding
2026/06/13 08:52:52 Shutting down SASL server...
2026/06/13 08:52:52 SASL server shutdown complete
--- PASS: TestPlainAuthenticationInvalidBase64 (0.10s)
2026/06/13 08:52:52 All connections closed
=== RUN   TestPlainAuthenticationMalformedCredentials
2026/06/13 08:52:52 SASL OAUTHBEARER: config load skipped at init: open config/raven.yaml: no such file or directory
2026/06/13 08:52:52 Starting SASL server...
2026/06/13 08:52:52 SASL Scope: all
2026/06/13 08:52:52 SASL server listening on Unix socket: /tmp/sasl-5362581906924598231.sock
2026/06/13 08:52:52 Using authentication URL: http://127.0.0.1:45981
2026/06/13 08:52:52 Domain: example.com
2026/06/13 08:52:52 Skipping Unix socket listener (scope: all, only TCP connections are allowed)
=== RUN   TestPlainAuthenticationMalformedCredentials/NoNullSeparators
2026/06/13 08:52:52 New unix connection from: @
2026/06/13 08:52:52 SASL received: AUTH	1	PLAIN	service=smtp	resp=dXNlcm5hbWVwYXNzd29yZA==
2026/06/13 08:52:52 AUTH request: id=1, mechanism=PLAIN
2026/06/13 08:52:52 Service: smtp, Response present: true
2026/06/13 08:52:52 Invalid PLAIN format, parts: 1
2026/06/13 08:52:52 SASL sent: FAIL	1	reason=Invalid credentials format
=== RUN   TestPlainAuthenticationMalformedCredentials/OnlyOneField
2026/06/13 08:52:52 New unix connection from: @
2026/06/13 08:52:52 SASL received: AUTH	1	PLAIN	service=smtp	resp=dXNlcm5hbWU=
2026/06/13 08:52:52 AUTH request: id=1, mechanism=PLAIN
2026/06/13 08:52:52 Service: smtp, Response present: true
2026/06/13 08:52:52 Invalid PLAIN format, parts: 1
2026/06/13 08:52:52 SASL sent: FAIL	1	reason=Invalid credentials format
=== RUN   TestPlainAuthenticationMalformedCredentials/EmptyCredentials
2026/06/13 08:52:52 New unix connection from: @
2026/06/13 08:52:52 SASL received: AUTH	1	PLAIN	service=smtp	resp=
2026/06/13 08:52:52 AUTH request: id=1, mechanism=PLAIN
2026/06/13 08:52:52 Service: smtp, Response present: true
2026/06/13 08:52:52 SASL sent: FAIL	1	reason=Invalid credentials format
2026/06/13 08:52:52 Shutting down SASL server...
2026/06/13 08:52:52 SASL server shutdown complete
2026/06/13 08:52:52 All connections closed
--- PASS: TestPlainAuthenticationMalformedCredentials (0.10s)
    --- PASS: TestPlainAuthenticationMalformedCredentials/NoNullSeparators (0.00s)
    --- PASS: TestPlainAuthenticationMalformedCredentials/OnlyOneField (0.00s)
    --- PASS: TestPlainAuthenticationMalformedCredentials/EmptyCredentials (0.00s)
=== RUN   TestPlainAuthenticationContinuationRequest
2026/06/13 08:52:52 SASL OAUTHBEARER: config load skipped at init: open config/raven.yaml: no such file or directory
2026/06/13 08:52:52 Starting SASL server...
2026/06/13 08:52:52 SASL Scope: all
2026/06/13 08:52:52 SASL server listening on Unix socket: /tmp/sasl-4611942404479188200.sock
2026/06/13 08:52:52 Using authentication URL: http://127.0.0.1:41781
2026/06/13 08:52:52 Domain: example.com
2026/06/13 08:52:52 Skipping Unix socket listener (scope: all, only TCP connections are allowed)
2026/06/13 08:52:52 New unix connection from: @
2026/06/13 08:52:52 SASL received: AUTH	1	PLAIN	service=smtp
2026/06/13 08:52:52 AUTH request: id=1, mechanism=PLAIN
2026/06/13 08:52:52 Service: smtp, Response present: false
2026/06/13 08:52:52 SASL sent: CONT	1
2026/06/13 08:52:52 Shutting down SASL server...
2026/06/13 08:52:52 All connections closed
2026/06/13 08:52:52 SASL server shutdown complete
--- PASS: TestPlainAuthenticationContinuationRequest (0.10s)
=== RUN   TestLoginMechanism
2026/06/13 08:52:52 SASL OAUTHBEARER: config load skipped at init: open config/raven.yaml: no such file or directory
2026/06/13 08:52:52 Starting SASL server...
2026/06/13 08:52:52 SASL Scope: all
2026/06/13 08:52:52 SASL server listening on Unix socket: /tmp/sasl-8884927815283151536.sock
2026/06/13 08:52:52 Using authentication URL: http://127.0.0.1:43043
2026/06/13 08:52:52 Domain: example.com
2026/06/13 08:52:52 Skipping Unix socket listener (scope: all, only TCP connections are allowed)
2026/06/13 08:52:52 New unix connection from: @
2026/06/13 08:52:52 SASL received: AUTH	1	LOGIN	service=smtp
2026/06/13 08:52:52 AUTH request: id=1, mechanism=LOGIN
2026/06/13 08:52:52 Service: smtp, Response present: false
2026/06/13 08:52:52 SASL sent: CONT	1	Username:
2026/06/13 08:52:52 Shutting down SASL server...
2026/06/13 08:52:52 SASL server shutdown complete
--- PASS: TestLoginMechanism (0.10s)
2026/06/13 08:52:52 All connections closed
=== RUN   TestUnsupportedMechanism
2026/06/13 08:52:52 SASL OAUTHBEARER: config load skipped at init: open config/raven.yaml: no such file or directory
2026/06/13 08:52:52 Starting SASL server...
2026/06/13 08:52:52 SASL Scope: all
2026/06/13 08:52:52 SASL server listening on Unix socket: /tmp/sasl-7370709761109136933.sock
2026/06/13 08:52:52 Using authentication URL: http://127.0.0.1:39497
2026/06/13 08:52:52 Domain: example.com
2026/06/13 08:52:52 Skipping Unix socket listener (scope: all, only TCP connections are allowed)
=== RUN   TestUnsupportedMechanism/CRAM-MD5
2026/06/13 08:52:52 New unix connection from: @
2026/06/13 08:52:52 SASL received: AUTH	1	CRAM-MD5	service=smtp
2026/06/13 08:52:52 AUTH request: id=1, mechanism=CRAM-MD5
2026/06/13 08:52:52 Service: smtp, Response present: false
2026/06/13 08:52:52 SASL sent: FAIL	1	reason=Unsupported mechanism
=== RUN   TestUnsupportedMechanism/DIGEST-MD5
2026/06/13 08:52:52 New unix connection from: @
2026/06/13 08:52:52 SASL received: AUTH	1	DIGEST-MD5	service=smtp
2026/06/13 08:52:52 AUTH request: id=1, mechanism=DIGEST-MD5
2026/06/13 08:52:52 Service: smtp, Response present: false
2026/06/13 08:52:52 SASL sent: FAIL	1	reason=Unsupported mechanism
=== RUN   TestUnsupportedMechanism/GSSAPI
2026/06/13 08:52:52 New unix connection from: @
2026/06/13 08:52:52 SASL received: AUTH	1	GSSAPI	service=smtp
2026/06/13 08:52:52 AUTH request: id=1, mechanism=GSSAPI
2026/06/13 08:52:52 Service: smtp, Response present: false
2026/06/13 08:52:52 SASL sent: FAIL	1	reason=Unsupported mechanism
=== RUN   TestUnsupportedMechanism/NTLM
2026/06/13 08:52:52 New unix connection from: @
2026/06/13 08:52:52 SASL received: AUTH	1	NTLM	service=smtp
2026/06/13 08:52:52 AUTH request: id=1, mechanism=NTLM
2026/06/13 08:52:52 Service: smtp, Response present: false
2026/06/13 08:52:52 SASL sent: FAIL	1	reason=Unsupported mechanism
2026/06/13 08:52:52 Shutting down SASL server...
2026/06/13 08:52:52 All connections closed
2026/06/13 08:52:52 SASL server shutdown complete
--- PASS: TestUnsupportedMechanism (0.10s)
    --- PASS: TestUnsupportedMechanism/CRAM-MD5 (0.00s)
    --- PASS: TestUnsupportedMechanism/DIGEST-MD5 (0.00s)
    --- PASS: TestUnsupportedMechanism/GSSAPI (0.00s)
    --- PASS: TestUnsupportedMechanism/NTLM (0.00s)
=== RUN   TestAuthMechanismCaseInsensitive
2026/06/13 08:52:52 SASL OAUTHBEARER: config load skipped at init: open config/raven.yaml: no such file or directory
2026/06/13 08:52:52 Starting SASL server...
2026/06/13 08:52:52 SASL Scope: all
2026/06/13 08:52:52 SASL server listening on Unix socket: /tmp/sasl-1857444397174313464.sock
2026/06/13 08:52:52 Using authentication URL: http://127.0.0.1:44779
2026/06/13 08:52:52 Domain: example.com
2026/06/13 08:52:52 Skipping Unix socket listener (scope: all, only TCP connections are allowed)
=== RUN   TestAuthMechanismCaseInsensitive/PLAIN
2026/06/13 08:52:52 New unix connection from: @
2026/06/13 08:52:52 SASL received: AUTH	1	PLAIN	service=smtp
2026/06/13 08:52:52 AUTH request: id=1, mechanism=PLAIN
2026/06/13 08:52:52 Service: smtp, Response present: false
2026/06/13 08:52:52 SASL sent: CONT	1
=== RUN   TestAuthMechanismCaseInsensitive/Plain
2026/06/13 08:52:52 New unix connection from: @
2026/06/13 08:52:52 SASL received: AUTH	1	Plain	service=smtp
2026/06/13 08:52:52 AUTH request: id=1, mechanism=Plain
2026/06/13 08:52:52 Service: smtp, Response present: false
2026/06/13 08:52:52 SASL sent: CONT	1
=== RUN   TestAuthMechanismCaseInsensitive/plain
2026/06/13 08:52:52 New unix connection from: @
2026/06/13 08:52:52 SASL received: AUTH	1	plain	service=smtp
2026/06/13 08:52:52 AUTH request: id=1, mechanism=plain
2026/06/13 08:52:52 Service: smtp, Response present: false
2026/06/13 08:52:52 SASL sent: CONT	1
=== RUN   TestAuthMechanismCaseInsensitive/pLaIn
2026/06/13 08:52:52 New unix connection from: @
2026/06/13 08:52:52 SASL received: AUTH	1	pLaIn	service=smtp
2026/06/13 08:52:52 AUTH request: id=1, mechanism=pLaIn
2026/06/13 08:52:52 Service: smtp, Response present: false
2026/06/13 08:52:52 SASL sent: CONT	1
2026/06/13 08:52:52 Shutting down SASL server...
2026/06/13 08:52:52 All connections closed
2026/06/13 08:52:52 SASL server shutdown complete
--- PASS: TestAuthMechanismCaseInsensitive (0.10s)
    --- PASS: TestAuthMechanismCaseInsensitive/PLAIN (0.00s)
    --- PASS: TestAuthMechanismCaseInsensitive/Plain (0.00s)
    --- PASS: TestAuthMechanismCaseInsensitive/plain (0.00s)
    --- PASS: TestAuthMechanismCaseInsensitive/pLaIn (0.00s)
=== RUN   TestInvalidAuthCommand
2026/06/13 08:52:52 SASL OAUTHBEARER: config load skipped at init: open config/raven.yaml: no such file or directory
2026/06/13 08:52:52 Starting SASL server...
2026/06/13 08:52:52 SASL Scope: all
2026/06/13 08:52:52 SASL server listening on Unix socket: /tmp/sasl-5959868327262314607.sock
2026/06/13 08:52:52 Using authentication URL: http://127.0.0.1:46243
2026/06/13 08:52:52 Domain: example.com
2026/06/13 08:52:52 Skipping Unix socket listener (scope: all, only TCP connections are allowed)
2026/06/13 08:52:52 New unix connection from: @
2026/06/13 08:52:52 SASL received: AUTH	1
2026/06/13 08:52:52 Invalid AUTH command format, parts: 2
2026/06/13 08:52:52 Shutting down SASL server...
2026/06/13 08:52:52 SASL server shutdown complete
--- PASS: TestInvalidAuthCommand (0.20s)
2026/06/13 08:52:52 All connections closed
=== RUN   TestConcurrentConnections
2026/06/13 08:52:52 SASL OAUTHBEARER: config load skipped at init: open config/raven.yaml: no such file or directory
2026/06/13 08:52:52 Starting SASL server...
2026/06/13 08:52:52 SASL Scope: all
2026/06/13 08:52:52 SASL server listening on Unix socket: /tmp/sasl-3260129986226985543.sock
2026/06/13 08:52:52 Using authentication URL: http://127.0.0.1:33835
2026/06/13 08:52:52 Domain: example.com
2026/06/13 08:52:52 Skipping Unix socket listener (scope: all, only TCP connections are allowed)
2026/06/13 08:52:52 New unix connection from: @
2026/06/13 08:52:52 New unix connection from: @
2026/06/13 08:52:52 New unix connection from: @
2026/06/13 08:52:52 New unix connection from: @
2026/06/13 08:52:52 New unix connection from: @
2026/06/13 08:52:52 New unix connection from: @
2026/06/13 08:52:52 New unix connection from: @
2026/06/13 08:52:52 New unix connection from: @
2026/06/13 08:52:52 New unix connection from: @
2026/06/13 08:52:52 New unix connection from: @
2026/06/13 08:52:52 SASL received: AUTH	3	PLAIN	service=smtp	resp=AHVzZXIzAHBhc3Mz
2026/06/13 08:52:52 AUTH request: id=3, mechanism=PLAIN
2026/06/13 08:52:52 Service: smtp, Response present: true
2026/06/13 08:52:52 PLAIN authentication attempt for user: user3
2026/06/13 08:52:52 SASL received: AUTH	2	PLAIN	service=smtp	resp=AHVzZXIyAHBhc3My
2026/06/13 08:52:52 AUTH request: id=2, mechanism=PLAIN
2026/06/13 08:52:52 Service: smtp, Response present: true
2026/06/13 08:52:52 PLAIN authentication attempt for user: user2
2026/06/13 08:52:52 SASL received: AUTH	1	PLAIN	service=smtp	resp=AHVzZXIxAHBhc3Mx
2026/06/13 08:52:52 AUTH request: id=1, mechanism=PLAIN
2026/06/13 08:52:52 Service: smtp, Response present: true
2026/06/13 08:52:52 PLAIN authentication attempt for user: user1
2026/06/13 08:52:52 SASL received: AUTH	0	PLAIN	service=smtp	resp=AHVzZXIwAHBhc3Mw
2026/06/13 08:52:52 AUTH request: id=0, mechanism=PLAIN
2026/06/13 08:52:52 Service: smtp, Response present: true
2026/06/13 08:52:52 PLAIN authentication attempt for user: user0
2026/06/13 08:52:52 SASL received: AUTH	9	PLAIN	service=smtp	resp=AHVzZXI5AHBhc3M5
2026/06/13 08:52:52 AUTH request: id=9, mechanism=PLAIN
2026/06/13 08:52:52 Service: smtp, Response present: true
2026/06/13 08:52:52 PLAIN authentication attempt for user: user9
2026/06/13 08:52:52 SASL received: AUTH	4	PLAIN	service=smtp	resp=AHVzZXI0AHBhc3M0
2026/06/13 08:52:52 AUTH request: id=4, mechanism=PLAIN
2026/06/13 08:52:52 Service: smtp, Response present: true
2026/06/13 08:52:52 PLAIN authentication attempt for user: user4
2026/06/13 08:52:52 SASL received: AUTH	6	PLAIN	service=smtp	resp=AHVzZXI2AHBhc3M2
2026/06/13 08:52:52 AUTH request: id=6, mechanism=PLAIN
2026/06/13 08:52:52 Service: smtp, Response present: true
2026/06/13 08:52:52 PLAIN authentication attempt for user: user6
2026/06/13 08:52:52 SASL received: AUTH	7	PLAIN	service=smtp	resp=AHVzZXI3AHBhc3M3
2026/06/13 08:52:52 AUTH request: id=7, mechanism=PLAIN
2026/06/13 08:52:52 Service: smtp, Response present: true
2026/06/13 08:52:52 PLAIN authentication attempt for user: user7
2026/06/13 08:52:52 Authentication API returned success for user: user0
2026/06/13 08:52:52 Authentication API returned success for user: user3
2026/06/13 08:52:52 SASL sent: OK	0	user=user0
2026/06/13 08:52:52 Authentication successful for user: user0
2026/06/13 08:52:52 SASL sent: OK	3	user=user3
2026/06/13 08:52:52 Authentication successful for user: user3
2026/06/13 08:52:52 Authentication API returned success for user: user1
2026/06/13 08:52:52 SASL sent: OK	1	user=user1
2026/06/13 08:52:52 Authentication successful for user: user1
2026/06/13 08:52:52 Authentication API returned success for user: user9
2026/06/13 08:52:52 SASL sent: OK	9	user=user9
2026/06/13 08:52:52 Authentication successful for user: user9
2026/06/13 08:52:52 Authentication API returned success for user: user4
2026/06/13 08:52:52 SASL sent: OK	4	user=user4
2026/06/13 08:52:52 Authentication successful for user: user4
2026/06/13 08:52:52 SASL received: AUTH	5	PLAIN	service=smtp	resp=AHVzZXI1AHBhc3M1
2026/06/13 08:52:52 AUTH request: id=5, mechanism=PLAIN
2026/06/13 08:52:52 Service: smtp, Response present: true
2026/06/13 08:52:52 PLAIN authentication attempt for user: user5
2026/06/13 08:52:52 Authentication API returned success for user: user6
2026/06/13 08:52:52 SASL sent: OK	6	user=user6
2026/06/13 08:52:52 Authentication successful for user: user6
2026/06/13 08:52:52 Authentication API returned success for user: user7
2026/06/13 08:52:52 SASL sent: OK	7	user=user7
2026/06/13 08:52:52 Authentication successful for user: user7
2026/06/13 08:52:52 SASL received: AUTH	8	PLAIN	service=smtp	resp=AHVzZXI4AHBhc3M4
2026/06/13 08:52:52 AUTH request: id=8, mechanism=PLAIN
2026/06/13 08:52:52 Service: smtp, Response present: true
2026/06/13 08:52:52 PLAIN authentication attempt for user: user8
2026/06/13 08:52:52 Authentication API returned success for user: user5
2026/06/13 08:52:52 SASL sent: OK	5	user=user5
2026/06/13 08:52:52 Authentication successful for user: user5
2026/06/13 08:52:52 Authentication API returned success for user: user8
2026/06/13 08:52:52 Authentication API returned success for user: user2
2026/06/13 08:52:52 SASL sent: OK	2	user=user2
2026/06/13 08:52:52 Authentication successful for user: user2
2026/06/13 08:52:52 SASL sent: OK	8	user=user8
2026/06/13 08:52:52 Authentication successful for user: user8
2026/06/13 08:52:52 Shutting down SASL server...
2026/06/13 08:52:52 All connections closed
2026/06/13 08:52:52 SASL server shutdown complete
--- PASS: TestConcurrentConnections (0.11s)
=== RUN   TestConnectionTimeout
2026/06/13 08:52:52 SASL OAUTHBEARER: config load skipped at init: open config/raven.yaml: no such file or directory
2026/06/13 08:52:52 Starting SASL server...
2026/06/13 08:52:52 SASL Scope: all
2026/06/13 08:52:52 SASL server listening on Unix socket: /tmp/sasl-4375853057012844555.sock
2026/06/13 08:52:52 Using authentication URL: http://127.0.0.1:32811
2026/06/13 08:52:52 Domain: example.com
2026/06/13 08:52:52 Skipping Unix socket listener (scope: all, only TCP connections are allowed)
2026/06/13 08:52:53 New unix connection from: @
2026/06/13 08:52:53 Shutting down SASL server...
2026/06/13 08:52:53 All connections closed
2026/06/13 08:52:53 SASL server shutdown complete
--- PASS: TestConnectionTimeout (0.20s)
=== RUN   TestAuthenticationAPIError
=== RUN   TestAuthenticationAPIError/Success200
2026/06/13 08:52:53 SASL OAUTHBEARER: config load skipped at init: open config/raven.yaml: no such file or directory
2026/06/13 08:52:53 Starting SASL server...
2026/06/13 08:52:53 SASL Scope: all
2026/06/13 08:52:53 SASL server listening on Unix socket: /tmp/sasl-4467715613183405263.sock
2026/06/13 08:52:53 Using authentication URL: http://127.0.0.1:35273
2026/06/13 08:52:53 Domain: example.com
2026/06/13 08:52:53 Skipping Unix socket listener (scope: all, only TCP connections are allowed)
2026/06/13 08:52:53 New unix connection from: @
2026/06/13 08:52:53 SASL received: AUTH	1	PLAIN	service=smtp	resp=AHRlc3R1c2VyAHRlc3RwYXNz
2026/06/13 08:52:53 AUTH request: id=1, mechanism=PLAIN
2026/06/13 08:52:53 Service: smtp, Response present: true
2026/06/13 08:52:53 PLAIN authentication attempt for user: testuser
2026/06/13 08:52:53 Authentication API returned success for user: testuser
2026/06/13 08:52:53 SASL sent: OK	1	user=testuser
2026/06/13 08:52:53 Authentication successful for user: testuser
2026/06/13 08:52:53 Shutting down SASL server...
2026/06/13 08:52:53 SASL server shutdown complete
2026/06/13 08:52:53 All connections closed
=== RUN   TestAuthenticationAPIError/Unauthorized401
2026/06/13 08:52:53 SASL OAUTHBEARER: config load skipped at init: open config/raven.yaml: no such file or directory
2026/06/13 08:52:53 Starting SASL server...
2026/06/13 08:52:53 SASL Scope: all
2026/06/13 08:52:53 SASL server listening on Unix socket: /tmp/sasl-4467715613183405263.sock
2026/06/13 08:52:53 Using authentication URL: http://127.0.0.1:37543
2026/06/13 08:52:53 Domain: example.com
2026/06/13 08:52:53 Skipping Unix socket listener (scope: all, only TCP connections are allowed)
2026/06/13 08:52:53 New unix connection from: @
2026/06/13 08:52:53 SASL received: AUTH	1	PLAIN	service=smtp	resp=AHRlc3R1c2VyAHRlc3RwYXNz
2026/06/13 08:52:53 AUTH request: id=1, mechanism=PLAIN
2026/06/13 08:52:53 Service: smtp, Response present: true
2026/06/13 08:52:53 PLAIN authentication attempt for user: testuser
2026/06/13 08:52:53 Authentication API returned status 401 for user: testuser
2026/06/13 08:52:53 SASL sent: FAIL	1	user=testuser	reason=Invalid credentials
2026/06/13 08:52:53 Authentication failed for user: testuser
2026/06/13 08:52:53 Shutting down SASL server...
2026/06/13 08:52:53 SASL server shutdown complete
2026/06/13 08:52:53 All connections closed
=== RUN   TestAuthenticationAPIError/Forbidden403
2026/06/13 08:52:53 SASL OAUTHBEARER: config load skipped at init: open config/raven.yaml: no such file or directory
2026/06/13 08:52:53 Starting SASL server...
2026/06/13 08:52:53 SASL Scope: all
2026/06/13 08:52:53 SASL server listening on Unix socket: /tmp/sasl-4467715613183405263.sock
2026/06/13 08:52:53 Using authentication URL: http://127.0.0.1:38125
2026/06/13 08:52:53 Domain: example.com
2026/06/13 08:52:53 Skipping Unix socket listener (scope: all, only TCP connections are allowed)
2026/06/13 08:52:53 New unix connection from: @
2026/06/13 08:52:53 SASL received: AUTH	1	PLAIN	service=smtp	resp=AHRlc3R1c2VyAHRlc3RwYXNz
2026/06/13 08:52:53 AUTH request: id=1, mechanism=PLAIN
2026/06/13 08:52:53 Service: smtp, Response present: true
2026/06/13 08:52:53 PLAIN authentication attempt for user: testuser
2026/06/13 08:52:53 Authentication API returned status 403 for user: testuser
2026/06/13 08:52:53 SASL sent: FAIL	1	user=testuser	reason=Invalid credentials
2026/06/13 08:52:53 Authentication failed for user: testuser
2026/06/13 08:52:53 Shutting down SASL server...
2026/06/13 08:52:53 SASL server shutdown complete
2026/06/13 08:52:53 All connections closed
=== RUN   TestAuthenticationAPIError/InternalError500
2026/06/13 08:52:53 SASL OAUTHBEARER: config load skipped at init: open config/raven.yaml: no such file or directory
2026/06/13 08:52:53 Starting SASL server...
2026/06/13 08:52:53 SASL Scope: all
2026/06/13 08:52:53 SASL server listening on Unix socket: /tmp/sasl-4467715613183405263.sock
2026/06/13 08:52:53 Using authentication URL: http://127.0.0.1:42411
2026/06/13 08:52:53 Domain: example.com
2026/06/13 08:52:53 Skipping Unix socket listener (scope: all, only TCP connections are allowed)
2026/06/13 08:52:53 New unix connection from: @
2026/06/13 08:52:53 SASL received: AUTH	1	PLAIN	service=smtp	resp=AHRlc3R1c2VyAHRlc3RwYXNz
2026/06/13 08:52:53 AUTH request: id=1, mechanism=PLAIN
2026/06/13 08:52:53 Service: smtp, Response present: true
2026/06/13 08:52:53 PLAIN authentication attempt for user: testuser
2026/06/13 08:52:53 Authentication API returned status 500 for user: testuser
2026/06/13 08:52:53 SASL sent: FAIL	1	user=testuser	reason=Invalid credentials
2026/06/13 08:52:53 Authentication failed for user: testuser
2026/06/13 08:52:53 Shutting down SASL server...
2026/06/13 08:52:53 SASL server shutdown complete
=== RUN   TestAuthenticationAPIError/BadGateway502
2026/06/13 08:52:53 All connections closed
2026/06/13 08:52:53 SASL OAUTHBEARER: config load skipped at init: open config/raven.yaml: no such file or directory
2026/06/13 08:52:53 Starting SASL server...
2026/06/13 08:52:53 SASL Scope: all
2026/06/13 08:52:53 SASL server listening on Unix socket: /tmp/sasl-4467715613183405263.sock
2026/06/13 08:52:53 Using authentication URL: http://127.0.0.1:41107
2026/06/13 08:52:53 Domain: example.com
2026/06/13 08:52:53 Skipping Unix socket listener (scope: all, only TCP connections are allowed)
2026/06/13 08:52:53 New unix connection from: @
2026/06/13 08:52:53 SASL received: AUTH	1	PLAIN	service=smtp	resp=AHRlc3R1c2VyAHRlc3RwYXNz
2026/06/13 08:52:53 AUTH request: id=1, mechanism=PLAIN
2026/06/13 08:52:53 Service: smtp, Response present: true
2026/06/13 08:52:53 PLAIN authentication attempt for user: testuser
2026/06/13 08:52:53 Authentication API returned status 502 for user: testuser
2026/06/13 08:52:53 SASL sent: FAIL	1	user=testuser	reason=Invalid credentials
2026/06/13 08:52:53 Authentication failed for user: testuser
2026/06/13 08:52:53 Shutting down SASL server...
2026/06/13 08:52:53 SASL server shutdown complete
--- PASS: TestAuthenticationAPIError (0.52s)
    --- PASS: TestAuthenticationAPIError/Success200 (0.10s)
    --- PASS: TestAuthenticationAPIError/Unauthorized401 (0.10s)
    --- PASS: TestAuthenticationAPIError/Forbidden403 (0.10s)
    --- PASS: TestAuthenticationAPIError/InternalError500 (0.10s)
    --- PASS: TestAuthenticationAPIError/BadGateway502 (0.11s)
=== RUN   TestMultipleCommandsInSession
2026/06/13 08:52:53 SASL OAUTHBEARER: config load skipped at init: open config/raven.yaml: no such file or directory
2026/06/13 08:52:53 Starting SASL server...
2026/06/13 08:52:53 SASL Scope: all
2026/06/13 08:52:53 SASL server listening on Unix socket: /tmp/sasl-3463196821208403829.sock
2026/06/13 08:52:53 Using authentication URL: http://127.0.0.1:35563
2026/06/13 08:52:53 Domain: example.com
2026/06/13 08:52:53 Skipping Unix socket listener (scope: all, only TCP connections are allowed)
2026/06/13 08:52:53 All connections closed
2026/06/13 08:52:53 New unix connection from: @
2026/06/13 08:52:53 SASL received: VERSION	1	2
2026/06/13 08:52:53 SASL sent: VERSION	1	2
2026/06/13 08:52:53 SASL received: CPID	12345
2026/06/13 08:52:53 SASL sent: MECH	PLAIN	plaintext
2026/06/13 08:52:53 SASL sent: MECH	LOGIN	plaintext
2026/06/13 08:52:53 SASL sent: MECH	OAUTHBEARER	plaintext
2026/06/13 08:52:53 SASL sent: MECH	XOAUTH2	plaintext
2026/06/13 08:52:53 SASL sent: DONE
2026/06/13 08:52:53 SASL received: AUTH	1	PLAIN	service=smtp	resp=AHRlc3R1c2VyAHRlc3RwYXNz
2026/06/13 08:52:53 AUTH request: id=1, mechanism=PLAIN
2026/06/13 08:52:53 Service: smtp, Response present: true
2026/06/13 08:52:53 PLAIN authentication attempt for user: testuser
2026/06/13 08:52:53 Authentication API returned success for user: testuser
2026/06/13 08:52:53 SASL sent: OK	1	user=testuser
2026/06/13 08:52:53 Authentication successful for user: testuser
2026/06/13 08:52:53 SASL received: AUTH	2	PLAIN	service=smtp	resp=AHRlc3R1c2VyAHRlc3RwYXNz
2026/06/13 08:52:53 AUTH request: id=2, mechanism=PLAIN
2026/06/13 08:52:53 Service: smtp, Response present: true
2026/06/13 08:52:53 PLAIN authentication attempt for user: testuser
2026/06/13 08:52:53 Authentication API returned success for user: testuser
2026/06/13 08:52:53 SASL sent: OK	2	user=testuser
2026/06/13 08:52:53 Authentication successful for user: testuser
2026/06/13 08:52:53 Shutting down SASL server...
2026/06/13 08:52:53 SASL server shutdown complete
--- PASS: TestMultipleCommandsInSession (0.11s)
=== RUN   TestTCPListener
2026/06/13 08:52:53 SASL OAUTHBEARER: config load skipped at init: open config/raven.yaml: no such file or directory
2026/06/13 08:52:53 Starting SASL server...
2026/06/13 08:52:53 SASL Scope: all
2026/06/13 08:52:53 SASL server listening on TCP: 127.0.0.1:0 (with keep-alive enabled)
2026/06/13 08:52:53 Using authentication URL: http://127.0.0.1:41861
2026/06/13 08:52:53 Domain: example.com
2026/06/13 08:52:53 Skipping TCP listener (scope: all, only Unix socket connections are allowed)
2026/06/13 08:52:53 All connections closed
2026/06/13 08:52:53 SASL OAUTHBEARER: config load skipped at init: open config/raven.yaml: no such file or directory
2026/06/13 08:52:53 Starting SASL server...
2026/06/13 08:52:53 SASL Scope: all
2026/06/13 08:52:53 SASL server listening on TCP: 127.0.0.1:12345 (with keep-alive enabled)
2026/06/13 08:52:53 Using authentication URL: http://127.0.0.1:41861
2026/06/13 08:52:53 Domain: example.com
2026/06/13 08:52:53 Skipping TCP listener (scope: all, only Unix socket connections are allowed)
2026/06/13 08:52:53 New tcp connection from: 127.0.0.1:41076
2026/06/13 08:52:53 SASL received: VERSION	1	2
2026/06/13 08:52:53 SASL sent: VERSION	1	2
2026/06/13 08:52:53 Shutting down SASL server...
2026/06/13 08:52:53 SASL server shutdown complete
2026/06/13 08:52:53 Shutting down SASL server...
2026/06/13 08:52:53 All connections closed
2026/06/13 08:52:53 All connections closed
2026/06/13 08:52:53 SASL server shutdown complete
--- PASS: TestTCPListener (0.20s)
=== RUN   TestTCPAuthentication
2026/06/13 08:52:53 SASL OAUTHBEARER: config load skipped at init: open config/raven.yaml: no such file or directory
2026/06/13 08:52:53 Starting SASL server...
2026/06/13 08:52:53 SASL Scope: all
2026/06/13 08:52:53 SASL server listening on TCP: 127.0.0.1:12346 (with keep-alive enabled)
2026/06/13 08:52:53 Using authentication URL: http://127.0.0.1:36157
2026/06/13 08:52:53 Domain: example.com
2026/06/13 08:52:53 Skipping TCP listener (scope: all, only Unix socket connections are allowed)
2026/06/13 08:52:54 New tcp connection from: 127.0.0.1:59182
2026/06/13 08:52:54 SASL received: AUTH	1	PLAIN	service=smtp	resp=AHRlc3R1c2VyAHRlc3RwYXNz
2026/06/13 08:52:54 AUTH request: id=1, mechanism=PLAIN
2026/06/13 08:52:54 Service: smtp, Response present: true
2026/06/13 08:52:54 PLAIN authentication attempt for user: testuser
2026/06/13 08:52:54 Authentication API returned success for user: testuser
2026/06/13 08:52:54 SASL sent: OK	1	user=testuser
2026/06/13 08:52:54 Authentication successful for user: testuser
2026/06/13 08:52:54 Shutting down SASL server...
2026/06/13 08:52:54 SASL server shutdown complete
--- PASS: TestTCPAuthentication (0.11s)
=== RUN   TestBothListeners
2026/06/13 08:52:54 SASL OAUTHBEARER: config load skipped at init: open config/raven.yaml: no such file or directory
2026/06/13 08:52:54 Starting SASL server...
2026/06/13 08:52:54 SASL Scope: all
2026/06/13 08:52:54 SASL server listening on Unix socket: /tmp/sasl-7026192315058329637.sock
2026/06/13 08:52:54 Using authentication URL: http://127.0.0.1:41055
2026/06/13 08:52:54 Domain: example.com
2026/06/13 08:52:54 Skipping Unix socket listener (scope: all, only TCP connections are allowed)
2026/06/13 08:52:54 SASL server listening on TCP: 127.0.0.1:12347 (with keep-alive enabled)
2026/06/13 08:52:54 Using authentication URL: http://127.0.0.1:41055
2026/06/13 08:52:54 Domain: example.com
2026/06/13 08:52:54 Skipping TCP listener (scope: all, only Unix socket connections are allowed)
2026/06/13 08:52:54 All connections closed
2026/06/13 08:52:54 New tcp connection from: 127.0.0.1:60044
2026/06/13 08:52:54 New unix connection from: @
2026/06/13 08:52:54 SASL received: AUTH	1	PLAIN	service=smtp	resp=AHRlc3R1c2VyAHRlc3RwYXNz
2026/06/13 08:52:54 AUTH request: id=1, mechanism=PLAIN
2026/06/13 08:52:54 Service: smtp, Response present: true
2026/06/13 08:52:54 PLAIN authentication attempt for user: testuser
2026/06/13 08:52:54 Authentication API returned success for user: testuser
2026/06/13 08:52:54 SASL received: AUTH	2	PLAIN	service=smtp	resp=AHRlc3R1c2VyAHRlc3RwYXNz
2026/06/13 08:52:54 AUTH request: id=2, mechanism=PLAIN
2026/06/13 08:52:54 Service: smtp, Response present: true
2026/06/13 08:52:54 PLAIN authentication attempt for user: testuser
2026/06/13 08:52:54 Authentication API returned success for user: testuser
2026/06/13 08:52:54 Shutting down SASL server...
2026/06/13 08:52:54 SASL sent: OK	2	user=testuser
2026/06/13 08:52:54 Authentication successful for user: testuser
2026/06/13 08:52:54 SASL sent: OK	1	user=testuser
2026/06/13 08:52:54 Authentication successful for user: testuser
2026/06/13 08:52:54 SASL server shutdown complete
2026/06/13 08:52:54 All connections closed
--- PASS: TestBothListeners (0.21s)
=== RUN   TestTCPConcurrentConnections
2026/06/13 08:52:54 SASL OAUTHBEARER: config load skipped at init: open config/raven.yaml: no such file or directory
2026/06/13 08:52:54 Starting SASL server...
2026/06/13 08:52:54 SASL Scope: all
2026/06/13 08:52:54 SASL server listening on TCP: 127.0.0.1:12348 (with keep-alive enabled)
2026/06/13 08:52:54 Using authentication URL: http://127.0.0.1:36627
2026/06/13 08:52:54 Domain: example.com
2026/06/13 08:52:54 Skipping TCP listener (scope: all, only Unix socket connections are allowed)
2026/06/13 08:52:54 New tcp connection from: 127.0.0.1:60950
2026/06/13 08:52:54 New tcp connection from: 127.0.0.1:60958
2026/06/13 08:52:54 New tcp connection from: 127.0.0.1:60968
2026/06/13 08:52:54 New tcp connection from: 127.0.0.1:60972
2026/06/13 08:52:54 New tcp connection from: 127.0.0.1:60978
2026/06/13 08:52:54 New tcp connection from: 127.0.0.1:60992
2026/06/13 08:52:54 SASL received: AUTH	9	PLAIN	service=smtp	resp=AHVzZXI5AHBhc3M5
2026/06/13 08:52:54 AUTH request: id=9, mechanism=PLAIN
2026/06/13 08:52:54 Service: smtp, Response present: true
2026/06/13 08:52:54 PLAIN authentication attempt for user: user9
2026/06/13 08:52:54 SASL received: AUTH	0	PLAIN	service=smtp	resp=AHVzZXIwAHBhc3Mw
2026/06/13 08:52:54 AUTH request: id=0, mechanism=PLAIN
2026/06/13 08:52:54 Service: smtp, Response present: true
2026/06/13 08:52:54 PLAIN authentication attempt for user: user0
2026/06/13 08:52:54 SASL received: AUTH	3	PLAIN	service=smtp	resp=AHVzZXIzAHBhc3Mz
2026/06/13 08:52:54 AUTH request: id=3, mechanism=PLAIN
2026/06/13 08:52:54 Service: smtp, Response present: true
2026/06/13 08:52:54 PLAIN authentication attempt for user: user3
2026/06/13 08:52:54 SASL received: AUTH	2	PLAIN	service=smtp	resp=AHVzZXIyAHBhc3My
2026/06/13 08:52:54 AUTH request: id=2, mechanism=PLAIN
2026/06/13 08:52:54 Service: smtp, Response present: true
2026/06/13 08:52:54 PLAIN authentication attempt for user: user2
2026/06/13 08:52:54 SASL received: AUTH	1	PLAIN	service=smtp	resp=AHVzZXIxAHBhc3Mx
2026/06/13 08:52:54 AUTH request: id=1, mechanism=PLAIN
2026/06/13 08:52:54 Service: smtp, Response present: true
2026/06/13 08:52:54 PLAIN authentication attempt for user: user1
2026/06/13 08:52:54 Authentication API returned success for user: user2
2026/06/13 08:52:54 SASL sent: OK	2	user=user2
2026/06/13 08:52:54 Authentication successful for user: user2
2026/06/13 08:52:54 Authentication API returned success for user: user3
2026/06/13 08:52:54 SASL sent: OK	3	user=user3
2026/06/13 08:52:54 Authentication successful for user: user3
2026/06/13 08:52:54 New tcp connection from: 127.0.0.1:60996
2026/06/13 08:52:54 New tcp connection from: 127.0.0.1:32780
2026/06/13 08:52:54 New tcp connection from: 127.0.0.1:32790
2026/06/13 08:52:54 SASL received: AUTH	7	PLAIN	service=smtp	resp=AHVzZXI3AHBhc3M3
2026/06/13 08:52:54 AUTH request: id=7, mechanism=PLAIN
2026/06/13 08:52:54 Service: smtp, Response present: true
2026/06/13 08:52:54 PLAIN authentication attempt for user: user7
2026/06/13 08:52:54 Authentication API returned success for user: user7
2026/06/13 08:52:54 SASL sent: OK	7	user=user7
2026/06/13 08:52:54 Authentication successful for user: user7
2026/06/13 08:52:54 Authentication API returned success for user: user9
2026/06/13 08:52:54 SASL sent: OK	9	user=user9
2026/06/13 08:52:54 Authentication successful for user: user9
2026/06/13 08:52:54 SASL received: AUTH	6	PLAIN	service=smtp	resp=AHVzZXI2AHBhc3M2
2026/06/13 08:52:54 AUTH request: id=6, mechanism=PLAIN
2026/06/13 08:52:54 Service: smtp, Response present: true
2026/06/13 08:52:54 PLAIN authentication attempt for user: user6
2026/06/13 08:52:54 Authentication API returned success for user: user6
2026/06/13 08:52:54 SASL sent: OK	6	user=user6
2026/06/13 08:52:54 Authentication successful for user: user6
2026/06/13 08:52:54 Authentication API returned success for user: user0
2026/06/13 08:52:54 SASL sent: OK	0	user=user0
2026/06/13 08:52:54 Authentication successful for user: user0
2026/06/13 08:52:54 SASL received: AUTH	5	PLAIN	service=smtp	resp=AHVzZXI1AHBhc3M1
2026/06/13 08:52:54 AUTH request: id=5, mechanism=PLAIN
2026/06/13 08:52:54 Service: smtp, Response present: true
2026/06/13 08:52:54 PLAIN authentication attempt for user: user5
2026/06/13 08:52:54 New tcp connection from: 127.0.0.1:32806
2026/06/13 08:52:54 Authentication API returned success for user: user5
2026/06/13 08:52:54 SASL sent: OK	5	user=user5
2026/06/13 08:52:54 Authentication successful for user: user5
2026/06/13 08:52:54 Authentication API returned success for user: user1
2026/06/13 08:52:54 SASL sent: OK	1	user=user1
2026/06/13 08:52:54 Authentication successful for user: user1
2026/06/13 08:52:54 SASL received: AUTH	4	PLAIN	service=smtp	resp=AHVzZXI0AHBhc3M0
2026/06/13 08:52:54 AUTH request: id=4, mechanism=PLAIN
2026/06/13 08:52:54 Service: smtp, Response present: true
2026/06/13 08:52:54 PLAIN authentication attempt for user: user4
2026/06/13 08:52:54 Authentication API returned success for user: user4
2026/06/13 08:52:54 SASL sent: OK	4	user=user4
2026/06/13 08:52:54 Authentication successful for user: user4
2026/06/13 08:52:54 SASL received: AUTH	8	PLAIN	service=smtp	resp=AHVzZXI4AHBhc3M4
2026/06/13 08:52:54 AUTH request: id=8, mechanism=PLAIN
2026/06/13 08:52:54 Service: smtp, Response present: true
2026/06/13 08:52:54 PLAIN authentication attempt for user: user8
2026/06/13 08:52:54 Authentication API returned success for user: user8
2026/06/13 08:52:54 SASL sent: OK	8	user=user8
2026/06/13 08:52:54 Authentication successful for user: user8
2026/06/13 08:52:54 Shutting down SASL server...
2026/06/13 08:52:54 All connections closed
2026/06/13 08:52:54 SASL server shutdown complete
--- PASS: TestTCPConcurrentConnections (0.12s)
=== RUN   TestServerWithSASLScope
=== RUN   TestServerWithSASLScope/Server_with_tcp_only_scope
2026/06/13 08:52:54 SASL OAUTHBEARER: config load skipped at init: open config/raven.yaml: no such file or directory
=== RUN   TestServerWithSASLScope/Server_with_unix_socket_only_scope
2026/06/13 08:52:54 SASL OAUTHBEARER: config load skipped at init: open config/raven.yaml: no such file or directory
=== RUN   TestServerWithSASLScope/Server_with_all_scope
2026/06/13 08:52:54 SASL OAUTHBEARER: config load skipped at init: open config/raven.yaml: no such file or directory
--- PASS: TestServerWithSASLScope (0.00s)
    --- PASS: TestServerWithSASLScope/Server_with_tcp_only_scope (0.00s)
    --- PASS: TestServerWithSASLScope/Server_with_unix_socket_only_scope (0.00s)
    --- PASS: TestServerWithSASLScope/Server_with_all_scope (0.00s)
=== RUN   TestConnectionTypeConstants
--- PASS: TestConnectionTypeConstants (0.00s)
=== RUN   TestSASLScopeConfiguration
=== RUN   TestSASLScopeConfiguration/TCPOnly
2026/06/13 08:52:54 SASL OAUTHBEARER: config load skipped at init: open config/raven.yaml: no such file or directory
2026/06/13 08:52:54 Starting SASL server...
2026/06/13 08:52:54 SASL Scope: tcp_only
2026/06/13 08:52:54 SASL server listening on TCP: 127.0.0.1:0 (with keep-alive enabled)
2026/06/13 08:52:54 Using authentication URL: http://127.0.0.1:42697
2026/06/13 08:52:54 Domain: example.com
2026/06/13 08:52:54 Skipping TCP listener (scope: tcp_only, only Unix socket connections are allowed)
2026/06/13 08:52:54 Shutting down SASL server...
2026/06/13 08:52:54 All connections closed
2026/06/13 08:52:54 SASL server shutdown complete
=== RUN   TestSASLScopeConfiguration/UnixSocketOnly
2026/06/13 08:52:54 SASL OAUTHBEARER: config load skipped at init: open config/raven.yaml: no such file or directory
2026/06/13 08:52:54 Starting SASL server...
2026/06/13 08:52:54 SASL Scope: unix_socket_only
2026/06/13 08:52:54 SASL server listening on Unix socket: /tmp/sasl-7582077754392126195.sock
2026/06/13 08:52:54 Using authentication URL: http://127.0.0.1:42697
2026/06/13 08:52:54 Domain: example.com
2026/06/13 08:52:54 Skipping Unix socket listener (scope: unix_socket_only, only TCP connections are allowed)
2026/06/13 08:52:54 Shutting down SASL server...
2026/06/13 08:52:54 All connections closed
2026/06/13 08:52:54 SASL server shutdown complete
=== RUN   TestSASLScopeConfiguration/All
2026/06/13 08:52:54 SASL OAUTHBEARER: config load skipped at init: open config/raven.yaml: no such file or directory
2026/06/13 08:52:54 Starting SASL server...
2026/06/13 08:52:54 SASL Scope: all
2026/06/13 08:52:54 SASL server listening on Unix socket: /tmp/sasl-7582077754392126195.sock
2026/06/13 08:52:54 Using authentication URL: http://127.0.0.1:42697
2026/06/13 08:52:54 Domain: example.com
2026/06/13 08:52:54 Skipping Unix socket listener (scope: all, only TCP connections are allowed)
2026/06/13 08:52:54 SASL server listening on TCP: 127.0.0.1:0 (with keep-alive enabled)
2026/06/13 08:52:54 Using authentication URL: http://127.0.0.1:42697
2026/06/13 08:52:54 Domain: example.com
2026/06/13 08:52:54 Skipping TCP listener (scope: all, only Unix socket connections are allowed)
2026/06/13 08:52:54 Shutting down SASL server...
2026/06/13 08:52:54 All connections closed
2026/06/13 08:52:54 SASL server shutdown complete
--- PASS: TestSASLScopeConfiguration (0.30s)
    --- PASS: TestSASLScopeConfiguration/TCPOnly (0.10s)
    --- PASS: TestSASLScopeConfiguration/UnixSocketOnly (0.10s)
    --- PASS: TestSASLScopeConfiguration/All (0.10s)
=== RUN   TestLoginMechanismWithInitialResponse
2026/06/13 08:52:54 SASL OAUTHBEARER: config load skipped at init: open config/raven.yaml: no such file or directory
2026/06/13 08:52:54 Starting SASL server...
2026/06/13 08:52:54 SASL Scope: all
2026/06/13 08:52:54 SASL server listening on Unix socket: /tmp/sasl-2450728111751540208.sock
2026/06/13 08:52:54 Using authentication URL: http://127.0.0.1:42543
2026/06/13 08:52:54 Domain: example.com
2026/06/13 08:52:54 Skipping Unix socket listener (scope: all, only TCP connections are allowed)
2026/06/13 08:52:54 New unix connection from: @
2026/06/13 08:52:54 SASL received: AUTH	1	LOGIN	service=smtp	resp=dGVzdHVzZXI=
2026/06/13 08:52:54 AUTH request: id=1, mechanism=LOGIN
2026/06/13 08:52:54 Service: smtp, Response present: true
2026/06/13 08:52:54 SASL sent: CONT	1	Password:
2026/06/13 08:52:54 SASL received: CONT	1	dGVzdHBhc3M=
2026/06/13 08:52:54 LOGIN authentication attempt for user: testuser
2026/06/13 08:52:54 Authentication API returned success for user: testuser
2026/06/13 08:52:54 Shutting down SASL server...
2026/06/13 08:52:54 SASL sent: OK	1	user=testuser
2026/06/13 08:52:54 Authentication successful for user: testuser
2026/06/13 08:52:54 SASL server shutdown complete
2026/06/13 08:52:54 All connections closed
--- PASS: TestLoginMechanismWithInitialResponse (0.10s)
=== RUN   TestDoSProtection
2026/06/13 08:52:54 SASL OAUTHBEARER: config load skipped at init: open config/raven.yaml: no such file or directory
2026/06/13 08:52:54 Starting SASL server...
2026/06/13 08:52:54 SASL Scope: all
2026/06/13 08:52:54 SASL server listening on Unix socket: /tmp/sasl-2927906231334878759.sock
2026/06/13 08:52:54 Using authentication URL: http://127.0.0.1:37473
2026/06/13 08:52:54 Domain: example.com
2026/06/13 08:52:54 Skipping Unix socket listener (scope: all, only TCP connections are allowed)
2026/06/13 08:52:54 New unix connection from: @
2026/06/13 08:52:54 SASL received: AUTH	1	LOGIN	service=smtp
2026/06/13 08:52:54 AUTH request: id=1, mechanism=LOGIN
2026/06/13 08:52:54 Service: smtp, Response present: false
2026/06/13 08:52:54 SASL sent: CONT	1	Username:
2026/06/13 08:52:54 SASL received: AUTH	2	LOGIN	service=smtp
2026/06/13 08:52:54 AUTH request: id=2, mechanism=LOGIN
2026/06/13 08:52:54 Service: smtp, Response present: false
2026/06/13 08:52:54 SASL sent: CONT	2	Username:
2026/06/13 08:52:54 SASL received: AUTH	3	LOGIN	service=smtp
2026/06/13 08:52:54 AUTH request: id=3, mechanism=LOGIN
2026/06/13 08:52:54 Service: smtp, Response present: false
2026/06/13 08:52:54 SASL sent: CONT	3	Username:
2026/06/13 08:52:54 SASL received: AUTH	4	LOGIN	service=smtp
2026/06/13 08:52:54 AUTH request: id=4, mechanism=LOGIN
2026/06/13 08:52:54 Service: smtp, Response present: false
2026/06/13 08:52:54 SASL sent: CONT	4	Username:
2026/06/13 08:52:54 SASL received: AUTH	5	LOGIN	service=smtp
2026/06/13 08:52:54 AUTH request: id=5, mechanism=LOGIN
2026/06/13 08:52:54 Service: smtp, Response present: false
2026/06/13 08:52:54 SASL sent: CONT	5	Username:
2026/06/13 08:52:54 SASL received: AUTH	6	LOGIN	service=smtp
2026/06/13 08:52:54 AUTH request: id=6, mechanism=LOGIN
2026/06/13 08:52:54 Service: smtp, Response present: false
2026/06/13 08:52:54 SASL sent: CONT	6	Username:
2026/06/13 08:52:54 SASL received: AUTH	7	LOGIN	service=smtp
2026/06/13 08:52:54 AUTH request: id=7, mechanism=LOGIN
2026/06/13 08:52:54 Service: smtp, Response present: false
2026/06/13 08:52:54 SASL sent: CONT	7	Username:
2026/06/13 08:52:54 SASL received: AUTH	8	LOGIN	service=smtp
2026/06/13 08:52:54 AUTH request: id=8, mechanism=LOGIN
2026/06/13 08:52:54 Service: smtp, Response present: false
2026/06/13 08:52:54 SASL sent: CONT	8	Username:
2026/06/13 08:52:54 SASL received: AUTH	9	LOGIN	service=smtp
2026/06/13 08:52:54 AUTH request: id=9, mechanism=LOGIN
2026/06/13 08:52:54 Service: smtp, Response present: false
2026/06/13 08:52:54 SASL sent: CONT	9	Username:
2026/06/13 08:52:54 SASL received: AUTH	10	LOGIN	service=smtp
2026/06/13 08:52:54 AUTH request: id=10, mechanism=LOGIN
2026/06/13 08:52:54 Service: smtp, Response present: false
2026/06/13 08:52:54 SASL sent: CONT	10	Username:
2026/06/13 08:52:54 SASL received: AUTH	11	PLAIN	service=smtp
2026/06/13 08:52:54 AUTH request: id=11, mechanism=PLAIN
2026/06/13 08:52:54 Service: smtp, Response present: false
2026/06/13 08:52:54 SASL sent: FAIL	11	reason=Too many authentication attempts
2026/06/13 08:52:54 SASL received: AUTH	12	LOGIN	service=smtp	resp=dGVzdHVzZXI=
2026/06/13 08:52:54 AUTH request: id=12, mechanism=LOGIN
2026/06/13 08:52:54 Service: smtp, Response present: true
2026/06/13 08:52:54 SASL sent: FAIL	12	reason=Too many authentication attempts
2026/06/13 08:52:54 Shutting down SASL server...
2026/06/13 08:52:54 SASL server shutdown complete
--- PASS: TestDoSProtection (0.10s)
PASS
ok  	raven/internal/sasl	(cached)
=== RUN   TestCapabilityCommand_NonTLSConnection
2026/06/13 08:52:51 IMAP OAUTHBEARER: config load skipped at init: open config/raven.yaml: no such file or directory
Server: * CAPABILITY IMAP4rev1 STARTTLS LOGINDISABLED UIDPLUS IDLE NAMESPACE UNSELECT LITERAL+
Server: A001 OK CAPABILITY completed
--- PASS: TestCapabilityCommand_NonTLSConnection (0.43s)
=== RUN   TestCapabilityCommand_TLSConnection
2026/06/13 08:52:52 IMAP OAUTHBEARER: config load skipped at init: open config/raven.yaml: no such file or directory
Server: * CAPABILITY IMAP4rev1 AUTH=PLAIN LOGIN UIDPLUS IDLE NAMESPACE UNSELECT LITERAL+
Server: B002 OK CAPABILITY completed
--- PASS: TestCapabilityCommand_TLSConnection (0.37s)
=== RUN   TestCapabilityCommand_ResponseFormat
2026/06/13 08:52:52 IMAP OAUTHBEARER: config load skipped at init: open config/raven.yaml: no such file or directory
Server: * CAPABILITY IMAP4rev1 STARTTLS LOGINDISABLED UIDPLUS IDLE NAMESPACE UNSELECT LITERAL+
Server: C003 OK CAPABILITY completed
--- PASS: TestCapabilityCommand_ResponseFormat (0.07s)
=== RUN   TestCapabilityCommand_MultipleInvocations
2026/06/13 08:52:52 IMAP OAUTHBEARER: config load skipped at init: open config/raven.yaml: no such file or directory
Server: * CAPABILITY IMAP4rev1 STARTTLS LOGINDISABLED UIDPLUS IDLE NAMESPACE UNSELECT LITERAL+
Server: D001 OK CAPABILITY completed
Server: * CAPABILITY IMAP4rev1 STARTTLS LOGINDISABLED UIDPLUS IDLE NAMESPACE UNSELECT LITERAL+
Server: D002 OK CAPABILITY completed
--- PASS: TestCapabilityCommand_MultipleInvocations (0.47s)
=== RUN   TestCapabilityCommand_AuthenticationStateDoesNotAffectCapabilities
2026/06/13 08:52:53 IMAP OAUTHBEARER: config load skipped at init: open config/raven.yaml: no such file or directory
Server: * CAPABILITY IMAP4rev1 STARTTLS LOGINDISABLED UIDPLUS IDLE NAMESPACE UNSELECT LITERAL+
Server: E001 OK CAPABILITY completed
Server: * CAPABILITY IMAP4rev1 STARTTLS LOGINDISABLED UIDPLUS IDLE NAMESPACE UNSELECT LITERAL+
Server: E002 OK CAPABILITY completed
--- PASS: TestCapabilityCommand_AuthenticationStateDoesNotAffectCapabilities (0.20s)
=== RUN   TestCapabilityCommand_ConcurrentAccess
2026/06/13 08:52:53 IMAP OAUTHBEARER: config load skipped at init: open config/raven.yaml: no such file or directory
Server: * CAPABILITY IMAP4rev1 STARTTLS LOGINDISABLED UIDPLUS IDLE NAMESPACE UNSELECT LITERAL+
Server: CONCURRENT OK CAPABILITY completed
Server: * CAPABILITY IMAP4rev1 STARTTLS LOGINDISABLED UIDPLUS IDLE NAMESPACE UNSELECT LITERAL+
Server: * CAPABILITY IMAP4rev1 STARTTLS LOGINDISABLED UIDPLUS IDLE NAMESPACE UNSELECT LITERAL+
Server: CONCURRENT OK CAPABILITY completed
Server: CONCURRENT OK CAPABILITY completed
Server: * CAPABILITY IMAP4rev1 STARTTLS LOGINDISABLED UIDPLUS IDLE NAMESPACE UNSELECT LITERAL+
Server: CONCURRENT OK CAPABILITY completed
Server: * CAPABILITY IMAP4rev1 STARTTLS LOGINDISABLED UIDPLUS IDLE NAMESPACE UNSELECT LITERAL+
Server: CONCURRENT OK CAPABILITY completed
Server: * CAPABILITY IMAP4rev1 STARTTLS LOGINDISABLED UIDPLUS IDLE NAMESPACE UNSELECT LITERAL+
Server: CONCURRENT OK CAPABILITY completed
Server: * CAPABILITY IMAP4rev1 STARTTLS LOGINDISABLED UIDPLUS IDLE NAMESPACE UNSELECT LITERAL+
Server: CONCURRENT OK CAPABILITY completed
Server: * CAPABILITY IMAP4rev1 STARTTLS LOGINDISABLED UIDPLUS IDLE NAMESPACE UNSELECT LITERAL+
Server: CONCURRENT OK CAPABILITY completed
Server: * CAPABILITY IMAP4rev1 STARTTLS LOGINDISABLED UIDPLUS IDLE NAMESPACE UNSELECT LITERAL+
Server: CONCURRENT OK CAPABILITY completed
Server: * CAPABILITY IMAP4rev1 STARTTLS LOGINDISABLED UIDPLUS IDLE NAMESPACE UNSELECT LITERAL+
Server: CONCURRENT OK CAPABILITY completed
--- PASS: TestCapabilityCommand_ConcurrentAccess (0.20s)
PASS
ok  	raven/internal/server	(cached)
=== RUN   TestResolveMailboxEmailPriority
=== RUN   TestResolveMailboxEmailPriority/login_email_wins
=== RUN   TestResolveMailboxEmailPriority/auth_id_email_used
=== RUN   TestResolveMailboxEmailPriority/derived_domain_fallback
=== RUN   TestResolveMailboxEmailPriority/empty_when_nothing_resolvable
--- PASS: TestResolveMailboxEmailPriority (0.00s)
    --- PASS: TestResolveMailboxEmailPriority/login_email_wins (0.00s)
    --- PASS: TestResolveMailboxEmailPriority/auth_id_email_used (0.00s)
    --- PASS: TestResolveMailboxEmailPriority/derived_domain_fallback (0.00s)
    --- PASS: TestResolveMailboxEmailPriority/empty_when_nothing_resolvable (0.00s)
=== RUN   TestNormalizeEmail
--- PASS: TestNormalizeEmail (0.00s)
=== RUN   TestExtractBaseURL
--- PASS: TestExtractBaseURL (0.00s)
=== RUN   TestStartAuthenticationFlowExecuteBehavior
=== RUN   TestStartAuthenticationFlowExecuteBehavior/execute_returns_action_ref
=== RUN   TestStartAuthenticationFlowExecuteBehavior/returns_empty_when_execute_fails
2026/06/13 08:52:55 LOGIN: flow bootstrap failed on /flow/execute: status=404 body=
--- PASS: TestStartAuthenticationFlowExecuteBehavior (0.02s)
    --- PASS: TestStartAuthenticationFlowExecuteBehavior/execute_returns_action_ref (0.01s)
    --- PASS: TestStartAuthenticationFlowExecuteBehavior/returns_empty_when_execute_fails (0.01s)
=== RUN   TestResolveOrganizationUnitDomainAndCycle
=== RUN   TestResolveOrganizationUnitDomainAndCycle/hierarchy_builds_subdomain
=== RUN   TestResolveOrganizationUnitDomainAndCycle/cycle_detected
--- PASS: TestResolveOrganizationUnitDomainAndCycle (0.02s)
    --- PASS: TestResolveOrganizationUnitDomainAndCycle/hierarchy_builds_subdomain (0.02s)
    --- PASS: TestResolveOrganizationUnitDomainAndCycle/cycle_detected (0.01s)
=== RUN   TestBuildAuthHTTPClient
--- PASS: TestBuildAuthHTTPClient (0.00s)
=== RUN   TestGetEnvOrDefault
--- PASS: TestGetEnvOrDefault (0.00s)
=== RUN   TestPostJSONAndGetJSON_ErrorAndSuccess
--- PASS: TestPostJSONAndGetJSON_ErrorAndSuccess (0.03s)
=== RUN   TestResolveDomainFromOrganizationUnit_AdditionalBranches
2026/06/13 08:52:55 LOGIN: failed to parse auth server URL for OU domain resolution: invalid auth server URL: not a url
2026/06/13 08:52:55 LOGIN: resolving OU domain for org unit ou-child using bearer assertion
2026/06/13 08:52:55 LOGIN: requesting system assertion for OU resolution using configured system identity
2026/06/13 08:52:55 Using Application ID from THUNDER_DEVELOP_APP_ID environment variable
2026/06/13 08:52:55 LOGIN: flow execute failed for user admin: status=401 body=unauthorized
2026/06/13 08:52:55 LOGIN: failed to obtain system assertion using configured IDP system credentials
2026/06/13 08:52:55 LOGIN: system assertion unavailable, attempting OU resolution with user assertion
2026/06/13 08:52:55 Using Application ID from THUNDER_DEVELOP_APP_ID environment variable
2026/06/13 08:52:55 LOGIN: resolved OU domain for ou-child as silver.example.com
--- PASS: TestResolveDomainFromOrganizationUnit_AdditionalBranches (0.04s)
=== RUN   TestHandleSSLConnection_LoadCertFailureClosesConn
2026/06/13 08:52:55 Failed to load TLS cert/key: open /certs/fullchain.pem: no such file or directory
--- PASS: TestHandleSSLConnection_LoadCertFailureClosesConn (0.00s)
=== RUN   TestFetchAssertionBranches
=== RUN   TestFetchAssertionBranches/returns_empty_when_app_id_unavailable
2026/06/13 08:52:55 Application ID not set in environment variables, attempting to extract from thunder-setup container logs...
2026/06/13 08:52:55 Extracting Application ID from thunder-setup container logs...
2026/06/13 08:52:56 ⚠ Warning: docker logs command failed: exit status 1
2026/06/13 08:52:56 This might be due to:
2026/06/13 08:52:56   - thunder-setup container doesn't exist
2026/06/13 08:52:56   - No permission to access Docker
2026/06/13 08:52:56   - Running inside a container without Docker socket
2026/06/13 08:52:56 LOGIN: failed to get application ID: failed to get Application ID: docker logs failed: exit status 1
=== RUN   TestFetchAssertionBranches/returns_empty_when_flow_bootstrap_fails
2026/06/13 08:52:56 Using Application ID from THUNDER_DEVELOP_APP_ID environment variable
2026/06/13 08:52:56 LOGIN: flow bootstrap failed on /flow/execute: status=404 body=
2026/06/13 08:52:56 LOGIN: unable to start flow (no flow id returned)
=== RUN   TestFetchAssertionBranches/returns_trimmed_assertion
2026/06/13 08:52:56 Using Application ID from THUNDER_DEVELOP_APP_ID environment variable
--- PASS: TestFetchAssertionBranches (1.20s)
    --- PASS: TestFetchAssertionBranches/returns_empty_when_app_id_unavailable (1.15s)
    --- PASS: TestFetchAssertionBranches/returns_empty_when_flow_bootstrap_fails (0.01s)
    --- PASS: TestFetchAssertionBranches/returns_trimmed_assertion (0.03s)
=== RUN   TestAuthenticatePlain_SuccessfulAuthWithServer
2026/06/13 08:52:56 IMAP OAUTHBEARER: validator init skipped at startup: oauth_jwks_url is required for OAUTHBEARER
Server: +
Server: A001 NO Authentication failed
Server: +
2026/06/13 08:52:56 AUTHENTICATE PLAIN: received 40 bytes of auth data
2026/06/13 08:52:56 AUTHENTICATE PLAIN: decoded 30 bytes
2026/06/13 08:52:56 AUTHENTICATE PLAIN: split into 3 parts
2026/06/13 08:52:56 AUTHENTICATE PLAIN: extracted username=testuser@example.com (password length=8)
2026/06/13 08:52:56 Accepting login for user: testuser@example.com (type=test-user)
Server: A001 OK [CAPABILITY IMAP4rev1 AUTH=PLAIN LOGIN UIDPLUS IDLE NAMESPACE UNSELECT LITERAL+] Authenticated
    authenticate_integration_test.go:79: Auth response: +
        A001 OK [CAPABILITY IMAP4rev1 AUTH=PLAIN LOGIN UIDPLUS IDLE NAMESPACE UNSELECT LITERAL+] Authenticated
--- PASS: TestAuthenticatePlain_SuccessfulAuthWithServer (0.26s)
=== RUN   TestAuthenticatePlain_AuthServerUnavailable
2026/06/13 08:52:56 IMAP OAUTHBEARER: validator init skipped at startup: oauth_jwks_url is required for OAUTHBEARER
Server: +
Server: A001 NO Authentication failed
Server: +
2026/06/13 08:52:57 AUTHENTICATE PLAIN: received 24 bytes of auth data
2026/06/13 08:52:57 AUTHENTICATE PLAIN: decoded 18 bytes
2026/06/13 08:52:57 AUTHENTICATE PLAIN: split into 3 parts
2026/06/13 08:52:57 AUTHENTICATE PLAIN: extracted username=testuser (password length=8)
2026/06/13 08:52:57 LOGIN: rejected non-email login identity: "testuser"
Server: A001 NO [AUTHENTICATIONFAILED] Authentication failed
    authenticate_integration_test.go:138: Response with unavailable auth server: +
        A001 NO [AUTHENTICATIONFAILED] Authentication failed
--- PASS: TestAuthenticatePlain_AuthServerUnavailable (0.08s)
=== RUN   TestAuthenticatePlain_InvalidCredentialsFormat
=== RUN   TestAuthenticatePlain_InvalidCredentialsFormat/SinglePart
2026/06/13 08:52:57 IMAP OAUTHBEARER: config load skipped at init: open config/raven.yaml: no such file or directory
Server: +
Server: A001 NO Authentication failed
Server: +
2026/06/13 08:52:57 AUTHENTICATE PLAIN: received 20 bytes of auth data
2026/06/13 08:52:57 AUTHENTICATE PLAIN: decoded 13 bytes
2026/06/13 08:52:57 AUTHENTICATE PLAIN: split into 1 parts
2026/06/13 08:52:57 AUTHENTICATE PLAIN: invalid format, expected 2-3 parts, got 1
Server: A001 NO [AUTHENTICATIONFAILED] Invalid credentials format
    authenticate_integration_test.go:194: Auth string with no NUL separators - Response: +
        A001 NO [AUTHENTICATIONFAILED] Invalid credentials format
    authenticate_integration_test.go:198: Correctly rejected invalid credentials
=== RUN   TestAuthenticatePlain_InvalidCredentialsFormat/EmptyUsername
2026/06/13 08:52:57 IMAP OAUTHBEARER: config load skipped at init: open config/raven.yaml: no such file or directory
Server: +
Server: A001 NO Authentication failed
Server: +
2026/06/13 08:52:57 AUTHENTICATE PLAIN: received 16 bytes of auth data
2026/06/13 08:52:57 AUTHENTICATE PLAIN: decoded 10 bytes
2026/06/13 08:52:57 AUTHENTICATE PLAIN: split into 3 parts
2026/06/13 08:52:57 AUTHENTICATE PLAIN: extracted username= (password length=8)
2026/06/13 08:52:57 AUTHENTICATE PLAIN: empty username or password
Server: A001 NO [AUTHENTICATIONFAILED] Invalid credentials
    authenticate_integration_test.go:194: Auth string with empty username - Response: +
        A001 NO [AUTHENTICATIONFAILED] Invalid credentials
    authenticate_integration_test.go:198: Correctly rejected invalid credentials
=== RUN   TestAuthenticatePlain_InvalidCredentialsFormat/EmptyPassword
2026/06/13 08:52:57 IMAP OAUTHBEARER: config load skipped at init: open config/raven.yaml: no such file or directory
Server: +
Server: A001 NO Authentication failed
Server: +
2026/06/13 08:52:57 AUTHENTICATE PLAIN: received 16 bytes of auth data
2026/06/13 08:52:57 AUTHENTICATE PLAIN: decoded 10 bytes
2026/06/13 08:52:57 AUTHENTICATE PLAIN: split into 3 parts
2026/06/13 08:52:57 AUTHENTICATE PLAIN: extracted username=username (password length=0)
2026/06/13 08:52:57 AUTHENTICATE PLAIN: empty username or password
Server: A001 NO [AUTHENTICATIONFAILED] Invalid credentials
    authenticate_integration_test.go:194: Auth string with empty password - Response: +
        A001 NO [AUTHENTICATIONFAILED] Invalid credentials
    authenticate_integration_test.go:198: Correctly rejected invalid credentials
=== RUN   TestAuthenticatePlain_InvalidCredentialsFormat/BothEmpty
2026/06/13 08:52:57 IMAP OAUTHBEARER: config load skipped at init: open config/raven.yaml: no such file or directory
Server: +
Server: A001 NO Authentication failed
Server: +
2026/06/13 08:52:57 AUTHENTICATE PLAIN: received 4 bytes of auth data
2026/06/13 08:52:57 AUTHENTICATE PLAIN: decoded 2 bytes
2026/06/13 08:52:57 AUTHENTICATE PLAIN: split into 3 parts
2026/06/13 08:52:57 AUTHENTICATE PLAIN: extracted username= (password length=0)
2026/06/13 08:52:57 AUTHENTICATE PLAIN: empty username or password
Server: A001 NO [AUTHENTICATIONFAILED] Invalid credentials
    authenticate_integration_test.go:194: Auth string with empty username and password - Response: +
        A001 NO [AUTHENTICATIONFAILED] Invalid credentials
    authenticate_integration_test.go:198: Correctly rejected invalid credentials
--- PASS: TestAuthenticatePlain_InvalidCredentialsFormat (0.41s)
    --- PASS: TestAuthenticatePlain_InvalidCredentialsFormat/SinglePart (0.06s)
    --- PASS: TestAuthenticatePlain_InvalidCredentialsFormat/EmptyUsername (0.19s)
    --- PASS: TestAuthenticatePlain_InvalidCredentialsFormat/EmptyPassword (0.06s)
    --- PASS: TestAuthenticatePlain_InvalidCredentialsFormat/BothEmpty (0.11s)
=== RUN   TestAuthenticatePlain_UsernameWithDomain
2026/06/13 08:52:57 IMAP OAUTHBEARER: validator init skipped at startup: oauth_jwks_url is required for OAUTHBEARER
Server: +
Server: A001 NO Authentication failed
Server: +
2026/06/13 08:52:57 AUTHENTICATE PLAIN: received 36 bytes of auth data
2026/06/13 08:52:57 AUTHENTICATE PLAIN: decoded 26 bytes
2026/06/13 08:52:57 AUTHENTICATE PLAIN: split into 3 parts
2026/06/13 08:52:57 AUTHENTICATE PLAIN: extracted username=user@example.com (password length=8)
2026/06/13 08:52:57 LOGIN: failed to decode auth response: EOF
Server: A001 NO [AUTHENTICATIONFAILED] Authentication failed
    authenticate_integration_test.go:261: Response with domain in username: +
        A001 NO [AUTHENTICATIONFAILED] Authentication failed
--- PASS: TestAuthenticatePlain_UsernameWithDomain (0.19s)
=== RUN   TestAuthenticatePlain_UsernameWithoutDomain
2026/06/13 08:52:57 IMAP OAUTHBEARER: validator init skipped at startup: oauth_jwks_url is required for OAUTHBEARER
Server: +
Server: A001 NO Authentication failed
Server: +
2026/06/13 08:52:57 AUTHENTICATE PLAIN: received 32 bytes of auth data
2026/06/13 08:52:57 AUTHENTICATE PLAIN: decoded 22 bytes
2026/06/13 08:52:57 AUTHENTICATE PLAIN: split into 3 parts
2026/06/13 08:52:57 AUTHENTICATE PLAIN: extracted username=bareusername (password length=8)
2026/06/13 08:52:57 LOGIN: rejected non-email login identity: "bareusername"
Server: A001 NO [AUTHENTICATIONFAILED] Authentication failed
--- PASS: TestAuthenticatePlain_UsernameWithoutDomain (0.18s)
=== RUN   TestAuthenticatePlain_AuthenticationFailure
2026/06/13 08:52:57 IMAP OAUTHBEARER: validator init skipped at startup: oauth_jwks_url is required for OAUTHBEARER
Server: +
Server: A001 NO Authentication failed
Server: +
2026/06/13 08:52:57 AUTHENTICATE PLAIN: received 32 bytes of auth data
2026/06/13 08:52:57 AUTHENTICATE PLAIN: decoded 23 bytes
2026/06/13 08:52:57 AUTHENTICATE PLAIN: split into 3 parts
2026/06/13 08:52:57 AUTHENTICATE PLAIN: extracted username=testuser (password length=13)
2026/06/13 08:52:57 LOGIN: rejected non-email login identity: "testuser"
Server: A001 NO [AUTHENTICATIONFAILED] Authentication failed
    authenticate_integration_test.go:383: Response for failed auth: +
        A001 NO [AUTHENTICATIONFAILED] Authentication failed
--- PASS: TestAuthenticatePlain_AuthenticationFailure (0.05s)
=== RUN   TestAuthenticatePlain_ConfigurationError
2026/06/13 08:52:57 IMAP OAUTHBEARER: validator init skipped at startup: oauth_jwks_url is required for OAUTHBEARER
Server: +
Server: A001 NO Authentication failed
Server: +
2026/06/13 08:52:57 AUTHENTICATE PLAIN: received 24 bytes of auth data
2026/06/13 08:52:57 AUTHENTICATE PLAIN: decoded 18 bytes
2026/06/13 08:52:57 AUTHENTICATE PLAIN: split into 3 parts
2026/06/13 08:52:57 AUTHENTICATE PLAIN: extracted username=testuser (password length=8)
2026/06/13 08:52:57 LOGIN: rejected non-email login identity: "testuser"
Server: A001 NO [AUTHENTICATIONFAILED] Authentication failed
    authenticate_integration_test.go:441: Response with config error: +
        A001 NO [AUTHENTICATIONFAILED] Authentication failed
    authenticate_integration_test.go:443: Correctly reported configuration error
--- PASS: TestAuthenticatePlain_ConfigurationError (0.09s)
=== RUN   TestAuthenticatePlain_TwoPartFormat
2026/06/13 08:52:57 IMAP OAUTHBEARER: config load skipped at init: open config/raven.yaml: no such file or directory
Server: +
Server: A001 NO Authentication failed
Server: +
2026/06/13 08:52:58 AUTHENTICATE PLAIN: received 24 bytes of auth data
2026/06/13 08:52:58 AUTHENTICATE PLAIN: decoded 17 bytes
2026/06/13 08:52:58 AUTHENTICATE PLAIN: split into 2 parts
2026/06/13 08:52:58 AUTHENTICATE PLAIN: fallback extracted username=username (password length=8)
2026/06/13 08:52:58 LOGIN: rejected non-email login identity: "username"
Server: A001 NO [AUTHENTICATIONFAILED] Authentication failed
    authenticate_integration_test.go:472: Response for 2-part format: +
        A001 NO [AUTHENTICATIONFAILED] Authentication failed
--- PASS: TestAuthenticatePlain_TwoPartFormat (0.18s)
=== RUN   TestAuthenticatePlain_ReadTimeout
2026/06/13 08:52:58 IMAP OAUTHBEARER: config load skipped at init: open config/raven.yaml: no such file or directory
Server: +
Server: A001 NO Authentication failed
Server: +
Server: A001 NO Authentication failed
    authenticate_integration_test.go:500: Response for read timeout: +
        A001 NO Authentication failed
    authenticate_integration_test.go:504: Correctly handled read timeout
--- PASS: TestAuthenticatePlain_ReadTimeout (0.26s)
=== RUN   TestAuthenticateOAuth_NoTLSRejected
2026/06/13 08:52:58 IMAP OAUTHBEARER: config load skipped at init: open config/raven.yaml: no such file or directory
Server: A900 NO Plaintext authentication disallowed without TLS
--- PASS: TestAuthenticateOAuth_NoTLSRejected (0.17s)
=== RUN   TestAuthenticateOAuth_ContinuationCancel
2026/06/13 08:52:58 IMAP OAUTHBEARER: config load skipped at init: open config/raven.yaml: no such file or directory
Server: +
Server: A901 BAD Authentication exchange cancelled
--- PASS: TestAuthenticateOAuth_ContinuationCancel (0.26s)
=== RUN   TestAuthenticateOAuth_InvalidPayload
2026/06/13 08:52:58 IMAP OAUTHBEARER: config load skipped at init: open config/raven.yaml: no such file or directory
Server: A902 NO [AUTHENTICATIONFAILED] Invalid OAuth payload
--- PASS: TestAuthenticateOAuth_InvalidPayload (0.07s)
=== RUN   TestAuthenticateOAuth_InvalidTokenRejected
2026/06/13 08:52:59 OAUTHBEARER: parsed client response authzid="" user="user2" token_len=9 token_preview="not-a-jwt"
2026/06/13 08:52:59 OAUTHBEARER: rejected non-email SASL user field: "user2"
Server: A903 NO [AUTHENTICATIONFAILED] Authentication failed
--- PASS: TestAuthenticateOAuth_InvalidTokenRejected (0.16s)
=== RUN   TestAuthenticateOAuth_RejectsBareUsernameInSASLUser
2026/06/13 08:52:59 OAUTHBEARER: parsed client response authzid="" user="user2" token_len=9 token_preview="not-a-jwt"
2026/06/13 08:52:59 OAUTHBEARER: rejected non-email SASL user field: "user2"
Server: A903A NO [AUTHENTICATIONFAILED] Authentication failed
--- PASS: TestAuthenticateOAuth_RejectsBareUsernameInSASLUser (0.15s)
=== RUN   TestAuthenticateOAuth_SuccessWithJWKS
2026/06/13 08:52:59 OAUTHBEARER: parsed client response authzid="" user="user2@example.com" token_len=592 token_preview="eyJhbGciOiJSUzI1NiIsImtpZCI6ImtpZC1hdXRoLTEiLCJ0eXAiOiJKV1QifQ.eyJhdWQiOlsicmF2Z..."
2026/06/13 08:52:59 OAUTHBEARER: validator config issuer="https://issuer.example.com" jwks_url="http://127.0.0.1:43621" audience_count=1 skew_seconds=60
2026/06/13 08:52:59 OAUTHBEARER: key lookup kid="kid-auth-1" alg="RS256" cache_hit=false refreshing_jwks=true
2026/06/13 08:52:59 OAUTHBEARER: fetching jwks url="http://127.0.0.1:43621"
2026/06/13 08:52:59 OAUTHBEARER: jwks response ok url="http://127.0.0.1:43621" status=200 body="{\"keys\":[{\"e\":\"AQAB\",\"kid\":\"kid-auth-1\",\"kty\":\"RSA\",\"n\":\"tfXnw0kFpCKG0JeHQQwfGE2gvLtQV4qZS38NoN-5B8mV593Pr-t1Jbme0KOBOgR1IrloAAju_iIU4KJSmBhnK3SZcXnbf6Sm8Hn4DOOnSnTqtdK1ETdX49rtjtQx4Osu_ggHaLqKkOi0KpaRxvHo5dHGrrGYuHeOEx5f2SOZSjGdzwNA3JQKivLqJ0xPTW0u2HzZQFhaN_xQLr7SbdozitkQFOpv-xTzhnGMht2HxFSilfiAoNXPPl4D4t5p7LBhbLkJFB3tyvGwpkrBrGBidDU85GlKOzDJd0UOUriEIJ74NnLLZnEb65g8F_PwESqIZS3zCL7WJuvpwecLsssVqQ\"}]}\n"
2026/06/13 08:52:59 OAUTHBEARER: jwks refresh successful rsa_keys=1
2026/06/13 08:52:59 OAUTHBEARER: key lookup kid="kid-auth-1" alg="RS256" cache_hit=true source=post_refresh
Server: A904 OK [CAPABILITY IMAP4rev1 AUTH=PLAIN LOGIN AUTH=OAUTHBEARER AUTH=XOAUTH2 SASL-IR UIDPLUS IDLE NAMESPACE UNSELECT LITERAL+] Authenticated
--- PASS: TestAuthenticateOAuth_SuccessWithJWKS (0.41s)
=== RUN   TestAuthenticateOAuth_RejectsSASLUserEmailMismatch
2026/06/13 08:52:59 OAUTHBEARER: parsed client response authzid="" user="user2@example.com" token_len=601 token_preview="eyJhbGciOiJSUzI1NiIsImtpZCI6ImtpZC1hdXRoLTIiLCJ0eXAiOiJKV1QifQ.eyJhdWQiOlsicmF2Z..."
2026/06/13 08:52:59 OAUTHBEARER: validator config issuer="https://issuer.example.com" jwks_url="http://127.0.0.1:45905" audience_count=1 skew_seconds=60
2026/06/13 08:52:59 OAUTHBEARER: key lookup kid="kid-auth-2" alg="RS256" cache_hit=false refreshing_jwks=true
2026/06/13 08:52:59 OAUTHBEARER: fetching jwks url="http://127.0.0.1:45905"
2026/06/13 08:52:59 OAUTHBEARER: jwks response ok url="http://127.0.0.1:45905" status=200 body="{\"keys\":[{\"e\":\"AQAB\",\"kid\":\"kid-auth-2\",\"kty\":\"RSA\",\"n\":\"zv6S34J4tVY4YbKXheY7PYN2H0psT6NLvZN9eZy6zxrSf01Vm88SeeIbf3UL91pmyCYA1tZWtvkkhI0OK257BerhhzR-1gSRPMb2DJHsiD6id6WjILxbf_6ck-ZMm4hjJwL-5G11NWDrsDVzjHvrzdc0SNSvJa48rPMMAgw0hvEV7yTBzCEIFpGLoqryqfguX1eUCRE5rFnZir16BkfzMo9LXig_Kjf8BRbIIgdjC880tQfT9yDTW965SLq_vtcx13_TkwxJFnZnkUsal774OUMM8jnAj1qwnpRGkuIlquaJY5zrdVB3hfkETJzZuuHYQn4zNhLK3vJI0OA2uFX-Rw\"}]}\n"
2026/06/13 08:52:59 OAUTHBEARER: jwks refresh successful rsa_keys=1
2026/06/13 08:52:59 OAUTHBEARER: key lookup kid="kid-auth-2" alg="RS256" cache_hit=true source=post_refresh
2026/06/13 08:52:59 OAUTHBEARER: SASL user "user2@example.com" does not match resolved mailbox email "user2@silver.example.com"
Server: A905 NO [AUTHENTICATIONFAILED] Authentication failed
--- PASS: TestAuthenticateOAuth_RejectsSASLUserEmailMismatch (0.20s)
=== RUN   TestAuthenticatePlainBasicFlow
2026/06/13 08:52:59 IMAP OAUTHBEARER: config load skipped at init: open config/raven.yaml: no such file or directory
Server: +
Server: A001 NO Authentication failed
--- PASS: TestAuthenticatePlainBasicFlow (0.09s)
=== RUN   TestAuthenticatePlainBase64Decoding
--- PASS: TestAuthenticatePlainBase64Decoding (0.00s)
=== RUN   TestAuthenticatePlainWithAuthzid
--- PASS: TestAuthenticatePlainWithAuthzid (0.00s)
=== RUN   TestAuthenticateWithoutTLS
2026/06/13 08:52:59 IMAP OAUTHBEARER: config load skipped at init: open config/raven.yaml: no such file or directory
Server: A001 NO Plaintext authentication disallowed without TLS
--- PASS: TestAuthenticateWithoutTLS (0.32s)
=== RUN   TestAuthenticateUnsupportedMechanism
2026/06/13 08:53:00 IMAP OAUTHBEARER: config load skipped at init: open config/raven.yaml: no such file or directory
Server: A001 NO Unsupported authentication mechanism
--- PASS: TestAuthenticateUnsupportedMechanism (0.17s)
=== RUN   TestAuthenticateMissingMechanism
2026/06/13 08:53:00 IMAP OAUTHBEARER: config load skipped at init: open config/raven.yaml: no such file or directory
Server: A001 BAD AUTHENTICATE requires authentication mechanism
--- PASS: TestAuthenticateMissingMechanism (0.10s)
=== RUN   TestAuthenticatePlainCaseInsensitive
2026/06/13 08:53:00 IMAP OAUTHBEARER: config load skipped at init: open config/raven.yaml: no such file or directory
=== RUN   TestAuthenticatePlainCaseInsensitive/Mechanism_PLAIN
Server: +
Server: A001 NO Authentication failed
=== RUN   TestAuthenticatePlainCaseInsensitive/Mechanism_Plain
Server: +
Server: A001 NO Authentication failed
=== RUN   TestAuthenticatePlainCaseInsensitive/Mechanism_plain
Server: +
Server: A001 NO Authentication failed
=== RUN   TestAuthenticatePlainCaseInsensitive/Mechanism_pLaIn
Server: +
Server: A001 NO Authentication failed
--- PASS: TestAuthenticatePlainCaseInsensitive (0.13s)
    --- PASS: TestAuthenticatePlainCaseInsensitive/Mechanism_PLAIN (0.00s)
    --- PASS: TestAuthenticatePlainCaseInsensitive/Mechanism_Plain (0.00s)
    --- PASS: TestAuthenticatePlainCaseInsensitive/Mechanism_plain (0.00s)
    --- PASS: TestAuthenticatePlainCaseInsensitive/Mechanism_pLaIn (0.00s)
=== RUN   TestAuthenticateBase64InvalidFormat
--- PASS: TestAuthenticateBase64InvalidFormat (0.00s)
=== RUN   TestAuthenticatePlainEmptyCredentials
--- PASS: TestAuthenticatePlainEmptyCredentials (0.00s)
=== RUN   TestAuthenticatePlainMalformedData
--- PASS: TestAuthenticatePlainMalformedData (0.00s)
=== RUN   TestAuthenticateCancellation
2026/06/13 08:53:00 IMAP OAUTHBEARER: config load skipped at init: open config/raven.yaml: no such file or directory
Server: +
Server: A001 BAD Authentication exchange cancelled
--- PASS: TestAuthenticateCancellation (0.25s)
=== RUN   TestAuthenticatePlainReadFailure
2026/06/13 08:53:00 IMAP OAUTHBEARER: config load skipped at init: open config/raven.yaml: no such file or directory
Server: +
Server: A002 NO Authentication failed
--- PASS: TestAuthenticatePlainReadFailure (0.16s)
=== RUN   TestAuthenticatePlainInvalidCredentialsFormat
2026/06/13 08:53:00 IMAP OAUTHBEARER: config load skipped at init: open config/raven.yaml: no such file or directory
Server: +
2026/06/13 08:53:01 AUTHENTICATE PLAIN: received 24 bytes of auth data
2026/06/13 08:53:01 AUTHENTICATE PLAIN: decoded 16 bytes
2026/06/13 08:53:01 AUTHENTICATE PLAIN: split into 1 parts
2026/06/13 08:53:01 AUTHENTICATE PLAIN: invalid format, expected 2-3 parts, got 1
Server: A003 NO [AUTHENTICATIONFAILED] Invalid credentials format
--- PASS: TestAuthenticatePlainInvalidCredentialsFormat (0.05s)
=== RUN   TestAuthenticatePlainEmptyCredentialsResponse
2026/06/13 08:53:01 IMAP OAUTHBEARER: config load skipped at init: open config/raven.yaml: no such file or directory
Server: +
2026/06/13 08:53:01 AUTHENTICATE PLAIN: received 4 bytes of auth data
2026/06/13 08:53:01 AUTHENTICATE PLAIN: decoded 2 bytes
2026/06/13 08:53:01 AUTHENTICATE PLAIN: split into 3 parts
2026/06/13 08:53:01 AUTHENTICATE PLAIN: extracted username= (password length=0)
2026/06/13 08:53:01 AUTHENTICATE PLAIN: empty username or password
Server: A004 NO [AUTHENTICATIONFAILED] Invalid credentials
--- PASS: TestAuthenticatePlainEmptyCredentialsResponse (0.19s)
=== RUN   TestAuthenticatePlainTwoPartFallback
2026/06/13 08:53:01 IMAP OAUTHBEARER: config load skipped at init: open config/raven.yaml: no such file or directory
Server: +
2026/06/13 08:53:01 AUTHENTICATE PLAIN: received 9 bytes of auth data
2026/06/13 08:53:01 AUTHENTICATE PLAIN: base64 decode failed: illegal base64 data at input byte 4, treating as plain
2026/06/13 08:53:01 AUTHENTICATE PLAIN: split into 2 parts
2026/06/13 08:53:01 AUTHENTICATE PLAIN: fallback extracted username=user (password length=4)
2026/06/13 08:53:01 LOGIN: rejected non-email login identity: "user"
Server: A005 NO [AUTHENTICATIONFAILED] Authentication failed
--- PASS: TestAuthenticatePlainTwoPartFallback (0.23s)
=== RUN   TestAuthenticatePlainSuccessResponse
--- PASS: TestAuthenticatePlainSuccessResponse (0.00s)
=== RUN   TestAuthenticatePlainNOResponse
=== RUN   TestAuthenticatePlainNOResponse/EmptyCredentials
=== RUN   TestAuthenticatePlainNOResponse/MalformedFormat
--- PASS: TestAuthenticatePlainNOResponse (0.00s)
    --- PASS: TestAuthenticatePlainNOResponse/EmptyCredentials (0.00s)
    --- PASS: TestAuthenticatePlainNOResponse/MalformedFormat (0.00s)
=== RUN   TestAuthenticateBADResponse
=== RUN   TestAuthenticateBADResponse/MissingMechanism
    authenticate_test.go:411: Missing authentication mechanism should return BAD
=== RUN   TestAuthenticateBADResponse/Cancellation
    authenticate_test.go:411: Client cancellation with '*' should return BAD
--- PASS: TestAuthenticateBADResponse (0.00s)
    --- PASS: TestAuthenticateBADResponse/MissingMechanism (0.00s)
    --- PASS: TestAuthenticateBADResponse/Cancellation (0.00s)
=== RUN   TestAuthenticateSASLPlainFormat
=== RUN   TestAuthenticateSASLPlainFormat/WithAuthzid
=== RUN   TestAuthenticateSASLPlainFormat/WithoutAuthzid
--- PASS: TestAuthenticateSASLPlainFormat (0.00s)
    --- PASS: TestAuthenticateSASLPlainFormat/WithAuthzid (0.00s)
    --- PASS: TestAuthenticateSASLPlainFormat/WithoutAuthzid (0.00s)
=== RUN   TestAuthenticateBase64Encoding
--- PASS: TestAuthenticateBase64Encoding (0.00s)
=== RUN   TestAuthenticateContinuationRequest
2026/06/13 08:53:01 IMAP OAUTHBEARER: config load skipped at init: open config/raven.yaml: no such file or directory
Server: +
Server: A001 NO Authentication failed
--- PASS: TestAuthenticateContinuationRequest (0.21s)
=== RUN   TestAuthenticateUser_ConfigLoadError
2026/06/13 08:53:01 IMAP OAUTHBEARER: config load skipped at init: open config/raven.yaml: no such file or directory
2026/06/13 08:53:01 LoadConfig error: open config/raven.yaml: no such file or directory
Server: A001 NO [SERVERBUG] Configuration error
--- PASS: TestAuthenticateUser_ConfigLoadError (0.07s)
=== RUN   TestAuthenticateUser_MissingDomain
2026/06/13 08:53:01 IMAP OAUTHBEARER: validator init skipped at startup: oauth_jwks_url is required for OAUTHBEARER
2026/06/13 08:53:01 Accepting login for user: user@example.com (type=test-user)
Server: A001 OK [CAPABILITY IMAP4rev1 AUTH=PLAIN LOGIN UIDPLUS IDLE NAMESPACE UNSELECT LITERAL+] Authenticated
--- PASS: TestAuthenticateUser_MissingDomain (0.18s)
=== RUN   TestAuthenticateUser_MissingAuthServerURL
2026/06/13 08:53:01 IMAP OAUTHBEARER: validator init skipped at startup: oauth_jwks_url is required for OAUTHBEARER
Server: A001 NO [SERVERBUG] Configuration error
--- PASS: TestAuthenticateUser_MissingAuthServerURL (0.26s)
=== RUN   TestAuthenticateUser_UsernameWithDomain
2026/06/13 08:53:02 IMAP OAUTHBEARER: validator init skipped at startup: oauth_jwks_url is required for OAUTHBEARER
2026/06/13 08:53:02 Accepting login for user: user@example.com (type=test-user)
Server: A001 OK [CAPABILITY IMAP4rev1 AUTH=PLAIN LOGIN UIDPLUS IDLE NAMESPACE UNSELECT LITERAL+] Authenticated
    authenticateuser_test.go:199: Response: A001 OK [CAPABILITY IMAP4rev1 AUTH=PLAIN LOGIN UIDPLUS IDLE NAMESPACE UNSELECT LITERAL+] Authenticated
    authenticateuser_test.go:203: Authentication succeeded as expected
--- PASS: TestAuthenticateUser_UsernameWithDomain (0.14s)
=== RUN   TestAuthenticateUser_UsernameWithoutDomain
2026/06/13 08:53:02 IMAP OAUTHBEARER: validator init skipped at startup: oauth_jwks_url is required for OAUTHBEARER
2026/06/13 08:53:02 LOGIN: rejected non-email login identity: "bareuser"
Server: A001 NO [AUTHENTICATIONFAILED] Authentication failed
    authenticateuser_test.go:234: Response: A001 NO [AUTHENTICATIONFAILED] Authentication failed
--- PASS: TestAuthenticateUser_UsernameWithoutDomain (0.27s)
=== RUN   TestAuthenticateUser_SubdomainEmailFromIDP
2026/06/13 08:53:02 IMAP OAUTHBEARER: validator init skipped at startup: oauth_jwks_url is required for OAUTHBEARER
2026/06/13 08:53:02 Accepting login for user: user2@silver.example.com (type=test-user)
2026/06/13 08:53:02 LOGIN: resolving OU domain for org unit silver using bearer assertion
2026/06/13 08:53:02 LOGIN: requesting system assertion for OU resolution using configured system identity
2026/06/13 08:53:02 Application ID not set in environment variables, attempting to extract from thunder-setup container logs...
2026/06/13 08:53:02 Extracting Application ID from thunder-setup container logs...
2026/06/13 08:53:02 ⚠ Warning: docker logs command failed: exit status 1
2026/06/13 08:53:02 This might be due to:
2026/06/13 08:53:02   - thunder-setup container doesn't exist
2026/06/13 08:53:02   - No permission to access Docker
2026/06/13 08:53:02   - Running inside a container without Docker socket
2026/06/13 08:53:02 LOGIN: failed to get application ID: failed to get Application ID: docker logs failed: exit status 1
2026/06/13 08:53:02 LOGIN: failed to obtain system assertion using configured IDP system credentials
2026/06/13 08:53:02 LOGIN: system assertion unavailable, attempting OU resolution with user assertion
2026/06/13 08:53:02 Application ID not set in environment variables, attempting to extract from thunder-setup container logs...
2026/06/13 08:53:02 Extracting Application ID from thunder-setup container logs...
2026/06/13 08:53:02 ⚠ Warning: docker logs command failed: exit status 1
2026/06/13 08:53:02 This might be due to:
2026/06/13 08:53:02   - thunder-setup container doesn't exist
2026/06/13 08:53:02   - No permission to access Docker
2026/06/13 08:53:02   - Running inside a container without Docker socket
2026/06/13 08:53:02 LOGIN: failed to get application ID: failed to get Application ID: docker logs failed: exit status 1
2026/06/13 08:53:02 LOGIN: failed to obtain assertion for OU domain resolution
Server: A001 OK [CAPABILITY IMAP4rev1 AUTH=PLAIN LOGIN UIDPLUS IDLE NAMESPACE UNSELECT LITERAL+] Authenticated
--- PASS: TestAuthenticateUser_SubdomainEmailFromIDP (0.42s)
=== RUN   TestAuthenticateUser_SubdomainEmailFromOrgUnitHierarchy
2026/06/13 08:53:03 IMAP OAUTHBEARER: validator init skipped at startup: oauth_jwks_url is required for OAUTHBEARER
2026/06/13 08:53:03 Accepting login for user: user2@silver.example.com (type=silveruser)
2026/06/13 08:53:03 LOGIN: resolving OU domain for org unit 019cf0a5-4109-79ac-857b-07fc7b5c19ac using bearer assertion
2026/06/13 08:53:03 LOGIN: requesting system assertion for OU resolution using configured system identity
2026/06/13 08:53:03 Using Application ID from .env
2026/06/13 08:53:03 LOGIN: resolved OU domain for 019cf0a5-4109-79ac-857b-07fc7b5c19ac as silver.example.com
Server: A001 OK [CAPABILITY IMAP4rev1 AUTH=PLAIN LOGIN UIDPLUS IDLE NAMESPACE UNSELECT LITERAL+] Authenticated
--- PASS: TestAuthenticateUser_SubdomainEmailFromOrgUnitHierarchy (0.20s)
=== RUN   TestAuthenticateUser_UsernameWithDomainMismatchFromOrgUnit
2026/06/13 08:53:03 IMAP OAUTHBEARER: validator init skipped at startup: oauth_jwks_url is required for OAUTHBEARER
2026/06/13 08:53:03 Accepting login for user: user2@sil.example.com (type=silveruser)
2026/06/13 08:53:03 LOGIN: resolving OU domain for org unit 019cf0a5-4109-79ac-857b-07fc7b5c19ac using bearer assertion
2026/06/13 08:53:03 LOGIN: requesting system assertion for OU resolution using configured system identity
2026/06/13 08:53:03 Using Application ID from .env
2026/06/13 08:53:03 LOGIN: resolved OU domain for 019cf0a5-4109-79ac-857b-07fc7b5c19ac as silver.example.com
2026/06/13 08:53:03 LOGIN: login domain 'sil.example.com' does not match OU-derived domain 'silver.example.com' for user 'user2@sil.example.com'
Server: A001 NO [AUTHENTICATIONFAILED] Authentication failed
--- PASS: TestAuthenticateUser_UsernameWithDomainMismatchFromOrgUnit (0.17s)
=== RUN   TestAuthenticateUser_UsernameWithDomainMatchesOrgUnit
2026/06/13 08:53:03 IMAP OAUTHBEARER: validator init skipped at startup: oauth_jwks_url is required for OAUTHBEARER
2026/06/13 08:53:03 Accepting login for user: user2@silver.example.com (type=silveruser)
2026/06/13 08:53:03 LOGIN: resolving OU domain for org unit 019cf0a5-4109-79ac-857b-07fc7b5c19ac using bearer assertion
2026/06/13 08:53:03 LOGIN: requesting system assertion for OU resolution using configured system identity
2026/06/13 08:53:03 Using Application ID from .env
2026/06/13 08:53:04 LOGIN: resolved OU domain for 019cf0a5-4109-79ac-857b-07fc7b5c19ac as silver.example.com
Server: A001 OK [CAPABILITY IMAP4rev1 AUTH=PLAIN LOGIN UIDPLUS IDLE NAMESPACE UNSELECT LITERAL+] Authenticated
--- PASS: TestAuthenticateUser_UsernameWithDomainMatchesOrgUnit (0.68s)
=== RUN   TestAuthenticateUser_AuthServerUnavailable
2026/06/13 08:53:04 IMAP OAUTHBEARER: validator init skipped at startup: oauth_jwks_url is required for OAUTHBEARER
2026/06/13 08:53:04 LOGIN: error reaching auth server: Post "https://invalid-nonexistent-server.local:9999": dial tcp: lookup invalid-nonexistent-server.local on 192.168.0.1:53: no such host
Server: A001 NO [UNAVAILABLE] Authentication service unavailable
--- PASS: TestAuthenticateUser_AuthServerUnavailable (0.29s)
=== RUN   TestAuthenticateUser_AuthenticationSuccess
2026/06/13 08:53:04 IMAP OAUTHBEARER: validator init skipped at startup: oauth_jwks_url is required for OAUTHBEARER
2026/06/13 08:53:04 Accepting login for user: testuser@example.com (type=test-user)
Server: A001 OK [CAPABILITY IMAP4rev1 AUTH=PLAIN LOGIN UIDPLUS IDLE NAMESPACE UNSELECT LITERAL+] Authenticated
--- PASS: TestAuthenticateUser_AuthenticationSuccess (0.24s)
=== RUN   TestAuthenticateUser_AuthenticationFailure
2026/06/13 08:53:04 IMAP OAUTHBEARER: validator init skipped at startup: oauth_jwks_url is required for OAUTHBEARER
2026/06/13 08:53:04 LOGIN: auth server rejected login for user@example.com (status=401, body=)
Server: A001 NO [AUTHENTICATIONFAILED] Authentication failed
--- PASS: TestAuthenticateUser_AuthenticationFailure (0.16s)
=== RUN   TestAuthenticateUser_VariousStatusCodes
=== RUN   TestAuthenticateUser_VariousStatusCodes/200_OK
2026/06/13 08:53:04 IMAP OAUTHBEARER: validator init skipped at startup: oauth_jwks_url is required for OAUTHBEARER
2026/06/13 08:53:04 Accepting login for user: user@example.com (type=test-user)
Server: A001 OK [CAPABILITY IMAP4rev1 AUTH=PLAIN LOGIN UIDPLUS IDLE NAMESPACE UNSELECT LITERAL+] Authenticated
=== RUN   TestAuthenticateUser_VariousStatusCodes/401_Unauthorized
2026/06/13 08:53:04 IMAP OAUTHBEARER: validator init skipped at startup: oauth_jwks_url is required for OAUTHBEARER
2026/06/13 08:53:05 LOGIN: auth server rejected login for user@example.com (status=401, body=)
Server: A001 NO [AUTHENTICATIONFAILED] Authentication failed
=== RUN   TestAuthenticateUser_VariousStatusCodes/403_Forbidden
2026/06/13 08:53:05 IMAP OAUTHBEARER: validator init skipped at startup: oauth_jwks_url is required for OAUTHBEARER
2026/06/13 08:53:05 LOGIN: auth server rejected login for user@example.com (status=403, body=)
Server: A001 NO [AUTHENTICATIONFAILED] Authentication failed
=== RUN   TestAuthenticateUser_VariousStatusCodes/404_Not_Found
2026/06/13 08:53:05 IMAP OAUTHBEARER: validator init skipped at startup: oauth_jwks_url is required for OAUTHBEARER
2026/06/13 08:53:05 LOGIN: auth server rejected login for user@example.com (status=404, body=)
Server: A001 NO [AUTHENTICATIONFAILED] Authentication failed
=== RUN   TestAuthenticateUser_VariousStatusCodes/500_Internal_Server_Error
2026/06/13 08:53:05 IMAP OAUTHBEARER: validator init skipped at startup: oauth_jwks_url is required for OAUTHBEARER
2026/06/13 08:53:05 LOGIN: auth server rejected login for user@example.com (status=500, body=)
Server: A001 NO [AUTHENTICATIONFAILED] Authentication failed
=== RUN   TestAuthenticateUser_VariousStatusCodes/503_Service_Unavailable
2026/06/13 08:53:05 IMAP OAUTHBEARER: validator init skipped at startup: oauth_jwks_url is required for OAUTHBEARER
2026/06/13 08:53:05 LOGIN: auth server rejected login for user@example.com (status=503, body=)
Server: A001 NO [AUTHENTICATIONFAILED] Authentication failed
--- PASS: TestAuthenticateUser_VariousStatusCodes (1.10s)
    --- PASS: TestAuthenticateUser_VariousStatusCodes/200_OK (0.15s)
    --- PASS: TestAuthenticateUser_VariousStatusCodes/401_Unauthorized (0.27s)
    --- PASS: TestAuthenticateUser_VariousStatusCodes/403_Forbidden (0.18s)
    --- PASS: TestAuthenticateUser_VariousStatusCodes/404_Not_Found (0.09s)
    --- PASS: TestAuthenticateUser_VariousStatusCodes/500_Internal_Server_Error (0.24s)
    --- PASS: TestAuthenticateUser_VariousStatusCodes/503_Service_Unavailable (0.17s)
=== RUN   TestAuthenticateUser_TLSConnectionCapabilities
2026/06/13 08:53:05 IMAP OAUTHBEARER: validator init skipped at startup: oauth_jwks_url is required for OAUTHBEARER
2026/06/13 08:53:06 Accepting login for user: user@example.com (type=test-user)
Server: A001 OK [CAPABILITY IMAP4rev1 AUTH=PLAIN LOGIN UIDPLUS IDLE NAMESPACE UNSELECT LITERAL+] Authenticated
--- PASS: TestAuthenticateUser_TLSConnectionCapabilities (0.32s)
=== RUN   TestAuthenticateUser_PlainConnectionCapabilities
2026/06/13 08:53:06 IMAP OAUTHBEARER: validator init skipped at startup: oauth_jwks_url is required for OAUTHBEARER
Server: A001 NO [PRIVACYREQUIRED] LOGIN is disabled on insecure connection. Use STARTTLS first.
    authenticateuser_test.go:779: Response on plain connection: A001 NO [PRIVACYREQUIRED] LOGIN is disabled on insecure connection. Use STARTTLS first.
    authenticateuser_test.go:783: Correctly rejected login on plain connection
--- PASS: TestAuthenticateUser_PlainConnectionCapabilities (0.17s)
=== RUN   TestAuthenticateUser_RoleAssignmentsSuccess
2026/06/13 08:53:06 IMAP OAUTHBEARER: validator init skipped at startup: oauth_jwks_url is required for OAUTHBEARER
2026/06/13 08:53:06 LOGIN: failed to decode auth response: EOF
Server: A001 NO [AUTHENTICATIONFAILED] Authentication failed
--- PASS: TestAuthenticateUser_RoleAssignmentsSuccess (0.15s)
=== RUN   TestAuthenticateUser_UsernameExtraction
=== RUN   TestAuthenticateUser_UsernameExtraction/Simple_username
2026/06/13 08:53:06 IMAP OAUTHBEARER: validator init skipped at startup: oauth_jwks_url is required for OAUTHBEARER
2026/06/13 08:53:06 LOGIN: rejected non-email login identity: "john"
Server: A001 NO [AUTHENTICATIONFAILED] Authentication failed
    authenticateuser_test.go:856: Response for username 'john': A001 NO [AUTHENTICATIONFAILED] Authentication failed
=== RUN   TestAuthenticateUser_UsernameExtraction/Username_with_dots
2026/06/13 08:53:06 IMAP OAUTHBEARER: validator init skipped at startup: oauth_jwks_url is required for OAUTHBEARER
2026/06/13 08:53:06 LOGIN: rejected non-email login identity: "john.doe"
Server: A001 NO [AUTHENTICATIONFAILED] Authentication failed
    authenticateuser_test.go:856: Response for username 'john.doe': A001 NO [AUTHENTICATIONFAILED] Authentication failed
=== RUN   TestAuthenticateUser_UsernameExtraction/Username_with_numbers
2026/06/13 08:53:06 IMAP OAUTHBEARER: validator init skipped at startup: oauth_jwks_url is required for OAUTHBEARER
2026/06/13 08:53:06 LOGIN: rejected non-email login identity: "user123"
Server: A001 NO [AUTHENTICATIONFAILED] Authentication failed
    authenticateuser_test.go:856: Response for username 'user123': A001 NO [AUTHENTICATIONFAILED] Authentication failed
=== RUN   TestAuthenticateUser_UsernameExtraction/Full_email
2026/06/13 08:53:06 IMAP OAUTHBEARER: validator init skipped at startup: oauth_jwks_url is required for OAUTHBEARER
2026/06/13 08:53:06 LOGIN: failed to decode auth response: EOF
Server: A001 NO [AUTHENTICATIONFAILED] Authentication failed
    authenticateuser_test.go:856: Response for username 'user@example.com': A001 NO [AUTHENTICATIONFAILED] Authentication failed
--- PASS: TestAuthenticateUser_UsernameExtraction (0.50s)
    --- PASS: TestAuthenticateUser_UsernameExtraction/Simple_username (0.06s)
    --- PASS: TestAuthenticateUser_UsernameExtraction/Username_with_dots (0.19s)
    --- PASS: TestAuthenticateUser_UsernameExtraction/Username_with_numbers (0.14s)
    --- PASS: TestAuthenticateUser_UsernameExtraction/Full_email (0.11s)
=== RUN   TestCapabilityCommand_RFCCompliance
=== RUN   TestCapabilityCommand_RFCCompliance/Non-TLS_Connection
2026/06/13 08:53:06 IMAP OAUTHBEARER: config load skipped at init: open config/raven.yaml: no such file or directory
Server: * CAPABILITY IMAP4rev1 STARTTLS LOGINDISABLED UIDPLUS IDLE NAMESPACE UNSELECT LITERAL+
Server: TEST OK CAPABILITY completed
=== RUN   TestCapabilityCommand_RFCCompliance/TLS_Connection
2026/06/13 08:53:07 IMAP OAUTHBEARER: config load skipped at init: open config/raven.yaml: no such file or directory
Server: * CAPABILITY IMAP4rev1 AUTH=PLAIN LOGIN UIDPLUS IDLE NAMESPACE UNSELECT LITERAL+
Server: TEST OK CAPABILITY completed
--- PASS: TestCapabilityCommand_RFCCompliance (0.31s)
    --- PASS: TestCapabilityCommand_RFCCompliance/Non-TLS_Connection (0.06s)
    --- PASS: TestCapabilityCommand_RFCCompliance/TLS_Connection (0.25s)
=== RUN   TestCapabilityCommand_TagHandling
=== RUN   TestCapabilityCommand_TagHandling/Tag_A001
2026/06/13 08:53:07 IMAP OAUTHBEARER: config load skipped at init: open config/raven.yaml: no such file or directory
Server: * CAPABILITY IMAP4rev1 STARTTLS LOGINDISABLED UIDPLUS IDLE NAMESPACE UNSELECT LITERAL+
Server: A001 OK CAPABILITY completed
=== RUN   TestCapabilityCommand_TagHandling/Tag_a1
2026/06/13 08:53:07 IMAP OAUTHBEARER: config load skipped at init: open config/raven.yaml: no such file or directory
Server: * CAPABILITY IMAP4rev1 STARTTLS LOGINDISABLED UIDPLUS IDLE NAMESPACE UNSELECT LITERAL+
Server: a1 OK CAPABILITY completed
=== RUN   TestCapabilityCommand_TagHandling/Tag_TAG123
2026/06/13 08:53:07 IMAP OAUTHBEARER: config load skipped at init: open config/raven.yaml: no such file or directory
Server: * CAPABILITY IMAP4rev1 STARTTLS LOGINDISABLED UIDPLUS IDLE NAMESPACE UNSELECT LITERAL+
Server: TAG123 OK CAPABILITY completed
=== RUN   TestCapabilityCommand_TagHandling/Tag_*
2026/06/13 08:53:07 IMAP OAUTHBEARER: config load skipped at init: open config/raven.yaml: no such file or directory
Server: * CAPABILITY IMAP4rev1 STARTTLS LOGINDISABLED UIDPLUS IDLE NAMESPACE UNSELECT LITERAL+
Server: * OK CAPABILITY completed
=== RUN   TestCapabilityCommand_TagHandling/Tag_
2026/06/13 08:53:07 IMAP OAUTHBEARER: config load skipped at init: open config/raven.yaml: no such file or directory
Server: * CAPABILITY IMAP4rev1 STARTTLS LOGINDISABLED UIDPLUS IDLE NAMESPACE UNSELECT LITERAL+
Server:  OK CAPABILITY completed
=== RUN   TestCapabilityCommand_TagHandling/Tag_VERY-LONG-TAG-NAME-123
2026/06/13 08:53:08 IMAP OAUTHBEARER: config load skipped at init: open config/raven.yaml: no such file or directory
Server: * CAPABILITY IMAP4rev1 STARTTLS LOGINDISABLED UIDPLUS IDLE NAMESPACE UNSELECT LITERAL+
Server: VERY-LONG-TAG-NAME-123 OK CAPABILITY completed
--- PASS: TestCapabilityCommand_TagHandling (1.23s)
    --- PASS: TestCapabilityCommand_TagHandling/Tag_A001 (0.05s)
    --- PASS: TestCapabilityCommand_TagHandling/Tag_a1 (0.04s)
    --- PASS: TestCapabilityCommand_TagHandling/Tag_TAG123 (0.18s)
    --- PASS: TestCapabilityCommand_TagHandling/Tag_* (0.40s)
    --- PASS: TestCapabilityCommand_TagHandling/Tag_ (0.22s)
    --- PASS: TestCapabilityCommand_TagHandling/Tag_VERY-LONG-TAG-NAME-123 (0.34s)
=== RUN   TestCapabilityCommand_CapabilityFormatting
2026/06/13 08:53:08 IMAP OAUTHBEARER: config load skipped at init: open config/raven.yaml: no such file or directory
Server: * CAPABILITY IMAP4rev1 STARTTLS LOGINDISABLED UIDPLUS IDLE NAMESPACE UNSELECT LITERAL+
Server: FORMAT OK CAPABILITY completed
--- PASS: TestCapabilityCommand_CapabilityFormatting (0.05s)
=== RUN   TestCapabilityCommand_EdgeCases
=== RUN   TestCapabilityCommand_EdgeCases/EmptyTag
2026/06/13 08:53:08 IMAP OAUTHBEARER: config load skipped at init: open config/raven.yaml: no such file or directory
Server: * CAPABILITY IMAP4rev1 STARTTLS LOGINDISABLED UIDPLUS IDLE NAMESPACE UNSELECT LITERAL+
Server:  OK CAPABILITY completed
=== RUN   TestCapabilityCommand_EdgeCases/NilState
2026/06/13 08:53:08 IMAP OAUTHBEARER: config load skipped at init: open config/raven.yaml: no such file or directory
Server: * CAPABILITY IMAP4rev1 STARTTLS LOGINDISABLED UIDPLUS IDLE NAMESPACE UNSELECT LITERAL+
Server: NIL OK CAPABILITY completed
--- PASS: TestCapabilityCommand_EdgeCases (0.60s)
    --- PASS: TestCapabilityCommand_EdgeCases/EmptyTag (0.27s)
    --- PASS: TestCapabilityCommand_EdgeCases/NilState (0.33s)
=== RUN   TestCapabilityCommand_ResponseTiming
2026/06/13 08:53:09 IMAP OAUTHBEARER: config load skipped at init: open config/raven.yaml: no such file or directory
Server: * CAPABILITY IMAP4rev1 STARTTLS LOGINDISABLED UIDPLUS IDLE NAMESPACE UNSELECT LITERAL+
Server: TIMING OK CAPABILITY completed
--- PASS: TestCapabilityCommand_ResponseTiming (0.11s)
=== RUN   TestCapabilityCommand_MemoryUsage
2026/06/13 08:53:09 IMAP OAUTHBEARER: config load skipped at init: open config/raven.yaml: no such file or directory
Server: * CAPABILITY IMAP4rev1 STARTTLS LOGINDISABLED UIDPLUS IDLE NAMESPACE UNSELECT LITERAL+
Server: MEM0 OK CAPABILITY completed
Server: * CAPABILITY IMAP4rev1 STARTTLS LOGINDISABLED UIDPLUS IDLE NAMESPACE UNSELECT LITERAL+
Server: MEM1 OK CAPABILITY completed
Server: * CAPABILITY IMAP4rev1 STARTTLS LOGINDISABLED UIDPLUS IDLE NAMESPACE UNSELECT LITERAL+
Server: MEM2 OK CAPABILITY completed
Server: * CAPABILITY IMAP4rev1 STARTTLS LOGINDISABLED UIDPLUS IDLE NAMESPACE UNSELECT LITERAL+
Server: MEM3 OK CAPABILITY completed
Server: * CAPABILITY IMAP4rev1 STARTTLS LOGINDISABLED UIDPLUS IDLE NAMESPACE UNSELECT LITERAL+
Server: MEM4 OK CAPABILITY completed
Server: * CAPABILITY IMAP4rev1 STARTTLS LOGINDISABLED UIDPLUS IDLE NAMESPACE UNSELECT LITERAL+
Server: MEM5 OK CAPABILITY completed
Server: * CAPABILITY IMAP4rev1 STARTTLS LOGINDISABLED UIDPLUS IDLE NAMESPACE UNSELECT LITERAL+
Server: MEM6 OK CAPABILITY completed
Server: * CAPABILITY IMAP4rev1 STARTTLS LOGINDISABLED UIDPLUS IDLE NAMESPACE UNSELECT LITERAL+
Server: MEM7 OK CAPABILITY completed
Server: * CAPABILITY IMAP4rev1 STARTTLS LOGINDISABLED UIDPLUS IDLE NAMESPACE UNSELECT LITERAL+
Server: MEM8 OK CAPABILITY completed
Server: * CAPABILITY IMAP4rev1 STARTTLS LOGINDISABLED UIDPLUS IDLE NAMESPACE UNSELECT LITERAL+
Server: MEM9 OK CAPABILITY completed
Server: * CAPABILITY IMAP4rev1 STARTTLS LOGINDISABLED UIDPLUS IDLE NAMESPACE UNSELECT LITERAL+
Server: MEM10 OK CAPABILITY completed
Server: * CAPABILITY IMAP4rev1 STARTTLS LOGINDISABLED UIDPLUS IDLE NAMESPACE UNSELECT LITERAL+
Server: MEM11 OK CAPABILITY completed
Server: * CAPABILITY IMAP4rev1 STARTTLS LOGINDISABLED UIDPLUS IDLE NAMESPACE UNSELECT LITERAL+
Server: MEM12 OK CAPABILITY completed
Server: * CAPABILITY IMAP4rev1 STARTTLS LOGINDISABLED UIDPLUS IDLE NAMESPACE UNSELECT LITERAL+
Server: MEM13 OK CAPABILITY completed
Server: * CAPABILITY IMAP4rev1 STARTTLS LOGINDISABLED UIDPLUS IDLE NAMESPACE UNSELECT LITERAL+
Server: MEM14 OK CAPABILITY completed
Server: * CAPABILITY IMAP4rev1 STARTTLS LOGINDISABLED UIDPLUS IDLE NAMESPACE UNSELECT LITERAL+
Server: MEM15 OK CAPABILITY completed
Server: * CAPABILITY IMAP4rev1 STARTTLS LOGINDISABLED UIDPLUS IDLE NAMESPACE UNSELECT LITERAL+
Server: MEM16 OK CAPABILITY completed
Server: * CAPABILITY IMAP4rev1 STARTTLS LOGINDISABLED UIDPLUS IDLE NAMESPACE UNSELECT LITERAL+
Server: MEM17 OK CAPABILITY completed
Server: * CAPABILITY IMAP4rev1 STARTTLS LOGINDISABLED UIDPLUS IDLE NAMESPACE UNSELECT LITERAL+
Server: MEM18 OK CAPABILITY completed
Server: * CAPABILITY IMAP4rev1 STARTTLS LOGINDISABLED UIDPLUS IDLE NAMESPACE UNSELECT LITERAL+
Server: MEM19 OK CAPABILITY completed
Server: * CAPABILITY IMAP4rev1 STARTTLS LOGINDISABLED UIDPLUS IDLE NAMESPACE UNSELECT LITERAL+
Server: MEM20 OK CAPABILITY completed
Server: * CAPABILITY IMAP4rev1 STARTTLS LOGINDISABLED UIDPLUS IDLE NAMESPACE UNSELECT LITERAL+
Server: MEM21 OK CAPABILITY completed
Server: * CAPABILITY IMAP4rev1 STARTTLS LOGINDISABLED UIDPLUS IDLE NAMESPACE UNSELECT LITERAL+
Server: MEM22 OK CAPABILITY completed
Server: * CAPABILITY IMAP4rev1 STARTTLS LOGINDISABLED UIDPLUS IDLE NAMESPACE UNSELECT LITERAL+
Server: MEM23 OK CAPABILITY completed
Server: * CAPABILITY IMAP4rev1 STARTTLS LOGINDISABLED UIDPLUS IDLE NAMESPACE UNSELECT LITERAL+
Server: MEM24 OK CAPABILITY completed
Server: * CAPABILITY IMAP4rev1 STARTTLS LOGINDISABLED UIDPLUS IDLE NAMESPACE UNSELECT LITERAL+
Server: MEM25 OK CAPABILITY completed
Server: * CAPABILITY IMAP4rev1 STARTTLS LOGINDISABLED UIDPLUS IDLE NAMESPACE UNSELECT LITERAL+
Server: MEM26 OK CAPABILITY completed
Server: * CAPABILITY IMAP4rev1 STARTTLS LOGINDISABLED UIDPLUS IDLE NAMESPACE UNSELECT LITERAL+
Server: MEM27 OK CAPABILITY completed
Server: * CAPABILITY IMAP4rev1 STARTTLS LOGINDISABLED UIDPLUS IDLE NAMESPACE UNSELECT LITERAL+
Server: MEM28 OK CAPABILITY completed
Server: * CAPABILITY IMAP4rev1 STARTTLS LOGINDISABLED UIDPLUS IDLE NAMESPACE UNSELECT LITERAL+
Server: MEM29 OK CAPABILITY completed
Server: * CAPABILITY IMAP4rev1 STARTTLS LOGINDISABLED UIDPLUS IDLE NAMESPACE UNSELECT LITERAL+
Server: MEM30 OK CAPABILITY completed
Server: * CAPABILITY IMAP4rev1 STARTTLS LOGINDISABLED UIDPLUS IDLE NAMESPACE UNSELECT LITERAL+
Server: MEM31 OK CAPABILITY completed
Server: * CAPABILITY IMAP4rev1 STARTTLS LOGINDISABLED UIDPLUS IDLE NAMESPACE UNSELECT LITERAL+
Server: MEM32 OK CAPABILITY completed
Server: * CAPABILITY IMAP4rev1 STARTTLS LOGINDISABLED UIDPLUS IDLE NAMESPACE UNSELECT LITERAL+
Server: MEM33 OK CAPABILITY completed
Server: * CAPABILITY IMAP4rev1 STARTTLS LOGINDISABLED UIDPLUS IDLE NAMESPACE UNSELECT LITERAL+
Server: MEM34 OK CAPABILITY completed
Server: * CAPABILITY IMAP4rev1 STARTTLS LOGINDISABLED UIDPLUS IDLE NAMESPACE UNSELECT LITERAL+
Server: MEM35 OK CAPABILITY completed
Server: * CAPABILITY IMAP4rev1 STARTTLS LOGINDISABLED UIDPLUS IDLE NAMESPACE UNSELECT LITERAL+
Server: MEM36 OK CAPABILITY completed
Server: * CAPABILITY IMAP4rev1 STARTTLS LOGINDISABLED UIDPLUS IDLE NAMESPACE UNSELECT LITERAL+
Server: MEM37 OK CAPABILITY completed
Server: * CAPABILITY IMAP4rev1 STARTTLS LOGINDISABLED UIDPLUS IDLE NAMESPACE UNSELECT LITERAL+
Server: MEM38 OK CAPABILITY completed
Server: * CAPABILITY IMAP4rev1 STARTTLS LOGINDISABLED UIDPLUS IDLE NAMESPACE UNSELECT LITERAL+
Server: MEM39 OK CAPABILITY completed
Server: * CAPABILITY IMAP4rev1 STARTTLS LOGINDISABLED UIDPLUS IDLE NAMESPACE UNSELECT LITERAL+
Server: MEM40 OK CAPABILITY completed
Server: * CAPABILITY IMAP4rev1 STARTTLS LOGINDISABLED UIDPLUS IDLE NAMESPACE UNSELECT LITERAL+
Server: MEM41 OK CAPABILITY completed
Server: * CAPABILITY IMAP4rev1 STARTTLS LOGINDISABLED UIDPLUS IDLE NAMESPACE UNSELECT LITERAL+
Server: MEM42 OK CAPABILITY completed
Server: * CAPABILITY IMAP4rev1 STARTTLS LOGINDISABLED UIDPLUS IDLE NAMESPACE UNSELECT LITERAL+
Server: MEM43 OK CAPABILITY completed
Server: * CAPABILITY IMAP4rev1 STARTTLS LOGINDISABLED UIDPLUS IDLE NAMESPACE UNSELECT LITERAL+
Server: MEM44 OK CAPABILITY completed
Server: * CAPABILITY IMAP4rev1 STARTTLS LOGINDISABLED UIDPLUS IDLE NAMESPACE UNSELECT LITERAL+
Server: MEM45 OK CAPABILITY completed
Server: * CAPABILITY IMAP4rev1 STARTTLS LOGINDISABLED UIDPLUS IDLE NAMESPACE UNSELECT LITERAL+
Server: MEM46 OK CAPABILITY completed
Server: * CAPABILITY IMAP4rev1 STARTTLS LOGINDISABLED UIDPLUS IDLE NAMESPACE UNSELECT LITERAL+
Server: MEM47 OK CAPABILITY completed
Server: * CAPABILITY IMAP4rev1 STARTTLS LOGINDISABLED UIDPLUS IDLE NAMESPACE UNSELECT LITERAL+
Server: MEM48 OK CAPABILITY completed
Server: * CAPABILITY IMAP4rev1 STARTTLS LOGINDISABLED UIDPLUS IDLE NAMESPACE UNSELECT LITERAL+
Server: MEM49 OK CAPABILITY completed
Server: * CAPABILITY IMAP4rev1 STARTTLS LOGINDISABLED UIDPLUS IDLE NAMESPACE UNSELECT LITERAL+
Server: MEM50 OK CAPABILITY completed
Server: * CAPABILITY IMAP4rev1 STARTTLS LOGINDISABLED UIDPLUS IDLE NAMESPACE UNSELECT LITERAL+
Server: MEM51 OK CAPABILITY completed
Server: * CAPABILITY IMAP4rev1 STARTTLS LOGINDISABLED UIDPLUS IDLE NAMESPACE UNSELECT LITERAL+
Server: MEM52 OK CAPABILITY completed
Server: * CAPABILITY IMAP4rev1 STARTTLS LOGINDISABLED UIDPLUS IDLE NAMESPACE UNSELECT LITERAL+
Server: MEM53 OK CAPABILITY completed
Server: * CAPABILITY IMAP4rev1 STARTTLS LOGINDISABLED UIDPLUS IDLE NAMESPACE UNSELECT LITERAL+
Server: MEM54 OK CAPABILITY completed
Server: * CAPABILITY IMAP4rev1 STARTTLS LOGINDISABLED UIDPLUS IDLE NAMESPACE UNSELECT LITERAL+
Server: MEM55 OK CAPABILITY completed
Server: * CAPABILITY IMAP4rev1 STARTTLS LOGINDISABLED UIDPLUS IDLE NAMESPACE UNSELECT LITERAL+
Server: MEM56 OK CAPABILITY completed
Server: * CAPABILITY IMAP4rev1 STARTTLS LOGINDISABLED UIDPLUS IDLE NAMESPACE UNSELECT LITERAL+
Server: MEM57 OK CAPABILITY completed
Server: * CAPABILITY IMAP4rev1 STARTTLS LOGINDISABLED UIDPLUS IDLE NAMESPACE UNSELECT LITERAL+
Server: MEM58 OK CAPABILITY completed
Server: * CAPABILITY IMAP4rev1 STARTTLS LOGINDISABLED UIDPLUS IDLE NAMESPACE UNSELECT LITERAL+
Server: MEM59 OK CAPABILITY completed
Server: * CAPABILITY IMAP4rev1 STARTTLS LOGINDISABLED UIDPLUS IDLE NAMESPACE UNSELECT LITERAL+
Server: MEM60 OK CAPABILITY completed
Server: * CAPABILITY IMAP4rev1 STARTTLS LOGINDISABLED UIDPLUS IDLE NAMESPACE UNSELECT LITERAL+
Server: MEM61 OK CAPABILITY completed
Server: * CAPABILITY IMAP4rev1 STARTTLS LOGINDISABLED UIDPLUS IDLE NAMESPACE UNSELECT LITERAL+
Server: MEM62 OK CAPABILITY completed
Server: * CAPABILITY IMAP4rev1 STARTTLS LOGINDISABLED UIDPLUS IDLE NAMESPACE UNSELECT LITERAL+
Server: MEM63 OK CAPABILITY completed
Server: * CAPABILITY IMAP4rev1 STARTTLS LOGINDISABLED UIDPLUS IDLE NAMESPACE UNSELECT LITERAL+
Server: MEM64 OK CAPABILITY completed
Server: * CAPABILITY IMAP4rev1 STARTTLS LOGINDISABLED UIDPLUS IDLE NAMESPACE UNSELECT LITERAL+
Server: MEM65 OK CAPABILITY completed
Server: * CAPABILITY IMAP4rev1 STARTTLS LOGINDISABLED UIDPLUS IDLE NAMESPACE UNSELECT LITERAL+
Server: MEM66 OK CAPABILITY completed
Server: * CAPABILITY IMAP4rev1 STARTTLS LOGINDISABLED UIDPLUS IDLE NAMESPACE UNSELECT LITERAL+
Server: MEM67 OK CAPABILITY completed
Server: * CAPABILITY IMAP4rev1 STARTTLS LOGINDISABLED UIDPLUS IDLE NAMESPACE UNSELECT LITERAL+
Server: MEM68 OK CAPABILITY completed
Server: * CAPABILITY IMAP4rev1 STARTTLS LOGINDISABLED UIDPLUS IDLE NAMESPACE UNSELECT LITERAL+
Server: MEM69 OK CAPABILITY completed
Server: * CAPABILITY IMAP4rev1 STARTTLS LOGINDISABLED UIDPLUS IDLE NAMESPACE UNSELECT LITERAL+
Server: MEM70 OK CAPABILITY completed
Server: * CAPABILITY IMAP4rev1 STARTTLS LOGINDISABLED UIDPLUS IDLE NAMESPACE UNSELECT LITERAL+
Server: MEM71 OK CAPABILITY completed
Server: * CAPABILITY IMAP4rev1 STARTTLS LOGINDISABLED UIDPLUS IDLE NAMESPACE UNSELECT LITERAL+
Server: MEM72 OK CAPABILITY completed
Server: * CAPABILITY IMAP4rev1 STARTTLS LOGINDISABLED UIDPLUS IDLE NAMESPACE UNSELECT LITERAL+
Server: MEM73 OK CAPABILITY completed
Server: * CAPABILITY IMAP4rev1 STARTTLS LOGINDISABLED UIDPLUS IDLE NAMESPACE UNSELECT LITERAL+
Server: MEM74 OK CAPABILITY completed
Server: * CAPABILITY IMAP4rev1 STARTTLS LOGINDISABLED UIDPLUS IDLE NAMESPACE UNSELECT LITERAL+
Server: MEM75 OK CAPABILITY completed
Server: * CAPABILITY IMAP4rev1 STARTTLS LOGINDISABLED UIDPLUS IDLE NAMESPACE UNSELECT LITERAL+
Server: MEM76 OK CAPABILITY completed
Server: * CAPABILITY IMAP4rev1 STARTTLS LOGINDISABLED UIDPLUS IDLE NAMESPACE UNSELECT LITERAL+
Server: MEM77 OK CAPABILITY completed
Server: * CAPABILITY IMAP4rev1 STARTTLS LOGINDISABLED UIDPLUS IDLE NAMESPACE UNSELECT LITERAL+
Server: MEM78 OK CAPABILITY completed
Server: * CAPABILITY IMAP4rev1 STARTTLS LOGINDISABLED UIDPLUS IDLE NAMESPACE UNSELECT LITERAL+
Server: MEM79 OK CAPABILITY completed
Server: * CAPABILITY IMAP4rev1 STARTTLS LOGINDISABLED UIDPLUS IDLE NAMESPACE UNSELECT LITERAL+
Server: MEM80 OK CAPABILITY completed
Server: * CAPABILITY IMAP4rev1 STARTTLS LOGINDISABLED UIDPLUS IDLE NAMESPACE UNSELECT LITERAL+
Server: MEM81 OK CAPABILITY completed
Server: * CAPABILITY IMAP4rev1 STARTTLS LOGINDISABLED UIDPLUS IDLE NAMESPACE UNSELECT LITERAL+
Server: MEM82 OK CAPABILITY completed
Server: * CAPABILITY IMAP4rev1 STARTTLS LOGINDISABLED UIDPLUS IDLE NAMESPACE UNSELECT LITERAL+
Server: MEM83 OK CAPABILITY completed
Server: * CAPABILITY IMAP4rev1 STARTTLS LOGINDISABLED UIDPLUS IDLE NAMESPACE UNSELECT LITERAL+
Server: MEM84 OK CAPABILITY completed
Server: * CAPABILITY IMAP4rev1 STARTTLS LOGINDISABLED UIDPLUS IDLE NAMESPACE UNSELECT LITERAL+
Server: MEM85 OK CAPABILITY completed
Server: * CAPABILITY IMAP4rev1 STARTTLS LOGINDISABLED UIDPLUS IDLE NAMESPACE UNSELECT LITERAL+
Server: MEM86 OK CAPABILITY completed
Server: * CAPABILITY IMAP4rev1 STARTTLS LOGINDISABLED UIDPLUS IDLE NAMESPACE UNSELECT LITERAL+
Server: MEM87 OK CAPABILITY completed
Server: * CAPABILITY IMAP4rev1 STARTTLS LOGINDISABLED UIDPLUS IDLE NAMESPACE UNSELECT LITERAL+
Server: MEM88 OK CAPABILITY completed
Server: * CAPABILITY IMAP4rev1 STARTTLS LOGINDISABLED UIDPLUS IDLE NAMESPACE UNSELECT LITERAL+
Server: MEM89 OK CAPABILITY completed
Server: * CAPABILITY IMAP4rev1 STARTTLS LOGINDISABLED UIDPLUS IDLE NAMESPACE UNSELECT LITERAL+
Server: MEM90 OK CAPABILITY completed
Server: * CAPABILITY IMAP4rev1 STARTTLS LOGINDISABLED UIDPLUS IDLE NAMESPACE UNSELECT LITERAL+
Server: MEM91 OK CAPABILITY completed
Server: * CAPABILITY IMAP4rev1 STARTTLS LOGINDISABLED UIDPLUS IDLE NAMESPACE UNSELECT LITERAL+
Server: MEM92 OK CAPABILITY completed
Server: * CAPABILITY IMAP4rev1 STARTTLS LOGINDISABLED UIDPLUS IDLE NAMESPACE UNSELECT LITERAL+
Server: MEM93 OK CAPABILITY completed
Server: * CAPABILITY IMAP4rev1 STARTTLS LOGINDISABLED UIDPLUS IDLE NAMESPACE UNSELECT LITERAL+
Server: MEM94 OK CAPABILITY completed
Server: * CAPABILITY IMAP4rev1 STARTTLS LOGINDISABLED UIDPLUS IDLE NAMESPACE UNSELECT LITERAL+
Server: MEM95 OK CAPABILITY completed
Server: * CAPABILITY IMAP4rev1 STARTTLS LOGINDISABLED UIDPLUS IDLE NAMESPACE UNSELECT LITERAL+
Server: MEM96 OK CAPABILITY completed
Server: * CAPABILITY IMAP4rev1 STARTTLS LOGINDISABLED UIDPLUS IDLE NAMESPACE UNSELECT LITERAL+
Server: MEM97 OK CAPABILITY completed
Server: * CAPABILITY IMAP4rev1 STARTTLS LOGINDISABLED UIDPLUS IDLE NAMESPACE UNSELECT LITERAL+
Server: MEM98 OK CAPABILITY completed
Server: * CAPABILITY IMAP4rev1 STARTTLS LOGINDISABLED UIDPLUS IDLE NAMESPACE UNSELECT LITERAL+
Server: MEM99 OK CAPABILITY completed
Server: * CAPABILITY IMAP4rev1 STARTTLS LOGINDISABLED UIDPLUS IDLE NAMESPACE UNSELECT LITERAL+
Server: MEM100 OK CAPABILITY completed
Server: * CAPABILITY IMAP4rev1 STARTTLS LOGINDISABLED UIDPLUS IDLE NAMESPACE UNSELECT LITERAL+
Server: MEM101 OK CAPABILITY completed
Server: * CAPABILITY IMAP4rev1 STARTTLS LOGINDISABLED UIDPLUS IDLE NAMESPACE UNSELECT LITERAL+
Server: MEM102 OK CAPABILITY completed
Server: * CAPABILITY IMAP4rev1 STARTTLS LOGINDISABLED UIDPLUS IDLE NAMESPACE UNSELECT LITERAL+
Server: MEM103 OK CAPABILITY completed
Server: * CAPABILITY IMAP4rev1 STARTTLS LOGINDISABLED UIDPLUS IDLE NAMESPACE UNSELECT LITERAL+
Server: MEM104 OK CAPABILITY completed
Server: * CAPABILITY IMAP4rev1 STARTTLS LOGINDISABLED UIDPLUS IDLE NAMESPACE UNSELECT LITERAL+
Server: MEM105 OK CAPABILITY completed
Server: * CAPABILITY IMAP4rev1 STARTTLS LOGINDISABLED UIDPLUS IDLE NAMESPACE UNSELECT LITERAL+
Server: MEM106 OK CAPABILITY completed
Server: * CAPABILITY IMAP4rev1 STARTTLS LOGINDISABLED UIDPLUS IDLE NAMESPACE UNSELECT LITERAL+
Server: MEM107 OK CAPABILITY completed
Server: * CAPABILITY IMAP4rev1 STARTTLS LOGINDISABLED UIDPLUS IDLE NAMESPACE UNSELECT LITERAL+
Server: MEM108 OK CAPABILITY completed
Server: * CAPABILITY IMAP4rev1 STARTTLS LOGINDISABLED UIDPLUS IDLE NAMESPACE UNSELECT LITERAL+
Server: MEM109 OK CAPABILITY completed
Server: * CAPABILITY IMAP4rev1 STARTTLS LOGINDISABLED UIDPLUS IDLE NAMESPACE UNSELECT LITERAL+
Server: MEM110 OK CAPABILITY completed
Server: * CAPABILITY IMAP4rev1 STARTTLS LOGINDISABLED UIDPLUS IDLE NAMESPACE UNSELECT LITERAL+
Server: MEM111 OK CAPABILITY completed
Server: * CAPABILITY IMAP4rev1 STARTTLS LOGINDISABLED UIDPLUS IDLE NAMESPACE UNSELECT LITERAL+
Server: MEM112 OK CAPABILITY completed
Server: * CAPABILITY IMAP4rev1 STARTTLS LOGINDISABLED UIDPLUS IDLE NAMESPACE UNSELECT LITERAL+
Server: MEM113 OK CAPABILITY completed
Server: * CAPABILITY IMAP4rev1 STARTTLS LOGINDISABLED UIDPLUS IDLE NAMESPACE UNSELECT LITERAL+
Server: MEM114 OK CAPABILITY completed
Server: * CAPABILITY IMAP4rev1 STARTTLS LOGINDISABLED UIDPLUS IDLE NAMESPACE UNSELECT LITERAL+
Server: MEM115 OK CAPABILITY completed
Server: * CAPABILITY IMAP4rev1 STARTTLS LOGINDISABLED UIDPLUS IDLE NAMESPACE UNSELECT LITERAL+
Server: MEM116 OK CAPABILITY completed
Server: * CAPABILITY IMAP4rev1 STARTTLS LOGINDISABLED UIDPLUS IDLE NAMESPACE UNSELECT LITERAL+
Server: MEM117 OK CAPABILITY completed
Server: * CAPABILITY IMAP4rev1 STARTTLS LOGINDISABLED UIDPLUS IDLE NAMESPACE UNSELECT LITERAL+
Server: MEM118 OK CAPABILITY completed
Server: * CAPABILITY IMAP4rev1 STARTTLS LOGINDISABLED UIDPLUS IDLE NAMESPACE UNSELECT LITERAL+
Server: MEM119 OK CAPABILITY completed
Server: * CAPABILITY IMAP4rev1 STARTTLS LOGINDISABLED UIDPLUS IDLE NAMESPACE UNSELECT LITERAL+
Server: MEM120 OK CAPABILITY completed
Server: * CAPABILITY IMAP4rev1 STARTTLS LOGINDISABLED UIDPLUS IDLE NAMESPACE UNSELECT LITERAL+
Server: MEM121 OK CAPABILITY completed
Server: * CAPABILITY IMAP4rev1 STARTTLS LOGINDISABLED UIDPLUS IDLE NAMESPACE UNSELECT LITERAL+
Server: MEM122 OK CAPABILITY completed
Server: * CAPABILITY IMAP4rev1 STARTTLS LOGINDISABLED UIDPLUS IDLE NAMESPACE UNSELECT LITERAL+
Server: MEM123 OK CAPABILITY completed
Server: * CAPABILITY IMAP4rev1 STARTTLS LOGINDISABLED UIDPLUS IDLE NAMESPACE UNSELECT LITERAL+
Server: MEM124 OK CAPABILITY completed
Server: * CAPABILITY IMAP4rev1 STARTTLS LOGINDISABLED UIDPLUS IDLE NAMESPACE UNSELECT LITERAL+
Server: MEM125 OK CAPABILITY completed
Server: * CAPABILITY IMAP4rev1 STARTTLS LOGINDISABLED UIDPLUS IDLE NAMESPACE UNSELECT LITERAL+
Server: MEM126 OK CAPABILITY completed
Server: * CAPABILITY IMAP4rev1 STARTTLS LOGINDISABLED UIDPLUS IDLE NAMESPACE UNSELECT LITERAL+
Server: MEM127 OK CAPABILITY completed
Server: * CAPABILITY IMAP4rev1 STARTTLS LOGINDISABLED UIDPLUS IDLE NAMESPACE UNSELECT LITERAL+
Server: MEM128 OK CAPABILITY completed
Server: * CAPABILITY IMAP4rev1 STARTTLS LOGINDISABLED UIDPLUS IDLE NAMESPACE UNSELECT LITERAL+
Server: MEM129 OK CAPABILITY completed
Server: * CAPABILITY IMAP4rev1 STARTTLS LOGINDISABLED UIDPLUS IDLE NAMESPACE UNSELECT LITERAL+
Server: MEM130 OK CAPABILITY completed
Server: * CAPABILITY IMAP4rev1 STARTTLS LOGINDISABLED UIDPLUS IDLE NAMESPACE UNSELECT LITERAL+
Server: MEM131 OK CAPABILITY completed
Server: * CAPABILITY IMAP4rev1 STARTTLS LOGINDISABLED UIDPLUS IDLE NAMESPACE UNSELECT LITERAL+
Server: MEM132 OK CAPABILITY completed
Server: * CAPABILITY IMAP4rev1 STARTTLS LOGINDISABLED UIDPLUS IDLE NAMESPACE UNSELECT LITERAL+
Server: MEM133 OK CAPABILITY completed
Server: * CAPABILITY IMAP4rev1 STARTTLS LOGINDISABLED UIDPLUS IDLE NAMESPACE UNSELECT LITERAL+
Server: MEM134 OK CAPABILITY completed
Server: * CAPABILITY IMAP4rev1 STARTTLS LOGINDISABLED UIDPLUS IDLE NAMESPACE UNSELECT LITERAL+
Server: MEM135 OK CAPABILITY completed
Server: * CAPABILITY IMAP4rev1 STARTTLS LOGINDISABLED UIDPLUS IDLE NAMESPACE UNSELECT LITERAL+
Server: MEM136 OK CAPABILITY completed
Server: * CAPABILITY IMAP4rev1 STARTTLS LOGINDISABLED UIDPLUS IDLE NAMESPACE UNSELECT LITERAL+
Server: MEM137 OK CAPABILITY completed
Server: * CAPABILITY IMAP4rev1 STARTTLS LOGINDISABLED UIDPLUS IDLE NAMESPACE UNSELECT LITERAL+
Server: MEM138 OK CAPABILITY completed
Server: * CAPABILITY IMAP4rev1 STARTTLS LOGINDISABLED UIDPLUS IDLE NAMESPACE UNSELECT LITERAL+
Server: MEM139 OK CAPABILITY completed
Server: * CAPABILITY IMAP4rev1 STARTTLS LOGINDISABLED UIDPLUS IDLE NAMESPACE UNSELECT LITERAL+
Server: MEM140 OK CAPABILITY completed
Server: * CAPABILITY IMAP4rev1 STARTTLS LOGINDISABLED UIDPLUS IDLE NAMESPACE UNSELECT LITERAL+
Server: MEM141 OK CAPABILITY completed
Server: * CAPABILITY IMAP4rev1 STARTTLS LOGINDISABLED UIDPLUS IDLE NAMESPACE UNSELECT LITERAL+
Server: MEM142 OK CAPABILITY completed
Server: * CAPABILITY IMAP4rev1 STARTTLS LOGINDISABLED UIDPLUS IDLE NAMESPACE UNSELECT LITERAL+
Server: MEM143 OK CAPABILITY completed
Server: * CAPABILITY IMAP4rev1 STARTTLS LOGINDISABLED UIDPLUS IDLE NAMESPACE UNSELECT LITERAL+
Server: MEM144 OK CAPABILITY completed
Server: * CAPABILITY IMAP4rev1 STARTTLS LOGINDISABLED UIDPLUS IDLE NAMESPACE UNSELECT LITERAL+
Server: MEM145 OK CAPABILITY completed
Server: * CAPABILITY IMAP4rev1 STARTTLS LOGINDISABLED UIDPLUS IDLE NAMESPACE UNSELECT LITERAL+
Server: MEM146 OK CAPABILITY completed
Server: * CAPABILITY IMAP4rev1 STARTTLS LOGINDISABLED UIDPLUS IDLE NAMESPACE UNSELECT LITERAL+
Server: MEM147 OK CAPABILITY completed
Server: * CAPABILITY IMAP4rev1 STARTTLS LOGINDISABLED UIDPLUS IDLE NAMESPACE UNSELECT LITERAL+
Server: MEM148 OK CAPABILITY completed
Server: * CAPABILITY IMAP4rev1 STARTTLS LOGINDISABLED UIDPLUS IDLE NAMESPACE UNSELECT LITERAL+
Server: MEM149 OK CAPABILITY completed
Server: * CAPABILITY IMAP4rev1 STARTTLS LOGINDISABLED UIDPLUS IDLE NAMESPACE UNSELECT LITERAL+
Server: MEM150 OK CAPABILITY completed
Server: * CAPABILITY IMAP4rev1 STARTTLS LOGINDISABLED UIDPLUS IDLE NAMESPACE UNSELECT LITERAL+
Server: MEM151 OK CAPABILITY completed
Server: * CAPABILITY IMAP4rev1 STARTTLS LOGINDISABLED UIDPLUS IDLE NAMESPACE UNSELECT LITERAL+
Server: MEM152 OK CAPABILITY completed
Server: * CAPABILITY IMAP4rev1 STARTTLS LOGINDISABLED UIDPLUS IDLE NAMESPACE UNSELECT LITERAL+
Server: MEM153 OK CAPABILITY completed
Server: * CAPABILITY IMAP4rev1 STARTTLS LOGINDISABLED UIDPLUS IDLE NAMESPACE UNSELECT LITERAL+
Server: MEM154 OK CAPABILITY completed
Server: * CAPABILITY IMAP4rev1 STARTTLS LOGINDISABLED UIDPLUS IDLE NAMESPACE UNSELECT LITERAL+
Server: MEM155 OK CAPABILITY completed
Server: * CAPABILITY IMAP4rev1 STARTTLS LOGINDISABLED UIDPLUS IDLE NAMESPACE UNSELECT LITERAL+
Server: MEM156 OK CAPABILITY completed
Server: * CAPABILITY IMAP4rev1 STARTTLS LOGINDISABLED UIDPLUS IDLE NAMESPACE UNSELECT LITERAL+
Server: MEM157 OK CAPABILITY completed
Server: * CAPABILITY IMAP4rev1 STARTTLS LOGINDISABLED UIDPLUS IDLE NAMESPACE UNSELECT LITERAL+
Server: MEM158 OK CAPABILITY completed
Server: * CAPABILITY IMAP4rev1 STARTTLS LOGINDISABLED UIDPLUS IDLE NAMESPACE UNSELECT LITERAL+
Server: MEM159 OK CAPABILITY completed
Server: * CAPABILITY IMAP4rev1 STARTTLS LOGINDISABLED UIDPLUS IDLE NAMESPACE UNSELECT LITERAL+
Server: MEM160 OK CAPABILITY completed
Server: * CAPABILITY IMAP4rev1 STARTTLS LOGINDISABLED UIDPLUS IDLE NAMESPACE UNSELECT LITERAL+
Server: MEM161 OK CAPABILITY completed
Server: * CAPABILITY IMAP4rev1 STARTTLS LOGINDISABLED UIDPLUS IDLE NAMESPACE UNSELECT LITERAL+
Server: MEM162 OK CAPABILITY completed
Server: * CAPABILITY IMAP4rev1 STARTTLS LOGINDISABLED UIDPLUS IDLE NAMESPACE UNSELECT LITERAL+
Server: MEM163 OK CAPABILITY completed
Server: * CAPABILITY IMAP4rev1 STARTTLS LOGINDISABLED UIDPLUS IDLE NAMESPACE UNSELECT LITERAL+
Server: MEM164 OK CAPABILITY completed
Server: * CAPABILITY IMAP4rev1 STARTTLS LOGINDISABLED UIDPLUS IDLE NAMESPACE UNSELECT LITERAL+
Server: MEM165 OK CAPABILITY completed
Server: * CAPABILITY IMAP4rev1 STARTTLS LOGINDISABLED UIDPLUS IDLE NAMESPACE UNSELECT LITERAL+
Server: MEM166 OK CAPABILITY completed
Server: * CAPABILITY IMAP4rev1 STARTTLS LOGINDISABLED UIDPLUS IDLE NAMESPACE UNSELECT LITERAL+
Server: MEM167 OK CAPABILITY completed
Server: * CAPABILITY IMAP4rev1 STARTTLS LOGINDISABLED UIDPLUS IDLE NAMESPACE UNSELECT LITERAL+
Server: MEM168 OK CAPABILITY completed
Server: * CAPABILITY IMAP4rev1 STARTTLS LOGINDISABLED UIDPLUS IDLE NAMESPACE UNSELECT LITERAL+
Server: MEM169 OK CAPABILITY completed
Server: * CAPABILITY IMAP4rev1 STARTTLS LOGINDISABLED UIDPLUS IDLE NAMESPACE UNSELECT LITERAL+
Server: MEM170 OK CAPABILITY completed
Server: * CAPABILITY IMAP4rev1 STARTTLS LOGINDISABLED UIDPLUS IDLE NAMESPACE UNSELECT LITERAL+
Server: MEM171 OK CAPABILITY completed
Server: * CAPABILITY IMAP4rev1 STARTTLS LOGINDISABLED UIDPLUS IDLE NAMESPACE UNSELECT LITERAL+
Server: MEM172 OK CAPABILITY completed
Server: * CAPABILITY IMAP4rev1 STARTTLS LOGINDISABLED UIDPLUS IDLE NAMESPACE UNSELECT LITERAL+
Server: MEM173 OK CAPABILITY completed
Server: * CAPABILITY IMAP4rev1 STARTTLS LOGINDISABLED UIDPLUS IDLE NAMESPACE UNSELECT LITERAL+
Server: MEM174 OK CAPABILITY completed
Server: * CAPABILITY IMAP4rev1 STARTTLS LOGINDISABLED UIDPLUS IDLE NAMESPACE UNSELECT LITERAL+
Server: MEM175 OK CAPABILITY completed
Server: * CAPABILITY IMAP4rev1 STARTTLS LOGINDISABLED UIDPLUS IDLE NAMESPACE UNSELECT LITERAL+
Server: MEM176 OK CAPABILITY completed
Server: * CAPABILITY IMAP4rev1 STARTTLS LOGINDISABLED UIDPLUS IDLE NAMESPACE UNSELECT LITERAL+
Server: MEM177 OK CAPABILITY completed
Server: * CAPABILITY IMAP4rev1 STARTTLS LOGINDISABLED UIDPLUS IDLE NAMESPACE UNSELECT LITERAL+
Server: MEM178 OK CAPABILITY completed
Server: * CAPABILITY IMAP4rev1 STARTTLS LOGINDISABLED UIDPLUS IDLE NAMESPACE UNSELECT LITERAL+
Server: MEM179 OK CAPABILITY completed
Server: * CAPABILITY IMAP4rev1 STARTTLS LOGINDISABLED UIDPLUS IDLE NAMESPACE UNSELECT LITERAL+
Server: MEM180 OK CAPABILITY completed
Server: * CAPABILITY IMAP4rev1 STARTTLS LOGINDISABLED UIDPLUS IDLE NAMESPACE UNSELECT LITERAL+
Server: MEM181 OK CAPABILITY completed
Server: * CAPABILITY IMAP4rev1 STARTTLS LOGINDISABLED UIDPLUS IDLE NAMESPACE UNSELECT LITERAL+
Server: MEM182 OK CAPABILITY completed
Server: * CAPABILITY IMAP4rev1 STARTTLS LOGINDISABLED UIDPLUS IDLE NAMESPACE UNSELECT LITERAL+
Server: MEM183 OK CAPABILITY completed
Server: * CAPABILITY IMAP4rev1 STARTTLS LOGINDISABLED UIDPLUS IDLE NAMESPACE UNSELECT LITERAL+
Server: MEM184 OK CAPABILITY completed
Server: * CAPABILITY IMAP4rev1 STARTTLS LOGINDISABLED UIDPLUS IDLE NAMESPACE UNSELECT LITERAL+
Server: MEM185 OK CAPABILITY completed
Server: * CAPABILITY IMAP4rev1 STARTTLS LOGINDISABLED UIDPLUS IDLE NAMESPACE UNSELECT LITERAL+
Server: MEM186 OK CAPABILITY completed
Server: * CAPABILITY IMAP4rev1 STARTTLS LOGINDISABLED UIDPLUS IDLE NAMESPACE UNSELECT LITERAL+
Server: MEM187 OK CAPABILITY completed
Server: * CAPABILITY IMAP4rev1 STARTTLS LOGINDISABLED UIDPLUS IDLE NAMESPACE UNSELECT LITERAL+
Server: MEM188 OK CAPABILITY completed
Server: * CAPABILITY IMAP4rev1 STARTTLS LOGINDISABLED UIDPLUS IDLE NAMESPACE UNSELECT LITERAL+
Server: MEM189 OK CAPABILITY completed
Server: * CAPABILITY IMAP4rev1 STARTTLS LOGINDISABLED UIDPLUS IDLE NAMESPACE UNSELECT LITERAL+
Server: MEM190 OK CAPABILITY completed
Server: * CAPABILITY IMAP4rev1 STARTTLS LOGINDISABLED UIDPLUS IDLE NAMESPACE UNSELECT LITERAL+
Server: MEM191 OK CAPABILITY completed
Server: * CAPABILITY IMAP4rev1 STARTTLS LOGINDISABLED UIDPLUS IDLE NAMESPACE UNSELECT LITERAL+
Server: MEM192 OK CAPABILITY completed
Server: * CAPABILITY IMAP4rev1 STARTTLS LOGINDISABLED UIDPLUS IDLE NAMESPACE UNSELECT LITERAL+
Server: MEM193 OK CAPABILITY completed
Server: * CAPABILITY IMAP4rev1 STARTTLS LOGINDISABLED UIDPLUS IDLE NAMESPACE UNSELECT LITERAL+
Server: MEM194 OK CAPABILITY completed
Server: * CAPABILITY IMAP4rev1 STARTTLS LOGINDISABLED UIDPLUS IDLE NAMESPACE UNSELECT LITERAL+
Server: MEM195 OK CAPABILITY completed
Server: * CAPABILITY IMAP4rev1 STARTTLS LOGINDISABLED UIDPLUS IDLE NAMESPACE UNSELECT LITERAL+
Server: MEM196 OK CAPABILITY completed
Server: * CAPABILITY IMAP4rev1 STARTTLS LOGINDISABLED UIDPLUS IDLE NAMESPACE UNSELECT LITERAL+
Server: MEM197 OK CAPABILITY completed
Server: * CAPABILITY IMAP4rev1 STARTTLS LOGINDISABLED UIDPLUS IDLE NAMESPACE UNSELECT LITERAL+
Server: MEM198 OK CAPABILITY completed
Server: * CAPABILITY IMAP4rev1 STARTTLS LOGINDISABLED UIDPLUS IDLE NAMESPACE UNSELECT LITERAL+
Server: MEM199 OK CAPABILITY completed
Server: * CAPABILITY IMAP4rev1 STARTTLS LOGINDISABLED UIDPLUS IDLE NAMESPACE UNSELECT LITERAL+
Server: MEM200 OK CAPABILITY completed
Server: * CAPABILITY IMAP4rev1 STARTTLS LOGINDISABLED UIDPLUS IDLE NAMESPACE UNSELECT LITERAL+
Server: MEM201 OK CAPABILITY completed
Server: * CAPABILITY IMAP4rev1 STARTTLS LOGINDISABLED UIDPLUS IDLE NAMESPACE UNSELECT LITERAL+
Server: MEM202 OK CAPABILITY completed
Server: * CAPABILITY IMAP4rev1 STARTTLS LOGINDISABLED UIDPLUS IDLE NAMESPACE UNSELECT LITERAL+
Server: MEM203 OK CAPABILITY completed
Server: * CAPABILITY IMAP4rev1 STARTTLS LOGINDISABLED UIDPLUS IDLE NAMESPACE UNSELECT LITERAL+
Server: MEM204 OK CAPABILITY completed
Server: * CAPABILITY IMAP4rev1 STARTTLS LOGINDISABLED UIDPLUS IDLE NAMESPACE UNSELECT LITERAL+
Server: MEM205 OK CAPABILITY completed
Server: * CAPABILITY IMAP4rev1 STARTTLS LOGINDISABLED UIDPLUS IDLE NAMESPACE UNSELECT LITERAL+
Server: MEM206 OK CAPABILITY completed
Server: * CAPABILITY IMAP4rev1 STARTTLS LOGINDISABLED UIDPLUS IDLE NAMESPACE UNSELECT LITERAL+
Server: MEM207 OK CAPABILITY completed
Server: * CAPABILITY IMAP4rev1 STARTTLS LOGINDISABLED UIDPLUS IDLE NAMESPACE UNSELECT LITERAL+
Server: MEM208 OK CAPABILITY completed
Server: * CAPABILITY IMAP4rev1 STARTTLS LOGINDISABLED UIDPLUS IDLE NAMESPACE UNSELECT LITERAL+
Server: MEM209 OK CAPABILITY completed
Server: * CAPABILITY IMAP4rev1 STARTTLS LOGINDISABLED UIDPLUS IDLE NAMESPACE UNSELECT LITERAL+
Server: MEM210 OK CAPABILITY completed
Server: * CAPABILITY IMAP4rev1 STARTTLS LOGINDISABLED UIDPLUS IDLE NAMESPACE UNSELECT LITERAL+
Server: MEM211 OK CAPABILITY completed
Server: * CAPABILITY IMAP4rev1 STARTTLS LOGINDISABLED UIDPLUS IDLE NAMESPACE UNSELECT LITERAL+
Server: MEM212 OK CAPABILITY completed
Server: * CAPABILITY IMAP4rev1 STARTTLS LOGINDISABLED UIDPLUS IDLE NAMESPACE UNSELECT LITERAL+
Server: MEM213 OK CAPABILITY completed
Server: * CAPABILITY IMAP4rev1 STARTTLS LOGINDISABLED UIDPLUS IDLE NAMESPACE UNSELECT LITERAL+
Server: MEM214 OK CAPABILITY completed
Server: * CAPABILITY IMAP4rev1 STARTTLS LOGINDISABLED UIDPLUS IDLE NAMESPACE UNSELECT LITERAL+
Server: MEM215 OK CAPABILITY completed
Server: * CAPABILITY IMAP4rev1 STARTTLS LOGINDISABLED UIDPLUS IDLE NAMESPACE UNSELECT LITERAL+
Server: MEM216 OK CAPABILITY completed
Server: * CAPABILITY IMAP4rev1 STARTTLS LOGINDISABLED UIDPLUS IDLE NAMESPACE UNSELECT LITERAL+
Server: MEM217 OK CAPABILITY completed
Server: * CAPABILITY IMAP4rev1 STARTTLS LOGINDISABLED UIDPLUS IDLE NAMESPACE UNSELECT LITERAL+
Server: MEM218 OK CAPABILITY completed
Server: * CAPABILITY IMAP4rev1 STARTTLS LOGINDISABLED UIDPLUS IDLE NAMESPACE UNSELECT LITERAL+
Server: MEM219 OK CAPABILITY completed
Server: * CAPABILITY IMAP4rev1 STARTTLS LOGINDISABLED UIDPLUS IDLE NAMESPACE UNSELECT LITERAL+
Server: MEM220 OK CAPABILITY completed
Server: * CAPABILITY IMAP4rev1 STARTTLS LOGINDISABLED UIDPLUS IDLE NAMESPACE UNSELECT LITERAL+
Server: MEM221 OK CAPABILITY completed
Server: * CAPABILITY IMAP4rev1 STARTTLS LOGINDISABLED UIDPLUS IDLE NAMESPACE UNSELECT LITERAL+
Server: MEM222 OK CAPABILITY completed
Server: * CAPABILITY IMAP4rev1 STARTTLS LOGINDISABLED UIDPLUS IDLE NAMESPACE UNSELECT LITERAL+
Server: MEM223 OK CAPABILITY completed
Server: * CAPABILITY IMAP4rev1 STARTTLS LOGINDISABLED UIDPLUS IDLE NAMESPACE UNSELECT LITERAL+
Server: MEM224 OK CAPABILITY completed
Server: * CAPABILITY IMAP4rev1 STARTTLS LOGINDISABLED UIDPLUS IDLE NAMESPACE UNSELECT LITERAL+
Server: MEM225 OK CAPABILITY completed
Server: * CAPABILITY IMAP4rev1 STARTTLS LOGINDISABLED UIDPLUS IDLE NAMESPACE UNSELECT LITERAL+
Server: MEM226 OK CAPABILITY completed
Server: * CAPABILITY IMAP4rev1 STARTTLS LOGINDISABLED UIDPLUS IDLE NAMESPACE UNSELECT LITERAL+
Server: MEM227 OK CAPABILITY completed
Server: * CAPABILITY IMAP4rev1 STARTTLS LOGINDISABLED UIDPLUS IDLE NAMESPACE UNSELECT LITERAL+
Server: MEM228 OK CAPABILITY completed
Server: * CAPABILITY IMAP4rev1 STARTTLS LOGINDISABLED UIDPLUS IDLE NAMESPACE UNSELECT LITERAL+
Server: MEM229 OK CAPABILITY completed
Server: * CAPABILITY IMAP4rev1 STARTTLS LOGINDISABLED UIDPLUS IDLE NAMESPACE UNSELECT LITERAL+
Server: MEM230 OK CAPABILITY completed
Server: * CAPABILITY IMAP4rev1 STARTTLS LOGINDISABLED UIDPLUS IDLE NAMESPACE UNSELECT LITERAL+
Server: MEM231 OK CAPABILITY completed
Server: * CAPABILITY IMAP4rev1 STARTTLS LOGINDISABLED UIDPLUS IDLE NAMESPACE UNSELECT LITERAL+
Server: MEM232 OK CAPABILITY completed
Server: * CAPABILITY IMAP4rev1 STARTTLS LOGINDISABLED UIDPLUS IDLE NAMESPACE UNSELECT LITERAL+
Server: MEM233 OK CAPABILITY completed
Server: * CAPABILITY IMAP4rev1 STARTTLS LOGINDISABLED UIDPLUS IDLE NAMESPACE UNSELECT LITERAL+
Server: MEM234 OK CAPABILITY completed
Server: * CAPABILITY IMAP4rev1 STARTTLS LOGINDISABLED UIDPLUS IDLE NAMESPACE UNSELECT LITERAL+
Server: MEM235 OK CAPABILITY completed
Server: * CAPABILITY IMAP4rev1 STARTTLS LOGINDISABLED UIDPLUS IDLE NAMESPACE UNSELECT LITERAL+
Server: MEM236 OK CAPABILITY completed
Server: * CAPABILITY IMAP4rev1 STARTTLS LOGINDISABLED UIDPLUS IDLE NAMESPACE UNSELECT LITERAL+
Server: MEM237 OK CAPABILITY completed
Server: * CAPABILITY IMAP4rev1 STARTTLS LOGINDISABLED UIDPLUS IDLE NAMESPACE UNSELECT LITERAL+
Server: MEM238 OK CAPABILITY completed
Server: * CAPABILITY IMAP4rev1 STARTTLS LOGINDISABLED UIDPLUS IDLE NAMESPACE UNSELECT LITERAL+
Server: MEM239 OK CAPABILITY completed
Server: * CAPABILITY IMAP4rev1 STARTTLS LOGINDISABLED UIDPLUS IDLE NAMESPACE UNSELECT LITERAL+
Server: MEM240 OK CAPABILITY completed
Server: * CAPABILITY IMAP4rev1 STARTTLS LOGINDISABLED UIDPLUS IDLE NAMESPACE UNSELECT LITERAL+
Server: MEM241 OK CAPABILITY completed
Server: * CAPABILITY IMAP4rev1 STARTTLS LOGINDISABLED UIDPLUS IDLE NAMESPACE UNSELECT LITERAL+
Server: MEM242 OK CAPABILITY completed
Server: * CAPABILITY IMAP4rev1 STARTTLS LOGINDISABLED UIDPLUS IDLE NAMESPACE UNSELECT LITERAL+
Server: MEM243 OK CAPABILITY completed
Server: * CAPABILITY IMAP4rev1 STARTTLS LOGINDISABLED UIDPLUS IDLE NAMESPACE UNSELECT LITERAL+
Server: MEM244 OK CAPABILITY completed
Server: * CAPABILITY IMAP4rev1 STARTTLS LOGINDISABLED UIDPLUS IDLE NAMESPACE UNSELECT LITERAL+
Server: MEM245 OK CAPABILITY completed
Server: * CAPABILITY IMAP4rev1 STARTTLS LOGINDISABLED UIDPLUS IDLE NAMESPACE UNSELECT LITERAL+
Server: MEM246 OK CAPABILITY completed
Server: * CAPABILITY IMAP4rev1 STARTTLS LOGINDISABLED UIDPLUS IDLE NAMESPACE UNSELECT LITERAL+
Server: MEM247 OK CAPABILITY completed
Server: * CAPABILITY IMAP4rev1 STARTTLS LOGINDISABLED UIDPLUS IDLE NAMESPACE UNSELECT LITERAL+
Server: MEM248 OK CAPABILITY completed
Server: * CAPABILITY IMAP4rev1 STARTTLS LOGINDISABLED UIDPLUS IDLE NAMESPACE UNSELECT LITERAL+
Server: MEM249 OK CAPABILITY completed
Server: * CAPABILITY IMAP4rev1 STARTTLS LOGINDISABLED UIDPLUS IDLE NAMESPACE UNSELECT LITERAL+
Server: MEM250 OK CAPABILITY completed
Server: * CAPABILITY IMAP4rev1 STARTTLS LOGINDISABLED UIDPLUS IDLE NAMESPACE UNSELECT LITERAL+
Server: MEM251 OK CAPABILITY completed
Server: * CAPABILITY IMAP4rev1 STARTTLS LOGINDISABLED UIDPLUS IDLE NAMESPACE UNSELECT LITERAL+
Server: MEM252 OK CAPABILITY completed
Server: * CAPABILITY IMAP4rev1 STARTTLS LOGINDISABLED UIDPLUS IDLE NAMESPACE UNSELECT LITERAL+
Server: MEM253 OK CAPABILITY completed
Server: * CAPABILITY IMAP4rev1 STARTTLS LOGINDISABLED UIDPLUS IDLE NAMESPACE UNSELECT LITERAL+
Server: MEM254 OK CAPABILITY completed
Server: * CAPABILITY IMAP4rev1 STARTTLS LOGINDISABLED UIDPLUS IDLE NAMESPACE UNSELECT LITERAL+
Server: MEM255 OK CAPABILITY completed
Server: * CAPABILITY IMAP4rev1 STARTTLS LOGINDISABLED UIDPLUS IDLE NAMESPACE UNSELECT LITERAL+
Server: MEM256 OK CAPABILITY completed
Server: * CAPABILITY IMAP4rev1 STARTTLS LOGINDISABLED UIDPLUS IDLE NAMESPACE UNSELECT LITERAL+
Server: MEM257 OK CAPABILITY completed
Server: * CAPABILITY IMAP4rev1 STARTTLS LOGINDISABLED UIDPLUS IDLE NAMESPACE UNSELECT LITERAL+
Server: MEM258 OK CAPABILITY completed
Server: * CAPABILITY IMAP4rev1 STARTTLS LOGINDISABLED UIDPLUS IDLE NAMESPACE UNSELECT LITERAL+
Server: MEM259 OK CAPABILITY completed
Server: * CAPABILITY IMAP4rev1 STARTTLS LOGINDISABLED UIDPLUS IDLE NAMESPACE UNSELECT LITERAL+
Server: MEM260 OK CAPABILITY completed
Server: * CAPABILITY IMAP4rev1 STARTTLS LOGINDISABLED UIDPLUS IDLE NAMESPACE UNSELECT LITERAL+
Server: MEM261 OK CAPABILITY completed
Server: * CAPABILITY IMAP4rev1 STARTTLS LOGINDISABLED UIDPLUS IDLE NAMESPACE UNSELECT LITERAL+
Server: MEM262 OK CAPABILITY completed
Server: * CAPABILITY IMAP4rev1 STARTTLS LOGINDISABLED UIDPLUS IDLE NAMESPACE UNSELECT LITERAL+
Server: MEM263 OK CAPABILITY completed
Server: * CAPABILITY IMAP4rev1 STARTTLS LOGINDISABLED UIDPLUS IDLE NAMESPACE UNSELECT LITERAL+
Server: MEM264 OK CAPABILITY completed
Server: * CAPABILITY IMAP4rev1 STARTTLS LOGINDISABLED UIDPLUS IDLE NAMESPACE UNSELECT LITERAL+
Server: MEM265 OK CAPABILITY completed
Server: * CAPABILITY IMAP4rev1 STARTTLS LOGINDISABLED UIDPLUS IDLE NAMESPACE UNSELECT LITERAL+
Server: MEM266 OK CAPABILITY completed
Server: * CAPABILITY IMAP4rev1 STARTTLS LOGINDISABLED UIDPLUS IDLE NAMESPACE UNSELECT LITERAL+
Server: MEM267 OK CAPABILITY completed
Server: * CAPABILITY IMAP4rev1 STARTTLS LOGINDISABLED UIDPLUS IDLE NAMESPACE UNSELECT LITERAL+
Server: MEM268 OK CAPABILITY completed
Server: * CAPABILITY IMAP4rev1 STARTTLS LOGINDISABLED UIDPLUS IDLE NAMESPACE UNSELECT LITERAL+
Server: MEM269 OK CAPABILITY completed
Server: * CAPABILITY IMAP4rev1 STARTTLS LOGINDISABLED UIDPLUS IDLE NAMESPACE UNSELECT LITERAL+
Server: MEM270 OK CAPABILITY completed
Server: * CAPABILITY IMAP4rev1 STARTTLS LOGINDISABLED UIDPLUS IDLE NAMESPACE UNSELECT LITERAL+
Server: MEM271 OK CAPABILITY completed
Server: * CAPABILITY IMAP4rev1 STARTTLS LOGINDISABLED UIDPLUS IDLE NAMESPACE UNSELECT LITERAL+
Server: MEM272 OK CAPABILITY completed
Server: * CAPABILITY IMAP4rev1 STARTTLS LOGINDISABLED UIDPLUS IDLE NAMESPACE UNSELECT LITERAL+
Server: MEM273 OK CAPABILITY completed
Server: * CAPABILITY IMAP4rev1 STARTTLS LOGINDISABLED UIDPLUS IDLE NAMESPACE UNSELECT LITERAL+
Server: MEM274 OK CAPABILITY completed
Server: * CAPABILITY IMAP4rev1 STARTTLS LOGINDISABLED UIDPLUS IDLE NAMESPACE UNSELECT LITERAL+
Server: MEM275 OK CAPABILITY completed
Server: * CAPABILITY IMAP4rev1 STARTTLS LOGINDISABLED UIDPLUS IDLE NAMESPACE UNSELECT LITERAL+
Server: MEM276 OK CAPABILITY completed
Server: * CAPABILITY IMAP4rev1 STARTTLS LOGINDISABLED UIDPLUS IDLE NAMESPACE UNSELECT LITERAL+
Server: MEM277 OK CAPABILITY completed
Server: * CAPABILITY IMAP4rev1 STARTTLS LOGINDISABLED UIDPLUS IDLE NAMESPACE UNSELECT LITERAL+
Server: MEM278 OK CAPABILITY completed
Server: * CAPABILITY IMAP4rev1 STARTTLS LOGINDISABLED UIDPLUS IDLE NAMESPACE UNSELECT LITERAL+
Server: MEM279 OK CAPABILITY completed
Server: * CAPABILITY IMAP4rev1 STARTTLS LOGINDISABLED UIDPLUS IDLE NAMESPACE UNSELECT LITERAL+
Server: MEM280 OK CAPABILITY completed
Server: * CAPABILITY IMAP4rev1 STARTTLS LOGINDISABLED UIDPLUS IDLE NAMESPACE UNSELECT LITERAL+
Server: MEM281 OK CAPABILITY completed
Server: * CAPABILITY IMAP4rev1 STARTTLS LOGINDISABLED UIDPLUS IDLE NAMESPACE UNSELECT LITERAL+
Server: MEM282 OK CAPABILITY completed
Server: * CAPABILITY IMAP4rev1 STARTTLS LOGINDISABLED UIDPLUS IDLE NAMESPACE UNSELECT LITERAL+
Server: MEM283 OK CAPABILITY completed
Server: * CAPABILITY IMAP4rev1 STARTTLS LOGINDISABLED UIDPLUS IDLE NAMESPACE UNSELECT LITERAL+
Server: MEM284 OK CAPABILITY completed
Server: * CAPABILITY IMAP4rev1 STARTTLS LOGINDISABLED UIDPLUS IDLE NAMESPACE UNSELECT LITERAL+
Server: MEM285 OK CAPABILITY completed
Server: * CAPABILITY IMAP4rev1 STARTTLS LOGINDISABLED UIDPLUS IDLE NAMESPACE UNSELECT LITERAL+
Server: MEM286 OK CAPABILITY completed
Server: * CAPABILITY IMAP4rev1 STARTTLS LOGINDISABLED UIDPLUS IDLE NAMESPACE UNSELECT LITERAL+
Server: MEM287 OK CAPABILITY completed
Server: * CAPABILITY IMAP4rev1 STARTTLS LOGINDISABLED UIDPLUS IDLE NAMESPACE UNSELECT LITERAL+
Server: MEM288 OK CAPABILITY completed
Server: * CAPABILITY IMAP4rev1 STARTTLS LOGINDISABLED UIDPLUS IDLE NAMESPACE UNSELECT LITERAL+
Server: MEM289 OK CAPABILITY completed
Server: * CAPABILITY IMAP4rev1 STARTTLS LOGINDISABLED UIDPLUS IDLE NAMESPACE UNSELECT LITERAL+
Server: MEM290 OK CAPABILITY completed
Server: * CAPABILITY IMAP4rev1 STARTTLS LOGINDISABLED UIDPLUS IDLE NAMESPACE UNSELECT LITERAL+
Server: MEM291 OK CAPABILITY completed
Server: * CAPABILITY IMAP4rev1 STARTTLS LOGINDISABLED UIDPLUS IDLE NAMESPACE UNSELECT LITERAL+
Server: MEM292 OK CAPABILITY completed
Server: * CAPABILITY IMAP4rev1 STARTTLS LOGINDISABLED UIDPLUS IDLE NAMESPACE UNSELECT LITERAL+
Server: MEM293 OK CAPABILITY completed
Server: * CAPABILITY IMAP4rev1 STARTTLS LOGINDISABLED UIDPLUS IDLE NAMESPACE UNSELECT LITERAL+
Server: MEM294 OK CAPABILITY completed
Server: * CAPABILITY IMAP4rev1 STARTTLS LOGINDISABLED UIDPLUS IDLE NAMESPACE UNSELECT LITERAL+
Server: MEM295 OK CAPABILITY completed
Server: * CAPABILITY IMAP4rev1 STARTTLS LOGINDISABLED UIDPLUS IDLE NAMESPACE UNSELECT LITERAL+
Server: MEM296 OK CAPABILITY completed
Server: * CAPABILITY IMAP4rev1 STARTTLS LOGINDISABLED UIDPLUS IDLE NAMESPACE UNSELECT LITERAL+
Server: MEM297 OK CAPABILITY completed
Server: * CAPABILITY IMAP4rev1 STARTTLS LOGINDISABLED UIDPLUS IDLE NAMESPACE UNSELECT LITERAL+
Server: MEM298 OK CAPABILITY completed
Server: * CAPABILITY IMAP4rev1 STARTTLS LOGINDISABLED UIDPLUS IDLE NAMESPACE UNSELECT LITERAL+
Server: MEM299 OK CAPABILITY completed
Server: * CAPABILITY IMAP4rev1 STARTTLS LOGINDISABLED UIDPLUS IDLE NAMESPACE UNSELECT LITERAL+
Server: MEM300 OK CAPABILITY completed
Server: * CAPABILITY IMAP4rev1 STARTTLS LOGINDISABLED UIDPLUS IDLE NAMESPACE UNSELECT LITERAL+
Server: MEM301 OK CAPABILITY completed
Server: * CAPABILITY IMAP4rev1 STARTTLS LOGINDISABLED UIDPLUS IDLE NAMESPACE UNSELECT LITERAL+
Server: MEM302 OK CAPABILITY completed
Server: * CAPABILITY IMAP4rev1 STARTTLS LOGINDISABLED UIDPLUS IDLE NAMESPACE UNSELECT LITERAL+
Server: MEM303 OK CAPABILITY completed
Server: * CAPABILITY IMAP4rev1 STARTTLS LOGINDISABLED UIDPLUS IDLE NAMESPACE UNSELECT LITERAL+
Server: MEM304 OK CAPABILITY completed
Server: * CAPABILITY IMAP4rev1 STARTTLS LOGINDISABLED UIDPLUS IDLE NAMESPACE UNSELECT LITERAL+
Server: MEM305 OK CAPABILITY completed
Server: * CAPABILITY IMAP4rev1 STARTTLS LOGINDISABLED UIDPLUS IDLE NAMESPACE UNSELECT LITERAL+
Server: MEM306 OK CAPABILITY completed
Server: * CAPABILITY IMAP4rev1 STARTTLS LOGINDISABLED UIDPLUS IDLE NAMESPACE UNSELECT LITERAL+
Server: MEM307 OK CAPABILITY completed
Server: * CAPABILITY IMAP4rev1 STARTTLS LOGINDISABLED UIDPLUS IDLE NAMESPACE UNSELECT LITERAL+
Server: MEM308 OK CAPABILITY completed
Server: * CAPABILITY IMAP4rev1 STARTTLS LOGINDISABLED UIDPLUS IDLE NAMESPACE UNSELECT LITERAL+
Server: MEM309 OK CAPABILITY completed
Server: * CAPABILITY IMAP4rev1 STARTTLS LOGINDISABLED UIDPLUS IDLE NAMESPACE UNSELECT LITERAL+
Server: MEM310 OK CAPABILITY completed
Server: * CAPABILITY IMAP4rev1 STARTTLS LOGINDISABLED UIDPLUS IDLE NAMESPACE UNSELECT LITERAL+
Server: MEM311 OK CAPABILITY completed
Server: * CAPABILITY IMAP4rev1 STARTTLS LOGINDISABLED UIDPLUS IDLE NAMESPACE UNSELECT LITERAL+
Server: MEM312 OK CAPABILITY completed
Server: * CAPABILITY IMAP4rev1 STARTTLS LOGINDISABLED UIDPLUS IDLE NAMESPACE UNSELECT LITERAL+
Server: MEM313 OK CAPABILITY completed
Server: * CAPABILITY IMAP4rev1 STARTTLS LOGINDISABLED UIDPLUS IDLE NAMESPACE UNSELECT LITERAL+
Server: MEM314 OK CAPABILITY completed
Server: * CAPABILITY IMAP4rev1 STARTTLS LOGINDISABLED UIDPLUS IDLE NAMESPACE UNSELECT LITERAL+
Server: MEM315 OK CAPABILITY completed
Server: * CAPABILITY IMAP4rev1 STARTTLS LOGINDISABLED UIDPLUS IDLE NAMESPACE UNSELECT LITERAL+
Server: MEM316 OK CAPABILITY completed
Server: * CAPABILITY IMAP4rev1 STARTTLS LOGINDISABLED UIDPLUS IDLE NAMESPACE UNSELECT LITERAL+
Server: MEM317 OK CAPABILITY completed
Server: * CAPABILITY IMAP4rev1 STARTTLS LOGINDISABLED UIDPLUS IDLE NAMESPACE UNSELECT LITERAL+
Server: MEM318 OK CAPABILITY completed
Server: * CAPABILITY IMAP4rev1 STARTTLS LOGINDISABLED UIDPLUS IDLE NAMESPACE UNSELECT LITERAL+
Server: MEM319 OK CAPABILITY completed
Server: * CAPABILITY IMAP4rev1 STARTTLS LOGINDISABLED UIDPLUS IDLE NAMESPACE UNSELECT LITERAL+
Server: MEM320 OK CAPABILITY completed
Server: * CAPABILITY IMAP4rev1 STARTTLS LOGINDISABLED UIDPLUS IDLE NAMESPACE UNSELECT LITERAL+
Server: MEM321 OK CAPABILITY completed
Server: * CAPABILITY IMAP4rev1 STARTTLS LOGINDISABLED UIDPLUS IDLE NAMESPACE UNSELECT LITERAL+
Server: MEM322 OK CAPABILITY completed
Server: * CAPABILITY IMAP4rev1 STARTTLS LOGINDISABLED UIDPLUS IDLE NAMESPACE UNSELECT LITERAL+
Server: MEM323 OK CAPABILITY completed
Server: * CAPABILITY IMAP4rev1 STARTTLS LOGINDISABLED UIDPLUS IDLE NAMESPACE UNSELECT LITERAL+
Server: MEM324 OK CAPABILITY completed
Server: * CAPABILITY IMAP4rev1 STARTTLS LOGINDISABLED UIDPLUS IDLE NAMESPACE UNSELECT LITERAL+
Server: MEM325 OK CAPABILITY completed
Server: * CAPABILITY IMAP4rev1 STARTTLS LOGINDISABLED UIDPLUS IDLE NAMESPACE UNSELECT LITERAL+
Server: MEM326 OK CAPABILITY completed
Server: * CAPABILITY IMAP4rev1 STARTTLS LOGINDISABLED UIDPLUS IDLE NAMESPACE UNSELECT LITERAL+
Server: MEM327 OK CAPABILITY completed
Server: * CAPABILITY IMAP4rev1 STARTTLS LOGINDISABLED UIDPLUS IDLE NAMESPACE UNSELECT LITERAL+
Server: MEM328 OK CAPABILITY completed
Server: * CAPABILITY IMAP4rev1 STARTTLS LOGINDISABLED UIDPLUS IDLE NAMESPACE UNSELECT LITERAL+
Server: MEM329 OK CAPABILITY completed
Server: * CAPABILITY IMAP4rev1 STARTTLS LOGINDISABLED UIDPLUS IDLE NAMESPACE UNSELECT LITERAL+
Server: MEM330 OK CAPABILITY completed
Server: * CAPABILITY IMAP4rev1 STARTTLS LOGINDISABLED UIDPLUS IDLE NAMESPACE UNSELECT LITERAL+
Server: MEM331 OK CAPABILITY completed
Server: * CAPABILITY IMAP4rev1 STARTTLS LOGINDISABLED UIDPLUS IDLE NAMESPACE UNSELECT LITERAL+
Server: MEM332 OK CAPABILITY completed
Server: * CAPABILITY IMAP4rev1 STARTTLS LOGINDISABLED UIDPLUS IDLE NAMESPACE UNSELECT LITERAL+
Server: MEM333 OK CAPABILITY completed
Server: * CAPABILITY IMAP4rev1 STARTTLS LOGINDISABLED UIDPLUS IDLE NAMESPACE UNSELECT LITERAL+
Server: MEM334 OK CAPABILITY completed
Server: * CAPABILITY IMAP4rev1 STARTTLS LOGINDISABLED UIDPLUS IDLE NAMESPACE UNSELECT LITERAL+
Server: MEM335 OK CAPABILITY completed
Server: * CAPABILITY IMAP4rev1 STARTTLS LOGINDISABLED UIDPLUS IDLE NAMESPACE UNSELECT LITERAL+
Server: MEM336 OK CAPABILITY completed
Server: * CAPABILITY IMAP4rev1 STARTTLS LOGINDISABLED UIDPLUS IDLE NAMESPACE UNSELECT LITERAL+
Server: MEM337 OK CAPABILITY completed
Server: * CAPABILITY IMAP4rev1 STARTTLS LOGINDISABLED UIDPLUS IDLE NAMESPACE UNSELECT LITERAL+
Server: MEM338 OK CAPABILITY completed
Server: * CAPABILITY IMAP4rev1 STARTTLS LOGINDISABLED UIDPLUS IDLE NAMESPACE UNSELECT LITERAL+
Server: MEM339 OK CAPABILITY completed
Server: * CAPABILITY IMAP4rev1 STARTTLS LOGINDISABLED UIDPLUS IDLE NAMESPACE UNSELECT LITERAL+
Server: MEM340 OK CAPABILITY completed
Server: * CAPABILITY IMAP4rev1 STARTTLS LOGINDISABLED UIDPLUS IDLE NAMESPACE UNSELECT LITERAL+
Server: MEM341 OK CAPABILITY completed
Server: * CAPABILITY IMAP4rev1 STARTTLS LOGINDISABLED UIDPLUS IDLE NAMESPACE UNSELECT LITERAL+
Server: MEM342 OK CAPABILITY completed
Server: * CAPABILITY IMAP4rev1 STARTTLS LOGINDISABLED UIDPLUS IDLE NAMESPACE UNSELECT LITERAL+
Server: MEM343 OK CAPABILITY completed
Server: * CAPABILITY IMAP4rev1 STARTTLS LOGINDISABLED UIDPLUS IDLE NAMESPACE UNSELECT LITERAL+
Server: MEM344 OK CAPABILITY completed
Server: * CAPABILITY IMAP4rev1 STARTTLS LOGINDISABLED UIDPLUS IDLE NAMESPACE UNSELECT LITERAL+
Server: MEM345 OK CAPABILITY completed
Server: * CAPABILITY IMAP4rev1 STARTTLS LOGINDISABLED UIDPLUS IDLE NAMESPACE UNSELECT LITERAL+
Server: MEM346 OK CAPABILITY completed
Server: * CAPABILITY IMAP4rev1 STARTTLS LOGINDISABLED UIDPLUS IDLE NAMESPACE UNSELECT LITERAL+
Server: MEM347 OK CAPABILITY completed
Server: * CAPABILITY IMAP4rev1 STARTTLS LOGINDISABLED UIDPLUS IDLE NAMESPACE UNSELECT LITERAL+
Server: MEM348 OK CAPABILITY completed
Server: * CAPABILITY IMAP4rev1 STARTTLS LOGINDISABLED UIDPLUS IDLE NAMESPACE UNSELECT LITERAL+
Server: MEM349 OK CAPABILITY completed
Server: * CAPABILITY IMAP4rev1 STARTTLS LOGINDISABLED UIDPLUS IDLE NAMESPACE UNSELECT LITERAL+
Server: MEM350 OK CAPABILITY completed
Server: * CAPABILITY IMAP4rev1 STARTTLS LOGINDISABLED UIDPLUS IDLE NAMESPACE UNSELECT LITERAL+
Server: MEM351 OK CAPABILITY completed
Server: * CAPABILITY IMAP4rev1 STARTTLS LOGINDISABLED UIDPLUS IDLE NAMESPACE UNSELECT LITERAL+
Server: MEM352 OK CAPABILITY completed
Server: * CAPABILITY IMAP4rev1 STARTTLS LOGINDISABLED UIDPLUS IDLE NAMESPACE UNSELECT LITERAL+
Server: MEM353 OK CAPABILITY completed
Server: * CAPABILITY IMAP4rev1 STARTTLS LOGINDISABLED UIDPLUS IDLE NAMESPACE UNSELECT LITERAL+
Server: MEM354 OK CAPABILITY completed
Server: * CAPABILITY IMAP4rev1 STARTTLS LOGINDISABLED UIDPLUS IDLE NAMESPACE UNSELECT LITERAL+
Server: MEM355 OK CAPABILITY completed
Server: * CAPABILITY IMAP4rev1 STARTTLS LOGINDISABLED UIDPLUS IDLE NAMESPACE UNSELECT LITERAL+
Server: MEM356 OK CAPABILITY completed
Server: * CAPABILITY IMAP4rev1 STARTTLS LOGINDISABLED UIDPLUS IDLE NAMESPACE UNSELECT LITERAL+
Server: MEM357 OK CAPABILITY completed
Server: * CAPABILITY IMAP4rev1 STARTTLS LOGINDISABLED UIDPLUS IDLE NAMESPACE UNSELECT LITERAL+
Server: MEM358 OK CAPABILITY completed
Server: * CAPABILITY IMAP4rev1 STARTTLS LOGINDISABLED UIDPLUS IDLE NAMESPACE UNSELECT LITERAL+
Server: MEM359 OK CAPABILITY completed
Server: * CAPABILITY IMAP4rev1 STARTTLS LOGINDISABLED UIDPLUS IDLE NAMESPACE UNSELECT LITERAL+
Server: MEM360 OK CAPABILITY completed
Server: * CAPABILITY IMAP4rev1 STARTTLS LOGINDISABLED UIDPLUS IDLE NAMESPACE UNSELECT LITERAL+
Server: MEM361 OK CAPABILITY completed
Server: * CAPABILITY IMAP4rev1 STARTTLS LOGINDISABLED UIDPLUS IDLE NAMESPACE UNSELECT LITERAL+
Server: MEM362 OK CAPABILITY completed
Server: * CAPABILITY IMAP4rev1 STARTTLS LOGINDISABLED UIDPLUS IDLE NAMESPACE UNSELECT LITERAL+
Server: MEM363 OK CAPABILITY completed
Server: * CAPABILITY IMAP4rev1 STARTTLS LOGINDISABLED UIDPLUS IDLE NAMESPACE UNSELECT LITERAL+
Server: MEM364 OK CAPABILITY completed
Server: * CAPABILITY IMAP4rev1 STARTTLS LOGINDISABLED UIDPLUS IDLE NAMESPACE UNSELECT LITERAL+
Server: MEM365 OK CAPABILITY completed
Server: * CAPABILITY IMAP4rev1 STARTTLS LOGINDISABLED UIDPLUS IDLE NAMESPACE UNSELECT LITERAL+
Server: MEM366 OK CAPABILITY completed
Server: * CAPABILITY IMAP4rev1 STARTTLS LOGINDISABLED UIDPLUS IDLE NAMESPACE UNSELECT LITERAL+
Server: MEM367 OK CAPABILITY completed
Server: * CAPABILITY IMAP4rev1 STARTTLS LOGINDISABLED UIDPLUS IDLE NAMESPACE UNSELECT LITERAL+
Server: MEM368 OK CAPABILITY completed
Server: * CAPABILITY IMAP4rev1 STARTTLS LOGINDISABLED UIDPLUS IDLE NAMESPACE UNSELECT LITERAL+
Server: MEM369 OK CAPABILITY completed
Server: * CAPABILITY IMAP4rev1 STARTTLS LOGINDISABLED UIDPLUS IDLE NAMESPACE UNSELECT LITERAL+
Server: MEM370 OK CAPABILITY completed
Server: * CAPABILITY IMAP4rev1 STARTTLS LOGINDISABLED UIDPLUS IDLE NAMESPACE UNSELECT LITERAL+
Server: MEM371 OK CAPABILITY completed
Server: * CAPABILITY IMAP4rev1 STARTTLS LOGINDISABLED UIDPLUS IDLE NAMESPACE UNSELECT LITERAL+
Server: MEM372 OK CAPABILITY completed
Server: * CAPABILITY IMAP4rev1 STARTTLS LOGINDISABLED UIDPLUS IDLE NAMESPACE UNSELECT LITERAL+
Server: MEM373 OK CAPABILITY completed
Server: * CAPABILITY IMAP4rev1 STARTTLS LOGINDISABLED UIDPLUS IDLE NAMESPACE UNSELECT LITERAL+
Server: MEM374 OK CAPABILITY completed
Server: * CAPABILITY IMAP4rev1 STARTTLS LOGINDISABLED UIDPLUS IDLE NAMESPACE UNSELECT LITERAL+
Server: MEM375 OK CAPABILITY completed
Server: * CAPABILITY IMAP4rev1 STARTTLS LOGINDISABLED UIDPLUS IDLE NAMESPACE UNSELECT LITERAL+
Server: MEM376 OK CAPABILITY completed
Server: * CAPABILITY IMAP4rev1 STARTTLS LOGINDISABLED UIDPLUS IDLE NAMESPACE UNSELECT LITERAL+
Server: MEM377 OK CAPABILITY completed
Server: * CAPABILITY IMAP4rev1 STARTTLS LOGINDISABLED UIDPLUS IDLE NAMESPACE UNSELECT LITERAL+
Server: MEM378 OK CAPABILITY completed
Server: * CAPABILITY IMAP4rev1 STARTTLS LOGINDISABLED UIDPLUS IDLE NAMESPACE UNSELECT LITERAL+
Server: MEM379 OK CAPABILITY completed
Server: * CAPABILITY IMAP4rev1 STARTTLS LOGINDISABLED UIDPLUS IDLE NAMESPACE UNSELECT LITERAL+
Server: MEM380 OK CAPABILITY completed
Server: * CAPABILITY IMAP4rev1 STARTTLS LOGINDISABLED UIDPLUS IDLE NAMESPACE UNSELECT LITERAL+
Server: MEM381 OK CAPABILITY completed
Server: * CAPABILITY IMAP4rev1 STARTTLS LOGINDISABLED UIDPLUS IDLE NAMESPACE UNSELECT LITERAL+
Server: MEM382 OK CAPABILITY completed
Server: * CAPABILITY IMAP4rev1 STARTTLS LOGINDISABLED UIDPLUS IDLE NAMESPACE UNSELECT LITERAL+
Server: MEM383 OK CAPABILITY completed
Server: * CAPABILITY IMAP4rev1 STARTTLS LOGINDISABLED UIDPLUS IDLE NAMESPACE UNSELECT LITERAL+
Server: MEM384 OK CAPABILITY completed
Server: * CAPABILITY IMAP4rev1 STARTTLS LOGINDISABLED UIDPLUS IDLE NAMESPACE UNSELECT LITERAL+
Server: MEM385 OK CAPABILITY completed
Server: * CAPABILITY IMAP4rev1 STARTTLS LOGINDISABLED UIDPLUS IDLE NAMESPACE UNSELECT LITERAL+
Server: MEM386 OK CAPABILITY completed
Server: * CAPABILITY IMAP4rev1 STARTTLS LOGINDISABLED UIDPLUS IDLE NAMESPACE UNSELECT LITERAL+
Server: MEM387 OK CAPABILITY completed
Server: * CAPABILITY IMAP4rev1 STARTTLS LOGINDISABLED UIDPLUS IDLE NAMESPACE UNSELECT LITERAL+
Server: MEM388 OK CAPABILITY completed
Server: * CAPABILITY IMAP4rev1 STARTTLS LOGINDISABLED UIDPLUS IDLE NAMESPACE UNSELECT LITERAL+
Server: MEM389 OK CAPABILITY completed
Server: * CAPABILITY IMAP4rev1 STARTTLS LOGINDISABLED UIDPLUS IDLE NAMESPACE UNSELECT LITERAL+
Server: MEM390 OK CAPABILITY completed
Server: * CAPABILITY IMAP4rev1 STARTTLS LOGINDISABLED UIDPLUS IDLE NAMESPACE UNSELECT LITERAL+
Server: MEM391 OK CAPABILITY completed
Server: * CAPABILITY IMAP4rev1 STARTTLS LOGINDISABLED UIDPLUS IDLE NAMESPACE UNSELECT LITERAL+
Server: MEM392 OK CAPABILITY completed
Server: * CAPABILITY IMAP4rev1 STARTTLS LOGINDISABLED UIDPLUS IDLE NAMESPACE UNSELECT LITERAL+
Server: MEM393 OK CAPABILITY completed
Server: * CAPABILITY IMAP4rev1 STARTTLS LOGINDISABLED UIDPLUS IDLE NAMESPACE UNSELECT LITERAL+
Server: MEM394 OK CAPABILITY completed
Server: * CAPABILITY IMAP4rev1 STARTTLS LOGINDISABLED UIDPLUS IDLE NAMESPACE UNSELECT LITERAL+
Server: MEM395 OK CAPABILITY completed
Server: * CAPABILITY IMAP4rev1 STARTTLS LOGINDISABLED UIDPLUS IDLE NAMESPACE UNSELECT LITERAL+
Server: MEM396 OK CAPABILITY completed
Server: * CAPABILITY IMAP4rev1 STARTTLS LOGINDISABLED UIDPLUS IDLE NAMESPACE UNSELECT LITERAL+
Server: MEM397 OK CAPABILITY completed
Server: * CAPABILITY IMAP4rev1 STARTTLS LOGINDISABLED UIDPLUS IDLE NAMESPACE UNSELECT LITERAL+
Server: MEM398 OK CAPABILITY completed
Server: * CAPABILITY IMAP4rev1 STARTTLS LOGINDISABLED UIDPLUS IDLE NAMESPACE UNSELECT LITERAL+
Server: MEM399 OK CAPABILITY completed
Server: * CAPABILITY IMAP4rev1 STARTTLS LOGINDISABLED UIDPLUS IDLE NAMESPACE UNSELECT LITERAL+
Server: MEM400 OK CAPABILITY completed
Server: * CAPABILITY IMAP4rev1 STARTTLS LOGINDISABLED UIDPLUS IDLE NAMESPACE UNSELECT LITERAL+
Server: MEM401 OK CAPABILITY completed
Server: * CAPABILITY IMAP4rev1 STARTTLS LOGINDISABLED UIDPLUS IDLE NAMESPACE UNSELECT LITERAL+
Server: MEM402 OK CAPABILITY completed
Server: * CAPABILITY IMAP4rev1 STARTTLS LOGINDISABLED UIDPLUS IDLE NAMESPACE UNSELECT LITERAL+
Server: MEM403 OK CAPABILITY completed
Server: * CAPABILITY IMAP4rev1 STARTTLS LOGINDISABLED UIDPLUS IDLE NAMESPACE UNSELECT LITERAL+
Server: MEM404 OK CAPABILITY completed
Server: * CAPABILITY IMAP4rev1 STARTTLS LOGINDISABLED UIDPLUS IDLE NAMESPACE UNSELECT LITERAL+
Server: MEM405 OK CAPABILITY completed
Server: * CAPABILITY IMAP4rev1 STARTTLS LOGINDISABLED UIDPLUS IDLE NAMESPACE UNSELECT LITERAL+
Server: MEM406 OK CAPABILITY completed
Server: * CAPABILITY IMAP4rev1 STARTTLS LOGINDISABLED UIDPLUS IDLE NAMESPACE UNSELECT LITERAL+
Server: MEM407 OK CAPABILITY completed
Server: * CAPABILITY IMAP4rev1 STARTTLS LOGINDISABLED UIDPLUS IDLE NAMESPACE UNSELECT LITERAL+
Server: MEM408 OK CAPABILITY completed
Server: * CAPABILITY IMAP4rev1 STARTTLS LOGINDISABLED UIDPLUS IDLE NAMESPACE UNSELECT LITERAL+
Server: MEM409 OK CAPABILITY completed
Server: * CAPABILITY IMAP4rev1 STARTTLS LOGINDISABLED UIDPLUS IDLE NAMESPACE UNSELECT LITERAL+
Server: MEM410 OK CAPABILITY completed
Server: * CAPABILITY IMAP4rev1 STARTTLS LOGINDISABLED UIDPLUS IDLE NAMESPACE UNSELECT LITERAL+
Server: MEM411 OK CAPABILITY completed
Server: * CAPABILITY IMAP4rev1 STARTTLS LOGINDISABLED UIDPLUS IDLE NAMESPACE UNSELECT LITERAL+
Server: MEM412 OK CAPABILITY completed
Server: * CAPABILITY IMAP4rev1 STARTTLS LOGINDISABLED UIDPLUS IDLE NAMESPACE UNSELECT LITERAL+
Server: MEM413 OK CAPABILITY completed
Server: * CAPABILITY IMAP4rev1 STARTTLS LOGINDISABLED UIDPLUS IDLE NAMESPACE UNSELECT LITERAL+
Server: MEM414 OK CAPABILITY completed
Server: * CAPABILITY IMAP4rev1 STARTTLS LOGINDISABLED UIDPLUS IDLE NAMESPACE UNSELECT LITERAL+
Server: MEM415 OK CAPABILITY completed
Server: * CAPABILITY IMAP4rev1 STARTTLS LOGINDISABLED UIDPLUS IDLE NAMESPACE UNSELECT LITERAL+
Server: MEM416 OK CAPABILITY completed
Server: * CAPABILITY IMAP4rev1 STARTTLS LOGINDISABLED UIDPLUS IDLE NAMESPACE UNSELECT LITERAL+
Server: MEM417 OK CAPABILITY completed
Server: * CAPABILITY IMAP4rev1 STARTTLS LOGINDISABLED UIDPLUS IDLE NAMESPACE UNSELECT LITERAL+
Server: MEM418 OK CAPABILITY completed
Server: * CAPABILITY IMAP4rev1 STARTTLS LOGINDISABLED UIDPLUS IDLE NAMESPACE UNSELECT LITERAL+
Server: MEM419 OK CAPABILITY completed
Server: * CAPABILITY IMAP4rev1 STARTTLS LOGINDISABLED UIDPLUS IDLE NAMESPACE UNSELECT LITERAL+
Server: MEM420 OK CAPABILITY completed
Server: * CAPABILITY IMAP4rev1 STARTTLS LOGINDISABLED UIDPLUS IDLE NAMESPACE UNSELECT LITERAL+
Server: MEM421 OK CAPABILITY completed
Server: * CAPABILITY IMAP4rev1 STARTTLS LOGINDISABLED UIDPLUS IDLE NAMESPACE UNSELECT LITERAL+
Server: MEM422 OK CAPABILITY completed
Server: * CAPABILITY IMAP4rev1 STARTTLS LOGINDISABLED UIDPLUS IDLE NAMESPACE UNSELECT LITERAL+
Server: MEM423 OK CAPABILITY completed
Server: * CAPABILITY IMAP4rev1 STARTTLS LOGINDISABLED UIDPLUS IDLE NAMESPACE UNSELECT LITERAL+
Server: MEM424 OK CAPABILITY completed
Server: * CAPABILITY IMAP4rev1 STARTTLS LOGINDISABLED UIDPLUS IDLE NAMESPACE UNSELECT LITERAL+
Server: MEM425 OK CAPABILITY completed
Server: * CAPABILITY IMAP4rev1 STARTTLS LOGINDISABLED UIDPLUS IDLE NAMESPACE UNSELECT LITERAL+
Server: MEM426 OK CAPABILITY completed
Server: * CAPABILITY IMAP4rev1 STARTTLS LOGINDISABLED UIDPLUS IDLE NAMESPACE UNSELECT LITERAL+
Server: MEM427 OK CAPABILITY completed
Server: * CAPABILITY IMAP4rev1 STARTTLS LOGINDISABLED UIDPLUS IDLE NAMESPACE UNSELECT LITERAL+
Server: MEM428 OK CAPABILITY completed
Server: * CAPABILITY IMAP4rev1 STARTTLS LOGINDISABLED UIDPLUS IDLE NAMESPACE UNSELECT LITERAL+
Server: MEM429 OK CAPABILITY completed
Server: * CAPABILITY IMAP4rev1 STARTTLS LOGINDISABLED UIDPLUS IDLE NAMESPACE UNSELECT LITERAL+
Server: MEM430 OK CAPABILITY completed
Server: * CAPABILITY IMAP4rev1 STARTTLS LOGINDISABLED UIDPLUS IDLE NAMESPACE UNSELECT LITERAL+
Server: MEM431 OK CAPABILITY completed
Server: * CAPABILITY IMAP4rev1 STARTTLS LOGINDISABLED UIDPLUS IDLE NAMESPACE UNSELECT LITERAL+
Server: MEM432 OK CAPABILITY completed
Server: * CAPABILITY IMAP4rev1 STARTTLS LOGINDISABLED UIDPLUS IDLE NAMESPACE UNSELECT LITERAL+
Server: MEM433 OK CAPABILITY completed
Server: * CAPABILITY IMAP4rev1 STARTTLS LOGINDISABLED UIDPLUS IDLE NAMESPACE UNSELECT LITERAL+
Server: MEM434 OK CAPABILITY completed
Server: * CAPABILITY IMAP4rev1 STARTTLS LOGINDISABLED UIDPLUS IDLE NAMESPACE UNSELECT LITERAL+
Server: MEM435 OK CAPABILITY completed
Server: * CAPABILITY IMAP4rev1 STARTTLS LOGINDISABLED UIDPLUS IDLE NAMESPACE UNSELECT LITERAL+
Server: MEM436 OK CAPABILITY completed
Server: * CAPABILITY IMAP4rev1 STARTTLS LOGINDISABLED UIDPLUS IDLE NAMESPACE UNSELECT LITERAL+
Server: MEM437 OK CAPABILITY completed
Server: * CAPABILITY IMAP4rev1 STARTTLS LOGINDISABLED UIDPLUS IDLE NAMESPACE UNSELECT LITERAL+
Server: MEM438 OK CAPABILITY completed
Server: * CAPABILITY IMAP4rev1 STARTTLS LOGINDISABLED UIDPLUS IDLE NAMESPACE UNSELECT LITERAL+
Server: MEM439 OK CAPABILITY completed
Server: * CAPABILITY IMAP4rev1 STARTTLS LOGINDISABLED UIDPLUS IDLE NAMESPACE UNSELECT LITERAL+
Server: MEM440 OK CAPABILITY completed
Server: * CAPABILITY IMAP4rev1 STARTTLS LOGINDISABLED UIDPLUS IDLE NAMESPACE UNSELECT LITERAL+
Server: MEM441 OK CAPABILITY completed
Server: * CAPABILITY IMAP4rev1 STARTTLS LOGINDISABLED UIDPLUS IDLE NAMESPACE UNSELECT LITERAL+
Server: MEM442 OK CAPABILITY completed
Server: * CAPABILITY IMAP4rev1 STARTTLS LOGINDISABLED UIDPLUS IDLE NAMESPACE UNSELECT LITERAL+
Server: MEM443 OK CAPABILITY completed
Server: * CAPABILITY IMAP4rev1 STARTTLS LOGINDISABLED UIDPLUS IDLE NAMESPACE UNSELECT LITERAL+
Server: MEM444 OK CAPABILITY completed
Server: * CAPABILITY IMAP4rev1 STARTTLS LOGINDISABLED UIDPLUS IDLE NAMESPACE UNSELECT LITERAL+
Server: MEM445 OK CAPABILITY completed
Server: * CAPABILITY IMAP4rev1 STARTTLS LOGINDISABLED UIDPLUS IDLE NAMESPACE UNSELECT LITERAL+
Server: MEM446 OK CAPABILITY completed
Server: * CAPABILITY IMAP4rev1 STARTTLS LOGINDISABLED UIDPLUS IDLE NAMESPACE UNSELECT LITERAL+
Server: MEM447 OK CAPABILITY completed
Server: * CAPABILITY IMAP4rev1 STARTTLS LOGINDISABLED UIDPLUS IDLE NAMESPACE UNSELECT LITERAL+
Server: MEM448 OK CAPABILITY completed
Server: * CAPABILITY IMAP4rev1 STARTTLS LOGINDISABLED UIDPLUS IDLE NAMESPACE UNSELECT LITERAL+
Server: MEM449 OK CAPABILITY completed
Server: * CAPABILITY IMAP4rev1 STARTTLS LOGINDISABLED UIDPLUS IDLE NAMESPACE UNSELECT LITERAL+
Server: MEM450 OK CAPABILITY completed
Server: * CAPABILITY IMAP4rev1 STARTTLS LOGINDISABLED UIDPLUS IDLE NAMESPACE UNSELECT LITERAL+
Server: MEM451 OK CAPABILITY completed
Server: * CAPABILITY IMAP4rev1 STARTTLS LOGINDISABLED UIDPLUS IDLE NAMESPACE UNSELECT LITERAL+
Server: MEM452 OK CAPABILITY completed
Server: * CAPABILITY IMAP4rev1 STARTTLS LOGINDISABLED UIDPLUS IDLE NAMESPACE UNSELECT LITERAL+
Server: MEM453 OK CAPABILITY completed
Server: * CAPABILITY IMAP4rev1 STARTTLS LOGINDISABLED UIDPLUS IDLE NAMESPACE UNSELECT LITERAL+
Server: MEM454 OK CAPABILITY completed
Server: * CAPABILITY IMAP4rev1 STARTTLS LOGINDISABLED UIDPLUS IDLE NAMESPACE UNSELECT LITERAL+
Server: MEM455 OK CAPABILITY completed
Server: * CAPABILITY IMAP4rev1 STARTTLS LOGINDISABLED UIDPLUS IDLE NAMESPACE UNSELECT LITERAL+
Server: MEM456 OK CAPABILITY completed
Server: * CAPABILITY IMAP4rev1 STARTTLS LOGINDISABLED UIDPLUS IDLE NAMESPACE UNSELECT LITERAL+
Server: MEM457 OK CAPABILITY completed
Server: * CAPABILITY IMAP4rev1 STARTTLS LOGINDISABLED UIDPLUS IDLE NAMESPACE UNSELECT LITERAL+
Server: MEM458 OK CAPABILITY completed
Server: * CAPABILITY IMAP4rev1 STARTTLS LOGINDISABLED UIDPLUS IDLE NAMESPACE UNSELECT LITERAL+
Server: MEM459 OK CAPABILITY completed
Server: * CAPABILITY IMAP4rev1 STARTTLS LOGINDISABLED UIDPLUS IDLE NAMESPACE UNSELECT LITERAL+
Server: MEM460 OK CAPABILITY completed
Server: * CAPABILITY IMAP4rev1 STARTTLS LOGINDISABLED UIDPLUS IDLE NAMESPACE UNSELECT LITERAL+
Server: MEM461 OK CAPABILITY completed
Server: * CAPABILITY IMAP4rev1 STARTTLS LOGINDISABLED UIDPLUS IDLE NAMESPACE UNSELECT LITERAL+
Server: MEM462 OK CAPABILITY completed
Server: * CAPABILITY IMAP4rev1 STARTTLS LOGINDISABLED UIDPLUS IDLE NAMESPACE UNSELECT LITERAL+
Server: MEM463 OK CAPABILITY completed
Server: * CAPABILITY IMAP4rev1 STARTTLS LOGINDISABLED UIDPLUS IDLE NAMESPACE UNSELECT LITERAL+
Server: MEM464 OK CAPABILITY completed
Server: * CAPABILITY IMAP4rev1 STARTTLS LOGINDISABLED UIDPLUS IDLE NAMESPACE UNSELECT LITERAL+
Server: MEM465 OK CAPABILITY completed
Server: * CAPABILITY IMAP4rev1 STARTTLS LOGINDISABLED UIDPLUS IDLE NAMESPACE UNSELECT LITERAL+
Server: MEM466 OK CAPABILITY completed
Server: * CAPABILITY IMAP4rev1 STARTTLS LOGINDISABLED UIDPLUS IDLE NAMESPACE UNSELECT LITERAL+
Server: MEM467 OK CAPABILITY completed
Server: * CAPABILITY IMAP4rev1 STARTTLS LOGINDISABLED UIDPLUS IDLE NAMESPACE UNSELECT LITERAL+
Server: MEM468 OK CAPABILITY completed
Server: * CAPABILITY IMAP4rev1 STARTTLS LOGINDISABLED UIDPLUS IDLE NAMESPACE UNSELECT LITERAL+
Server: MEM469 OK CAPABILITY completed
Server: * CAPABILITY IMAP4rev1 STARTTLS LOGINDISABLED UIDPLUS IDLE NAMESPACE UNSELECT LITERAL+
Server: MEM470 OK CAPABILITY completed
Server: * CAPABILITY IMAP4rev1 STARTTLS LOGINDISABLED UIDPLUS IDLE NAMESPACE UNSELECT LITERAL+
Server: MEM471 OK CAPABILITY completed
Server: * CAPABILITY IMAP4rev1 STARTTLS LOGINDISABLED UIDPLUS IDLE NAMESPACE UNSELECT LITERAL+
Server: MEM472 OK CAPABILITY completed
Server: * CAPABILITY IMAP4rev1 STARTTLS LOGINDISABLED UIDPLUS IDLE NAMESPACE UNSELECT LITERAL+
Server: MEM473 OK CAPABILITY completed
Server: * CAPABILITY IMAP4rev1 STARTTLS LOGINDISABLED UIDPLUS IDLE NAMESPACE UNSELECT LITERAL+
Server: MEM474 OK CAPABILITY completed
Server: * CAPABILITY IMAP4rev1 STARTTLS LOGINDISABLED UIDPLUS IDLE NAMESPACE UNSELECT LITERAL+
Server: MEM475 OK CAPABILITY completed
Server: * CAPABILITY IMAP4rev1 STARTTLS LOGINDISABLED UIDPLUS IDLE NAMESPACE UNSELECT LITERAL+
Server: MEM476 OK CAPABILITY completed
Server: * CAPABILITY IMAP4rev1 STARTTLS LOGINDISABLED UIDPLUS IDLE NAMESPACE UNSELECT LITERAL+
Server: MEM477 OK CAPABILITY completed
Server: * CAPABILITY IMAP4rev1 STARTTLS LOGINDISABLED UIDPLUS IDLE NAMESPACE UNSELECT LITERAL+
Server: MEM478 OK CAPABILITY completed
Server: * CAPABILITY IMAP4rev1 STARTTLS LOGINDISABLED UIDPLUS IDLE NAMESPACE UNSELECT LITERAL+
Server: MEM479 OK CAPABILITY completed
Server: * CAPABILITY IMAP4rev1 STARTTLS LOGINDISABLED UIDPLUS IDLE NAMESPACE UNSELECT LITERAL+
Server: MEM480 OK CAPABILITY completed
Server: * CAPABILITY IMAP4rev1 STARTTLS LOGINDISABLED UIDPLUS IDLE NAMESPACE UNSELECT LITERAL+
Server: MEM481 OK CAPABILITY completed
Server: * CAPABILITY IMAP4rev1 STARTTLS LOGINDISABLED UIDPLUS IDLE NAMESPACE UNSELECT LITERAL+
Server: MEM482 OK CAPABILITY completed
Server: * CAPABILITY IMAP4rev1 STARTTLS LOGINDISABLED UIDPLUS IDLE NAMESPACE UNSELECT LITERAL+
Server: MEM483 OK CAPABILITY completed
Server: * CAPABILITY IMAP4rev1 STARTTLS LOGINDISABLED UIDPLUS IDLE NAMESPACE UNSELECT LITERAL+
Server: MEM484 OK CAPABILITY completed
Server: * CAPABILITY IMAP4rev1 STARTTLS LOGINDISABLED UIDPLUS IDLE NAMESPACE UNSELECT LITERAL+
Server: MEM485 OK CAPABILITY completed
Server: * CAPABILITY IMAP4rev1 STARTTLS LOGINDISABLED UIDPLUS IDLE NAMESPACE UNSELECT LITERAL+
Server: MEM486 OK CAPABILITY completed
Server: * CAPABILITY IMAP4rev1 STARTTLS LOGINDISABLED UIDPLUS IDLE NAMESPACE UNSELECT LITERAL+
Server: MEM487 OK CAPABILITY completed
Server: * CAPABILITY IMAP4rev1 STARTTLS LOGINDISABLED UIDPLUS IDLE NAMESPACE UNSELECT LITERAL+
Server: MEM488 OK CAPABILITY completed
Server: * CAPABILITY IMAP4rev1 STARTTLS LOGINDISABLED UIDPLUS IDLE NAMESPACE UNSELECT LITERAL+
Server: MEM489 OK CAPABILITY completed
Server: * CAPABILITY IMAP4rev1 STARTTLS LOGINDISABLED UIDPLUS IDLE NAMESPACE UNSELECT LITERAL+
Server: MEM490 OK CAPABILITY completed
Server: * CAPABILITY IMAP4rev1 STARTTLS LOGINDISABLED UIDPLUS IDLE NAMESPACE UNSELECT LITERAL+
Server: MEM491 OK CAPABILITY completed
Server: * CAPABILITY IMAP4rev1 STARTTLS LOGINDISABLED UIDPLUS IDLE NAMESPACE UNSELECT LITERAL+
Server: MEM492 OK CAPABILITY completed
Server: * CAPABILITY IMAP4rev1 STARTTLS LOGINDISABLED UIDPLUS IDLE NAMESPACE UNSELECT LITERAL+
Server: MEM493 OK CAPABILITY completed
Server: * CAPABILITY IMAP4rev1 STARTTLS LOGINDISABLED UIDPLUS IDLE NAMESPACE UNSELECT LITERAL+
Server: MEM494 OK CAPABILITY completed
Server: * CAPABILITY IMAP4rev1 STARTTLS LOGINDISABLED UIDPLUS IDLE NAMESPACE UNSELECT LITERAL+
Server: MEM495 OK CAPABILITY completed
Server: * CAPABILITY IMAP4rev1 STARTTLS LOGINDISABLED UIDPLUS IDLE NAMESPACE UNSELECT LITERAL+
Server: MEM496 OK CAPABILITY completed
Server: * CAPABILITY IMAP4rev1 STARTTLS LOGINDISABLED UIDPLUS IDLE NAMESPACE UNSELECT LITERAL+
Server: MEM497 OK CAPABILITY completed
Server: * CAPABILITY IMAP4rev1 STARTTLS LOGINDISABLED UIDPLUS IDLE NAMESPACE UNSELECT LITERAL+
Server: MEM498 OK CAPABILITY completed
Server: * CAPABILITY IMAP4rev1 STARTTLS LOGINDISABLED UIDPLUS IDLE NAMESPACE UNSELECT LITERAL+
Server: MEM499 OK CAPABILITY completed
Server: * CAPABILITY IMAP4rev1 STARTTLS LOGINDISABLED UIDPLUS IDLE NAMESPACE UNSELECT LITERAL+
Server: MEM500 OK CAPABILITY completed
Server: * CAPABILITY IMAP4rev1 STARTTLS LOGINDISABLED UIDPLUS IDLE NAMESPACE UNSELECT LITERAL+
Server: MEM501 OK CAPABILITY completed
Server: * CAPABILITY IMAP4rev1 STARTTLS LOGINDISABLED UIDPLUS IDLE NAMESPACE UNSELECT LITERAL+
Server: MEM502 OK CAPABILITY completed
Server: * CAPABILITY IMAP4rev1 STARTTLS LOGINDISABLED UIDPLUS IDLE NAMESPACE UNSELECT LITERAL+
Server: MEM503 OK CAPABILITY completed
Server: * CAPABILITY IMAP4rev1 STARTTLS LOGINDISABLED UIDPLUS IDLE NAMESPACE UNSELECT LITERAL+
Server: MEM504 OK CAPABILITY completed
Server: * CAPABILITY IMAP4rev1 STARTTLS LOGINDISABLED UIDPLUS IDLE NAMESPACE UNSELECT LITERAL+
Server: MEM505 OK CAPABILITY completed
Server: * CAPABILITY IMAP4rev1 STARTTLS LOGINDISABLED UIDPLUS IDLE NAMESPACE UNSELECT LITERAL+
Server: MEM506 OK CAPABILITY completed
Server: * CAPABILITY IMAP4rev1 STARTTLS LOGINDISABLED UIDPLUS IDLE NAMESPACE UNSELECT LITERAL+
Server: MEM507 OK CAPABILITY completed
Server: * CAPABILITY IMAP4rev1 STARTTLS LOGINDISABLED UIDPLUS IDLE NAMESPACE UNSELECT LITERAL+
Server: MEM508 OK CAPABILITY completed
Server: * CAPABILITY IMAP4rev1 STARTTLS LOGINDISABLED UIDPLUS IDLE NAMESPACE UNSELECT LITERAL+
Server: MEM509 OK CAPABILITY completed
Server: * CAPABILITY IMAP4rev1 STARTTLS LOGINDISABLED UIDPLUS IDLE NAMESPACE UNSELECT LITERAL+
Server: MEM510 OK CAPABILITY completed
Server: * CAPABILITY IMAP4rev1 STARTTLS LOGINDISABLED UIDPLUS IDLE NAMESPACE UNSELECT LITERAL+
Server: MEM511 OK CAPABILITY completed
Server: * CAPABILITY IMAP4rev1 STARTTLS LOGINDISABLED UIDPLUS IDLE NAMESPACE UNSELECT LITERAL+
Server: MEM512 OK CAPABILITY completed
Server: * CAPABILITY IMAP4rev1 STARTTLS LOGINDISABLED UIDPLUS IDLE NAMESPACE UNSELECT LITERAL+
Server: MEM513 OK CAPABILITY completed
Server: * CAPABILITY IMAP4rev1 STARTTLS LOGINDISABLED UIDPLUS IDLE NAMESPACE UNSELECT LITERAL+
Server: MEM514 OK CAPABILITY completed
Server: * CAPABILITY IMAP4rev1 STARTTLS LOGINDISABLED UIDPLUS IDLE NAMESPACE UNSELECT LITERAL+
Server: MEM515 OK CAPABILITY completed
Server: * CAPABILITY IMAP4rev1 STARTTLS LOGINDISABLED UIDPLUS IDLE NAMESPACE UNSELECT LITERAL+
Server: MEM516 OK CAPABILITY completed
Server: * CAPABILITY IMAP4rev1 STARTTLS LOGINDISABLED UIDPLUS IDLE NAMESPACE UNSELECT LITERAL+
Server: MEM517 OK CAPABILITY completed
Server: * CAPABILITY IMAP4rev1 STARTTLS LOGINDISABLED UIDPLUS IDLE NAMESPACE UNSELECT LITERAL+
Server: MEM518 OK CAPABILITY completed
Server: * CAPABILITY IMAP4rev1 STARTTLS LOGINDISABLED UIDPLUS IDLE NAMESPACE UNSELECT LITERAL+
Server: MEM519 OK CAPABILITY completed
Server: * CAPABILITY IMAP4rev1 STARTTLS LOGINDISABLED UIDPLUS IDLE NAMESPACE UNSELECT LITERAL+
Server: MEM520 OK CAPABILITY completed
Server: * CAPABILITY IMAP4rev1 STARTTLS LOGINDISABLED UIDPLUS IDLE NAMESPACE UNSELECT LITERAL+
Server: MEM521 OK CAPABILITY completed
Server: * CAPABILITY IMAP4rev1 STARTTLS LOGINDISABLED UIDPLUS IDLE NAMESPACE UNSELECT LITERAL+
Server: MEM522 OK CAPABILITY completed
Server: * CAPABILITY IMAP4rev1 STARTTLS LOGINDISABLED UIDPLUS IDLE NAMESPACE UNSELECT LITERAL+
Server: MEM523 OK CAPABILITY completed
Server: * CAPABILITY IMAP4rev1 STARTTLS LOGINDISABLED UIDPLUS IDLE NAMESPACE UNSELECT LITERAL+
Server: MEM524 OK CAPABILITY completed
Server: * CAPABILITY IMAP4rev1 STARTTLS LOGINDISABLED UIDPLUS IDLE NAMESPACE UNSELECT LITERAL+
Server: MEM525 OK CAPABILITY completed
Server: * CAPABILITY IMAP4rev1 STARTTLS LOGINDISABLED UIDPLUS IDLE NAMESPACE UNSELECT LITERAL+
Server: MEM526 OK CAPABILITY completed
Server: * CAPABILITY IMAP4rev1 STARTTLS LOGINDISABLED UIDPLUS IDLE NAMESPACE UNSELECT LITERAL+
Server: MEM527 OK CAPABILITY completed
Server: * CAPABILITY IMAP4rev1 STARTTLS LOGINDISABLED UIDPLUS IDLE NAMESPACE UNSELECT LITERAL+
Server: MEM528 OK CAPABILITY completed
Server: * CAPABILITY IMAP4rev1 STARTTLS LOGINDISABLED UIDPLUS IDLE NAMESPACE UNSELECT LITERAL+
Server: MEM529 OK CAPABILITY completed
Server: * CAPABILITY IMAP4rev1 STARTTLS LOGINDISABLED UIDPLUS IDLE NAMESPACE UNSELECT LITERAL+
Server: MEM530 OK CAPABILITY completed
Server: * CAPABILITY IMAP4rev1 STARTTLS LOGINDISABLED UIDPLUS IDLE NAMESPACE UNSELECT LITERAL+
Server: MEM531 OK CAPABILITY completed
Server: * CAPABILITY IMAP4rev1 STARTTLS LOGINDISABLED UIDPLUS IDLE NAMESPACE UNSELECT LITERAL+
Server: MEM532 OK CAPABILITY completed
Server: * CAPABILITY IMAP4rev1 STARTTLS LOGINDISABLED UIDPLUS IDLE NAMESPACE UNSELECT LITERAL+
Server: MEM533 OK CAPABILITY completed
Server: * CAPABILITY IMAP4rev1 STARTTLS LOGINDISABLED UIDPLUS IDLE NAMESPACE UNSELECT LITERAL+
Server: MEM534 OK CAPABILITY completed
Server: * CAPABILITY IMAP4rev1 STARTTLS LOGINDISABLED UIDPLUS IDLE NAMESPACE UNSELECT LITERAL+
Server: MEM535 OK CAPABILITY completed
Server: * CAPABILITY IMAP4rev1 STARTTLS LOGINDISABLED UIDPLUS IDLE NAMESPACE UNSELECT LITERAL+
Server: MEM536 OK CAPABILITY completed
Server: * CAPABILITY IMAP4rev1 STARTTLS LOGINDISABLED UIDPLUS IDLE NAMESPACE UNSELECT LITERAL+
Server: MEM537 OK CAPABILITY completed
Server: * CAPABILITY IMAP4rev1 STARTTLS LOGINDISABLED UIDPLUS IDLE NAMESPACE UNSELECT LITERAL+
Server: MEM538 OK CAPABILITY completed
Server: * CAPABILITY IMAP4rev1 STARTTLS LOGINDISABLED UIDPLUS IDLE NAMESPACE UNSELECT LITERAL+
Server: MEM539 OK CAPABILITY completed
Server: * CAPABILITY IMAP4rev1 STARTTLS LOGINDISABLED UIDPLUS IDLE NAMESPACE UNSELECT LITERAL+
Server: MEM540 OK CAPABILITY completed
Server: * CAPABILITY IMAP4rev1 STARTTLS LOGINDISABLED UIDPLUS IDLE NAMESPACE UNSELECT LITERAL+
Server: MEM541 OK CAPABILITY completed
Server: * CAPABILITY IMAP4rev1 STARTTLS LOGINDISABLED UIDPLUS IDLE NAMESPACE UNSELECT LITERAL+
Server: MEM542 OK CAPABILITY completed
Server: * CAPABILITY IMAP4rev1 STARTTLS LOGINDISABLED UIDPLUS IDLE NAMESPACE UNSELECT LITERAL+
Server: MEM543 OK CAPABILITY completed
Server: * CAPABILITY IMAP4rev1 STARTTLS LOGINDISABLED UIDPLUS IDLE NAMESPACE UNSELECT LITERAL+
Server: MEM544 OK CAPABILITY completed
Server: * CAPABILITY IMAP4rev1 STARTTLS LOGINDISABLED UIDPLUS IDLE NAMESPACE UNSELECT LITERAL+
Server: MEM545 OK CAPABILITY completed
Server: * CAPABILITY IMAP4rev1 STARTTLS LOGINDISABLED UIDPLUS IDLE NAMESPACE UNSELECT LITERAL+
Server: MEM546 OK CAPABILITY completed
Server: * CAPABILITY IMAP4rev1 STARTTLS LOGINDISABLED UIDPLUS IDLE NAMESPACE UNSELECT LITERAL+
Server: MEM547 OK CAPABILITY completed
Server: * CAPABILITY IMAP4rev1 STARTTLS LOGINDISABLED UIDPLUS IDLE NAMESPACE UNSELECT LITERAL+
Server: MEM548 OK CAPABILITY completed
Server: * CAPABILITY IMAP4rev1 STARTTLS LOGINDISABLED UIDPLUS IDLE NAMESPACE UNSELECT LITERAL+
Server: MEM549 OK CAPABILITY completed
Server: * CAPABILITY IMAP4rev1 STARTTLS LOGINDISABLED UIDPLUS IDLE NAMESPACE UNSELECT LITERAL+
Server: MEM550 OK CAPABILITY completed
Server: * CAPABILITY IMAP4rev1 STARTTLS LOGINDISABLED UIDPLUS IDLE NAMESPACE UNSELECT LITERAL+
Server: MEM551 OK CAPABILITY completed
Server: * CAPABILITY IMAP4rev1 STARTTLS LOGINDISABLED UIDPLUS IDLE NAMESPACE UNSELECT LITERAL+
Server: MEM552 OK CAPABILITY completed
Server: * CAPABILITY IMAP4rev1 STARTTLS LOGINDISABLED UIDPLUS IDLE NAMESPACE UNSELECT LITERAL+
Server: MEM553 OK CAPABILITY completed
Server: * CAPABILITY IMAP4rev1 STARTTLS LOGINDISABLED UIDPLUS IDLE NAMESPACE UNSELECT LITERAL+
Server: MEM554 OK CAPABILITY completed
Server: * CAPABILITY IMAP4rev1 STARTTLS LOGINDISABLED UIDPLUS IDLE NAMESPACE UNSELECT LITERAL+
Server: MEM555 OK CAPABILITY completed
Server: * CAPABILITY IMAP4rev1 STARTTLS LOGINDISABLED UIDPLUS IDLE NAMESPACE UNSELECT LITERAL+
Server: MEM556 OK CAPABILITY completed
Server: * CAPABILITY IMAP4rev1 STARTTLS LOGINDISABLED UIDPLUS IDLE NAMESPACE UNSELECT LITERAL+
Server: MEM557 OK CAPABILITY completed
Server: * CAPABILITY IMAP4rev1 STARTTLS LOGINDISABLED UIDPLUS IDLE NAMESPACE UNSELECT LITERAL+
Server: MEM558 OK CAPABILITY completed
Server: * CAPABILITY IMAP4rev1 STARTTLS LOGINDISABLED UIDPLUS IDLE NAMESPACE UNSELECT LITERAL+
Server: MEM559 OK CAPABILITY completed
Server: * CAPABILITY IMAP4rev1 STARTTLS LOGINDISABLED UIDPLUS IDLE NAMESPACE UNSELECT LITERAL+
Server: MEM560 OK CAPABILITY completed
Server: * CAPABILITY IMAP4rev1 STARTTLS LOGINDISABLED UIDPLUS IDLE NAMESPACE UNSELECT LITERAL+
Server: MEM561 OK CAPABILITY completed
Server: * CAPABILITY IMAP4rev1 STARTTLS LOGINDISABLED UIDPLUS IDLE NAMESPACE UNSELECT LITERAL+
Server: MEM562 OK CAPABILITY completed
Server: * CAPABILITY IMAP4rev1 STARTTLS LOGINDISABLED UIDPLUS IDLE NAMESPACE UNSELECT LITERAL+
Server: MEM563 OK CAPABILITY completed
Server: * CAPABILITY IMAP4rev1 STARTTLS LOGINDISABLED UIDPLUS IDLE NAMESPACE UNSELECT LITERAL+
Server: MEM564 OK CAPABILITY completed
Server: * CAPABILITY IMAP4rev1 STARTTLS LOGINDISABLED UIDPLUS IDLE NAMESPACE UNSELECT LITERAL+
Server: MEM565 OK CAPABILITY completed
Server: * CAPABILITY IMAP4rev1 STARTTLS LOGINDISABLED UIDPLUS IDLE NAMESPACE UNSELECT LITERAL+
Server: MEM566 OK CAPABILITY completed
Server: * CAPABILITY IMAP4rev1 STARTTLS LOGINDISABLED UIDPLUS IDLE NAMESPACE UNSELECT LITERAL+
Server: MEM567 OK CAPABILITY completed
Server: * CAPABILITY IMAP4rev1 STARTTLS LOGINDISABLED UIDPLUS IDLE NAMESPACE UNSELECT LITERAL+
Server: MEM568 OK CAPABILITY completed
Server: * CAPABILITY IMAP4rev1 STARTTLS LOGINDISABLED UIDPLUS IDLE NAMESPACE UNSELECT LITERAL+
Server: MEM569 OK CAPABILITY completed
Server: * CAPABILITY IMAP4rev1 STARTTLS LOGINDISABLED UIDPLUS IDLE NAMESPACE UNSELECT LITERAL+
Server: MEM570 OK CAPABILITY completed
Server: * CAPABILITY IMAP4rev1 STARTTLS LOGINDISABLED UIDPLUS IDLE NAMESPACE UNSELECT LITERAL+
Server: MEM571 OK CAPABILITY completed
Server: * CAPABILITY IMAP4rev1 STARTTLS LOGINDISABLED UIDPLUS IDLE NAMESPACE UNSELECT LITERAL+
Server: MEM572 OK CAPABILITY completed
Server: * CAPABILITY IMAP4rev1 STARTTLS LOGINDISABLED UIDPLUS IDLE NAMESPACE UNSELECT LITERAL+
Server: MEM573 OK CAPABILITY completed
Server: * CAPABILITY IMAP4rev1 STARTTLS LOGINDISABLED UIDPLUS IDLE NAMESPACE UNSELECT LITERAL+
Server: MEM574 OK CAPABILITY completed
Server: * CAPABILITY IMAP4rev1 STARTTLS LOGINDISABLED UIDPLUS IDLE NAMESPACE UNSELECT LITERAL+
Server: MEM575 OK CAPABILITY completed
Server: * CAPABILITY IMAP4rev1 STARTTLS LOGINDISABLED UIDPLUS IDLE NAMESPACE UNSELECT LITERAL+
Server: MEM576 OK CAPABILITY completed
Server: * CAPABILITY IMAP4rev1 STARTTLS LOGINDISABLED UIDPLUS IDLE NAMESPACE UNSELECT LITERAL+
Server: MEM577 OK CAPABILITY completed
Server: * CAPABILITY IMAP4rev1 STARTTLS LOGINDISABLED UIDPLUS IDLE NAMESPACE UNSELECT LITERAL+
Server: MEM578 OK CAPABILITY completed
Server: * CAPABILITY IMAP4rev1 STARTTLS LOGINDISABLED UIDPLUS IDLE NAMESPACE UNSELECT LITERAL+
Server: MEM579 OK CAPABILITY completed
Server: * CAPABILITY IMAP4rev1 STARTTLS LOGINDISABLED UIDPLUS IDLE NAMESPACE UNSELECT LITERAL+
Server: MEM580 OK CAPABILITY completed
Server: * CAPABILITY IMAP4rev1 STARTTLS LOGINDISABLED UIDPLUS IDLE NAMESPACE UNSELECT LITERAL+
Server: MEM581 OK CAPABILITY completed
Server: * CAPABILITY IMAP4rev1 STARTTLS LOGINDISABLED UIDPLUS IDLE NAMESPACE UNSELECT LITERAL+
Server: MEM582 OK CAPABILITY completed
Server: * CAPABILITY IMAP4rev1 STARTTLS LOGINDISABLED UIDPLUS IDLE NAMESPACE UNSELECT LITERAL+
Server: MEM583 OK CAPABILITY completed
Server: * CAPABILITY IMAP4rev1 STARTTLS LOGINDISABLED UIDPLUS IDLE NAMESPACE UNSELECT LITERAL+
Server: MEM584 OK CAPABILITY completed
Server: * CAPABILITY IMAP4rev1 STARTTLS LOGINDISABLED UIDPLUS IDLE NAMESPACE UNSELECT LITERAL+
Server: MEM585 OK CAPABILITY completed
Server: * CAPABILITY IMAP4rev1 STARTTLS LOGINDISABLED UIDPLUS IDLE NAMESPACE UNSELECT LITERAL+
Server: MEM586 OK CAPABILITY completed
Server: * CAPABILITY IMAP4rev1 STARTTLS LOGINDISABLED UIDPLUS IDLE NAMESPACE UNSELECT LITERAL+
Server: MEM587 OK CAPABILITY completed
Server: * CAPABILITY IMAP4rev1 STARTTLS LOGINDISABLED UIDPLUS IDLE NAMESPACE UNSELECT LITERAL+
Server: MEM588 OK CAPABILITY completed
Server: * CAPABILITY IMAP4rev1 STARTTLS LOGINDISABLED UIDPLUS IDLE NAMESPACE UNSELECT LITERAL+
Server: MEM589 OK CAPABILITY completed
Server: * CAPABILITY IMAP4rev1 STARTTLS LOGINDISABLED UIDPLUS IDLE NAMESPACE UNSELECT LITERAL+
Server: MEM590 OK CAPABILITY completed
Server: * CAPABILITY IMAP4rev1 STARTTLS LOGINDISABLED UIDPLUS IDLE NAMESPACE UNSELECT LITERAL+
Server: MEM591 OK CAPABILITY completed
Server: * CAPABILITY IMAP4rev1 STARTTLS LOGINDISABLED UIDPLUS IDLE NAMESPACE UNSELECT LITERAL+
Server: MEM592 OK CAPABILITY completed
Server: * CAPABILITY IMAP4rev1 STARTTLS LOGINDISABLED UIDPLUS IDLE NAMESPACE UNSELECT LITERAL+
Server: MEM593 OK CAPABILITY completed
Server: * CAPABILITY IMAP4rev1 STARTTLS LOGINDISABLED UIDPLUS IDLE NAMESPACE UNSELECT LITERAL+
Server: MEM594 OK CAPABILITY completed
Server: * CAPABILITY IMAP4rev1 STARTTLS LOGINDISABLED UIDPLUS IDLE NAMESPACE UNSELECT LITERAL+
Server: MEM595 OK CAPABILITY completed
Server: * CAPABILITY IMAP4rev1 STARTTLS LOGINDISABLED UIDPLUS IDLE NAMESPACE UNSELECT LITERAL+
Server: MEM596 OK CAPABILITY completed
Server: * CAPABILITY IMAP4rev1 STARTTLS LOGINDISABLED UIDPLUS IDLE NAMESPACE UNSELECT LITERAL+
Server: MEM597 OK CAPABILITY completed
Server: * CAPABILITY IMAP4rev1 STARTTLS LOGINDISABLED UIDPLUS IDLE NAMESPACE UNSELECT LITERAL+
Server: MEM598 OK CAPABILITY completed
Server: * CAPABILITY IMAP4rev1 STARTTLS LOGINDISABLED UIDPLUS IDLE NAMESPACE UNSELECT LITERAL+
Server: MEM599 OK CAPABILITY completed
Server: * CAPABILITY IMAP4rev1 STARTTLS LOGINDISABLED UIDPLUS IDLE NAMESPACE UNSELECT LITERAL+
Server: MEM600 OK CAPABILITY completed
Server: * CAPABILITY IMAP4rev1 STARTTLS LOGINDISABLED UIDPLUS IDLE NAMESPACE UNSELECT LITERAL+
Server: MEM601 OK CAPABILITY completed
Server: * CAPABILITY IMAP4rev1 STARTTLS LOGINDISABLED UIDPLUS IDLE NAMESPACE UNSELECT LITERAL+
Server: MEM602 OK CAPABILITY completed
Server: * CAPABILITY IMAP4rev1 STARTTLS LOGINDISABLED UIDPLUS IDLE NAMESPACE UNSELECT LITERAL+
Server: MEM603 OK CAPABILITY completed
Server: * CAPABILITY IMAP4rev1 STARTTLS LOGINDISABLED UIDPLUS IDLE NAMESPACE UNSELECT LITERAL+
Server: MEM604 OK CAPABILITY completed
Server: * CAPABILITY IMAP4rev1 STARTTLS LOGINDISABLED UIDPLUS IDLE NAMESPACE UNSELECT LITERAL+
Server: MEM605 OK CAPABILITY completed
Server: * CAPABILITY IMAP4rev1 STARTTLS LOGINDISABLED UIDPLUS IDLE NAMESPACE UNSELECT LITERAL+
Server: MEM606 OK CAPABILITY completed
Server: * CAPABILITY IMAP4rev1 STARTTLS LOGINDISABLED UIDPLUS IDLE NAMESPACE UNSELECT LITERAL+
Server: MEM607 OK CAPABILITY completed
Server: * CAPABILITY IMAP4rev1 STARTTLS LOGINDISABLED UIDPLUS IDLE NAMESPACE UNSELECT LITERAL+
Server: MEM608 OK CAPABILITY completed
Server: * CAPABILITY IMAP4rev1 STARTTLS LOGINDISABLED UIDPLUS IDLE NAMESPACE UNSELECT LITERAL+
Server: MEM609 OK CAPABILITY completed
Server: * CAPABILITY IMAP4rev1 STARTTLS LOGINDISABLED UIDPLUS IDLE NAMESPACE UNSELECT LITERAL+
Server: MEM610 OK CAPABILITY completed
Server: * CAPABILITY IMAP4rev1 STARTTLS LOGINDISABLED UIDPLUS IDLE NAMESPACE UNSELECT LITERAL+
Server: MEM611 OK CAPABILITY completed
Server: * CAPABILITY IMAP4rev1 STARTTLS LOGINDISABLED UIDPLUS IDLE NAMESPACE UNSELECT LITERAL+
Server: MEM612 OK CAPABILITY completed
Server: * CAPABILITY IMAP4rev1 STARTTLS LOGINDISABLED UIDPLUS IDLE NAMESPACE UNSELECT LITERAL+
Server: MEM613 OK CAPABILITY completed
Server: * CAPABILITY IMAP4rev1 STARTTLS LOGINDISABLED UIDPLUS IDLE NAMESPACE UNSELECT LITERAL+
Server: MEM614 OK CAPABILITY completed
Server: * CAPABILITY IMAP4rev1 STARTTLS LOGINDISABLED UIDPLUS IDLE NAMESPACE UNSELECT LITERAL+
Server: MEM615 OK CAPABILITY completed
Server: * CAPABILITY IMAP4rev1 STARTTLS LOGINDISABLED UIDPLUS IDLE NAMESPACE UNSELECT LITERAL+
Server: MEM616 OK CAPABILITY completed
Server: * CAPABILITY IMAP4rev1 STARTTLS LOGINDISABLED UIDPLUS IDLE NAMESPACE UNSELECT LITERAL+
Server: MEM617 OK CAPABILITY completed
Server: * CAPABILITY IMAP4rev1 STARTTLS LOGINDISABLED UIDPLUS IDLE NAMESPACE UNSELECT LITERAL+
Server: MEM618 OK CAPABILITY completed
Server: * CAPABILITY IMAP4rev1 STARTTLS LOGINDISABLED UIDPLUS IDLE NAMESPACE UNSELECT LITERAL+
Server: MEM619 OK CAPABILITY completed
Server: * CAPABILITY IMAP4rev1 STARTTLS LOGINDISABLED UIDPLUS IDLE NAMESPACE UNSELECT LITERAL+
Server: MEM620 OK CAPABILITY completed
Server: * CAPABILITY IMAP4rev1 STARTTLS LOGINDISABLED UIDPLUS IDLE NAMESPACE UNSELECT LITERAL+
Server: MEM621 OK CAPABILITY completed
Server: * CAPABILITY IMAP4rev1 STARTTLS LOGINDISABLED UIDPLUS IDLE NAMESPACE UNSELECT LITERAL+
Server: MEM622 OK CAPABILITY completed
Server: * CAPABILITY IMAP4rev1 STARTTLS LOGINDISABLED UIDPLUS IDLE NAMESPACE UNSELECT LITERAL+
Server: MEM623 OK CAPABILITY completed
Server: * CAPABILITY IMAP4rev1 STARTTLS LOGINDISABLED UIDPLUS IDLE NAMESPACE UNSELECT LITERAL+
Server: MEM624 OK CAPABILITY completed
Server: * CAPABILITY IMAP4rev1 STARTTLS LOGINDISABLED UIDPLUS IDLE NAMESPACE UNSELECT LITERAL+
Server: MEM625 OK CAPABILITY completed
Server: * CAPABILITY IMAP4rev1 STARTTLS LOGINDISABLED UIDPLUS IDLE NAMESPACE UNSELECT LITERAL+
Server: MEM626 OK CAPABILITY completed
Server: * CAPABILITY IMAP4rev1 STARTTLS LOGINDISABLED UIDPLUS IDLE NAMESPACE UNSELECT LITERAL+
Server: MEM627 OK CAPABILITY completed
Server: * CAPABILITY IMAP4rev1 STARTTLS LOGINDISABLED UIDPLUS IDLE NAMESPACE UNSELECT LITERAL+
Server: MEM628 OK CAPABILITY completed
Server: * CAPABILITY IMAP4rev1 STARTTLS LOGINDISABLED UIDPLUS IDLE NAMESPACE UNSELECT LITERAL+
Server: MEM629 OK CAPABILITY completed
Server: * CAPABILITY IMAP4rev1 STARTTLS LOGINDISABLED UIDPLUS IDLE NAMESPACE UNSELECT LITERAL+
Server: MEM630 OK CAPABILITY completed
Server: * CAPABILITY IMAP4rev1 STARTTLS LOGINDISABLED UIDPLUS IDLE NAMESPACE UNSELECT LITERAL+
Server: MEM631 OK CAPABILITY completed
Server: * CAPABILITY IMAP4rev1 STARTTLS LOGINDISABLED UIDPLUS IDLE NAMESPACE UNSELECT LITERAL+
Server: MEM632 OK CAPABILITY completed
Server: * CAPABILITY IMAP4rev1 STARTTLS LOGINDISABLED UIDPLUS IDLE NAMESPACE UNSELECT LITERAL+
Server: MEM633 OK CAPABILITY completed
Server: * CAPABILITY IMAP4rev1 STARTTLS LOGINDISABLED UIDPLUS IDLE NAMESPACE UNSELECT LITERAL+
Server: MEM634 OK CAPABILITY completed
Server: * CAPABILITY IMAP4rev1 STARTTLS LOGINDISABLED UIDPLUS IDLE NAMESPACE UNSELECT LITERAL+
Server: MEM635 OK CAPABILITY completed
Server: * CAPABILITY IMAP4rev1 STARTTLS LOGINDISABLED UIDPLUS IDLE NAMESPACE UNSELECT LITERAL+
Server: MEM636 OK CAPABILITY completed
Server: * CAPABILITY IMAP4rev1 STARTTLS LOGINDISABLED UIDPLUS IDLE NAMESPACE UNSELECT LITERAL+
Server: MEM637 OK CAPABILITY completed
Server: * CAPABILITY IMAP4rev1 STARTTLS LOGINDISABLED UIDPLUS IDLE NAMESPACE UNSELECT LITERAL+
Server: MEM638 OK CAPABILITY completed
Server: * CAPABILITY IMAP4rev1 STARTTLS LOGINDISABLED UIDPLUS IDLE NAMESPACE UNSELECT LITERAL+
Server: MEM639 OK CAPABILITY completed
Server: * CAPABILITY IMAP4rev1 STARTTLS LOGINDISABLED UIDPLUS IDLE NAMESPACE UNSELECT LITERAL+
Server: MEM640 OK CAPABILITY completed
Server: * CAPABILITY IMAP4rev1 STARTTLS LOGINDISABLED UIDPLUS IDLE NAMESPACE UNSELECT LITERAL+
Server: MEM641 OK CAPABILITY completed
Server: * CAPABILITY IMAP4rev1 STARTTLS LOGINDISABLED UIDPLUS IDLE NAMESPACE UNSELECT LITERAL+
Server: MEM642 OK CAPABILITY completed
Server: * CAPABILITY IMAP4rev1 STARTTLS LOGINDISABLED UIDPLUS IDLE NAMESPACE UNSELECT LITERAL+
Server: MEM643 OK CAPABILITY completed
Server: * CAPABILITY IMAP4rev1 STARTTLS LOGINDISABLED UIDPLUS IDLE NAMESPACE UNSELECT LITERAL+
Server: MEM644 OK CAPABILITY completed
Server: * CAPABILITY IMAP4rev1 STARTTLS LOGINDISABLED UIDPLUS IDLE NAMESPACE UNSELECT LITERAL+
Server: MEM645 OK CAPABILITY completed
Server: * CAPABILITY IMAP4rev1 STARTTLS LOGINDISABLED UIDPLUS IDLE NAMESPACE UNSELECT LITERAL+
Server: MEM646 OK CAPABILITY completed
Server: * CAPABILITY IMAP4rev1 STARTTLS LOGINDISABLED UIDPLUS IDLE NAMESPACE UNSELECT LITERAL+
Server: MEM647 OK CAPABILITY completed
Server: * CAPABILITY IMAP4rev1 STARTTLS LOGINDISABLED UIDPLUS IDLE NAMESPACE UNSELECT LITERAL+
Server: MEM648 OK CAPABILITY completed
Server: * CAPABILITY IMAP4rev1 STARTTLS LOGINDISABLED UIDPLUS IDLE NAMESPACE UNSELECT LITERAL+
Server: MEM649 OK CAPABILITY completed
Server: * CAPABILITY IMAP4rev1 STARTTLS LOGINDISABLED UIDPLUS IDLE NAMESPACE UNSELECT LITERAL+
Server: MEM650 OK CAPABILITY completed
Server: * CAPABILITY IMAP4rev1 STARTTLS LOGINDISABLED UIDPLUS IDLE NAMESPACE UNSELECT LITERAL+
Server: MEM651 OK CAPABILITY completed
Server: * CAPABILITY IMAP4rev1 STARTTLS LOGINDISABLED UIDPLUS IDLE NAMESPACE UNSELECT LITERAL+
Server: MEM652 OK CAPABILITY completed
Server: * CAPABILITY IMAP4rev1 STARTTLS LOGINDISABLED UIDPLUS IDLE NAMESPACE UNSELECT LITERAL+
Server: MEM653 OK CAPABILITY completed
Server: * CAPABILITY IMAP4rev1 STARTTLS LOGINDISABLED UIDPLUS IDLE NAMESPACE UNSELECT LITERAL+
Server: MEM654 OK CAPABILITY completed
Server: * CAPABILITY IMAP4rev1 STARTTLS LOGINDISABLED UIDPLUS IDLE NAMESPACE UNSELECT LITERAL+
Server: MEM655 OK CAPABILITY completed
Server: * CAPABILITY IMAP4rev1 STARTTLS LOGINDISABLED UIDPLUS IDLE NAMESPACE UNSELECT LITERAL+
Server: MEM656 OK CAPABILITY completed
Server: * CAPABILITY IMAP4rev1 STARTTLS LOGINDISABLED UIDPLUS IDLE NAMESPACE UNSELECT LITERAL+
Server: MEM657 OK CAPABILITY completed
Server: * CAPABILITY IMAP4rev1 STARTTLS LOGINDISABLED UIDPLUS IDLE NAMESPACE UNSELECT LITERAL+
Server: MEM658 OK CAPABILITY completed
Server: * CAPABILITY IMAP4rev1 STARTTLS LOGINDISABLED UIDPLUS IDLE NAMESPACE UNSELECT LITERAL+
Server: MEM659 OK CAPABILITY completed
Server: * CAPABILITY IMAP4rev1 STARTTLS LOGINDISABLED UIDPLUS IDLE NAMESPACE UNSELECT LITERAL+
Server: MEM660 OK CAPABILITY completed
Server: * CAPABILITY IMAP4rev1 STARTTLS LOGINDISABLED UIDPLUS IDLE NAMESPACE UNSELECT LITERAL+
Server: MEM661 OK CAPABILITY completed
Server: * CAPABILITY IMAP4rev1 STARTTLS LOGINDISABLED UIDPLUS IDLE NAMESPACE UNSELECT LITERAL+
Server: MEM662 OK CAPABILITY completed
Server: * CAPABILITY IMAP4rev1 STARTTLS LOGINDISABLED UIDPLUS IDLE NAMESPACE UNSELECT LITERAL+
Server: MEM663 OK CAPABILITY completed
Server: * CAPABILITY IMAP4rev1 STARTTLS LOGINDISABLED UIDPLUS IDLE NAMESPACE UNSELECT LITERAL+
Server: MEM664 OK CAPABILITY completed
Server: * CAPABILITY IMAP4rev1 STARTTLS LOGINDISABLED UIDPLUS IDLE NAMESPACE UNSELECT LITERAL+
Server: MEM665 OK CAPABILITY completed
Server: * CAPABILITY IMAP4rev1 STARTTLS LOGINDISABLED UIDPLUS IDLE NAMESPACE UNSELECT LITERAL+
Server: MEM666 OK CAPABILITY completed
Server: * CAPABILITY IMAP4rev1 STARTTLS LOGINDISABLED UIDPLUS IDLE NAMESPACE UNSELECT LITERAL+
Server: MEM667 OK CAPABILITY completed
Server: * CAPABILITY IMAP4rev1 STARTTLS LOGINDISABLED UIDPLUS IDLE NAMESPACE UNSELECT LITERAL+
Server: MEM668 OK CAPABILITY completed
Server: * CAPABILITY IMAP4rev1 STARTTLS LOGINDISABLED UIDPLUS IDLE NAMESPACE UNSELECT LITERAL+
Server: MEM669 OK CAPABILITY completed
Server: * CAPABILITY IMAP4rev1 STARTTLS LOGINDISABLED UIDPLUS IDLE NAMESPACE UNSELECT LITERAL+
Server: MEM670 OK CAPABILITY completed
Server: * CAPABILITY IMAP4rev1 STARTTLS LOGINDISABLED UIDPLUS IDLE NAMESPACE UNSELECT LITERAL+
Server: MEM671 OK CAPABILITY completed
Server: * CAPABILITY IMAP4rev1 STARTTLS LOGINDISABLED UIDPLUS IDLE NAMESPACE UNSELECT LITERAL+
Server: MEM672 OK CAPABILITY completed
Server: * CAPABILITY IMAP4rev1 STARTTLS LOGINDISABLED UIDPLUS IDLE NAMESPACE UNSELECT LITERAL+
Server: MEM673 OK CAPABILITY completed
Server: * CAPABILITY IMAP4rev1 STARTTLS LOGINDISABLED UIDPLUS IDLE NAMESPACE UNSELECT LITERAL+
Server: MEM674 OK CAPABILITY completed
Server: * CAPABILITY IMAP4rev1 STARTTLS LOGINDISABLED UIDPLUS IDLE NAMESPACE UNSELECT LITERAL+
Server: MEM675 OK CAPABILITY completed
Server: * CAPABILITY IMAP4rev1 STARTTLS LOGINDISABLED UIDPLUS IDLE NAMESPACE UNSELECT LITERAL+
Server: MEM676 OK CAPABILITY completed
Server: * CAPABILITY IMAP4rev1 STARTTLS LOGINDISABLED UIDPLUS IDLE NAMESPACE UNSELECT LITERAL+
Server: MEM677 OK CAPABILITY completed
Server: * CAPABILITY IMAP4rev1 STARTTLS LOGINDISABLED UIDPLUS IDLE NAMESPACE UNSELECT LITERAL+
Server: MEM678 OK CAPABILITY completed
Server: * CAPABILITY IMAP4rev1 STARTTLS LOGINDISABLED UIDPLUS IDLE NAMESPACE UNSELECT LITERAL+
Server: MEM679 OK CAPABILITY completed
Server: * CAPABILITY IMAP4rev1 STARTTLS LOGINDISABLED UIDPLUS IDLE NAMESPACE UNSELECT LITERAL+
Server: MEM680 OK CAPABILITY completed
Server: * CAPABILITY IMAP4rev1 STARTTLS LOGINDISABLED UIDPLUS IDLE NAMESPACE UNSELECT LITERAL+
Server: MEM681 OK CAPABILITY completed
Server: * CAPABILITY IMAP4rev1 STARTTLS LOGINDISABLED UIDPLUS IDLE NAMESPACE UNSELECT LITERAL+
Server: MEM682 OK CAPABILITY completed
Server: * CAPABILITY IMAP4rev1 STARTTLS LOGINDISABLED UIDPLUS IDLE NAMESPACE UNSELECT LITERAL+
Server: MEM683 OK CAPABILITY completed
Server: * CAPABILITY IMAP4rev1 STARTTLS LOGINDISABLED UIDPLUS IDLE NAMESPACE UNSELECT LITERAL+
Server: MEM684 OK CAPABILITY completed
Server: * CAPABILITY IMAP4rev1 STARTTLS LOGINDISABLED UIDPLUS IDLE NAMESPACE UNSELECT LITERAL+
Server: MEM685 OK CAPABILITY completed
Server: * CAPABILITY IMAP4rev1 STARTTLS LOGINDISABLED UIDPLUS IDLE NAMESPACE UNSELECT LITERAL+
Server: MEM686 OK CAPABILITY completed
Server: * CAPABILITY IMAP4rev1 STARTTLS LOGINDISABLED UIDPLUS IDLE NAMESPACE UNSELECT LITERAL+
Server: MEM687 OK CAPABILITY completed
Server: * CAPABILITY IMAP4rev1 STARTTLS LOGINDISABLED UIDPLUS IDLE NAMESPACE UNSELECT LITERAL+
Server: MEM688 OK CAPABILITY completed
Server: * CAPABILITY IMAP4rev1 STARTTLS LOGINDISABLED UIDPLUS IDLE NAMESPACE UNSELECT LITERAL+
Server: MEM689 OK CAPABILITY completed
Server: * CAPABILITY IMAP4rev1 STARTTLS LOGINDISABLED UIDPLUS IDLE NAMESPACE UNSELECT LITERAL+
Server: MEM690 OK CAPABILITY completed
Server: * CAPABILITY IMAP4rev1 STARTTLS LOGINDISABLED UIDPLUS IDLE NAMESPACE UNSELECT LITERAL+
Server: MEM691 OK CAPABILITY completed
Server: * CAPABILITY IMAP4rev1 STARTTLS LOGINDISABLED UIDPLUS IDLE NAMESPACE UNSELECT LITERAL+
Server: MEM692 OK CAPABILITY completed
Server: * CAPABILITY IMAP4rev1 STARTTLS LOGINDISABLED UIDPLUS IDLE NAMESPACE UNSELECT LITERAL+
Server: MEM693 OK CAPABILITY completed
Server: * CAPABILITY IMAP4rev1 STARTTLS LOGINDISABLED UIDPLUS IDLE NAMESPACE UNSELECT LITERAL+
Server: MEM694 OK CAPABILITY completed
Server: * CAPABILITY IMAP4rev1 STARTTLS LOGINDISABLED UIDPLUS IDLE NAMESPACE UNSELECT LITERAL+
Server: MEM695 OK CAPABILITY completed
Server: * CAPABILITY IMAP4rev1 STARTTLS LOGINDISABLED UIDPLUS IDLE NAMESPACE UNSELECT LITERAL+
Server: MEM696 OK CAPABILITY completed
Server: * CAPABILITY IMAP4rev1 STARTTLS LOGINDISABLED UIDPLUS IDLE NAMESPACE UNSELECT LITERAL+
Server: MEM697 OK CAPABILITY completed
Server: * CAPABILITY IMAP4rev1 STARTTLS LOGINDISABLED UIDPLUS IDLE NAMESPACE UNSELECT LITERAL+
Server: MEM698 OK CAPABILITY completed
Server: * CAPABILITY IMAP4rev1 STARTTLS LOGINDISABLED UIDPLUS IDLE NAMESPACE UNSELECT LITERAL+
Server: MEM699 OK CAPABILITY completed
Server: * CAPABILITY IMAP4rev1 STARTTLS LOGINDISABLED UIDPLUS IDLE NAMESPACE UNSELECT LITERAL+
Server: MEM700 OK CAPABILITY completed
Server: * CAPABILITY IMAP4rev1 STARTTLS LOGINDISABLED UIDPLUS IDLE NAMESPACE UNSELECT LITERAL+
Server: MEM701 OK CAPABILITY completed
Server: * CAPABILITY IMAP4rev1 STARTTLS LOGINDISABLED UIDPLUS IDLE NAMESPACE UNSELECT LITERAL+
Server: MEM702 OK CAPABILITY completed
Server: * CAPABILITY IMAP4rev1 STARTTLS LOGINDISABLED UIDPLUS IDLE NAMESPACE UNSELECT LITERAL+
Server: MEM703 OK CAPABILITY completed
Server: * CAPABILITY IMAP4rev1 STARTTLS LOGINDISABLED UIDPLUS IDLE NAMESPACE UNSELECT LITERAL+
Server: MEM704 OK CAPABILITY completed
Server: * CAPABILITY IMAP4rev1 STARTTLS LOGINDISABLED UIDPLUS IDLE NAMESPACE UNSELECT LITERAL+
Server: MEM705 OK CAPABILITY completed
Server: * CAPABILITY IMAP4rev1 STARTTLS LOGINDISABLED UIDPLUS IDLE NAMESPACE UNSELECT LITERAL+
Server: MEM706 OK CAPABILITY completed
Server: * CAPABILITY IMAP4rev1 STARTTLS LOGINDISABLED UIDPLUS IDLE NAMESPACE UNSELECT LITERAL+
Server: MEM707 OK CAPABILITY completed
Server: * CAPABILITY IMAP4rev1 STARTTLS LOGINDISABLED UIDPLUS IDLE NAMESPACE UNSELECT LITERAL+
Server: MEM708 OK CAPABILITY completed
Server: * CAPABILITY IMAP4rev1 STARTTLS LOGINDISABLED UIDPLUS IDLE NAMESPACE UNSELECT LITERAL+
Server: MEM709 OK CAPABILITY completed
Server: * CAPABILITY IMAP4rev1 STARTTLS LOGINDISABLED UIDPLUS IDLE NAMESPACE UNSELECT LITERAL+
Server: MEM710 OK CAPABILITY completed
Server: * CAPABILITY IMAP4rev1 STARTTLS LOGINDISABLED UIDPLUS IDLE NAMESPACE UNSELECT LITERAL+
Server: MEM711 OK CAPABILITY completed
Server: * CAPABILITY IMAP4rev1 STARTTLS LOGINDISABLED UIDPLUS IDLE NAMESPACE UNSELECT LITERAL+
Server: MEM712 OK CAPABILITY completed
Server: * CAPABILITY IMAP4rev1 STARTTLS LOGINDISABLED UIDPLUS IDLE NAMESPACE UNSELECT LITERAL+
Server: MEM713 OK CAPABILITY completed
Server: * CAPABILITY IMAP4rev1 STARTTLS LOGINDISABLED UIDPLUS IDLE NAMESPACE UNSELECT LITERAL+
Server: MEM714 OK CAPABILITY completed
Server: * CAPABILITY IMAP4rev1 STARTTLS LOGINDISABLED UIDPLUS IDLE NAMESPACE UNSELECT LITERAL+
Server: MEM715 OK CAPABILITY completed
Server: * CAPABILITY IMAP4rev1 STARTTLS LOGINDISABLED UIDPLUS IDLE NAMESPACE UNSELECT LITERAL+
Server: MEM716 OK CAPABILITY completed
Server: * CAPABILITY IMAP4rev1 STARTTLS LOGINDISABLED UIDPLUS IDLE NAMESPACE UNSELECT LITERAL+
Server: MEM717 OK CAPABILITY completed
Server: * CAPABILITY IMAP4rev1 STARTTLS LOGINDISABLED UIDPLUS IDLE NAMESPACE UNSELECT LITERAL+
Server: MEM718 OK CAPABILITY completed
Server: * CAPABILITY IMAP4rev1 STARTTLS LOGINDISABLED UIDPLUS IDLE NAMESPACE UNSELECT LITERAL+
Server: MEM719 OK CAPABILITY completed
Server: * CAPABILITY IMAP4rev1 STARTTLS LOGINDISABLED UIDPLUS IDLE NAMESPACE UNSELECT LITERAL+
Server: MEM720 OK CAPABILITY completed
Server: * CAPABILITY IMAP4rev1 STARTTLS LOGINDISABLED UIDPLUS IDLE NAMESPACE UNSELECT LITERAL+
Server: MEM721 OK CAPABILITY completed
Server: * CAPABILITY IMAP4rev1 STARTTLS LOGINDISABLED UIDPLUS IDLE NAMESPACE UNSELECT LITERAL+
Server: MEM722 OK CAPABILITY completed
Server: * CAPABILITY IMAP4rev1 STARTTLS LOGINDISABLED UIDPLUS IDLE NAMESPACE UNSELECT LITERAL+
Server: MEM723 OK CAPABILITY completed
Server: * CAPABILITY IMAP4rev1 STARTTLS LOGINDISABLED UIDPLUS IDLE NAMESPACE UNSELECT LITERAL+
Server: MEM724 OK CAPABILITY completed
Server: * CAPABILITY IMAP4rev1 STARTTLS LOGINDISABLED UIDPLUS IDLE NAMESPACE UNSELECT LITERAL+
Server: MEM725 OK CAPABILITY completed
Server: * CAPABILITY IMAP4rev1 STARTTLS LOGINDISABLED UIDPLUS IDLE NAMESPACE UNSELECT LITERAL+
Server: MEM726 OK CAPABILITY completed
Server: * CAPABILITY IMAP4rev1 STARTTLS LOGINDISABLED UIDPLUS IDLE NAMESPACE UNSELECT LITERAL+
Server: MEM727 OK CAPABILITY completed
Server: * CAPABILITY IMAP4rev1 STARTTLS LOGINDISABLED UIDPLUS IDLE NAMESPACE UNSELECT LITERAL+
Server: MEM728 OK CAPABILITY completed
Server: * CAPABILITY IMAP4rev1 STARTTLS LOGINDISABLED UIDPLUS IDLE NAMESPACE UNSELECT LITERAL+
Server: MEM729 OK CAPABILITY completed
Server: * CAPABILITY IMAP4rev1 STARTTLS LOGINDISABLED UIDPLUS IDLE NAMESPACE UNSELECT LITERAL+
Server: MEM730 OK CAPABILITY completed
Server: * CAPABILITY IMAP4rev1 STARTTLS LOGINDISABLED UIDPLUS IDLE NAMESPACE UNSELECT LITERAL+
Server: MEM731 OK CAPABILITY completed
Server: * CAPABILITY IMAP4rev1 STARTTLS LOGINDISABLED UIDPLUS IDLE NAMESPACE UNSELECT LITERAL+
Server: MEM732 OK CAPABILITY completed
Server: * CAPABILITY IMAP4rev1 STARTTLS LOGINDISABLED UIDPLUS IDLE NAMESPACE UNSELECT LITERAL+
Server: MEM733 OK CAPABILITY completed
Server: * CAPABILITY IMAP4rev1 STARTTLS LOGINDISABLED UIDPLUS IDLE NAMESPACE UNSELECT LITERAL+
Server: MEM734 OK CAPABILITY completed
Server: * CAPABILITY IMAP4rev1 STARTTLS LOGINDISABLED UIDPLUS IDLE NAMESPACE UNSELECT LITERAL+
Server: MEM735 OK CAPABILITY completed
Server: * CAPABILITY IMAP4rev1 STARTTLS LOGINDISABLED UIDPLUS IDLE NAMESPACE UNSELECT LITERAL+
Server: MEM736 OK CAPABILITY completed
Server: * CAPABILITY IMAP4rev1 STARTTLS LOGINDISABLED UIDPLUS IDLE NAMESPACE UNSELECT LITERAL+
Server: MEM737 OK CAPABILITY completed
Server: * CAPABILITY IMAP4rev1 STARTTLS LOGINDISABLED UIDPLUS IDLE NAMESPACE UNSELECT LITERAL+
Server: MEM738 OK CAPABILITY completed
Server: * CAPABILITY IMAP4rev1 STARTTLS LOGINDISABLED UIDPLUS IDLE NAMESPACE UNSELECT LITERAL+
Server: MEM739 OK CAPABILITY completed
Server: * CAPABILITY IMAP4rev1 STARTTLS LOGINDISABLED UIDPLUS IDLE NAMESPACE UNSELECT LITERAL+
Server: MEM740 OK CAPABILITY completed
Server: * CAPABILITY IMAP4rev1 STARTTLS LOGINDISABLED UIDPLUS IDLE NAMESPACE UNSELECT LITERAL+
Server: MEM741 OK CAPABILITY completed
Server: * CAPABILITY IMAP4rev1 STARTTLS LOGINDISABLED UIDPLUS IDLE NAMESPACE UNSELECT LITERAL+
Server: MEM742 OK CAPABILITY completed
Server: * CAPABILITY IMAP4rev1 STARTTLS LOGINDISABLED UIDPLUS IDLE NAMESPACE UNSELECT LITERAL+
Server: MEM743 OK CAPABILITY completed
Server: * CAPABILITY IMAP4rev1 STARTTLS LOGINDISABLED UIDPLUS IDLE NAMESPACE UNSELECT LITERAL+
Server: MEM744 OK CAPABILITY completed
Server: * CAPABILITY IMAP4rev1 STARTTLS LOGINDISABLED UIDPLUS IDLE NAMESPACE UNSELECT LITERAL+
Server: MEM745 OK CAPABILITY completed
Server: * CAPABILITY IMAP4rev1 STARTTLS LOGINDISABLED UIDPLUS IDLE NAMESPACE UNSELECT LITERAL+
Server: MEM746 OK CAPABILITY completed
Server: * CAPABILITY IMAP4rev1 STARTTLS LOGINDISABLED UIDPLUS IDLE NAMESPACE UNSELECT LITERAL+
Server: MEM747 OK CAPABILITY completed
Server: * CAPABILITY IMAP4rev1 STARTTLS LOGINDISABLED UIDPLUS IDLE NAMESPACE UNSELECT LITERAL+
Server: MEM748 OK CAPABILITY completed
Server: * CAPABILITY IMAP4rev1 STARTTLS LOGINDISABLED UIDPLUS IDLE NAMESPACE UNSELECT LITERAL+
Server: MEM749 OK CAPABILITY completed
Server: * CAPABILITY IMAP4rev1 STARTTLS LOGINDISABLED UIDPLUS IDLE NAMESPACE UNSELECT LITERAL+
Server: MEM750 OK CAPABILITY completed
Server: * CAPABILITY IMAP4rev1 STARTTLS LOGINDISABLED UIDPLUS IDLE NAMESPACE UNSELECT LITERAL+
Server: MEM751 OK CAPABILITY completed
Server: * CAPABILITY IMAP4rev1 STARTTLS LOGINDISABLED UIDPLUS IDLE NAMESPACE UNSELECT LITERAL+
Server: MEM752 OK CAPABILITY completed
Server: * CAPABILITY IMAP4rev1 STARTTLS LOGINDISABLED UIDPLUS IDLE NAMESPACE UNSELECT LITERAL+
Server: MEM753 OK CAPABILITY completed
Server: * CAPABILITY IMAP4rev1 STARTTLS LOGINDISABLED UIDPLUS IDLE NAMESPACE UNSELECT LITERAL+
Server: MEM754 OK CAPABILITY completed
Server: * CAPABILITY IMAP4rev1 STARTTLS LOGINDISABLED UIDPLUS IDLE NAMESPACE UNSELECT LITERAL+
Server: MEM755 OK CAPABILITY completed
Server: * CAPABILITY IMAP4rev1 STARTTLS LOGINDISABLED UIDPLUS IDLE NAMESPACE UNSELECT LITERAL+
Server: MEM756 OK CAPABILITY completed
Server: * CAPABILITY IMAP4rev1 STARTTLS LOGINDISABLED UIDPLUS IDLE NAMESPACE UNSELECT LITERAL+
Server: MEM757 OK CAPABILITY completed
Server: * CAPABILITY IMAP4rev1 STARTTLS LOGINDISABLED UIDPLUS IDLE NAMESPACE UNSELECT LITERAL+
Server: MEM758 OK CAPABILITY completed
Server: * CAPABILITY IMAP4rev1 STARTTLS LOGINDISABLED UIDPLUS IDLE NAMESPACE UNSELECT LITERAL+
Server: MEM759 OK CAPABILITY completed
Server: * CAPABILITY IMAP4rev1 STARTTLS LOGINDISABLED UIDPLUS IDLE NAMESPACE UNSELECT LITERAL+
Server: MEM760 OK CAPABILITY completed
Server: * CAPABILITY IMAP4rev1 STARTTLS LOGINDISABLED UIDPLUS IDLE NAMESPACE UNSELECT LITERAL+
Server: MEM761 OK CAPABILITY completed
Server: * CAPABILITY IMAP4rev1 STARTTLS LOGINDISABLED UIDPLUS IDLE NAMESPACE UNSELECT LITERAL+
Server: MEM762 OK CAPABILITY completed
Server: * CAPABILITY IMAP4rev1 STARTTLS LOGINDISABLED UIDPLUS IDLE NAMESPACE UNSELECT LITERAL+
Server: MEM763 OK CAPABILITY completed
Server: * CAPABILITY IMAP4rev1 STARTTLS LOGINDISABLED UIDPLUS IDLE NAMESPACE UNSELECT LITERAL+
Server: MEM764 OK CAPABILITY completed
Server: * CAPABILITY IMAP4rev1 STARTTLS LOGINDISABLED UIDPLUS IDLE NAMESPACE UNSELECT LITERAL+
Server: MEM765 OK CAPABILITY completed
Server: * CAPABILITY IMAP4rev1 STARTTLS LOGINDISABLED UIDPLUS IDLE NAMESPACE UNSELECT LITERAL+
Server: MEM766 OK CAPABILITY completed
Server: * CAPABILITY IMAP4rev1 STARTTLS LOGINDISABLED UIDPLUS IDLE NAMESPACE UNSELECT LITERAL+
Server: MEM767 OK CAPABILITY completed
Server: * CAPABILITY IMAP4rev1 STARTTLS LOGINDISABLED UIDPLUS IDLE NAMESPACE UNSELECT LITERAL+
Server: MEM768 OK CAPABILITY completed
Server: * CAPABILITY IMAP4rev1 STARTTLS LOGINDISABLED UIDPLUS IDLE NAMESPACE UNSELECT LITERAL+
Server: MEM769 OK CAPABILITY completed
Server: * CAPABILITY IMAP4rev1 STARTTLS LOGINDISABLED UIDPLUS IDLE NAMESPACE UNSELECT LITERAL+
Server: MEM770 OK CAPABILITY completed
Server: * CAPABILITY IMAP4rev1 STARTTLS LOGINDISABLED UIDPLUS IDLE NAMESPACE UNSELECT LITERAL+
Server: MEM771 OK CAPABILITY completed
Server: * CAPABILITY IMAP4rev1 STARTTLS LOGINDISABLED UIDPLUS IDLE NAMESPACE UNSELECT LITERAL+
Server: MEM772 OK CAPABILITY completed
Server: * CAPABILITY IMAP4rev1 STARTTLS LOGINDISABLED UIDPLUS IDLE NAMESPACE UNSELECT LITERAL+
Server: MEM773 OK CAPABILITY completed
Server: * CAPABILITY IMAP4rev1 STARTTLS LOGINDISABLED UIDPLUS IDLE NAMESPACE UNSELECT LITERAL+
Server: MEM774 OK CAPABILITY completed
Server: * CAPABILITY IMAP4rev1 STARTTLS LOGINDISABLED UIDPLUS IDLE NAMESPACE UNSELECT LITERAL+
Server: MEM775 OK CAPABILITY completed
Server: * CAPABILITY IMAP4rev1 STARTTLS LOGINDISABLED UIDPLUS IDLE NAMESPACE UNSELECT LITERAL+
Server: MEM776 OK CAPABILITY completed
Server: * CAPABILITY IMAP4rev1 STARTTLS LOGINDISABLED UIDPLUS IDLE NAMESPACE UNSELECT LITERAL+
Server: MEM777 OK CAPABILITY completed
Server: * CAPABILITY IMAP4rev1 STARTTLS LOGINDISABLED UIDPLUS IDLE NAMESPACE UNSELECT LITERAL+
Server: MEM778 OK CAPABILITY completed
Server: * CAPABILITY IMAP4rev1 STARTTLS LOGINDISABLED UIDPLUS IDLE NAMESPACE UNSELECT LITERAL+
Server: MEM779 OK CAPABILITY completed
Server: * CAPABILITY IMAP4rev1 STARTTLS LOGINDISABLED UIDPLUS IDLE NAMESPACE UNSELECT LITERAL+
Server: MEM780 OK CAPABILITY completed
Server: * CAPABILITY IMAP4rev1 STARTTLS LOGINDISABLED UIDPLUS IDLE NAMESPACE UNSELECT LITERAL+
Server: MEM781 OK CAPABILITY completed
Server: * CAPABILITY IMAP4rev1 STARTTLS LOGINDISABLED UIDPLUS IDLE NAMESPACE UNSELECT LITERAL+
Server: MEM782 OK CAPABILITY completed
Server: * CAPABILITY IMAP4rev1 STARTTLS LOGINDISABLED UIDPLUS IDLE NAMESPACE UNSELECT LITERAL+
Server: MEM783 OK CAPABILITY completed
Server: * CAPABILITY IMAP4rev1 STARTTLS LOGINDISABLED UIDPLUS IDLE NAMESPACE UNSELECT LITERAL+
Server: MEM784 OK CAPABILITY completed
Server: * CAPABILITY IMAP4rev1 STARTTLS LOGINDISABLED UIDPLUS IDLE NAMESPACE UNSELECT LITERAL+
Server: MEM785 OK CAPABILITY completed
Server: * CAPABILITY IMAP4rev1 STARTTLS LOGINDISABLED UIDPLUS IDLE NAMESPACE UNSELECT LITERAL+
Server: MEM786 OK CAPABILITY completed
Server: * CAPABILITY IMAP4rev1 STARTTLS LOGINDISABLED UIDPLUS IDLE NAMESPACE UNSELECT LITERAL+
Server: MEM787 OK CAPABILITY completed
Server: * CAPABILITY IMAP4rev1 STARTTLS LOGINDISABLED UIDPLUS IDLE NAMESPACE UNSELECT LITERAL+
Server: MEM788 OK CAPABILITY completed
Server: * CAPABILITY IMAP4rev1 STARTTLS LOGINDISABLED UIDPLUS IDLE NAMESPACE UNSELECT LITERAL+
Server: MEM789 OK CAPABILITY completed
Server: * CAPABILITY IMAP4rev1 STARTTLS LOGINDISABLED UIDPLUS IDLE NAMESPACE UNSELECT LITERAL+
Server: MEM790 OK CAPABILITY completed
Server: * CAPABILITY IMAP4rev1 STARTTLS LOGINDISABLED UIDPLUS IDLE NAMESPACE UNSELECT LITERAL+
Server: MEM791 OK CAPABILITY completed
Server: * CAPABILITY IMAP4rev1 STARTTLS LOGINDISABLED UIDPLUS IDLE NAMESPACE UNSELECT LITERAL+
Server: MEM792 OK CAPABILITY completed
Server: * CAPABILITY IMAP4rev1 STARTTLS LOGINDISABLED UIDPLUS IDLE NAMESPACE UNSELECT LITERAL+
Server: MEM793 OK CAPABILITY completed
Server: * CAPABILITY IMAP4rev1 STARTTLS LOGINDISABLED UIDPLUS IDLE NAMESPACE UNSELECT LITERAL+
Server: MEM794 OK CAPABILITY completed
Server: * CAPABILITY IMAP4rev1 STARTTLS LOGINDISABLED UIDPLUS IDLE NAMESPACE UNSELECT LITERAL+
Server: MEM795 OK CAPABILITY completed
Server: * CAPABILITY IMAP4rev1 STARTTLS LOGINDISABLED UIDPLUS IDLE NAMESPACE UNSELECT LITERAL+
Server: MEM796 OK CAPABILITY completed
Server: * CAPABILITY IMAP4rev1 STARTTLS LOGINDISABLED UIDPLUS IDLE NAMESPACE UNSELECT LITERAL+
Server: MEM797 OK CAPABILITY completed
Server: * CAPABILITY IMAP4rev1 STARTTLS LOGINDISABLED UIDPLUS IDLE NAMESPACE UNSELECT LITERAL+
Server: MEM798 OK CAPABILITY completed
Server: * CAPABILITY IMAP4rev1 STARTTLS LOGINDISABLED UIDPLUS IDLE NAMESPACE UNSELECT LITERAL+
Server: MEM799 OK CAPABILITY completed
Server: * CAPABILITY IMAP4rev1 STARTTLS LOGINDISABLED UIDPLUS IDLE NAMESPACE UNSELECT LITERAL+
Server: MEM800 OK CAPABILITY completed
Server: * CAPABILITY IMAP4rev1 STARTTLS LOGINDISABLED UIDPLUS IDLE NAMESPACE UNSELECT LITERAL+
Server: MEM801 OK CAPABILITY completed
Server: * CAPABILITY IMAP4rev1 STARTTLS LOGINDISABLED UIDPLUS IDLE NAMESPACE UNSELECT LITERAL+
Server: MEM802 OK CAPABILITY completed
Server: * CAPABILITY IMAP4rev1 STARTTLS LOGINDISABLED UIDPLUS IDLE NAMESPACE UNSELECT LITERAL+
Server: MEM803 OK CAPABILITY completed
Server: * CAPABILITY IMAP4rev1 STARTTLS LOGINDISABLED UIDPLUS IDLE NAMESPACE UNSELECT LITERAL+
Server: MEM804 OK CAPABILITY completed
Server: * CAPABILITY IMAP4rev1 STARTTLS LOGINDISABLED UIDPLUS IDLE NAMESPACE UNSELECT LITERAL+
Server: MEM805 OK CAPABILITY completed
Server: * CAPABILITY IMAP4rev1 STARTTLS LOGINDISABLED UIDPLUS IDLE NAMESPACE UNSELECT LITERAL+
Server: MEM806 OK CAPABILITY completed
Server: * CAPABILITY IMAP4rev1 STARTTLS LOGINDISABLED UIDPLUS IDLE NAMESPACE UNSELECT LITERAL+
Server: MEM807 OK CAPABILITY completed
Server: * CAPABILITY IMAP4rev1 STARTTLS LOGINDISABLED UIDPLUS IDLE NAMESPACE UNSELECT LITERAL+
Server: MEM808 OK CAPABILITY completed
Server: * CAPABILITY IMAP4rev1 STARTTLS LOGINDISABLED UIDPLUS IDLE NAMESPACE UNSELECT LITERAL+
Server: MEM809 OK CAPABILITY completed
Server: * CAPABILITY IMAP4rev1 STARTTLS LOGINDISABLED UIDPLUS IDLE NAMESPACE UNSELECT LITERAL+
Server: MEM810 OK CAPABILITY completed
Server: * CAPABILITY IMAP4rev1 STARTTLS LOGINDISABLED UIDPLUS IDLE NAMESPACE UNSELECT LITERAL+
Server: MEM811 OK CAPABILITY completed
Server: * CAPABILITY IMAP4rev1 STARTTLS LOGINDISABLED UIDPLUS IDLE NAMESPACE UNSELECT LITERAL+
Server: MEM812 OK CAPABILITY completed
Server: * CAPABILITY IMAP4rev1 STARTTLS LOGINDISABLED UIDPLUS IDLE NAMESPACE UNSELECT LITERAL+
Server: MEM813 OK CAPABILITY completed
Server: * CAPABILITY IMAP4rev1 STARTTLS LOGINDISABLED UIDPLUS IDLE NAMESPACE UNSELECT LITERAL+
Server: MEM814 OK CAPABILITY completed
Server: * CAPABILITY IMAP4rev1 STARTTLS LOGINDISABLED UIDPLUS IDLE NAMESPACE UNSELECT LITERAL+
Server: MEM815 OK CAPABILITY completed
Server: * CAPABILITY IMAP4rev1 STARTTLS LOGINDISABLED UIDPLUS IDLE NAMESPACE UNSELECT LITERAL+
Server: MEM816 OK CAPABILITY completed
Server: * CAPABILITY IMAP4rev1 STARTTLS LOGINDISABLED UIDPLUS IDLE NAMESPACE UNSELECT LITERAL+
Server: MEM817 OK CAPABILITY completed
Server: * CAPABILITY IMAP4rev1 STARTTLS LOGINDISABLED UIDPLUS IDLE NAMESPACE UNSELECT LITERAL+
Server: MEM818 OK CAPABILITY completed
Server: * CAPABILITY IMAP4rev1 STARTTLS LOGINDISABLED UIDPLUS IDLE NAMESPACE UNSELECT LITERAL+
Server: MEM819 OK CAPABILITY completed
Server: * CAPABILITY IMAP4rev1 STARTTLS LOGINDISABLED UIDPLUS IDLE NAMESPACE UNSELECT LITERAL+
Server: MEM820 OK CAPABILITY completed
Server: * CAPABILITY IMAP4rev1 STARTTLS LOGINDISABLED UIDPLUS IDLE NAMESPACE UNSELECT LITERAL+
Server: MEM821 OK CAPABILITY completed
Server: * CAPABILITY IMAP4rev1 STARTTLS LOGINDISABLED UIDPLUS IDLE NAMESPACE UNSELECT LITERAL+
Server: MEM822 OK CAPABILITY completed
Server: * CAPABILITY IMAP4rev1 STARTTLS LOGINDISABLED UIDPLUS IDLE NAMESPACE UNSELECT LITERAL+
Server: MEM823 OK CAPABILITY completed
Server: * CAPABILITY IMAP4rev1 STARTTLS LOGINDISABLED UIDPLUS IDLE NAMESPACE UNSELECT LITERAL+
Server: MEM824 OK CAPABILITY completed
Server: * CAPABILITY IMAP4rev1 STARTTLS LOGINDISABLED UIDPLUS IDLE NAMESPACE UNSELECT LITERAL+
Server: MEM825 OK CAPABILITY completed
Server: * CAPABILITY IMAP4rev1 STARTTLS LOGINDISABLED UIDPLUS IDLE NAMESPACE UNSELECT LITERAL+
Server: MEM826 OK CAPABILITY completed
Server: * CAPABILITY IMAP4rev1 STARTTLS LOGINDISABLED UIDPLUS IDLE NAMESPACE UNSELECT LITERAL+
Server: MEM827 OK CAPABILITY completed
Server: * CAPABILITY IMAP4rev1 STARTTLS LOGINDISABLED UIDPLUS IDLE NAMESPACE UNSELECT LITERAL+
Server: MEM828 OK CAPABILITY completed
Server: * CAPABILITY IMAP4rev1 STARTTLS LOGINDISABLED UIDPLUS IDLE NAMESPACE UNSELECT LITERAL+
Server: MEM829 OK CAPABILITY completed
Server: * CAPABILITY IMAP4rev1 STARTTLS LOGINDISABLED UIDPLUS IDLE NAMESPACE UNSELECT LITERAL+
Server: MEM830 OK CAPABILITY completed
Server: * CAPABILITY IMAP4rev1 STARTTLS LOGINDISABLED UIDPLUS IDLE NAMESPACE UNSELECT LITERAL+
Server: MEM831 OK CAPABILITY completed
Server: * CAPABILITY IMAP4rev1 STARTTLS LOGINDISABLED UIDPLUS IDLE NAMESPACE UNSELECT LITERAL+
Server: MEM832 OK CAPABILITY completed
Server: * CAPABILITY IMAP4rev1 STARTTLS LOGINDISABLED UIDPLUS IDLE NAMESPACE UNSELECT LITERAL+
Server: MEM833 OK CAPABILITY completed
Server: * CAPABILITY IMAP4rev1 STARTTLS LOGINDISABLED UIDPLUS IDLE NAMESPACE UNSELECT LITERAL+
Server: MEM834 OK CAPABILITY completed
Server: * CAPABILITY IMAP4rev1 STARTTLS LOGINDISABLED UIDPLUS IDLE NAMESPACE UNSELECT LITERAL+
Server: MEM835 OK CAPABILITY completed
Server: * CAPABILITY IMAP4rev1 STARTTLS LOGINDISABLED UIDPLUS IDLE NAMESPACE UNSELECT LITERAL+
Server: MEM836 OK CAPABILITY completed
Server: * CAPABILITY IMAP4rev1 STARTTLS LOGINDISABLED UIDPLUS IDLE NAMESPACE UNSELECT LITERAL+
Server: MEM837 OK CAPABILITY completed
Server: * CAPABILITY IMAP4rev1 STARTTLS LOGINDISABLED UIDPLUS IDLE NAMESPACE UNSELECT LITERAL+
Server: MEM838 OK CAPABILITY completed
Server: * CAPABILITY IMAP4rev1 STARTTLS LOGINDISABLED UIDPLUS IDLE NAMESPACE UNSELECT LITERAL+
Server: MEM839 OK CAPABILITY completed
Server: * CAPABILITY IMAP4rev1 STARTTLS LOGINDISABLED UIDPLUS IDLE NAMESPACE UNSELECT LITERAL+
Server: MEM840 OK CAPABILITY completed
Server: * CAPABILITY IMAP4rev1 STARTTLS LOGINDISABLED UIDPLUS IDLE NAMESPACE UNSELECT LITERAL+
Server: MEM841 OK CAPABILITY completed
Server: * CAPABILITY IMAP4rev1 STARTTLS LOGINDISABLED UIDPLUS IDLE NAMESPACE UNSELECT LITERAL+
Server: MEM842 OK CAPABILITY completed
Server: * CAPABILITY IMAP4rev1 STARTTLS LOGINDISABLED UIDPLUS IDLE NAMESPACE UNSELECT LITERAL+
Server: MEM843 OK CAPABILITY completed
Server: * CAPABILITY IMAP4rev1 STARTTLS LOGINDISABLED UIDPLUS IDLE NAMESPACE UNSELECT LITERAL+
Server: MEM844 OK CAPABILITY completed
Server: * CAPABILITY IMAP4rev1 STARTTLS LOGINDISABLED UIDPLUS IDLE NAMESPACE UNSELECT LITERAL+
Server: MEM845 OK CAPABILITY completed
Server: * CAPABILITY IMAP4rev1 STARTTLS LOGINDISABLED UIDPLUS IDLE NAMESPACE UNSELECT LITERAL+
Server: MEM846 OK CAPABILITY completed
Server: * CAPABILITY IMAP4rev1 STARTTLS LOGINDISABLED UIDPLUS IDLE NAMESPACE UNSELECT LITERAL+
Server: MEM847 OK CAPABILITY completed
Server: * CAPABILITY IMAP4rev1 STARTTLS LOGINDISABLED UIDPLUS IDLE NAMESPACE UNSELECT LITERAL+
Server: MEM848 OK CAPABILITY completed
Server: * CAPABILITY IMAP4rev1 STARTTLS LOGINDISABLED UIDPLUS IDLE NAMESPACE UNSELECT LITERAL+
Server: MEM849 OK CAPABILITY completed
Server: * CAPABILITY IMAP4rev1 STARTTLS LOGINDISABLED UIDPLUS IDLE NAMESPACE UNSELECT LITERAL+
Server: MEM850 OK CAPABILITY completed
Server: * CAPABILITY IMAP4rev1 STARTTLS LOGINDISABLED UIDPLUS IDLE NAMESPACE UNSELECT LITERAL+
Server: MEM851 OK CAPABILITY completed
Server: * CAPABILITY IMAP4rev1 STARTTLS LOGINDISABLED UIDPLUS IDLE NAMESPACE UNSELECT LITERAL+
Server: MEM852 OK CAPABILITY completed
Server: * CAPABILITY IMAP4rev1 STARTTLS LOGINDISABLED UIDPLUS IDLE NAMESPACE UNSELECT LITERAL+
Server: MEM853 OK CAPABILITY completed
Server: * CAPABILITY IMAP4rev1 STARTTLS LOGINDISABLED UIDPLUS IDLE NAMESPACE UNSELECT LITERAL+
Server: MEM854 OK CAPABILITY completed
Server: * CAPABILITY IMAP4rev1 STARTTLS LOGINDISABLED UIDPLUS IDLE NAMESPACE UNSELECT LITERAL+
Server: MEM855 OK CAPABILITY completed
Server: * CAPABILITY IMAP4rev1 STARTTLS LOGINDISABLED UIDPLUS IDLE NAMESPACE UNSELECT LITERAL+
Server: MEM856 OK CAPABILITY completed
Server: * CAPABILITY IMAP4rev1 STARTTLS LOGINDISABLED UIDPLUS IDLE NAMESPACE UNSELECT LITERAL+
Server: MEM857 OK CAPABILITY completed
Server: * CAPABILITY IMAP4rev1 STARTTLS LOGINDISABLED UIDPLUS IDLE NAMESPACE UNSELECT LITERAL+
Server: MEM858 OK CAPABILITY completed
Server: * CAPABILITY IMAP4rev1 STARTTLS LOGINDISABLED UIDPLUS IDLE NAMESPACE UNSELECT LITERAL+
Server: MEM859 OK CAPABILITY completed
Server: * CAPABILITY IMAP4rev1 STARTTLS LOGINDISABLED UIDPLUS IDLE NAMESPACE UNSELECT LITERAL+
Server: MEM860 OK CAPABILITY completed
Server: * CAPABILITY IMAP4rev1 STARTTLS LOGINDISABLED UIDPLUS IDLE NAMESPACE UNSELECT LITERAL+
Server: MEM861 OK CAPABILITY completed
Server: * CAPABILITY IMAP4rev1 STARTTLS LOGINDISABLED UIDPLUS IDLE NAMESPACE UNSELECT LITERAL+
Server: MEM862 OK CAPABILITY completed
Server: * CAPABILITY IMAP4rev1 STARTTLS LOGINDISABLED UIDPLUS IDLE NAMESPACE UNSELECT LITERAL+
Server: MEM863 OK CAPABILITY completed
Server: * CAPABILITY IMAP4rev1 STARTTLS LOGINDISABLED UIDPLUS IDLE NAMESPACE UNSELECT LITERAL+
Server: MEM864 OK CAPABILITY completed
Server: * CAPABILITY IMAP4rev1 STARTTLS LOGINDISABLED UIDPLUS IDLE NAMESPACE UNSELECT LITERAL+
Server: MEM865 OK CAPABILITY completed
Server: * CAPABILITY IMAP4rev1 STARTTLS LOGINDISABLED UIDPLUS IDLE NAMESPACE UNSELECT LITERAL+
Server: MEM866 OK CAPABILITY completed
Server: * CAPABILITY IMAP4rev1 STARTTLS LOGINDISABLED UIDPLUS IDLE NAMESPACE UNSELECT LITERAL+
Server: MEM867 OK CAPABILITY completed
Server: * CAPABILITY IMAP4rev1 STARTTLS LOGINDISABLED UIDPLUS IDLE NAMESPACE UNSELECT LITERAL+
Server: MEM868 OK CAPABILITY completed
Server: * CAPABILITY IMAP4rev1 STARTTLS LOGINDISABLED UIDPLUS IDLE NAMESPACE UNSELECT LITERAL+
Server: MEM869 OK CAPABILITY completed
Server: * CAPABILITY IMAP4rev1 STARTTLS LOGINDISABLED UIDPLUS IDLE NAMESPACE UNSELECT LITERAL+
Server: MEM870 OK CAPABILITY completed
Server: * CAPABILITY IMAP4rev1 STARTTLS LOGINDISABLED UIDPLUS IDLE NAMESPACE UNSELECT LITERAL+
Server: MEM871 OK CAPABILITY completed
Server: * CAPABILITY IMAP4rev1 STARTTLS LOGINDISABLED UIDPLUS IDLE NAMESPACE UNSELECT LITERAL+
Server: MEM872 OK CAPABILITY completed
Server: * CAPABILITY IMAP4rev1 STARTTLS LOGINDISABLED UIDPLUS IDLE NAMESPACE UNSELECT LITERAL+
Server: MEM873 OK CAPABILITY completed
Server: * CAPABILITY IMAP4rev1 STARTTLS LOGINDISABLED UIDPLUS IDLE NAMESPACE UNSELECT LITERAL+
Server: MEM874 OK CAPABILITY completed
Server: * CAPABILITY IMAP4rev1 STARTTLS LOGINDISABLED UIDPLUS IDLE NAMESPACE UNSELECT LITERAL+
Server: MEM875 OK CAPABILITY completed
Server: * CAPABILITY IMAP4rev1 STARTTLS LOGINDISABLED UIDPLUS IDLE NAMESPACE UNSELECT LITERAL+
Server: MEM876 OK CAPABILITY completed
Server: * CAPABILITY IMAP4rev1 STARTTLS LOGINDISABLED UIDPLUS IDLE NAMESPACE UNSELECT LITERAL+
Server: MEM877 OK CAPABILITY completed
Server: * CAPABILITY IMAP4rev1 STARTTLS LOGINDISABLED UIDPLUS IDLE NAMESPACE UNSELECT LITERAL+
Server: MEM878 OK CAPABILITY completed
Server: * CAPABILITY IMAP4rev1 STARTTLS LOGINDISABLED UIDPLUS IDLE NAMESPACE UNSELECT LITERAL+
Server: MEM879 OK CAPABILITY completed
Server: * CAPABILITY IMAP4rev1 STARTTLS LOGINDISABLED UIDPLUS IDLE NAMESPACE UNSELECT LITERAL+
Server: MEM880 OK CAPABILITY completed
Server: * CAPABILITY IMAP4rev1 STARTTLS LOGINDISABLED UIDPLUS IDLE NAMESPACE UNSELECT LITERAL+
Server: MEM881 OK CAPABILITY completed
Server: * CAPABILITY IMAP4rev1 STARTTLS LOGINDISABLED UIDPLUS IDLE NAMESPACE UNSELECT LITERAL+
Server: MEM882 OK CAPABILITY completed
Server: * CAPABILITY IMAP4rev1 STARTTLS LOGINDISABLED UIDPLUS IDLE NAMESPACE UNSELECT LITERAL+
Server: MEM883 OK CAPABILITY completed
Server: * CAPABILITY IMAP4rev1 STARTTLS LOGINDISABLED UIDPLUS IDLE NAMESPACE UNSELECT LITERAL+
Server: MEM884 OK CAPABILITY completed
Server: * CAPABILITY IMAP4rev1 STARTTLS LOGINDISABLED UIDPLUS IDLE NAMESPACE UNSELECT LITERAL+
Server: MEM885 OK CAPABILITY completed
Server: * CAPABILITY IMAP4rev1 STARTTLS LOGINDISABLED UIDPLUS IDLE NAMESPACE UNSELECT LITERAL+
Server: MEM886 OK CAPABILITY completed
Server: * CAPABILITY IMAP4rev1 STARTTLS LOGINDISABLED UIDPLUS IDLE NAMESPACE UNSELECT LITERAL+
Server: MEM887 OK CAPABILITY completed
Server: * CAPABILITY IMAP4rev1 STARTTLS LOGINDISABLED UIDPLUS IDLE NAMESPACE UNSELECT LITERAL+
Server: MEM888 OK CAPABILITY completed
Server: * CAPABILITY IMAP4rev1 STARTTLS LOGINDISABLED UIDPLUS IDLE NAMESPACE UNSELECT LITERAL+
Server: MEM889 OK CAPABILITY completed
Server: * CAPABILITY IMAP4rev1 STARTTLS LOGINDISABLED UIDPLUS IDLE NAMESPACE UNSELECT LITERAL+
Server: MEM890 OK CAPABILITY completed
Server: * CAPABILITY IMAP4rev1 STARTTLS LOGINDISABLED UIDPLUS IDLE NAMESPACE UNSELECT LITERAL+
Server: MEM891 OK CAPABILITY completed
Server: * CAPABILITY IMAP4rev1 STARTTLS LOGINDISABLED UIDPLUS IDLE NAMESPACE UNSELECT LITERAL+
Server: MEM892 OK CAPABILITY completed
Server: * CAPABILITY IMAP4rev1 STARTTLS LOGINDISABLED UIDPLUS IDLE NAMESPACE UNSELECT LITERAL+
Server: MEM893 OK CAPABILITY completed
Server: * CAPABILITY IMAP4rev1 STARTTLS LOGINDISABLED UIDPLUS IDLE NAMESPACE UNSELECT LITERAL+
Server: MEM894 OK CAPABILITY completed
Server: * CAPABILITY IMAP4rev1 STARTTLS LOGINDISABLED UIDPLUS IDLE NAMESPACE UNSELECT LITERAL+
Server: MEM895 OK CAPABILITY completed
Server: * CAPABILITY IMAP4rev1 STARTTLS LOGINDISABLED UIDPLUS IDLE NAMESPACE UNSELECT LITERAL+
Server: MEM896 OK CAPABILITY completed
Server: * CAPABILITY IMAP4rev1 STARTTLS LOGINDISABLED UIDPLUS IDLE NAMESPACE UNSELECT LITERAL+
Server: MEM897 OK CAPABILITY completed
Server: * CAPABILITY IMAP4rev1 STARTTLS LOGINDISABLED UIDPLUS IDLE NAMESPACE UNSELECT LITERAL+
Server: MEM898 OK CAPABILITY completed
Server: * CAPABILITY IMAP4rev1 STARTTLS LOGINDISABLED UIDPLUS IDLE NAMESPACE UNSELECT LITERAL+
Server: MEM899 OK CAPABILITY completed
Server: * CAPABILITY IMAP4rev1 STARTTLS LOGINDISABLED UIDPLUS IDLE NAMESPACE UNSELECT LITERAL+
Server: MEM900 OK CAPABILITY completed
Server: * CAPABILITY IMAP4rev1 STARTTLS LOGINDISABLED UIDPLUS IDLE NAMESPACE UNSELECT LITERAL+
Server: MEM901 OK CAPABILITY completed
Server: * CAPABILITY IMAP4rev1 STARTTLS LOGINDISABLED UIDPLUS IDLE NAMESPACE UNSELECT LITERAL+
Server: MEM902 OK CAPABILITY completed
Server: * CAPABILITY IMAP4rev1 STARTTLS LOGINDISABLED UIDPLUS IDLE NAMESPACE UNSELECT LITERAL+
Server: MEM903 OK CAPABILITY completed
Server: * CAPABILITY IMAP4rev1 STARTTLS LOGINDISABLED UIDPLUS IDLE NAMESPACE UNSELECT LITERAL+
Server: MEM904 OK CAPABILITY completed
Server: * CAPABILITY IMAP4rev1 STARTTLS LOGINDISABLED UIDPLUS IDLE NAMESPACE UNSELECT LITERAL+
Server: MEM905 OK CAPABILITY completed
Server: * CAPABILITY IMAP4rev1 STARTTLS LOGINDISABLED UIDPLUS IDLE NAMESPACE UNSELECT LITERAL+
Server: MEM906 OK CAPABILITY completed
Server: * CAPABILITY IMAP4rev1 STARTTLS LOGINDISABLED UIDPLUS IDLE NAMESPACE UNSELECT LITERAL+
Server: MEM907 OK CAPABILITY completed
Server: * CAPABILITY IMAP4rev1 STARTTLS LOGINDISABLED UIDPLUS IDLE NAMESPACE UNSELECT LITERAL+
Server: MEM908 OK CAPABILITY completed
Server: * CAPABILITY IMAP4rev1 STARTTLS LOGINDISABLED UIDPLUS IDLE NAMESPACE UNSELECT LITERAL+
Server: MEM909 OK CAPABILITY completed
Server: * CAPABILITY IMAP4rev1 STARTTLS LOGINDISABLED UIDPLUS IDLE NAMESPACE UNSELECT LITERAL+
Server: MEM910 OK CAPABILITY completed
Server: * CAPABILITY IMAP4rev1 STARTTLS LOGINDISABLED UIDPLUS IDLE NAMESPACE UNSELECT LITERAL+
Server: MEM911 OK CAPABILITY completed
Server: * CAPABILITY IMAP4rev1 STARTTLS LOGINDISABLED UIDPLUS IDLE NAMESPACE UNSELECT LITERAL+
Server: MEM912 OK CAPABILITY completed
Server: * CAPABILITY IMAP4rev1 STARTTLS LOGINDISABLED UIDPLUS IDLE NAMESPACE UNSELECT LITERAL+
Server: MEM913 OK CAPABILITY completed
Server: * CAPABILITY IMAP4rev1 STARTTLS LOGINDISABLED UIDPLUS IDLE NAMESPACE UNSELECT LITERAL+
Server: MEM914 OK CAPABILITY completed
Server: * CAPABILITY IMAP4rev1 STARTTLS LOGINDISABLED UIDPLUS IDLE NAMESPACE UNSELECT LITERAL+
Server: MEM915 OK CAPABILITY completed
Server: * CAPABILITY IMAP4rev1 STARTTLS LOGINDISABLED UIDPLUS IDLE NAMESPACE UNSELECT LITERAL+
Server: MEM916 OK CAPABILITY completed
Server: * CAPABILITY IMAP4rev1 STARTTLS LOGINDISABLED UIDPLUS IDLE NAMESPACE UNSELECT LITERAL+
Server: MEM917 OK CAPABILITY completed
Server: * CAPABILITY IMAP4rev1 STARTTLS LOGINDISABLED UIDPLUS IDLE NAMESPACE UNSELECT LITERAL+
Server: MEM918 OK CAPABILITY completed
Server: * CAPABILITY IMAP4rev1 STARTTLS LOGINDISABLED UIDPLUS IDLE NAMESPACE UNSELECT LITERAL+
Server: MEM919 OK CAPABILITY completed
Server: * CAPABILITY IMAP4rev1 STARTTLS LOGINDISABLED UIDPLUS IDLE NAMESPACE UNSELECT LITERAL+
Server: MEM920 OK CAPABILITY completed
Server: * CAPABILITY IMAP4rev1 STARTTLS LOGINDISABLED UIDPLUS IDLE NAMESPACE UNSELECT LITERAL+
Server: MEM921 OK CAPABILITY completed
Server: * CAPABILITY IMAP4rev1 STARTTLS LOGINDISABLED UIDPLUS IDLE NAMESPACE UNSELECT LITERAL+
Server: MEM922 OK CAPABILITY completed
Server: * CAPABILITY IMAP4rev1 STARTTLS LOGINDISABLED UIDPLUS IDLE NAMESPACE UNSELECT LITERAL+
Server: MEM923 OK CAPABILITY completed
Server: * CAPABILITY IMAP4rev1 STARTTLS LOGINDISABLED UIDPLUS IDLE NAMESPACE UNSELECT LITERAL+
Server: MEM924 OK CAPABILITY completed
Server: * CAPABILITY IMAP4rev1 STARTTLS LOGINDISABLED UIDPLUS IDLE NAMESPACE UNSELECT LITERAL+
Server: MEM925 OK CAPABILITY completed
Server: * CAPABILITY IMAP4rev1 STARTTLS LOGINDISABLED UIDPLUS IDLE NAMESPACE UNSELECT LITERAL+
Server: MEM926 OK CAPABILITY completed
Server: * CAPABILITY IMAP4rev1 STARTTLS LOGINDISABLED UIDPLUS IDLE NAMESPACE UNSELECT LITERAL+
Server: MEM927 OK CAPABILITY completed
Server: * CAPABILITY IMAP4rev1 STARTTLS LOGINDISABLED UIDPLUS IDLE NAMESPACE UNSELECT LITERAL+
Server: MEM928 OK CAPABILITY completed
Server: * CAPABILITY IMAP4rev1 STARTTLS LOGINDISABLED UIDPLUS IDLE NAMESPACE UNSELECT LITERAL+
Server: MEM929 OK CAPABILITY completed
Server: * CAPABILITY IMAP4rev1 STARTTLS LOGINDISABLED UIDPLUS IDLE NAMESPACE UNSELECT LITERAL+
Server: MEM930 OK CAPABILITY completed
Server: * CAPABILITY IMAP4rev1 STARTTLS LOGINDISABLED UIDPLUS IDLE NAMESPACE UNSELECT LITERAL+
Server: MEM931 OK CAPABILITY completed
Server: * CAPABILITY IMAP4rev1 STARTTLS LOGINDISABLED UIDPLUS IDLE NAMESPACE UNSELECT LITERAL+
Server: MEM932 OK CAPABILITY completed
Server: * CAPABILITY IMAP4rev1 STARTTLS LOGINDISABLED UIDPLUS IDLE NAMESPACE UNSELECT LITERAL+
Server: MEM933 OK CAPABILITY completed
Server: * CAPABILITY IMAP4rev1 STARTTLS LOGINDISABLED UIDPLUS IDLE NAMESPACE UNSELECT LITERAL+
Server: MEM934 OK CAPABILITY completed
Server: * CAPABILITY IMAP4rev1 STARTTLS LOGINDISABLED UIDPLUS IDLE NAMESPACE UNSELECT LITERAL+
Server: MEM935 OK CAPABILITY completed
Server: * CAPABILITY IMAP4rev1 STARTTLS LOGINDISABLED UIDPLUS IDLE NAMESPACE UNSELECT LITERAL+
Server: MEM936 OK CAPABILITY completed
Server: * CAPABILITY IMAP4rev1 STARTTLS LOGINDISABLED UIDPLUS IDLE NAMESPACE UNSELECT LITERAL+
Server: MEM937 OK CAPABILITY completed
Server: * CAPABILITY IMAP4rev1 STARTTLS LOGINDISABLED UIDPLUS IDLE NAMESPACE UNSELECT LITERAL+
Server: MEM938 OK CAPABILITY completed
Server: * CAPABILITY IMAP4rev1 STARTTLS LOGINDISABLED UIDPLUS IDLE NAMESPACE UNSELECT LITERAL+
Server: MEM939 OK CAPABILITY completed
Server: * CAPABILITY IMAP4rev1 STARTTLS LOGINDISABLED UIDPLUS IDLE NAMESPACE UNSELECT LITERAL+
Server: MEM940 OK CAPABILITY completed
Server: * CAPABILITY IMAP4rev1 STARTTLS LOGINDISABLED UIDPLUS IDLE NAMESPACE UNSELECT LITERAL+
Server: MEM941 OK CAPABILITY completed
Server: * CAPABILITY IMAP4rev1 STARTTLS LOGINDISABLED UIDPLUS IDLE NAMESPACE UNSELECT LITERAL+
Server: MEM942 OK CAPABILITY completed
Server: * CAPABILITY IMAP4rev1 STARTTLS LOGINDISABLED UIDPLUS IDLE NAMESPACE UNSELECT LITERAL+
Server: MEM943 OK CAPABILITY completed
Server: * CAPABILITY IMAP4rev1 STARTTLS LOGINDISABLED UIDPLUS IDLE NAMESPACE UNSELECT LITERAL+
Server: MEM944 OK CAPABILITY completed
Server: * CAPABILITY IMAP4rev1 STARTTLS LOGINDISABLED UIDPLUS IDLE NAMESPACE UNSELECT LITERAL+
Server: MEM945 OK CAPABILITY completed
Server: * CAPABILITY IMAP4rev1 STARTTLS LOGINDISABLED UIDPLUS IDLE NAMESPACE UNSELECT LITERAL+
Server: MEM946 OK CAPABILITY completed
Server: * CAPABILITY IMAP4rev1 STARTTLS LOGINDISABLED UIDPLUS IDLE NAMESPACE UNSELECT LITERAL+
Server: MEM947 OK CAPABILITY completed
Server: * CAPABILITY IMAP4rev1 STARTTLS LOGINDISABLED UIDPLUS IDLE NAMESPACE UNSELECT LITERAL+
Server: MEM948 OK CAPABILITY completed
Server: * CAPABILITY IMAP4rev1 STARTTLS LOGINDISABLED UIDPLUS IDLE NAMESPACE UNSELECT LITERAL+
Server: MEM949 OK CAPABILITY completed
Server: * CAPABILITY IMAP4rev1 STARTTLS LOGINDISABLED UIDPLUS IDLE NAMESPACE UNSELECT LITERAL+
Server: MEM950 OK CAPABILITY completed
Server: * CAPABILITY IMAP4rev1 STARTTLS LOGINDISABLED UIDPLUS IDLE NAMESPACE UNSELECT LITERAL+
Server: MEM951 OK CAPABILITY completed
Server: * CAPABILITY IMAP4rev1 STARTTLS LOGINDISABLED UIDPLUS IDLE NAMESPACE UNSELECT LITERAL+
Server: MEM952 OK CAPABILITY completed
Server: * CAPABILITY IMAP4rev1 STARTTLS LOGINDISABLED UIDPLUS IDLE NAMESPACE UNSELECT LITERAL+
Server: MEM953 OK CAPABILITY completed
Server: * CAPABILITY IMAP4rev1 STARTTLS LOGINDISABLED UIDPLUS IDLE NAMESPACE UNSELECT LITERAL+
Server: MEM954 OK CAPABILITY completed
Server: * CAPABILITY IMAP4rev1 STARTTLS LOGINDISABLED UIDPLUS IDLE NAMESPACE UNSELECT LITERAL+
Server: MEM955 OK CAPABILITY completed
Server: * CAPABILITY IMAP4rev1 STARTTLS LOGINDISABLED UIDPLUS IDLE NAMESPACE UNSELECT LITERAL+
Server: MEM956 OK CAPABILITY completed
Server: * CAPABILITY IMAP4rev1 STARTTLS LOGINDISABLED UIDPLUS IDLE NAMESPACE UNSELECT LITERAL+
Server: MEM957 OK CAPABILITY completed
Server: * CAPABILITY IMAP4rev1 STARTTLS LOGINDISABLED UIDPLUS IDLE NAMESPACE UNSELECT LITERAL+
Server: MEM958 OK CAPABILITY completed
Server: * CAPABILITY IMAP4rev1 STARTTLS LOGINDISABLED UIDPLUS IDLE NAMESPACE UNSELECT LITERAL+
Server: MEM959 OK CAPABILITY completed
Server: * CAPABILITY IMAP4rev1 STARTTLS LOGINDISABLED UIDPLUS IDLE NAMESPACE UNSELECT LITERAL+
Server: MEM960 OK CAPABILITY completed
Server: * CAPABILITY IMAP4rev1 STARTTLS LOGINDISABLED UIDPLUS IDLE NAMESPACE UNSELECT LITERAL+
Server: MEM961 OK CAPABILITY completed
Server: * CAPABILITY IMAP4rev1 STARTTLS LOGINDISABLED UIDPLUS IDLE NAMESPACE UNSELECT LITERAL+
Server: MEM962 OK CAPABILITY completed
Server: * CAPABILITY IMAP4rev1 STARTTLS LOGINDISABLED UIDPLUS IDLE NAMESPACE UNSELECT LITERAL+
Server: MEM963 OK CAPABILITY completed
Server: * CAPABILITY IMAP4rev1 STARTTLS LOGINDISABLED UIDPLUS IDLE NAMESPACE UNSELECT LITERAL+
Server: MEM964 OK CAPABILITY completed
Server: * CAPABILITY IMAP4rev1 STARTTLS LOGINDISABLED UIDPLUS IDLE NAMESPACE UNSELECT LITERAL+
Server: MEM965 OK CAPABILITY completed
Server: * CAPABILITY IMAP4rev1 STARTTLS LOGINDISABLED UIDPLUS IDLE NAMESPACE UNSELECT LITERAL+
Server: MEM966 OK CAPABILITY completed
Server: * CAPABILITY IMAP4rev1 STARTTLS LOGINDISABLED UIDPLUS IDLE NAMESPACE UNSELECT LITERAL+
Server: MEM967 OK CAPABILITY completed
Server: * CAPABILITY IMAP4rev1 STARTTLS LOGINDISABLED UIDPLUS IDLE NAMESPACE UNSELECT LITERAL+
Server: MEM968 OK CAPABILITY completed
Server: * CAPABILITY IMAP4rev1 STARTTLS LOGINDISABLED UIDPLUS IDLE NAMESPACE UNSELECT LITERAL+
Server: MEM969 OK CAPABILITY completed
Server: * CAPABILITY IMAP4rev1 STARTTLS LOGINDISABLED UIDPLUS IDLE NAMESPACE UNSELECT LITERAL+
Server: MEM970 OK CAPABILITY completed
Server: * CAPABILITY IMAP4rev1 STARTTLS LOGINDISABLED UIDPLUS IDLE NAMESPACE UNSELECT LITERAL+
Server: MEM971 OK CAPABILITY completed
Server: * CAPABILITY IMAP4rev1 STARTTLS LOGINDISABLED UIDPLUS IDLE NAMESPACE UNSELECT LITERAL+
Server: MEM972 OK CAPABILITY completed
Server: * CAPABILITY IMAP4rev1 STARTTLS LOGINDISABLED UIDPLUS IDLE NAMESPACE UNSELECT LITERAL+
Server: MEM973 OK CAPABILITY completed
Server: * CAPABILITY IMAP4rev1 STARTTLS LOGINDISABLED UIDPLUS IDLE NAMESPACE UNSELECT LITERAL+
Server: MEM974 OK CAPABILITY completed
Server: * CAPABILITY IMAP4rev1 STARTTLS LOGINDISABLED UIDPLUS IDLE NAMESPACE UNSELECT LITERAL+
Server: MEM975 OK CAPABILITY completed
Server: * CAPABILITY IMAP4rev1 STARTTLS LOGINDISABLED UIDPLUS IDLE NAMESPACE UNSELECT LITERAL+
Server: MEM976 OK CAPABILITY completed
Server: * CAPABILITY IMAP4rev1 STARTTLS LOGINDISABLED UIDPLUS IDLE NAMESPACE UNSELECT LITERAL+
Server: MEM977 OK CAPABILITY completed
Server: * CAPABILITY IMAP4rev1 STARTTLS LOGINDISABLED UIDPLUS IDLE NAMESPACE UNSELECT LITERAL+
Server: MEM978 OK CAPABILITY completed
Server: * CAPABILITY IMAP4rev1 STARTTLS LOGINDISABLED UIDPLUS IDLE NAMESPACE UNSELECT LITERAL+
Server: MEM979 OK CAPABILITY completed
Server: * CAPABILITY IMAP4rev1 STARTTLS LOGINDISABLED UIDPLUS IDLE NAMESPACE UNSELECT LITERAL+
Server: MEM980 OK CAPABILITY completed
Server: * CAPABILITY IMAP4rev1 STARTTLS LOGINDISABLED UIDPLUS IDLE NAMESPACE UNSELECT LITERAL+
Server: MEM981 OK CAPABILITY completed
Server: * CAPABILITY IMAP4rev1 STARTTLS LOGINDISABLED UIDPLUS IDLE NAMESPACE UNSELECT LITERAL+
Server: MEM982 OK CAPABILITY completed
Server: * CAPABILITY IMAP4rev1 STARTTLS LOGINDISABLED UIDPLUS IDLE NAMESPACE UNSELECT LITERAL+
Server: MEM983 OK CAPABILITY completed
Server: * CAPABILITY IMAP4rev1 STARTTLS LOGINDISABLED UIDPLUS IDLE NAMESPACE UNSELECT LITERAL+
Server: MEM984 OK CAPABILITY completed
Server: * CAPABILITY IMAP4rev1 STARTTLS LOGINDISABLED UIDPLUS IDLE NAMESPACE UNSELECT LITERAL+
Server: MEM985 OK CAPABILITY completed
Server: * CAPABILITY IMAP4rev1 STARTTLS LOGINDISABLED UIDPLUS IDLE NAMESPACE UNSELECT LITERAL+
Server: MEM986 OK CAPABILITY completed
Server: * CAPABILITY IMAP4rev1 STARTTLS LOGINDISABLED UIDPLUS IDLE NAMESPACE UNSELECT LITERAL+
Server: MEM987 OK CAPABILITY completed
Server: * CAPABILITY IMAP4rev1 STARTTLS LOGINDISABLED UIDPLUS IDLE NAMESPACE UNSELECT LITERAL+
Server: MEM988 OK CAPABILITY completed
Server: * CAPABILITY IMAP4rev1 STARTTLS LOGINDISABLED UIDPLUS IDLE NAMESPACE UNSELECT LITERAL+
Server: MEM989 OK CAPABILITY completed
Server: * CAPABILITY IMAP4rev1 STARTTLS LOGINDISABLED UIDPLUS IDLE NAMESPACE UNSELECT LITERAL+
Server: MEM990 OK CAPABILITY completed
Server: * CAPABILITY IMAP4rev1 STARTTLS LOGINDISABLED UIDPLUS IDLE NAMESPACE UNSELECT LITERAL+
Server: MEM991 OK CAPABILITY completed
Server: * CAPABILITY IMAP4rev1 STARTTLS LOGINDISABLED UIDPLUS IDLE NAMESPACE UNSELECT LITERAL+
Server: MEM992 OK CAPABILITY completed
Server: * CAPABILITY IMAP4rev1 STARTTLS LOGINDISABLED UIDPLUS IDLE NAMESPACE UNSELECT LITERAL+
Server: MEM993 OK CAPABILITY completed
Server: * CAPABILITY IMAP4rev1 STARTTLS LOGINDISABLED UIDPLUS IDLE NAMESPACE UNSELECT LITERAL+
Server: MEM994 OK CAPABILITY completed
Server: * CAPABILITY IMAP4rev1 STARTTLS LOGINDISABLED UIDPLUS IDLE NAMESPACE UNSELECT LITERAL+
Server: MEM995 OK CAPABILITY completed
Server: * CAPABILITY IMAP4rev1 STARTTLS LOGINDISABLED UIDPLUS IDLE NAMESPACE UNSELECT LITERAL+
Server: MEM996 OK CAPABILITY completed
Server: * CAPABILITY IMAP4rev1 STARTTLS LOGINDISABLED UIDPLUS IDLE NAMESPACE UNSELECT LITERAL+
Server: MEM997 OK CAPABILITY completed
Server: * CAPABILITY IMAP4rev1 STARTTLS LOGINDISABLED UIDPLUS IDLE NAMESPACE UNSELECT LITERAL+
Server: MEM998 OK CAPABILITY completed
Server: * CAPABILITY IMAP4rev1 STARTTLS LOGINDISABLED UIDPLUS IDLE NAMESPACE UNSELECT LITERAL+
Server: MEM999 OK CAPABILITY completed
--- PASS: TestCapabilityCommand_MemoryUsage (0.30s)
=== RUN   TestCapabilityCommand_StateIsolation
2026/06/13 08:53:09 IMAP OAUTHBEARER: config load skipped at init: open config/raven.yaml: no such file or directory
Server: * CAPABILITY IMAP4rev1 STARTTLS LOGINDISABLED UIDPLUS IDLE NAMESPACE UNSELECT LITERAL+
Server: STATE0 OK CAPABILITY completed
Server: * CAPABILITY IMAP4rev1 STARTTLS LOGINDISABLED UIDPLUS IDLE NAMESPACE UNSELECT LITERAL+
Server: STATE1 OK CAPABILITY completed
Server: * CAPABILITY IMAP4rev1 STARTTLS LOGINDISABLED UIDPLUS IDLE NAMESPACE UNSELECT LITERAL+
Server: STATE2 OK CAPABILITY completed
Server: * CAPABILITY IMAP4rev1 STARTTLS LOGINDISABLED UIDPLUS IDLE NAMESPACE UNSELECT LITERAL+
Server: STATE3 OK CAPABILITY completed
--- PASS: TestCapabilityCommand_StateIsolation (0.09s)
=== RUN   TestLoginCommand_BasicFlow
2026/06/13 08:53:09 IMAP OAUTHBEARER: config load skipped at init: open config/raven.yaml: no such file or directory
2026/06/13 08:53:09 LOGIN: rejected non-email login identity: "testuser"
Server: A001 NO [AUTHENTICATIONFAILED] Authentication failed
--- PASS: TestLoginCommand_BasicFlow (0.03s)
=== RUN   TestLoginCommand_WithQuotedCredentials
2026/06/13 08:53:09 IMAP OAUTHBEARER: config load skipped at init: open config/raven.yaml: no such file or directory
2026/06/13 08:53:09 LOGIN: rejected non-email login identity: "testuser"
Server: A002 NO [AUTHENTICATIONFAILED] Authentication failed
--- PASS: TestLoginCommand_WithQuotedCredentials (0.15s)
=== RUN   TestLoginCommand_MissingArguments
2026/06/13 08:53:09 IMAP OAUTHBEARER: config load skipped at init: open config/raven.yaml: no such file or directory
Server: A003 BAD LOGIN requires username and password
--- PASS: TestLoginCommand_MissingArguments (0.16s)
=== RUN   TestLoginCommand_NoArguments
2026/06/13 08:53:10 IMAP OAUTHBEARER: config load skipped at init: open config/raven.yaml: no such file or directory
Server: A004 BAD LOGIN requires username and password
--- PASS: TestLoginCommand_NoArguments (0.24s)
=== RUN   TestLoginCommand_WithoutTLS
2026/06/13 08:53:10 IMAP OAUTHBEARER: config load skipped at init: open config/raven.yaml: no such file or directory
Server: A005 NO [PRIVACYREQUIRED] LOGIN is disabled on insecure connection. Use STARTTLS first.
--- PASS: TestLoginCommand_WithoutTLS (0.16s)
=== RUN   TestLoginCommand_StateNotAuthenticated
2026/06/13 08:53:10 IMAP OAUTHBEARER: config load skipped at init: open config/raven.yaml: no such file or directory
2026/06/13 08:53:10 LOGIN: rejected non-email login identity: "testuser"
Server: A006 NO [AUTHENTICATIONFAILED] Authentication failed
--- PASS: TestLoginCommand_StateNotAuthenticated (0.11s)
=== RUN   TestLoginCommand_EmptyCredentials
2026/06/13 08:53:10 IMAP OAUTHBEARER: config load skipped at init: open config/raven.yaml: no such file or directory
=== RUN   TestLoginCommand_EmptyCredentials/Empty_username
2026/06/13 08:53:10 LOGIN: rejected non-email login identity: ""
Server: A007 NO [AUTHENTICATIONFAILED] Authentication failed
=== RUN   TestLoginCommand_EmptyCredentials/Empty_password
2026/06/13 08:53:10 LOGIN: rejected non-email login identity: "username"
Server: A008 NO [AUTHENTICATIONFAILED] Authentication failed
=== RUN   TestLoginCommand_EmptyCredentials/Both_empty
2026/06/13 08:53:10 LOGIN: rejected non-email login identity: ""
Server: A009 NO [AUTHENTICATIONFAILED] Authentication failed
--- PASS: TestLoginCommand_EmptyCredentials (0.24s)
    --- PASS: TestLoginCommand_EmptyCredentials/Empty_username (0.00s)
    --- PASS: TestLoginCommand_EmptyCredentials/Empty_password (0.00s)
    --- PASS: TestLoginCommand_EmptyCredentials/Both_empty (0.00s)
=== RUN   TestLoginCommand_SpecialCharactersInCredentials
2026/06/13 08:53:10 IMAP OAUTHBEARER: config load skipped at init: open config/raven.yaml: no such file or directory
=== RUN   TestLoginCommand_SpecialCharactersInCredentials/Username_with_dots
2026/06/13 08:53:10 LOGIN: rejected non-email login identity: "test.user"
Server: A010 NO [AUTHENTICATIONFAILED] Authentication failed
=== RUN   TestLoginCommand_SpecialCharactersInCredentials/Username_with_underscores
2026/06/13 08:53:10 LOGIN: rejected non-email login identity: "test_user"
Server: A011 NO [AUTHENTICATIONFAILED] Authentication failed
=== RUN   TestLoginCommand_SpecialCharactersInCredentials/Username_with_dashes
2026/06/13 08:53:10 LOGIN: rejected non-email login identity: "test-user"
Server: A012 NO [AUTHENTICATIONFAILED] Authentication failed
=== RUN   TestLoginCommand_SpecialCharactersInCredentials/Password_with_special_chars
2026/06/13 08:53:10 LOGIN: rejected non-email login identity: "testuser"
Server: A013 NO [AUTHENTICATIONFAILED] Authentication failed
--- PASS: TestLoginCommand_SpecialCharactersInCredentials (0.14s)
    --- PASS: TestLoginCommand_SpecialCharactersInCredentials/Username_with_dots (0.00s)
    --- PASS: TestLoginCommand_SpecialCharactersInCredentials/Username_with_underscores (0.00s)
    --- PASS: TestLoginCommand_SpecialCharactersInCredentials/Username_with_dashes (0.00s)
    --- PASS: TestLoginCommand_SpecialCharactersInCredentials/Password_with_special_chars (0.00s)
=== RUN   TestLoginCommand_CaseSensitivity
2026/06/13 08:53:10 IMAP OAUTHBEARER: config load skipped at init: open config/raven.yaml: no such file or directory
=== RUN   TestLoginCommand_CaseSensitivity/Lowercase_username
2026/06/13 08:53:11 LOGIN: rejected non-email login identity: "testuser"
Server: A014 NO [AUTHENTICATIONFAILED] Authentication failed
=== RUN   TestLoginCommand_CaseSensitivity/Uppercase_username
2026/06/13 08:53:11 LOGIN: rejected non-email login identity: "TESTUSER"
Server: A015 NO [AUTHENTICATIONFAILED] Authentication failed
=== RUN   TestLoginCommand_CaseSensitivity/Mixed_case_username
2026/06/13 08:53:11 LOGIN: rejected non-email login identity: "TestUser"
Server: A016 NO [AUTHENTICATIONFAILED] Authentication failed
--- PASS: TestLoginCommand_CaseSensitivity (0.19s)
    --- PASS: TestLoginCommand_CaseSensitivity/Lowercase_username (0.00s)
    --- PASS: TestLoginCommand_CaseSensitivity/Uppercase_username (0.00s)
    --- PASS: TestLoginCommand_CaseSensitivity/Mixed_case_username (0.00s)
=== RUN   TestLoginCommand_ResponseFormat
2026/06/13 08:53:11 IMAP OAUTHBEARER: config load skipped at init: open config/raven.yaml: no such file or directory
2026/06/13 08:53:11 LOGIN: rejected non-email login identity: "testuser"
Server: A017 NO [AUTHENTICATIONFAILED] Authentication failed
--- PASS: TestLoginCommand_ResponseFormat (0.20s)
=== RUN   TestLoginCommand_RejectsUsernameWithoutDomain
2026/06/13 08:53:11 IMAP OAUTHBEARER: config load skipped at init: open config/raven.yaml: no such file or directory
2026/06/13 08:53:11 LOGIN: rejected non-email login identity: "user1"
Server: A018 NO [AUTHENTICATIONFAILED] Authentication failed
--- PASS: TestLoginCommand_RejectsUsernameWithoutDomain (0.36s)
=== RUN   TestLoginCommand_MultipleAttempts
2026/06/13 08:53:11 IMAP OAUTHBEARER: config load skipped at init: open config/raven.yaml: no such file or directory
2026/06/13 08:53:11 LOGIN: rejected non-email login identity: "user1"
Server: A018 NO [AUTHENTICATIONFAILED] Authentication failed
2026/06/13 08:53:11 LOGIN: rejected non-email login identity: "user2"
Server: A019 NO [AUTHENTICATIONFAILED] Authentication failed
--- PASS: TestLoginCommand_MultipleAttempts (0.18s)
=== RUN   TestLoginCommand_LongCredentials
2026/06/13 08:53:11 IMAP OAUTHBEARER: config load skipped at init: open config/raven.yaml: no such file or directory
2026/06/13 08:53:11 LOGIN: rejected non-email login identity: "aaaaaaaaaaaaaaaaaaaaaaaaaaaaaaaaaaaaaaaaaaaaaaaaaa"
Server: A020 NO [AUTHENTICATIONFAILED] Authentication failed
--- PASS: TestLoginCommand_LongCredentials (0.06s)
=== RUN   TestLoginCommand_TagFormat
2026/06/13 08:53:11 IMAP OAUTHBEARER: config load skipped at init: open config/raven.yaml: no such file or directory
=== RUN   TestLoginCommand_TagFormat/Numeric_tag
2026/06/13 08:53:12 LOGIN: rejected non-email login identity: "user"
Server: 001 NO [AUTHENTICATIONFAILED] Authentication failed
=== RUN   TestLoginCommand_TagFormat/Alpha_tag
2026/06/13 08:53:12 LOGIN: rejected non-email login identity: "user"
Server: ABC NO [AUTHENTICATIONFAILED] Authentication failed
=== RUN   TestLoginCommand_TagFormat/Alphanumeric_tag
2026/06/13 08:53:12 LOGIN: rejected non-email login identity: "user"
Server: A001 NO [AUTHENTICATIONFAILED] Authentication failed
=== RUN   TestLoginCommand_TagFormat/Tag_with_dots
2026/06/13 08:53:12 LOGIN: rejected non-email login identity: "user"
Server: A.001 NO [AUTHENTICATIONFAILED] Authentication failed
=== RUN   TestLoginCommand_TagFormat/Short_tag
2026/06/13 08:53:12 LOGIN: rejected non-email login identity: "user"
Server: A NO [AUTHENTICATIONFAILED] Authentication failed
--- PASS: TestLoginCommand_TagFormat (0.34s)
    --- PASS: TestLoginCommand_TagFormat/Numeric_tag (0.00s)
    --- PASS: TestLoginCommand_TagFormat/Alpha_tag (0.00s)
    --- PASS: TestLoginCommand_TagFormat/Alphanumeric_tag (0.00s)
    --- PASS: TestLoginCommand_TagFormat/Tag_with_dots (0.00s)
    --- PASS: TestLoginCommand_TagFormat/Short_tag (0.00s)
=== RUN   TestLoginCommand_WithWhitespace
2026/06/13 08:53:12 IMAP OAUTHBEARER: config load skipped at init: open config/raven.yaml: no such file or directory
2026/06/13 08:53:12 LOGIN: rejected non-email login identity: "test user"
Server: A021 NO [AUTHENTICATIONFAILED] Authentication failed
--- PASS: TestLoginCommand_WithWhitespace (0.13s)
=== RUN   TestLoginCommand_AfterSuccessfulLogin
2026/06/13 08:53:12 IMAP OAUTHBEARER: config load skipped at init: open config/raven.yaml: no such file or directory
2026/06/13 08:53:12 LOGIN: rejected non-email login identity: "testuser"
Server: A022 NO [AUTHENTICATIONFAILED] Authentication failed
--- PASS: TestLoginCommand_AfterSuccessfulLogin (0.20s)
=== RUN   TestLoginCommand_CapabilityInResponse
2026/06/13 08:53:12 IMAP OAUTHBEARER: config load skipped at init: open config/raven.yaml: no such file or directory
2026/06/13 08:53:12 LOGIN: rejected non-email login identity: "testuser"
Server: A023 NO [AUTHENTICATIONFAILED] Authentication failed
--- PASS: TestLoginCommand_CapabilityInResponse (0.26s)
=== RUN   TestLoginCommand_SecurityResponseCodes
2026/06/13 08:53:12 IMAP OAUTHBEARER: config load skipped at init: open config/raven.yaml: no such file or directory
Server: A024 NO [PRIVACYREQUIRED] LOGIN is disabled on insecure connection. Use STARTTLS first.
--- PASS: TestLoginCommand_SecurityResponseCodes (0.27s)
=== RUN   TestLogoutCommand_Unauthenticated
2026/06/13 08:53:13 IMAP OAUTHBEARER: config load skipped at init: open config/raven.yaml: no such file or directory
Server: * BYE IMAP4rev1 Server logging out
Server: L001 OK LOGOUT completed
--- PASS: TestLogoutCommand_Unauthenticated (0.11s)
=== RUN   TestLogoutCommand_Authenticated
2026/06/13 08:53:13 IMAP OAUTHBEARER: config load skipped at init: open config/raven.yaml: no such file or directory
Server: * BYE IMAP4rev1 Server logging out
Server: A023 OK LOGOUT completed
--- PASS: TestLogoutCommand_Authenticated (0.14s)
=== RUN   TestLogoutCommand_WithSelectedFolder
2026/06/13 08:53:13 IMAP OAUTHBEARER: config load skipped at init: open config/raven.yaml: no such file or directory
Server: * BYE IMAP4rev1 Server logging out
Server: L003 OK LOGOUT completed
--- PASS: TestLogoutCommand_WithSelectedFolder (0.19s)
=== RUN   TestLogoutCommand_ResponseOrder
2026/06/13 08:53:13 IMAP OAUTHBEARER: config load skipped at init: open config/raven.yaml: no such file or directory
Server: * BYE IMAP4rev1 Server logging out
Server: L004 OK LOGOUT completed
--- PASS: TestLogoutCommand_ResponseOrder (0.34s)
=== RUN   TestLogoutCommand_MultipleSequentialLogouts
2026/06/13 08:53:13 IMAP OAUTHBEARER: config load skipped at init: open config/raven.yaml: no such file or directory
Server: * BYE IMAP4rev1 Server logging out
Server: L001 OK LOGOUT completed
Server: * BYE IMAP4rev1 Server logging out
Server: L002 OK LOGOUT completed
Server: * BYE IMAP4rev1 Server logging out
Server: ABC123 OK LOGOUT completed
--- PASS: TestLogoutCommand_MultipleSequentialLogouts (0.10s)
=== RUN   TestLogoutCommand_AlwaysSucceeds
2026/06/13 08:53:13 IMAP OAUTHBEARER: config load skipped at init: open config/raven.yaml: no such file or directory
Server: * BYE IMAP4rev1 Server logging out
Server: L005 OK LOGOUT completed
--- PASS: TestLogoutCommand_AlwaysSucceeds (0.12s)
=== RUN   TestLogoutCommand_NoArguments
2026/06/13 08:53:14 IMAP OAUTHBEARER: config load skipped at init: open config/raven.yaml: no such file or directory
Server: * BYE IMAP4rev1 Server logging out
Server: L006 OK LOGOUT completed
--- PASS: TestLogoutCommand_NoArguments (0.18s)
=== RUN   TestLogoutCommand_TagFormat
=== RUN   TestLogoutCommand_TagFormat/Standard_alphanumeric_tag
2026/06/13 08:53:14 IMAP OAUTHBEARER: config load skipped at init: open config/raven.yaml: no such file or directory
Server: * BYE IMAP4rev1 Server logging out
Server: A001 OK LOGOUT completed
=== RUN   TestLogoutCommand_TagFormat/Numeric_only_tag
2026/06/13 08:53:14 IMAP OAUTHBEARER: config load skipped at init: open config/raven.yaml: no such file or directory
Server: * BYE IMAP4rev1 Server logging out
Server: 123 OK LOGOUT completed
=== RUN   TestLogoutCommand_TagFormat/Alphabetic_only_tag
2026/06/13 08:53:14 IMAP OAUTHBEARER: config load skipped at init: open config/raven.yaml: no such file or directory
Server: * BYE IMAP4rev1 Server logging out
Server: XYZ OK LOGOUT completed
=== RUN   TestLogoutCommand_TagFormat/Single_character_tag
2026/06/13 08:53:14 IMAP OAUTHBEARER: config load skipped at init: open config/raven.yaml: no such file or directory
Server: * BYE IMAP4rev1 Server logging out
Server: a OK LOGOUT completed
=== RUN   TestLogoutCommand_TagFormat/Tag_with_command_name
2026/06/13 08:53:14 IMAP OAUTHBEARER: config load skipped at init: open config/raven.yaml: no such file or directory
Server: * BYE IMAP4rev1 Server logging out
Server: LOGOUT1 OK LOGOUT completed
=== RUN   TestLogoutCommand_TagFormat/Tag_with_dot
2026/06/13 08:53:14 IMAP OAUTHBEARER: config load skipped at init: open config/raven.yaml: no such file or directory
Server: * BYE IMAP4rev1 Server logging out
Server: tag.001 OK LOGOUT completed
--- PASS: TestLogoutCommand_TagFormat (0.85s)
    --- PASS: TestLogoutCommand_TagFormat/Standard_alphanumeric_tag (0.08s)
    --- PASS: TestLogoutCommand_TagFormat/Numeric_only_tag (0.22s)
    --- PASS: TestLogoutCommand_TagFormat/Alphabetic_only_tag (0.07s)
    --- PASS: TestLogoutCommand_TagFormat/Single_character_tag (0.17s)
    --- PASS: TestLogoutCommand_TagFormat/Tag_with_command_name (0.16s)
    --- PASS: TestLogoutCommand_TagFormat/Tag_with_dot (0.15s)
=== RUN   TestLogoutCommand_MessageContent
2026/06/13 08:53:15 IMAP OAUTHBEARER: config load skipped at init: open config/raven.yaml: no such file or directory
Server: * BYE IMAP4rev1 Server logging out
Server: L007 OK LOGOUT completed
--- PASS: TestLogoutCommand_MessageContent (0.16s)
=== RUN   TestHandleSSLConnection_CertLoadFailure
2026/06/13 08:53:15 Failed to load TLS cert/key: open /certs/fullchain.pem: no such file or directory
--- PASS: TestHandleSSLConnection_CertLoadFailure (0.00s)
=== RUN   TestHandleSSLConnection_HandshakeFailure
2026/06/13 08:53:15 Failed to load TLS cert/key: open /certs/fullchain.pem: no such file or directory
--- PASS: TestHandleSSLConnection_HandshakeFailure (0.00s)
=== RUN   TestHandleSSLConnection_FunctionSignature
2026/06/13 08:53:15 Failed to load TLS cert/key: open /certs/fullchain.pem: no such file or directory
--- PASS: TestHandleSSLConnection_FunctionSignature (0.00s)
=== RUN   TestHandleSSLConnection_UsesHardcodedPaths
    ssl_test.go:97: HandleSSLConnection expects cert at: /certs/fullchain.pem
    ssl_test.go:98: HandleSSLConnection expects key at: /certs/privkey.pem
--- PASS: TestHandleSSLConnection_UsesHardcodedPaths (0.00s)
=== RUN   TestHandleSSLConnection_CreatesNewClientState
2026/06/13 08:53:15 Failed to load TLS cert/key: open /certs/fullchain.pem: no such file or directory
    ssl_test.go:118: ClientState not received (expected without valid certs)
--- PASS: TestHandleSSLConnection_CreatesNewClientState (0.00s)
=== RUN   TestHandleSSLConnection_TLSVersionRequirement
    ssl_test.go:129: HandleSSLConnection should require minimum TLS version: TLS 1.2 (0x303)
--- PASS: TestHandleSSLConnection_TLSVersionRequirement (0.00s)
=== RUN   TestHandleSSLConnection_PerformsExplicitHandshake
    ssl_test.go:147: HandleSSLConnection performs explicit TLS handshake before IMAP session
--- PASS: TestHandleSSLConnection_PerformsExplicitHandshake (0.00s)
=== RUN   TestStartTLSWithArguments
2026/06/13 08:53:15 IMAP OAUTHBEARER: config load skipped at init: open config/raven.yaml: no such file or directory
Server: A001 BAD STARTTLS command does not accept arguments
--- PASS: TestStartTLSWithArguments (0.13s)
=== RUN   TestStartTLSOnTLSConnection
2026/06/13 08:53:15 IMAP OAUTHBEARER: config load skipped at init: open config/raven.yaml: no such file or directory
Server: A001 BAD TLS already active
--- PASS: TestStartTLSOnTLSConnection (0.34s)
=== RUN   TestStartTLSCertLoadFailure
2026/06/13 08:53:15 IMAP OAUTHBEARER: config load skipped at init: open config/raven.yaml: no such file or directory
Server: A002 OK Begin TLS negotiation now
2026/06/13 08:53:15 TLS handshake failed during STARTTLS: use of closed network connection
    starttls_additional_test.go:84: Got OK response (certs are available in test environment): A002 OK Begin TLS negotiation now
--- PASS: TestStartTLSCertLoadFailure (0.12s)
=== RUN   TestStartTLSVariousTags
=== RUN   TestStartTLSVariousTags/Standard_alphanumeric_tag
2026/06/13 08:53:15 IMAP OAUTHBEARER: config load skipped at init: open config/raven.yaml: no such file or directory
Server: A001 OK Begin TLS negotiation now
2026/06/13 08:53:16 TLS handshake failed during STARTTLS: use of closed network connection
=== RUN   TestStartTLSVariousTags/Numeric_tag
2026/06/13 08:53:16 IMAP OAUTHBEARER: config load skipped at init: open config/raven.yaml: no such file or directory
Server: 123 OK Begin TLS negotiation now
2026/06/13 08:53:16 TLS handshake failed during STARTTLS: use of closed network connection
=== RUN   TestStartTLSVariousTags/Alphabetic_tag
2026/06/13 08:53:16 IMAP OAUTHBEARER: config load skipped at init: open config/raven.yaml: no such file or directory
Server: TAG OK Begin TLS negotiation now
2026/06/13 08:53:16 TLS handshake failed during STARTTLS: use of closed network connection
=== RUN   TestStartTLSVariousTags/Single_character_tag
2026/06/13 08:53:16 IMAP OAUTHBEARER: config load skipped at init: open config/raven.yaml: no such file or directory
Server: a OK Begin TLS negotiation now
2026/06/13 08:53:16 TLS handshake failed during STARTTLS: use of closed network connection
=== RUN   TestStartTLSVariousTags/Tag_with_command_name
2026/06/13 08:53:16 IMAP OAUTHBEARER: config load skipped at init: open config/raven.yaml: no such file or directory
Server: STARTTLS1 OK Begin TLS negotiation now
2026/06/13 08:53:16 TLS handshake failed during STARTTLS: use of closed network connection
--- PASS: TestStartTLSVariousTags (0.93s)
    --- PASS: TestStartTLSVariousTags/Standard_alphanumeric_tag (0.12s)
    --- PASS: TestStartTLSVariousTags/Numeric_tag (0.10s)
    --- PASS: TestStartTLSVariousTags/Alphabetic_tag (0.33s)
    --- PASS: TestStartTLSVariousTags/Single_character_tag (0.30s)
    --- PASS: TestStartTLSVariousTags/Tag_with_command_name (0.09s)
=== RUN   TestStartTLSCommandStructure
=== RUN   TestStartTLSCommandStructure/ValidCommand
2026/06/13 08:53:16 IMAP OAUTHBEARER: config load skipped at init: open config/raven.yaml: no such file or directory
Server: A001 OK Begin TLS negotiation now
2026/06/13 08:53:17 TLS handshake failed during STARTTLS: use of closed network connection
=== RUN   TestStartTLSCommandStructure/WithOneArgument
2026/06/13 08:53:17 IMAP OAUTHBEARER: config load skipped at init: open config/raven.yaml: no such file or directory
Server: A001 BAD STARTTLS command does not accept arguments
=== RUN   TestStartTLSCommandStructure/WithMultipleArguments
2026/06/13 08:53:17 IMAP OAUTHBEARER: config load skipped at init: open config/raven.yaml: no such file or directory
Server: A001 BAD STARTTLS command does not accept arguments
--- PASS: TestStartTLSCommandStructure (0.82s)
    --- PASS: TestStartTLSCommandStructure/ValidCommand (0.43s)
    --- PASS: TestStartTLSCommandStructure/WithOneArgument (0.33s)
    --- PASS: TestStartTLSCommandStructure/WithMultipleArguments (0.07s)
=== RUN   TestStartTLSResponseOrder
2026/06/13 08:53:17 IMAP OAUTHBEARER: config load skipped at init: open config/raven.yaml: no such file or directory
Server: A001 OK Begin TLS negotiation now
2026/06/13 08:53:17 TLS handshake failed during STARTTLS: use of closed network connection
    starttls_additional_test.go:190: STARTTLS response: A001 OK Begin TLS negotiation now
--- PASS: TestStartTLSResponseOrder (0.21s)
=== RUN   TestStartTLSMinTLSVersion
    starttls_additional_test.go:198: STARTTLS should require minimum TLS version 1.2
    starttls_additional_test.go:199: This ensures modern security standards are enforced
--- PASS: TestStartTLSMinTLSVersion (0.00s)
=== RUN   TestStartTLSStateClear
    starttls_additional_test.go:210: Per RFC 3501: Client state should be cleared after STARTTLS
    starttls_additional_test.go:211: Handler should be called with fresh ClientState{}
--- PASS: TestStartTLSStateClear (0.00s)
=== RUN   TestStartTLSEmptyPartsArray
2026/06/13 08:53:17 IMAP OAUTHBEARER: config load skipped at init: open config/raven.yaml: no such file or directory
Server: A001 OK Begin TLS negotiation now
2026/06/13 08:53:17 TLS handshake failed during STARTTLS: use of closed network connection
    starttls_additional_test.go:234: STARTTLS processed correctly: A001 OK Begin TLS negotiation now
--- PASS: TestStartTLSEmptyPartsArray (0.06s)
=== RUN   TestStartTLS_BasicFlow
2026/06/13 08:53:17 IMAP OAUTHBEARER: config load skipped at init: open config/raven.yaml: no such file or directory
Server: A001 OK Begin TLS negotiation now
2026/06/13 08:53:17 TLS handshake failed during STARTTLS: use of closed network connection
--- PASS: TestStartTLS_BasicFlow (0.06s)
=== RUN   TestStartTLS_ExactResponseFormat
2026/06/13 08:53:17 IMAP OAUTHBEARER: config load skipped at init: open config/raven.yaml: no such file or directory
Server: a002 OK Begin TLS negotiation now
2026/06/13 08:53:18 TLS handshake failed during STARTTLS: use of closed network connection
--- PASS: TestStartTLS_ExactResponseFormat (0.12s)
=== RUN   TestStartTLS_NoArguments
2026/06/13 08:53:18 IMAP OAUTHBEARER: config load skipped at init: open config/raven.yaml: no such file or directory
Server: A001 BAD STARTTLS command does not accept arguments
--- PASS: TestStartTLS_NoArguments (0.11s)
=== RUN   TestStartTLS_MultipleArguments
2026/06/13 08:53:18 IMAP OAUTHBEARER: config load skipped at init: open config/raven.yaml: no such file or directory
Server: A001 BAD STARTTLS command does not accept arguments
--- PASS: TestStartTLS_MultipleArguments (0.31s)
=== RUN   TestStartTLS_AlreadyOnTLS
2026/06/13 08:53:18 IMAP OAUTHBEARER: config load skipped at init: open config/raven.yaml: no such file or directory
Server: A001 BAD TLS already active
--- PASS: TestStartTLS_AlreadyOnTLS (0.17s)
=== RUN   TestStartTLS_CaseInsensitive
=== RUN   TestStartTLS_CaseInsensitive/STARTTLS
2026/06/13 08:53:18 IMAP OAUTHBEARER: config load skipped at init: open config/raven.yaml: no such file or directory
Server: A001 OK Begin TLS negotiation now
2026/06/13 08:53:18 TLS handshake failed during STARTTLS: use of closed network connection
=== RUN   TestStartTLS_CaseInsensitive/starttls
2026/06/13 08:53:18 IMAP OAUTHBEARER: config load skipped at init: open config/raven.yaml: no such file or directory
Server: A001 OK Begin TLS negotiation now
2026/06/13 08:53:18 TLS handshake failed during STARTTLS: use of closed network connection
=== RUN   TestStartTLS_CaseInsensitive/StartTLS
2026/06/13 08:53:18 IMAP OAUTHBEARER: config load skipped at init: open config/raven.yaml: no such file or directory
Server: A001 OK Begin TLS negotiation now
2026/06/13 08:53:19 TLS handshake failed during STARTTLS: use of closed network connection
=== RUN   TestStartTLS_CaseInsensitive/STARTtls
2026/06/13 08:53:19 IMAP OAUTHBEARER: config load skipped at init: open config/raven.yaml: no such file or directory
Server: A001 OK Begin TLS negotiation now
2026/06/13 08:53:19 TLS handshake failed during STARTTLS: use of closed network connection
--- PASS: TestStartTLS_CaseInsensitive (0.48s)
    --- PASS: TestStartTLS_CaseInsensitive/STARTTLS (0.05s)
    --- PASS: TestStartTLS_CaseInsensitive/starttls (0.17s)
    --- PASS: TestStartTLS_CaseInsensitive/StartTLS (0.13s)
    --- PASS: TestStartTLS_CaseInsensitive/STARTtls (0.13s)
=== RUN   TestStartTLS_TagPreserved
=== RUN   TestStartTLS_TagPreserved/A001
2026/06/13 08:53:19 IMAP OAUTHBEARER: config load skipped at init: open config/raven.yaml: no such file or directory
Server: A001 OK Begin TLS negotiation now
2026/06/13 08:53:19 TLS handshake failed during STARTTLS: use of closed network connection
=== RUN   TestStartTLS_TagPreserved/a002
2026/06/13 08:53:19 IMAP OAUTHBEARER: config load skipped at init: open config/raven.yaml: no such file or directory
Server: a002 OK Begin TLS negotiation now
2026/06/13 08:53:19 TLS handshake failed during STARTTLS: use of closed network connection
=== RUN   TestStartTLS_TagPreserved/TAG123
2026/06/13 08:53:19 IMAP OAUTHBEARER: config load skipped at init: open config/raven.yaml: no such file or directory
Server: TAG123 OK Begin TLS negotiation now
2026/06/13 08:53:19 TLS handshake failed during STARTTLS: use of closed network connection
=== RUN   TestStartTLS_TagPreserved/X999
2026/06/13 08:53:19 IMAP OAUTHBEARER: config load skipped at init: open config/raven.yaml: no such file or directory
Server: X999 OK Begin TLS negotiation now
2026/06/13 08:53:19 TLS handshake failed during STARTTLS: use of closed network connection
--- PASS: TestStartTLS_TagPreserved (0.50s)
    --- PASS: TestStartTLS_TagPreserved/A001 (0.09s)
    --- PASS: TestStartTLS_TagPreserved/a002 (0.04s)
    --- PASS: TestStartTLS_TagPreserved/TAG123 (0.28s)
    --- PASS: TestStartTLS_TagPreserved/X999 (0.10s)
=== RUN   TestStartTLS_StateReset
2026/06/13 08:53:19 IMAP OAUTHBEARER: config load skipped at init: open config/raven.yaml: no such file or directory
Server: A001 OK Begin TLS negotiation now
2026/06/13 08:53:19 TLS handshake failed during STARTTLS: use of closed network connection
--- PASS: TestStartTLS_StateReset (0.06s)
=== RUN   TestStartTLS_RFCExampleSequence
2026/06/13 08:53:19 IMAP OAUTHBEARER: config load skipped at init: open config/raven.yaml: no such file or directory
Server: * CAPABILITY IMAP4rev1 STARTTLS LOGINDISABLED UIDPLUS IDLE NAMESPACE UNSELECT LITERAL+
Server: a001 OK CAPABILITY completed
Server: a002 OK Begin TLS negotiation now
2026/06/13 08:53:19 TLS handshake failed during STARTTLS: use of closed network connection
Server: * CAPABILITY IMAP4rev1 AUTH=PLAIN LOGIN UIDPLUS IDLE NAMESPACE UNSELECT LITERAL+
Server: a003 OK CAPABILITY completed
--- PASS: TestStartTLS_RFCExampleSequence (0.16s)
=== RUN   TestStartTLS_CapabilityMustBeReissued
2026/06/13 08:53:19 IMAP OAUTHBEARER: config load skipped at init: open config/raven.yaml: no such file or directory
Server: * CAPABILITY IMAP4rev1 STARTTLS LOGINDISABLED UIDPLUS IDLE NAMESPACE UNSELECT LITERAL+
Server: A001 OK CAPABILITY completed
Server: * CAPABILITY IMAP4rev1 AUTH=PLAIN LOGIN UIDPLUS IDLE NAMESPACE UNSELECT LITERAL+
Server: A002 OK CAPABILITY completed
--- PASS: TestStartTLS_CapabilityMustBeReissued (0.20s)
=== RUN   TestStartTLS_NonAuthenticatedState
2026/06/13 08:53:20 IMAP OAUTHBEARER: config load skipped at init: open config/raven.yaml: no such file or directory
Server: A001 OK Begin TLS negotiation now
2026/06/13 08:53:20 TLS handshake failed during STARTTLS: use of closed network connection
--- PASS: TestStartTLS_NonAuthenticatedState (0.16s)
=== RUN   TestStartTLS_WithWhitespace
2026/06/13 08:53:20 IMAP OAUTHBEARER: config load skipped at init: open config/raven.yaml: no such file or directory
Server: A001 OK Begin TLS negotiation now
2026/06/13 08:53:20 TLS handshake failed during STARTTLS: use of closed network connection
--- PASS: TestStartTLS_WithWhitespace (0.12s)
=== RUN   TestStartTLS_ErrorHandling
2026/06/13 08:53:20 IMAP OAUTHBEARER: config load skipped at init: open config/raven.yaml: no such file or directory
Server: A001 OK Begin TLS negotiation now
2026/06/13 08:53:20 TLS handshake failed during STARTTLS: use of closed network connection
--- PASS: TestStartTLS_ErrorHandling (0.04s)
PASS
ok  	raven/internal/server/auth	(cached)
=== RUN   TestNoopCommand_Unauthenticated
2026/06/13 08:52:55 IMAP OAUTHBEARER: config load skipped at init: open config/raven.yaml: no such file or directory
Server: N001 OK NOOP completed
--- PASS: TestNoopCommand_Unauthenticated (0.12s)
=== RUN   TestNoopCommand_AuthenticatedNoFolder
2026/06/13 08:52:55 IMAP OAUTHBEARER: config load skipped at init: open config/raven.yaml: no such file or directory
Server: N002 OK NOOP completed
--- PASS: TestNoopCommand_AuthenticatedNoFolder (0.15s)
=== RUN   TestNoopCommand_WithSelectedFolder
2026/06/13 08:52:55 IMAP OAUTHBEARER: config load skipped at init: open config/raven.yaml: no such file or directory
NOOP Debug: mailbox_id=1, lastCount=0, currentCount=0, lastRecent=0, currentRecent=0
Server: N003 OK NOOP completed
--- PASS: TestNoopCommand_WithSelectedFolder (0.19s)
=== RUN   TestNoopCommand_AlwaysSucceeds
=== RUN   TestNoopCommand_AlwaysSucceeds/Unauthenticated
2026/06/13 08:52:55 IMAP OAUTHBEARER: config load skipped at init: open config/raven.yaml: no such file or directory
Server: T001 OK NOOP completed
=== RUN   TestNoopCommand_AlwaysSucceeds/Authenticated
2026/06/13 08:52:56 IMAP OAUTHBEARER: config load skipped at init: open config/raven.yaml: no such file or directory
Server: T002 OK NOOP completed
--- PASS: TestNoopCommand_AlwaysSucceeds (0.62s)
    --- PASS: TestNoopCommand_AlwaysSucceeds/Unauthenticated (0.27s)
    --- PASS: TestNoopCommand_AlwaysSucceeds/Authenticated (0.35s)
=== RUN   TestNoopCommand_ResponseFormat
2026/06/13 08:52:56 IMAP OAUTHBEARER: config load skipped at init: open config/raven.yaml: no such file or directory
Server: FORMAT OK NOOP completed
--- PASS: TestNoopCommand_ResponseFormat (0.12s)
=== RUN   TestNoopCommand_TagHandling
=== RUN   TestNoopCommand_TagHandling/Tag_A001
2026/06/13 08:52:56 IMAP OAUTHBEARER: config load skipped at init: open config/raven.yaml: no such file or directory
Server: A001 OK NOOP completed
=== RUN   TestNoopCommand_TagHandling/Tag_noop1
2026/06/13 08:52:56 IMAP OAUTHBEARER: config load skipped at init: open config/raven.yaml: no such file or directory
Server: noop1 OK NOOP completed
=== RUN   TestNoopCommand_TagHandling/Tag_TAG-123
2026/06/13 08:52:56 IMAP OAUTHBEARER: config load skipped at init: open config/raven.yaml: no such file or directory
Server: TAG-123 OK NOOP completed
=== RUN   TestNoopCommand_TagHandling/Tag_*
2026/06/13 08:52:57 IMAP OAUTHBEARER: config load skipped at init: open config/raven.yaml: no such file or directory
Server: * OK NOOP completed
=== RUN   TestNoopCommand_TagHandling/Tag_
2026/06/13 08:52:57 IMAP OAUTHBEARER: config load skipped at init: open config/raven.yaml: no such file or directory
Server:  OK NOOP completed
--- PASS: TestNoopCommand_TagHandling (0.82s)
    --- PASS: TestNoopCommand_TagHandling/Tag_A001 (0.21s)
    --- PASS: TestNoopCommand_TagHandling/Tag_noop1 (0.17s)
    --- PASS: TestNoopCommand_TagHandling/Tag_TAG-123 (0.18s)
    --- PASS: TestNoopCommand_TagHandling/Tag_* (0.15s)
    --- PASS: TestNoopCommand_TagHandling/Tag_ (0.12s)
=== RUN   TestNoopCommand_StateTracking
2026/06/13 08:52:57 IMAP OAUTHBEARER: config load skipped at init: open config/raven.yaml: no such file or directory
NOOP Debug: mailbox_id=1, lastCount=0, currentCount=0, lastRecent=0, currentRecent=0
Server: TRACK OK NOOP completed
--- PASS: TestNoopCommand_StateTracking (0.16s)
=== RUN   TestNoopCommand_NewMessages
2026/06/13 08:52:57 IMAP OAUTHBEARER: config load skipped at init: open config/raven.yaml: no such file or directory
DEBUG ParseMIMEMessage: Content-Type='text/plain; charset=us-ascii'
DEBUG ParseMIMEMessage: mediaType='text/plain', boundary=''
DEBUG ParseMIMEMessage: Single-part message (not multipart)
DEBUG StoreMessage: Stored part idx=0 (type=text/plain) as db_id=1 with part_number=1 (parent_db_id={0 false})
DEBUG ParseMIMEMessage: Content-Type='text/plain; charset=us-ascii'
DEBUG ParseMIMEMessage: mediaType='text/plain', boundary=''
DEBUG ParseMIMEMessage: Single-part message (not multipart)
DEBUG StoreMessage: Stored part idx=0 (type=text/plain) as db_id=2 with part_number=1 (parent_db_id={0 false})
DEBUG ParseMIMEMessage: Content-Type='text/plain; charset=us-ascii'
DEBUG ParseMIMEMessage: mediaType='text/plain', boundary=''
DEBUG ParseMIMEMessage: Single-part message (not multipart)
DEBUG StoreMessage: Stored part idx=0 (type=text/plain) as db_id=3 with part_number=1 (parent_db_id={0 false})
NOOP Debug: mailbox_id=1, lastCount=1, currentCount=3, lastRecent=0, currentRecent=0
Server: * 3 EXISTS
Server: * 2 RECENT
Server: NEW OK NOOP completed
--- PASS: TestNoopCommand_NewMessages (0.21s)
=== RUN   TestNoopCommand_ExpungedMessages
2026/06/13 08:52:57 IMAP OAUTHBEARER: config load skipped at init: open config/raven.yaml: no such file or directory
DEBUG ParseMIMEMessage: Content-Type='text/plain; charset=us-ascii'
DEBUG ParseMIMEMessage: mediaType='text/plain', boundary=''
DEBUG ParseMIMEMessage: Single-part message (not multipart)
DEBUG StoreMessage: Stored part idx=0 (type=text/plain) as db_id=1 with part_number=1 (parent_db_id={0 false})
NOOP Debug: mailbox_id=1, lastCount=5, currentCount=1, lastRecent=0, currentRecent=0
Server: * 5 EXPUNGE
Server: * 4 EXPUNGE
Server: * 3 EXPUNGE
Server: * 2 EXPUNGE
Server: EXP OK NOOP completed
--- PASS: TestNoopCommand_ExpungedMessages (0.40s)
=== RUN   TestNoopCommand_FlagChanges
2026/06/13 08:52:58 IMAP OAUTHBEARER: config load skipped at init: open config/raven.yaml: no such file or directory
DEBUG ParseMIMEMessage: Content-Type='text/plain; charset=us-ascii'
DEBUG ParseMIMEMessage: mediaType='text/plain', boundary=''
DEBUG ParseMIMEMessage: Single-part message (not multipart)
DEBUG StoreMessage: Stored part idx=0 (type=text/plain) as db_id=1 with part_number=1 (parent_db_id={0 false})
DEBUG ParseMIMEMessage: Content-Type='text/plain; charset=us-ascii'
DEBUG ParseMIMEMessage: mediaType='text/plain', boundary=''
DEBUG ParseMIMEMessage: Single-part message (not multipart)
DEBUG StoreMessage: Stored part idx=0 (type=text/plain) as db_id=2 with part_number=1 (parent_db_id={0 false})
NOOP Debug: mailbox_id=1, lastCount=2, currentCount=2, lastRecent=0, currentRecent=0
Server: FLAG OK NOOP completed
--- PASS: TestNoopCommand_FlagChanges (0.37s)
=== RUN   TestNoopCommand_WithMessages
2026/06/13 08:52:58 IMAP OAUTHBEARER: config load skipped at init: open config/raven.yaml: no such file or directory
DEBUG ParseMIMEMessage: Content-Type='text/plain; charset=us-ascii'
DEBUG ParseMIMEMessage: mediaType='text/plain', boundary=''
DEBUG ParseMIMEMessage: Single-part message (not multipart)
DEBUG StoreMessage: Stored part idx=0 (type=text/plain) as db_id=1 with part_number=1 (parent_db_id={0 false})
DEBUG ParseMIMEMessage: Content-Type='text/plain; charset=us-ascii'
DEBUG ParseMIMEMessage: mediaType='text/plain', boundary=''
DEBUG ParseMIMEMessage: Single-part message (not multipart)
DEBUG StoreMessage: Stored part idx=0 (type=text/plain) as db_id=2 with part_number=1 (parent_db_id={0 false})
DEBUG ParseMIMEMessage: Content-Type='text/plain; charset=us-ascii'
DEBUG ParseMIMEMessage: mediaType='text/plain', boundary=''
DEBUG ParseMIMEMessage: Single-part message (not multipart)
DEBUG StoreMessage: Stored part idx=0 (type=text/plain) as db_id=3 with part_number=1 (parent_db_id={0 false})
DEBUG ParseMIMEMessage: Content-Type='text/plain; charset=us-ascii'
DEBUG ParseMIMEMessage: mediaType='text/plain', boundary=''
DEBUG ParseMIMEMessage: Single-part message (not multipart)
DEBUG StoreMessage: Stored part idx=0 (type=text/plain) as db_id=4 with part_number=1 (parent_db_id={0 false})
DEBUG ParseMIMEMessage: Content-Type='text/plain; charset=us-ascii'
DEBUG ParseMIMEMessage: mediaType='text/plain', boundary=''
DEBUG ParseMIMEMessage: Single-part message (not multipart)
DEBUG StoreMessage: Stored part idx=0 (type=text/plain) as db_id=5 with part_number=1 (parent_db_id={0 false})
DEBUG ParseMIMEMessage: Content-Type='text/plain; charset=us-ascii'
DEBUG ParseMIMEMessage: mediaType='text/plain', boundary=''
DEBUG ParseMIMEMessage: Single-part message (not multipart)
DEBUG StoreMessage: Stored part idx=0 (type=text/plain) as db_id=6 with part_number=1 (parent_db_id={0 false})
DEBUG ParseMIMEMessage: Content-Type='text/plain; charset=us-ascii'
DEBUG ParseMIMEMessage: mediaType='text/plain', boundary=''
DEBUG ParseMIMEMessage: Single-part message (not multipart)
DEBUG StoreMessage: Stored part idx=0 (type=text/plain) as db_id=7 with part_number=1 (parent_db_id={0 false})
DEBUG ParseMIMEMessage: Content-Type='text/plain; charset=us-ascii'
DEBUG ParseMIMEMessage: mediaType='text/plain', boundary=''
DEBUG ParseMIMEMessage: Single-part message (not multipart)
DEBUG StoreMessage: Stored part idx=0 (type=text/plain) as db_id=8 with part_number=1 (parent_db_id={0 false})
DEBUG ParseMIMEMessage: Content-Type='text/plain; charset=us-ascii'
DEBUG ParseMIMEMessage: mediaType='text/plain', boundary=''
DEBUG ParseMIMEMessage: Single-part message (not multipart)
DEBUG StoreMessage: Stored part idx=0 (type=text/plain) as db_id=9 with part_number=1 (parent_db_id={0 false})
DEBUG ParseMIMEMessage: Content-Type='text/plain; charset=us-ascii'
DEBUG ParseMIMEMessage: mediaType='text/plain', boundary=''
DEBUG ParseMIMEMessage: Single-part message (not multipart)
DEBUG StoreMessage: Stored part idx=0 (type=text/plain) as db_id=10 with part_number=1 (parent_db_id={0 false})
NOOP Debug: mailbox_id=1, lastCount=0, currentCount=10, lastRecent=0, currentRecent=0
Server: * 10 EXISTS
Server: * 10 RECENT
Server: MSG OK NOOP completed
--- PASS: TestNoopCommand_WithMessages (0.48s)
=== RUN   TestIdleCommand_Unauthenticated
2026/06/13 08:52:59 IMAP OAUTHBEARER: config load skipped at init: open config/raven.yaml: no such file or directory
Server: I001 NO Please authenticate first
--- PASS: TestIdleCommand_Unauthenticated (0.13s)
=== RUN   TestIdleCommand_NoFolderSelected
2026/06/13 08:52:59 IMAP OAUTHBEARER: config load skipped at init: open config/raven.yaml: no such file or directory
Server: I002 NO No folder selected
--- PASS: TestIdleCommand_NoFolderSelected (0.77s)
=== RUN   TestIdleCommand_EntersIdleMode
2026/06/13 08:52:59 IMAP OAUTHBEARER: config load skipped at init: open config/raven.yaml: no such file or directory
Server: + idling
Server: I003 OK IDLE terminated
--- PASS: TestIdleCommand_EntersIdleMode (0.78s)
=== RUN   TestIdleCommand_ResponseFormat
2026/06/13 08:53:00 IMAP OAUTHBEARER: config load skipped at init: open config/raven.yaml: no such file or directory
Server: I004 NO Please authenticate first
--- PASS: TestIdleCommand_ResponseFormat (0.13s)
=== RUN   TestIdleCommand_TagHandling
=== RUN   TestIdleCommand_TagHandling/Standard
2026/06/13 08:53:00 IMAP OAUTHBEARER: config load skipped at init: open config/raven.yaml: no such file or directory
Server: A001 NO Please authenticate first
=== RUN   TestIdleCommand_TagHandling/Numeric
2026/06/13 08:53:00 IMAP OAUTHBEARER: config load skipped at init: open config/raven.yaml: no such file or directory
Server: 123 NO Please authenticate first
=== RUN   TestIdleCommand_TagHandling/Mixed
2026/06/13 08:53:01 IMAP OAUTHBEARER: config load skipped at init: open config/raven.yaml: no such file or directory
Server: TAG-456 NO Please authenticate first
--- PASS: TestIdleCommand_TagHandling (0.45s)
    --- PASS: TestIdleCommand_TagHandling/Standard (0.10s)
    --- PASS: TestIdleCommand_TagHandling/Numeric (0.25s)
    --- PASS: TestIdleCommand_TagHandling/Mixed (0.10s)
=== RUN   TestIdleCommand_ErrorHandling
=== RUN   TestIdleCommand_ErrorHandling/Not_authenticated
2026/06/13 08:53:01 IMAP OAUTHBEARER: config load skipped at init: open config/raven.yaml: no such file or directory
Server: ERR NO Please authenticate first
=== RUN   TestIdleCommand_ErrorHandling/No_folder_selected
2026/06/13 08:53:01 IMAP OAUTHBEARER: config load skipped at init: open config/raven.yaml: no such file or directory
Server: ERR NO No folder selected
--- PASS: TestIdleCommand_ErrorHandling (0.49s)
    --- PASS: TestIdleCommand_ErrorHandling/Not_authenticated (0.18s)
    --- PASS: TestIdleCommand_ErrorHandling/No_folder_selected (0.31s)
=== RUN   TestIdleCommand_WithNewMessages
2026/06/13 08:53:01 IMAP OAUTHBEARER: config load skipped at init: open config/raven.yaml: no such file or directory
DEBUG ParseMIMEMessage: Content-Type='text/plain; charset=us-ascii'
DEBUG ParseMIMEMessage: mediaType='text/plain', boundary=''
DEBUG ParseMIMEMessage: Single-part message (not multipart)
DEBUG StoreMessage: Stored part idx=0 (type=text/plain) as db_id=1 with part_number=1 (parent_db_id={0 false})
Server: + idling
DEBUG ParseMIMEMessage: Content-Type='text/plain; charset=us-ascii'
DEBUG ParseMIMEMessage: mediaType='text/plain', boundary=''
DEBUG ParseMIMEMessage: Single-part message (not multipart)
DEBUG StoreMessage: Stored part idx=0 (type=text/plain) as db_id=2 with part_number=1 (parent_db_id={0 false})
Server: * 2 EXISTS
Server: * 1 RECENT
Server: * OK [UNSEEN 2] Message 2 is first unseen
Server: IDLE1 OK IDLE terminated
--- PASS: TestIdleCommand_WithNewMessages (1.41s)
=== RUN   TestIdleCommand_MultipleStates
2026/06/13 08:53:03 IMAP OAUTHBEARER: config load skipped at init: open config/raven.yaml: no such file or directory
DEBUG ParseMIMEMessage: Content-Type='text/plain; charset=us-ascii'
DEBUG ParseMIMEMessage: mediaType='text/plain', boundary=''
DEBUG ParseMIMEMessage: Single-part message (not multipart)
DEBUG StoreMessage: Stored part idx=0 (type=text/plain) as db_id=1 with part_number=1 (parent_db_id={0 false})
DEBUG ParseMIMEMessage: Content-Type='text/plain; charset=us-ascii'
DEBUG ParseMIMEMessage: mediaType='text/plain', boundary=''
DEBUG ParseMIMEMessage: Single-part message (not multipart)
DEBUG StoreMessage: Stored part idx=0 (type=text/plain) as db_id=2 with part_number=1 (parent_db_id={0 false})
DEBUG ParseMIMEMessage: Content-Type='text/plain; charset=us-ascii'
DEBUG ParseMIMEMessage: mediaType='text/plain', boundary=''
DEBUG ParseMIMEMessage: Single-part message (not multipart)
DEBUG StoreMessage: Stored part idx=0 (type=text/plain) as db_id=3 with part_number=1 (parent_db_id={0 false})
Server: + idling
Server: IDLE2 OK IDLE terminated
--- PASS: TestIdleCommand_MultipleStates (0.89s)
=== RUN   TestNamespaceCommand_Unauthenticated
2026/06/13 08:53:04 IMAP OAUTHBEARER: config load skipped at init: open config/raven.yaml: no such file or directory
Server: NS001 NO Please authenticate first
--- PASS: TestNamespaceCommand_Unauthenticated (0.22s)
=== RUN   TestNamespaceCommand_Authenticated
2026/06/13 08:53:04 IMAP OAUTHBEARER: config load skipped at init: open config/raven.yaml: no such file or directory
Server: * NAMESPACE (("" "/")) NIL NIL
Server: NS002 OK NAMESPACE completed
--- PASS: TestNamespaceCommand_Authenticated (0.21s)
=== RUN   TestNamespaceCommand_ResponseFormat
2026/06/13 08:53:04 IMAP OAUTHBEARER: config load skipped at init: open config/raven.yaml: no such file or directory
Server: * NAMESPACE (("" "/")) NIL NIL
Server: NS003 OK NAMESPACE completed
--- PASS: TestNamespaceCommand_ResponseFormat (0.26s)
=== RUN   TestNamespaceCommand_RFC2342Compliance
2026/06/13 08:53:04 IMAP OAUTHBEARER: config load skipped at init: open config/raven.yaml: no such file or directory
Server: * NAMESPACE (("" "/")) NIL NIL
Server: RFC OK NAMESPACE completed
--- PASS: TestNamespaceCommand_RFC2342Compliance (0.14s)
=== RUN   TestNamespaceCommand_TagHandling
=== RUN   TestNamespaceCommand_TagHandling/Tag_A001
2026/06/13 08:53:04 IMAP OAUTHBEARER: config load skipped at init: open config/raven.yaml: no such file or directory
Server: * NAMESPACE (("" "/")) NIL NIL
Server: A001 OK NAMESPACE completed
=== RUN   TestNamespaceCommand_TagHandling/Tag_namespace1
2026/06/13 08:53:05 IMAP OAUTHBEARER: config load skipped at init: open config/raven.yaml: no such file or directory
Server: * NAMESPACE (("" "/")) NIL NIL
Server: namespace1 OK NAMESPACE completed
=== RUN   TestNamespaceCommand_TagHandling/Tag_TAG-789
2026/06/13 08:53:05 IMAP OAUTHBEARER: config load skipped at init: open config/raven.yaml: no such file or directory
Server: * NAMESPACE (("" "/")) NIL NIL
Server: TAG-789 OK NAMESPACE completed
--- PASS: TestNamespaceCommand_TagHandling (0.66s)
    --- PASS: TestNamespaceCommand_TagHandling/Tag_A001 (0.13s)
    --- PASS: TestNamespaceCommand_TagHandling/Tag_namespace1 (0.35s)
    --- PASS: TestNamespaceCommand_TagHandling/Tag_TAG-789 (0.17s)
=== RUN   TestNamespaceCommand_MultipleInvocations
2026/06/13 08:53:05 IMAP OAUTHBEARER: config load skipped at init: open config/raven.yaml: no such file or directory
Server: * NAMESPACE (("" "/")) NIL NIL
Server: M001 OK NAMESPACE completed
Server: * NAMESPACE (("" "/")) NIL NIL
Server: M002 OK NAMESPACE completed
Server: * NAMESPACE (("" "/")) NIL NIL
Server: M003 OK NAMESPACE completed
--- PASS: TestNamespaceCommand_MultipleInvocations (0.22s)
=== RUN   TestNamespaceCommand_ConsistentResponse
2026/06/13 08:53:05 IMAP OAUTHBEARER: config load skipped at init: open config/raven.yaml: no such file or directory
Server: * NAMESPACE (("" "/")) NIL NIL
Server: C001 OK NAMESPACE completed
Server: * NAMESPACE (("" "/")) NIL NIL
Server: C001 OK NAMESPACE completed
--- PASS: TestNamespaceCommand_ConsistentResponse (0.22s)
=== RUN   TestNamespaceCommand_DifferentUsers
2026/06/13 08:53:05 IMAP OAUTHBEARER: config load skipped at init: open config/raven.yaml: no such file or directory
=== RUN   TestNamespaceCommand_DifferentUsers/User_user1
Server: * NAMESPACE (("" "/")) NIL NIL
Server: U001 OK NAMESPACE completed
=== RUN   TestNamespaceCommand_DifferentUsers/User_user2
Server: * NAMESPACE (("" "/")) NIL NIL
Server: U001 OK NAMESPACE completed
=== RUN   TestNamespaceCommand_DifferentUsers/User_user3
Server: * NAMESPACE (("" "/")) NIL NIL
Server: U001 OK NAMESPACE completed
--- PASS: TestNamespaceCommand_DifferentUsers (0.55s)
    --- PASS: TestNamespaceCommand_DifferentUsers/User_user1 (0.06s)
    --- PASS: TestNamespaceCommand_DifferentUsers/User_user2 (0.07s)
    --- PASS: TestNamespaceCommand_DifferentUsers/User_user3 (0.06s)
PASS
ok  	raven/internal/server/extension	(cached)
=== RUN   TestLsubCommand_WithReference
2026/06/13 08:52:55 IMAP OAUTHBEARER: config load skipped at init: open config/raven.yaml: no such file or directory
Server: * LSUB (\Noselect) "/" "Foo/Bar"
Server: * LSUB (\Unmarked) "/" "Foo/Qux"
Server: A001 OK LSUB completed
--- PASS: TestLsubCommand_WithReference (0.08s)
=== RUN   TestLsubCommand_MultipleImpliedParents
2026/06/13 08:52:55 IMAP OAUTHBEARER: config load skipped at init: open config/raven.yaml: no such file or directory
Server: * LSUB (\Noselect) "/" "A"
Server: * LSUB (\Unmarked) "/" "INBOX"
Server: A001 OK LSUB completed
--- PASS: TestLsubCommand_MultipleImpliedParents (0.11s)
=== RUN   TestLsubCommand_MixedSubscriptions
2026/06/13 08:52:55 IMAP OAUTHBEARER: config load skipped at init: open config/raven.yaml: no such file or directory
Server: * LSUB (\Unmarked) "/" "Parent"
Server: * LSUB (\Unmarked) "/" "Parent/Child"
Server: * LSUB (\Unmarked) "/" "INBOX"
Server: A001 OK LSUB completed
--- PASS: TestLsubCommand_MixedSubscriptions (0.08s)
=== RUN   TestListCommand_MultipleMailboxes
2026/06/13 08:52:55 IMAP OAUTHBEARER: config load skipped at init: open config/raven.yaml: no such file or directory
Server: * LIST (\Unmarked) "/" "Archive"
Server: * LIST (\Unmarked) "/" "Clients"
Server: * LIST (\Drafts) "/" "Drafts"
Server: * LIST (\Unmarked) "/" "INBOX"
Server: * LIST (\Unmarked) "/" "Personal"
Server: * LIST (\Unmarked) "/" "Projects"
Server: * LIST (\Unmarked) "/" "Projects/Active"
Server: * LIST (\Unmarked) "/" "Projects/Completed"
Server: * LIST (\Sent) "/" "Sent"
Server: * LIST (\Junk) "/" "Spam"
Server: * LIST (\Trash) "/" "Trash"
Server: * LIST (\Unmarked) "/" "Work/2022"
Server: * LIST (\Unmarked) "/" "Work/2023"
Server: * LIST (\Unmarked) "/" "Work/2024"
Server: A001 OK LIST completed
--- PASS: TestListCommand_MultipleMailboxes (0.24s)
=== RUN   TestListCommand_SpecialCharactersInMailboxName
2026/06/13 08:52:55 IMAP OAUTHBEARER: config load skipped at init: open config/raven.yaml: no such file or directory
Server: * LIST (\Unmarked) "/" "Test-Box"
Server: * LIST (\Unmarked) "/" "Test.Box"
Server: * LIST (\Unmarked) "/" "Test_Box"
Server: A001 OK LIST completed
--- PASS: TestListCommand_SpecialCharactersInMailboxName (0.31s)
=== RUN   TestListCommand_DeepHierarchy
2026/06/13 08:52:56 IMAP OAUTHBEARER: config load skipped at init: open config/raven.yaml: no such file or directory
Server: * LIST (\Unmarked) "/" "A/B/C/D/E/F"
Server: * LIST (\Drafts) "/" "Drafts"
Server: * LIST (\Unmarked) "/" "INBOX"
Server: * LIST (\Sent) "/" "Sent"
Server: * LIST (\Junk) "/" "Spam"
Server: * LIST (\Trash) "/" "Trash"
Server: A001 OK LIST completed
--- PASS: TestListCommand_DeepHierarchy (0.16s)
=== RUN   TestListCommand_PatternAtDifferentLevels
2026/06/13 08:52:56 IMAP OAUTHBEARER: config load skipped at init: open config/raven.yaml: no such file or directory
Server: * LIST (\Unmarked) "/" "Root/Level1/Item1"
Server: * LIST (\Unmarked) "/" "Root/Level1/Item2"
Server: A001 OK LIST completed
--- PASS: TestListCommand_PatternAtDifferentLevels (0.34s)
=== RUN   TestListCommand_WildcardInMiddle
2026/06/13 08:52:56 IMAP OAUTHBEARER: config load skipped at init: open config/raven.yaml: no such file or directory
Server: * LIST (\Unmarked) "/" "Test123Box"
Server: * LIST (\Unmarked) "/" "TestABCBox"
Server: * LIST (\Unmarked) "/" "TestBox"
Server: A001 OK LIST completed
--- PASS: TestListCommand_WildcardInMiddle (0.22s)
=== RUN   TestListCommand_CombinedReferenceAndPattern
2026/06/13 08:52:56 IMAP OAUTHBEARER: config load skipped at init: open config/raven.yaml: no such file or directory
Server: * LIST (\Unmarked) "/" "Mail/Inbox/2023"
Server: * LIST (\Unmarked) "/" "Mail/Inbox/2024"
Server: A001 OK LIST completed
--- PASS: TestListCommand_CombinedReferenceAndPattern (0.11s)
=== RUN   TestCreateCommand_Unauthenticated
2026/06/13 08:52:57 IMAP OAUTHBEARER: config load skipped at init: open config/raven.yaml: no such file or directory
Server: A001 NO Please authenticate first
--- PASS: TestCreateCommand_Unauthenticated (0.16s)
=== RUN   TestCreateCommand_InvalidArguments
2026/06/13 08:52:57 IMAP OAUTHBEARER: config load skipped at init: open config/raven.yaml: no such file or directory
Server: A001 BAD CREATE requires mailbox name
--- PASS: TestCreateCommand_InvalidArguments (0.18s)
=== RUN   TestCreateCommand_CreateINBOX
2026/06/13 08:52:57 IMAP OAUTHBEARER: config load skipped at init: open config/raven.yaml: no such file or directory
Server: A001 NO Cannot create INBOX - it already exists
--- PASS: TestCreateCommand_CreateINBOX (0.37s)
=== RUN   TestCreateCommand_CreateINBOXCaseInsensitive
2026/06/13 08:52:57 IMAP OAUTHBEARER: config load skipped at init: open config/raven.yaml: no such file or directory
Server: A001 NO Cannot create INBOX - it already exists
--- PASS: TestCreateCommand_CreateINBOXCaseInsensitive (0.24s)
=== RUN   TestCreateCommand_EmptyMailboxName
2026/06/13 08:52:57 IMAP OAUTHBEARER: config load skipped at init: open config/raven.yaml: no such file or directory
Server: A001 NO Cannot create mailbox with empty name
--- PASS: TestCreateCommand_EmptyMailboxName (0.26s)
=== RUN   TestCreateCommand_ValidMailbox
2026/06/13 08:52:58 IMAP OAUTHBEARER: config load skipped at init: open config/raven.yaml: no such file or directory
Server: A001 OK CREATE completed
--- PASS: TestCreateCommand_ValidMailbox (0.27s)
=== RUN   TestCreateCommand_QuotedMailboxName
2026/06/13 08:52:58 IMAP OAUTHBEARER: config load skipped at init: open config/raven.yaml: no such file or directory
Server: A001 OK CREATE completed
--- PASS: TestCreateCommand_QuotedMailboxName (0.17s)
=== RUN   TestCreateCommand_DuplicateMailbox
2026/06/13 08:52:58 IMAP OAUTHBEARER: config load skipped at init: open config/raven.yaml: no such file or directory
Server: A001 OK CREATE completed
Server: A002 NO Mailbox already exists
--- PASS: TestCreateCommand_DuplicateMailbox (0.11s)
=== RUN   TestCreateCommand_DefaultMailboxes
2026/06/13 08:52:58 IMAP OAUTHBEARER: config load skipped at init: open config/raven.yaml: no such file or directory
Server: A001 NO Mailbox already exists
Server: A001 NO Mailbox already exists
Server: A001 NO Mailbox already exists
--- PASS: TestCreateCommand_DefaultMailboxes (0.12s)
=== RUN   TestCreateCommand_HierarchicalMailbox
2026/06/13 08:52:58 IMAP OAUTHBEARER: config load skipped at init: open config/raven.yaml: no such file or directory
Server: A001 OK CREATE completed
--- PASS: TestCreateCommand_HierarchicalMailbox (0.35s)
=== RUN   TestCreateCommand_TrailingHierarchySeparator
2026/06/13 08:52:59 IMAP OAUTHBEARER: config load skipped at init: open config/raven.yaml: no such file or directory
Server: A001 OK CREATE completed
Server: A002 NO Mailbox already exists
--- PASS: TestCreateCommand_TrailingHierarchySeparator (0.19s)
=== RUN   TestCreateCommand_ListShowsCreatedMailbox
2026/06/13 08:52:59 IMAP OAUTHBEARER: config load skipped at init: open config/raven.yaml: no such file or directory
Server: A001 OK CREATE completed
Server: * LIST (\Drafts) "/" "Drafts"
Server: * LIST (\Unmarked) "/" "INBOX"
Server: * LIST (\Unmarked) "/" "NewMailbox"
Server: * LIST (\Sent) "/" "Sent"
Server: * LIST (\Junk) "/" "Spam"
Server: * LIST (\Trash) "/" "Trash"
Server: A002 OK LIST completed
--- PASS: TestCreateCommand_ListShowsCreatedMailbox (0.12s)
=== RUN   TestCreateCommand_MultipleUsers
2026/06/13 08:52:59 IMAP OAUTHBEARER: config load skipped at init: open config/raven.yaml: no such file or directory
Server: A001 OK CREATE completed
Server: A002 OK CREATE completed
--- PASS: TestCreateCommand_MultipleUsers (0.17s)
=== RUN   TestCreateCommand_RFCExample
2026/06/13 08:52:59 IMAP OAUTHBEARER: config load skipped at init: open config/raven.yaml: no such file or directory
Server: A003 OK CREATE completed
Server: A004 OK CREATE completed
--- PASS: TestCreateCommand_RFCExample (0.26s)
=== RUN   TestDeleteCommand_Unauthenticated
2026/06/13 08:53:00 IMAP OAUTHBEARER: config load skipped at init: open config/raven.yaml: no such file or directory
Server: A001 NO Please authenticate first
--- PASS: TestDeleteCommand_Unauthenticated (0.10s)
=== RUN   TestDeleteCommand_InvalidArguments
2026/06/13 08:53:00 IMAP OAUTHBEARER: config load skipped at init: open config/raven.yaml: no such file or directory
Server: A001 BAD DELETE requires mailbox name
--- PASS: TestDeleteCommand_InvalidArguments (0.19s)
=== RUN   TestDeleteCommand_DeleteINBOX
2026/06/13 08:53:00 IMAP OAUTHBEARER: config load skipped at init: open config/raven.yaml: no such file or directory
Server: A001 NO Cannot delete INBOX
--- PASS: TestDeleteCommand_DeleteINBOX (0.42s)
=== RUN   TestDeleteCommand_DeleteINBOXCaseInsensitive
2026/06/13 08:53:00 IMAP OAUTHBEARER: config load skipped at init: open config/raven.yaml: no such file or directory
Server: A001 NO Cannot delete INBOX
--- PASS: TestDeleteCommand_DeleteINBOXCaseInsensitive (0.08s)
=== RUN   TestDeleteCommand_EmptyMailboxName
2026/06/13 08:53:00 IMAP OAUTHBEARER: config load skipped at init: open config/raven.yaml: no such file or directory
Server: A001 BAD Invalid mailbox name
--- PASS: TestDeleteCommand_EmptyMailboxName (0.18s)
=== RUN   TestDeleteCommand_NonExistentMailbox
2026/06/13 08:53:00 IMAP OAUTHBEARER: config load skipped at init: open config/raven.yaml: no such file or directory
Server: A001 NO Mailbox does not exist
--- PASS: TestDeleteCommand_NonExistentMailbox (0.18s)
=== RUN   TestDeleteCommand_ValidMailbox
2026/06/13 08:53:01 IMAP OAUTHBEARER: config load skipped at init: open config/raven.yaml: no such file or directory
Server: A001 OK CREATE completed
Server: A002 OK DELETE completed
--- PASS: TestDeleteCommand_ValidMailbox (0.15s)
=== RUN   TestDeleteCommand_QuotedMailboxName
2026/06/13 08:53:01 IMAP OAUTHBEARER: config load skipped at init: open config/raven.yaml: no such file or directory
Server: A001 OK CREATE completed
Server: A002 OK DELETE completed
--- PASS: TestDeleteCommand_QuotedMailboxName (0.32s)
=== RUN   TestDeleteCommand_HierarchicalMailboxWithInferior
2026/06/13 08:53:01 IMAP OAUTHBEARER: config load skipped at init: open config/raven.yaml: no such file or directory
Server: A001 OK CREATE completed
Server: A002 OK CREATE completed
Server: A003 NO Name "Projects" has inferior hierarchical names
--- PASS: TestDeleteCommand_HierarchicalMailboxWithInferior (0.22s)
=== RUN   TestDeleteCommand_HierarchicalMailboxChild
2026/06/13 08:53:01 IMAP OAUTHBEARER: config load skipped at init: open config/raven.yaml: no such file or directory
Server: A001 OK CREATE completed
Server: A002 OK CREATE completed
Server: A003 OK DELETE completed
--- PASS: TestDeleteCommand_HierarchicalMailboxChild (0.18s)
=== RUN   TestDeleteCommand_RFCExample
2026/06/13 08:53:02 IMAP OAUTHBEARER: config load skipped at init: open config/raven.yaml: no such file or directory
Server: A001 OK CREATE completed
Server: A002 OK CREATE completed
Server: A003 OK CREATE completed
Server: A683 OK DELETE completed
Server: A684 NO Name "foo" has inferior hierarchical names
Server: A685 OK DELETE completed
Server: A687 OK DELETE completed
--- PASS: TestDeleteCommand_RFCExample (0.10s)
=== RUN   TestDeleteCommand_MultipleUsers
2026/06/13 08:53:02 IMAP OAUTHBEARER: config load skipped at init: open config/raven.yaml: no such file or directory
Server: A001 OK CREATE completed
Server: A002 OK DELETE completed
Server: A003 NO Mailbox does not exist
--- PASS: TestDeleteCommand_MultipleUsers (0.41s)
=== RUN   TestDeleteCommand_ListVerification
2026/06/13 08:53:02 IMAP OAUTHBEARER: config load skipped at init: open config/raven.yaml: no such file or directory
Server: A001 OK CREATE completed
Server: * LIST (\Drafts) "/" "Drafts"
Server: * LIST (\Unmarked) "/" "INBOX"
Server: * LIST (\Sent) "/" "Sent"
Server: * LIST (\Junk) "/" "Spam"
Server: * LIST (\Unmarked) "/" "ToBeDeleted"
Server: * LIST (\Trash) "/" "Trash"
Server: A002 OK LIST completed
Server: A003 OK DELETE completed
Server: * LIST (\Drafts) "/" "Drafts"
Server: * LIST (\Unmarked) "/" "INBOX"
Server: * LIST (\Sent) "/" "Sent"
Server: * LIST (\Junk) "/" "Spam"
Server: * LIST (\Trash) "/" "Trash"
Server: A004 OK LIST completed
--- PASS: TestDeleteCommand_ListVerification (0.23s)
=== RUN   TestDeleteCommand_DefaultMailboxes
2026/06/13 08:53:02 IMAP OAUTHBEARER: config load skipped at init: open config/raven.yaml: no such file or directory
Server: A001 NO Delete failure: cannot delete default mailbox Sent
Server: A001 NO Delete failure: cannot delete default mailbox Drafts
Server: A001 NO Delete failure: cannot delete default mailbox Trash
--- PASS: TestDeleteCommand_DefaultMailboxes (0.19s)
=== RUN   TestListCommand_RFC3501_Examples
2026/06/13 08:53:02 IMAP OAUTHBEARER: config load skipped at init: open config/raven.yaml: no such file or directory
=== RUN   TestListCommand_RFC3501_Examples/Example1_EmptyArgs
Server: * LIST (\Noselect) "/" ""
Server: A001 OK LIST completed
    list_extended_test.go:74: Test Example1_EmptyArgs: LIST "" "" - Get hierarchy delimiter
        Response: * LIST (\Noselect) "/" ""
        A001 OK LIST completed
=== RUN   TestListCommand_RFC3501_Examples/Example2_Reference
Server: * LIST (\Noselect) "/" "#news.comp.mail.misc"
Server: A001 OK LIST completed
    list_extended_test.go:74: Test Example2_Reference: LIST with reference and empty mailbox
        Response: * LIST (\Noselect) "/" "#news.comp.mail.misc"
        A001 OK LIST completed
=== RUN   TestListCommand_RFC3501_Examples/Example3_UserStaffJones
Server: * LIST (\Noselect) "/" "/usr/staff/jones"
Server: A001 OK LIST completed
    list_extended_test.go:74: Test Example3_UserStaffJones: LIST with absolute path reference
        Response: * LIST (\Noselect) "/" "/usr/staff/jones"
        A001 OK LIST completed
--- PASS: TestListCommand_RFC3501_Examples (0.09s)
    --- PASS: TestListCommand_RFC3501_Examples/Example1_EmptyArgs (0.00s)
    --- PASS: TestListCommand_RFC3501_Examples/Example2_Reference (0.00s)
    --- PASS: TestListCommand_RFC3501_Examples/Example3_UserStaffJones (0.00s)
=== RUN   TestListCommand_WildcardEdgeCases
2026/06/13 08:53:03 IMAP OAUTHBEARER: config load skipped at init: open config/raven.yaml: no such file or directory
=== RUN   TestListCommand_WildcardEdgeCases/Pattern_*
Server: * LIST (\Drafts) "/" "Drafts"
Server: * LIST (\Unmarked) "/" "INBOX"
Server: * LIST (\Sent) "/" "Sent"
Server: * LIST (\Junk) "/" "Spam"
Server: * LIST (\Trash) "/" "Trash"
Server: A001 OK LIST completed
=== RUN   TestListCommand_WildcardEdgeCases/Pattern_%
Server: * LIST (\Drafts) "/" "Drafts"
Server: * LIST (\Unmarked) "/" "INBOX"
Server: * LIST (\Sent) "/" "Sent"
Server: * LIST (\Junk) "/" "Spam"
Server: * LIST (\Trash) "/" "Trash"
Server: A001 OK LIST completed
=== RUN   TestListCommand_WildcardEdgeCases/Pattern_I*X
Server: * LIST (\Unmarked) "/" "INBOX"
Server: A001 OK LIST completed
=== RUN   TestListCommand_WildcardEdgeCases/Pattern_IN%OX
Server: * LIST (\Unmarked) "/" "INBOX"
Server: A001 OK LIST completed
=== RUN   TestListCommand_WildcardEdgeCases/Pattern_INBOX
Server: * LIST (\Unmarked) "/" "INBOX"
Server: A001 OK LIST completed
=== RUN   TestListCommand_WildcardEdgeCases/Pattern_inbox
Server: * LIST (\Unmarked) "/" "INBOX"
Server: A001 OK LIST completed
=== RUN   TestListCommand_WildcardEdgeCases/Pattern_*ent
Server: * LIST (\Sent) "/" "Sent"
Server: A001 OK LIST completed
=== RUN   TestListCommand_WildcardEdgeCases/Pattern_Se*
Server: * LIST (\Sent) "/" "Sent"
Server: A001 OK LIST completed
=== RUN   TestListCommand_WildcardEdgeCases/Pattern_S%
Server: * LIST (\Sent) "/" "Sent"
Server: * LIST (\Junk) "/" "Spam"
Server: A001 OK LIST completed
=== RUN   TestListCommand_WildcardEdgeCases/Pattern_*ox
Server: * LIST (\Unmarked) "/" "INBOX"
Server: A001 OK LIST completed
=== RUN   TestListCommand_WildcardEdgeCases/Pattern_Tr*
Server: * LIST (\Trash) "/" "Trash"
Server: A001 OK LIST completed
=== RUN   TestListCommand_WildcardEdgeCases/Pattern_Dr*
Server: * LIST (\Drafts) "/" "Drafts"
Server: A001 OK LIST completed
=== RUN   TestListCommand_WildcardEdgeCases/Pattern_X*
Server: A001 OK LIST completed
=== RUN   TestListCommand_WildcardEdgeCases/Pattern_
Server: * LIST (\Noselect) "/" ""
Server: A001 OK LIST completed
--- PASS: TestListCommand_WildcardEdgeCases (0.22s)
    --- PASS: TestListCommand_WildcardEdgeCases/Pattern_* (0.00s)
    --- PASS: TestListCommand_WildcardEdgeCases/Pattern_% (0.00s)
    --- PASS: TestListCommand_WildcardEdgeCases/Pattern_I*X (0.00s)
    --- PASS: TestListCommand_WildcardEdgeCases/Pattern_IN%OX (0.00s)
    --- PASS: TestListCommand_WildcardEdgeCases/Pattern_INBOX (0.00s)
    --- PASS: TestListCommand_WildcardEdgeCases/Pattern_inbox (0.00s)
    --- PASS: TestListCommand_WildcardEdgeCases/Pattern_*ent (0.00s)
    --- PASS: TestListCommand_WildcardEdgeCases/Pattern_Se* (0.00s)
    --- PASS: TestListCommand_WildcardEdgeCases/Pattern_S% (0.00s)
    --- PASS: TestListCommand_WildcardEdgeCases/Pattern_*ox (0.00s)
    --- PASS: TestListCommand_WildcardEdgeCases/Pattern_Tr* (0.00s)
    --- PASS: TestListCommand_WildcardEdgeCases/Pattern_Dr* (0.00s)
    --- PASS: TestListCommand_WildcardEdgeCases/Pattern_X* (0.00s)
    --- PASS: TestListCommand_WildcardEdgeCases/Pattern_ (0.00s)
=== RUN   TestListCommand_HierarchyDelimiterVariations
2026/06/13 08:53:03 IMAP OAUTHBEARER: config load skipped at init: open config/raven.yaml: no such file or directory
=== RUN   TestListCommand_HierarchyDelimiterVariations/Both_empty_-_should_return_empty_root
Server: * LIST (\Noselect) "/" ""
Server: A001 OK LIST completed
=== RUN   TestListCommand_HierarchyDelimiterVariations/Reference_only_-_should_return_reference_as_root
Server: * LIST (\Noselect) "/" "foo"
Server: A001 OK LIST completed
=== RUN   TestListCommand_HierarchyDelimiterVariations/Reference_with_path_-_should_return_full_reference
Server: * LIST (\Noselect) "/" "foo/bar"
Server: A001 OK LIST completed
=== RUN   TestListCommand_HierarchyDelimiterVariations/Home_directory_reference
Server: * LIST (\Noselect) "/" "~/Mail/"
Server: A001 OK LIST completed
=== RUN   TestListCommand_HierarchyDelimiterVariations/Absolute_path_reference
Server: * LIST (\Noselect) "/" "/absolute/path"
Server: A001 OK LIST completed
--- PASS: TestListCommand_HierarchyDelimiterVariations (0.37s)
    --- PASS: TestListCommand_HierarchyDelimiterVariations/Both_empty_-_should_return_empty_root (0.00s)
    --- PASS: TestListCommand_HierarchyDelimiterVariations/Reference_only_-_should_return_reference_as_root (0.00s)
    --- PASS: TestListCommand_HierarchyDelimiterVariations/Reference_with_path_-_should_return_full_reference (0.00s)
    --- PASS: TestListCommand_HierarchyDelimiterVariations/Home_directory_reference (0.00s)
    --- PASS: TestListCommand_HierarchyDelimiterVariations/Absolute_path_reference (0.00s)
=== RUN   TestListCommand_ReferencePatternCombination
2026/06/13 08:53:03 IMAP OAUTHBEARER: config load skipped at init: open config/raven.yaml: no such file or directory
=== RUN   TestListCommand_ReferencePatternCombination/Empty_reference_with_*_should_match_all_5_mailboxes
Server: * LIST (\Drafts) "/" "Drafts"
Server: * LIST (\Unmarked) "/" "INBOX"
Server: * LIST (\Sent) "/" "Sent"
Server: * LIST (\Junk) "/" "Spam"
Server: * LIST (\Trash) "/" "Trash"
Server: A001 OK LIST completed
=== RUN   TestListCommand_ReferencePatternCombination/Empty_reference_with_INBOX_should_match_1
Server: * LIST (\Unmarked) "/" "INBOX"
Server: A001 OK LIST completed
=== RUN   TestListCommand_ReferencePatternCombination/INBOX_reference_with_*_should_match_none_(no_sub-mailboxes)
Server: A001 OK LIST completed
=== RUN   TestListCommand_ReferencePatternCombination/Mail/_reference_should_match_none_of_our_flat_mailboxes
Server: A001 OK LIST completed
=== RUN   TestListCommand_ReferencePatternCombination/Empty_reference_with_I*_should_match_INBOX
Server: * LIST (\Unmarked) "/" "INBOX"
Server: A001 OK LIST completed
=== RUN   TestListCommand_ReferencePatternCombination/Empty_reference_with_S*_should_match_Sent_and_Spam
Server: * LIST (\Sent) "/" "Sent"
Server: * LIST (\Junk) "/" "Spam"
Server: A001 OK LIST completed
--- PASS: TestListCommand_ReferencePatternCombination (0.35s)
    --- PASS: TestListCommand_ReferencePatternCombination/Empty_reference_with_*_should_match_all_5_mailboxes (0.00s)
    --- PASS: TestListCommand_ReferencePatternCombination/Empty_reference_with_INBOX_should_match_1 (0.00s)
    --- PASS: TestListCommand_ReferencePatternCombination/INBOX_reference_with_*_should_match_none_(no_sub-mailboxes) (0.00s)
    --- PASS: TestListCommand_ReferencePatternCombination/Mail/_reference_should_match_none_of_our_flat_mailboxes (0.00s)
    --- PASS: TestListCommand_ReferencePatternCombination/Empty_reference_with_I*_should_match_INBOX (0.00s)
    --- PASS: TestListCommand_ReferencePatternCombination/Empty_reference_with_S*_should_match_Sent_and_Spam (0.00s)
=== RUN   TestListCommand_ErrorConditions
2026/06/13 08:53:04 IMAP OAUTHBEARER: config load skipped at init: open config/raven.yaml: no such file or directory
=== RUN   TestListCommand_ErrorConditions/Unauthenticated
Server: A001 NO Please authenticate first
=== RUN   TestListCommand_ErrorConditions/InsufficientArgs
Server: A001 BAD LIST command requires reference and mailbox arguments
=== RUN   TestListCommand_ErrorConditions/MinimalValid
Server: * LIST (\Noselect) "/" ""
Server: A001 OK LIST completed
--- PASS: TestListCommand_ErrorConditions (0.07s)
    --- PASS: TestListCommand_ErrorConditions/Unauthenticated (0.00s)
    --- PASS: TestListCommand_ErrorConditions/InsufficientArgs (0.00s)
    --- PASS: TestListCommand_ErrorConditions/MinimalValid (0.00s)
=== RUN   TestListCommand_SpecialCharacters
2026/06/13 08:53:04 IMAP OAUTHBEARER: config load skipped at init: open config/raven.yaml: no such file or directory
=== RUN   TestListCommand_SpecialCharacters/Single_asterisk
Server: * LIST (\Drafts) "/" "Drafts"
Server: * LIST (\Unmarked) "/" "INBOX"
Server: * LIST (\Sent) "/" "Sent"
Server: * LIST (\Junk) "/" "Spam"
Server: * LIST (\Trash) "/" "Trash"
Server: A001 OK LIST completed
    list_extended_test.go:340: Pattern "*": * LIST (\Drafts) "/" "Drafts"
        * LIST (\Unmarked) "/" "INBOX"
        * LIST (\Sent) "/" "Sent"
        * LIST (\Junk) "/" "Spam"
        * LIST (\Trash) "/" "Trash"
        A001 OK LIST completed
=== RUN   TestListCommand_SpecialCharacters/Single_percent
Server: * LIST (\Drafts) "/" "Drafts"
Server: * LIST (\Unmarked) "/" "INBOX"
Server: * LIST (\Sent) "/" "Sent"
Server: * LIST (\Junk) "/" "Spam"
Server: * LIST (\Trash) "/" "Trash"
Server: A001 OK LIST completed
    list_extended_test.go:340: Pattern "%": * LIST (\Drafts) "/" "Drafts"
        * LIST (\Unmarked) "/" "INBOX"
        * LIST (\Sent) "/" "Sent"
        * LIST (\Junk) "/" "Spam"
        * LIST (\Trash) "/" "Trash"
        A001 OK LIST completed
=== RUN   TestListCommand_SpecialCharacters/Double_asterisk
Server: * LIST (\Drafts) "/" "Drafts"
Server: * LIST (\Unmarked) "/" "INBOX"
Server: * LIST (\Sent) "/" "Sent"
Server: * LIST (\Junk) "/" "Spam"
Server: * LIST (\Trash) "/" "Trash"
Server: A001 OK LIST completed
    list_extended_test.go:340: Pattern "**": * LIST (\Drafts) "/" "Drafts"
        * LIST (\Unmarked) "/" "INBOX"
        * LIST (\Sent) "/" "Sent"
        * LIST (\Junk) "/" "Spam"
        * LIST (\Trash) "/" "Trash"
        A001 OK LIST completed
=== RUN   TestListCommand_SpecialCharacters/Double_percent
Server: * LIST (\Drafts) "/" "Drafts"
Server: * LIST (\Unmarked) "/" "INBOX"
Server: * LIST (\Sent) "/" "Sent"
Server: * LIST (\Junk) "/" "Spam"
Server: * LIST (\Trash) "/" "Trash"
Server: A001 OK LIST completed
    list_extended_test.go:340: Pattern "%%": * LIST (\Drafts) "/" "Drafts"
        * LIST (\Unmarked) "/" "INBOX"
        * LIST (\Sent) "/" "Sent"
        * LIST (\Junk) "/" "Spam"
        * LIST (\Trash) "/" "Trash"
        A001 OK LIST completed
=== RUN   TestListCommand_SpecialCharacters/Asterisk_and_percent
Server: * LIST (\Drafts) "/" "Drafts"
Server: * LIST (\Unmarked) "/" "INBOX"
Server: * LIST (\Sent) "/" "Sent"
Server: * LIST (\Junk) "/" "Spam"
Server: * LIST (\Trash) "/" "Trash"
Server: A001 OK LIST completed
    list_extended_test.go:340: Pattern "*%": * LIST (\Drafts) "/" "Drafts"
        * LIST (\Unmarked) "/" "INBOX"
        * LIST (\Sent) "/" "Sent"
        * LIST (\Junk) "/" "Spam"
        * LIST (\Trash) "/" "Trash"
        A001 OK LIST completed
=== RUN   TestListCommand_SpecialCharacters/Percent_and_asterisk
Server: * LIST (\Drafts) "/" "Drafts"
Server: * LIST (\Unmarked) "/" "INBOX"
Server: * LIST (\Sent) "/" "Sent"
Server: * LIST (\Junk) "/" "Spam"
Server: * LIST (\Trash) "/" "Trash"
Server: A001 OK LIST completed
    list_extended_test.go:340: Pattern "%*": * LIST (\Drafts) "/" "Drafts"
        * LIST (\Unmarked) "/" "INBOX"
        * LIST (\Sent) "/" "Sent"
        * LIST (\Junk) "/" "Spam"
        * LIST (\Trash) "/" "Trash"
        A001 OK LIST completed
=== RUN   TestListCommand_SpecialCharacters/Multiple_wildcards
Server: * LIST (\Unmarked) "/" "INBOX"
Server: A001 OK LIST completed
    list_extended_test.go:340: Pattern "I*B*X": * LIST (\Unmarked) "/" "INBOX"
        A001 OK LIST completed
=== RUN   TestListCommand_SpecialCharacters/Alternating_wildcards
Server: * LIST (\Unmarked) "/" "INBOX"
Server: A001 OK LIST completed
    list_extended_test.go:340: Pattern "*I*N*B*O*X*": * LIST (\Unmarked) "/" "INBOX"
        A001 OK LIST completed
--- PASS: TestListCommand_SpecialCharacters (0.15s)
    --- PASS: TestListCommand_SpecialCharacters/Single_asterisk (0.00s)
    --- PASS: TestListCommand_SpecialCharacters/Single_percent (0.00s)
    --- PASS: TestListCommand_SpecialCharacters/Double_asterisk (0.00s)
    --- PASS: TestListCommand_SpecialCharacters/Double_percent (0.00s)
    --- PASS: TestListCommand_SpecialCharacters/Asterisk_and_percent (0.00s)
    --- PASS: TestListCommand_SpecialCharacters/Percent_and_asterisk (0.00s)
    --- PASS: TestListCommand_SpecialCharacters/Multiple_wildcards (0.00s)
    --- PASS: TestListCommand_SpecialCharacters/Alternating_wildcards (0.00s)
=== RUN   TestListCommand_Authentication
2026/06/13 08:53:04 IMAP OAUTHBEARER: config load skipped at init: open config/raven.yaml: no such file or directory
Server: A001 NO Please authenticate first
--- PASS: TestListCommand_Authentication (0.09s)
=== RUN   TestListCommand_InvalidArguments
2026/06/13 08:53:04 IMAP OAUTHBEARER: config load skipped at init: open config/raven.yaml: no such file or directory
Server: A001 BAD LIST command requires reference and mailbox arguments
--- PASS: TestListCommand_InvalidArguments (0.34s)
=== RUN   TestListCommand_HierarchyDelimiter
2026/06/13 08:53:04 IMAP OAUTHBEARER: config load skipped at init: open config/raven.yaml: no such file or directory
Server: * LIST (\Noselect) "/" ""
Server: A001 OK LIST completed
--- PASS: TestListCommand_HierarchyDelimiter (0.14s)
=== RUN   TestListCommand_HierarchyDelimiterWithReference
2026/06/13 08:53:04 IMAP OAUTHBEARER: config load skipped at init: open config/raven.yaml: no such file or directory
Server: * LIST (\Noselect) "/" "~/Mail/"
Server: A001 OK LIST completed
--- PASS: TestListCommand_HierarchyDelimiterWithReference (0.18s)
=== RUN   TestListCommand_AllMailboxes
2026/06/13 08:53:04 IMAP OAUTHBEARER: config load skipped at init: open config/raven.yaml: no such file or directory
Server: * LIST (\Drafts) "/" "Drafts"
Server: * LIST (\Unmarked) "/" "INBOX"
Server: * LIST (\Sent) "/" "Sent"
Server: * LIST (\Junk) "/" "Spam"
Server: * LIST (\Trash) "/" "Trash"
Server: A001 OK LIST completed
--- PASS: TestListCommand_AllMailboxes (0.21s)
=== RUN   TestListCommand_SpecificMailbox
2026/06/13 08:53:05 IMAP OAUTHBEARER: config load skipped at init: open config/raven.yaml: no such file or directory
Server: * LIST (\Unmarked) "/" "INBOX"
Server: A001 OK LIST completed
--- PASS: TestListCommand_SpecificMailbox (0.22s)
=== RUN   TestListCommand_WildcardMatching
2026/06/13 08:53:05 IMAP OAUTHBEARER: config load skipped at init: open config/raven.yaml: no such file or directory
=== RUN   TestListCommand_WildcardMatching/Pattern_IN*_should_match_INBOX
Server: * LIST (\Unmarked) "/" "INBOX"
Server: A001 OK LIST completed
=== RUN   TestListCommand_WildcardMatching/Pattern_*ox_should_match_INBOX
Server: * LIST (\Unmarked) "/" "INBOX"
Server: A001 OK LIST completed
=== RUN   TestListCommand_WildcardMatching/Pattern_S*_should_match_Sent
Server: * LIST (\Sent) "/" "Sent"
Server: * LIST (\Junk) "/" "Spam"
Server: A001 OK LIST completed
=== RUN   TestListCommand_WildcardMatching/Pattern_*_should_match_all_mailboxes
Server: * LIST (\Drafts) "/" "Drafts"
Server: * LIST (\Unmarked) "/" "INBOX"
Server: * LIST (\Sent) "/" "Sent"
Server: * LIST (\Junk) "/" "Spam"
Server: * LIST (\Trash) "/" "Trash"
Server: A001 OK LIST completed
--- PASS: TestListCommand_WildcardMatching (0.21s)
    --- PASS: TestListCommand_WildcardMatching/Pattern_IN*_should_match_INBOX (0.00s)
    --- PASS: TestListCommand_WildcardMatching/Pattern_*ox_should_match_INBOX (0.00s)
    --- PASS: TestListCommand_WildcardMatching/Pattern_S*_should_match_Sent (0.00s)
    --- PASS: TestListCommand_WildcardMatching/Pattern_*_should_match_all_mailboxes (0.00s)
=== RUN   TestListCommand_PercentWildcard
2026/06/13 08:53:05 IMAP OAUTHBEARER: config load skipped at init: open config/raven.yaml: no such file or directory
Server: * LIST (\Drafts) "/" "Drafts"
Server: * LIST (\Unmarked) "/" "INBOX"
Server: * LIST (\Sent) "/" "Sent"
Server: * LIST (\Junk) "/" "Spam"
Server: * LIST (\Trash) "/" "Trash"
Server: A001 OK LIST completed
--- PASS: TestListCommand_PercentWildcard (0.15s)
=== RUN   TestListCommand_CaseInsensitiveINBOX
2026/06/13 08:53:05 IMAP OAUTHBEARER: config load skipped at init: open config/raven.yaml: no such file or directory
=== RUN   TestListCommand_CaseInsensitiveINBOX/Pattern_inbox
Server: * LIST (\Unmarked) "/" "INBOX"
Server: A001 OK LIST completed
=== RUN   TestListCommand_CaseInsensitiveINBOX/Pattern_Inbox
Server: * LIST (\Unmarked) "/" "INBOX"
Server: A001 OK LIST completed
=== RUN   TestListCommand_CaseInsensitiveINBOX/Pattern_InBoX
Server: * LIST (\Unmarked) "/" "INBOX"
Server: A001 OK LIST completed
=== RUN   TestListCommand_CaseInsensitiveINBOX/Pattern_INBOX
Server: * LIST (\Unmarked) "/" "INBOX"
Server: A001 OK LIST completed
--- PASS: TestListCommand_CaseInsensitiveINBOX (0.22s)
    --- PASS: TestListCommand_CaseInsensitiveINBOX/Pattern_inbox (0.00s)
    --- PASS: TestListCommand_CaseInsensitiveINBOX/Pattern_Inbox (0.00s)
    --- PASS: TestListCommand_CaseInsensitiveINBOX/Pattern_InBoX (0.00s)
    --- PASS: TestListCommand_CaseInsensitiveINBOX/Pattern_INBOX (0.00s)
=== RUN   TestListCommand_MailboxAttributes
2026/06/13 08:53:05 IMAP OAUTHBEARER: config load skipped at init: open config/raven.yaml: no such file or directory
Server: * LIST (\Drafts) "/" "Drafts"
Server: * LIST (\Unmarked) "/" "INBOX"
Server: * LIST (\Sent) "/" "Sent"
Server: * LIST (\Junk) "/" "Spam"
Server: * LIST (\Trash) "/" "Trash"
Server: A001 OK LIST completed
--- PASS: TestListCommand_MailboxAttributes (0.26s)
=== RUN   TestListCommand_QuotedStrings
2026/06/13 08:53:06 IMAP OAUTHBEARER: config load skipped at init: open config/raven.yaml: no such file or directory
=== RUN   TestListCommand_QuotedStrings/Empty_reference,_quoted_INBOX
Server: * LIST (\Unmarked) "/" "INBOX"
Server: A001 OK LIST completed
=== RUN   TestListCommand_QuotedStrings/Empty_reference,_unquoted_INBOX
Server: * LIST (\Unmarked) "/" "INBOX"
Server: A001 OK LIST completed
=== RUN   TestListCommand_QuotedStrings/Quoted_reference,_empty_mailbox
Server: * LIST (\Noselect) "/" "~/Mail/"
Server: A001 OK LIST completed
=== RUN   TestListCommand_QuotedStrings/Both_empty_and_quoted
Server: * LIST (\Noselect) "/" ""
Server: A001 OK LIST completed
--- PASS: TestListCommand_QuotedStrings (0.21s)
    --- PASS: TestListCommand_QuotedStrings/Empty_reference,_quoted_INBOX (0.00s)
    --- PASS: TestListCommand_QuotedStrings/Empty_reference,_unquoted_INBOX (0.00s)
    --- PASS: TestListCommand_QuotedStrings/Quoted_reference,_empty_mailbox (0.00s)
    --- PASS: TestListCommand_QuotedStrings/Both_empty_and_quoted (0.00s)
=== RUN   TestListCommand_ReferenceHandling
2026/06/13 08:53:06 IMAP OAUTHBEARER: config load skipped at init: open config/raven.yaml: no such file or directory
Server: A001 OK LIST completed
--- PASS: TestListCommand_ReferenceHandling (0.14s)
=== RUN   TestLsubCommand_BasicUsage
2026/06/13 08:53:06 IMAP OAUTHBEARER: config load skipped at init: open config/raven.yaml: no such file or directory
Server: S1 OK SUBSCRIBE completed
Server: S2 OK SUBSCRIBE completed
Server: S3 OK SUBSCRIBE completed
Server: * LSUB (\Drafts) "/" "Drafts"
Server: * LSUB (\Unmarked) "/" "INBOX"
Server: * LSUB (\Sent) "/" "Sent"
Server: A001 OK LSUB completed
--- PASS: TestLsubCommand_BasicUsage (0.27s)
=== RUN   TestLsubCommand_NotAuthenticated
2026/06/13 08:53:06 IMAP OAUTHBEARER: config load skipped at init: open config/raven.yaml: no such file or directory
Server: A001 NO Please authenticate first
--- PASS: TestLsubCommand_NotAuthenticated (0.08s)
=== RUN   TestLsubCommand_MissingArguments
2026/06/13 08:53:06 IMAP OAUTHBEARER: config load skipped at init: open config/raven.yaml: no such file or directory
Server: A001 BAD LSUB command requires reference and mailbox arguments
--- PASS: TestLsubCommand_MissingArguments (0.36s)
=== RUN   TestLsubCommand_EmptyPattern
2026/06/13 08:53:07 IMAP OAUTHBEARER: config load skipped at init: open config/raven.yaml: no such file or directory
Server: * LSUB (\Noselect) "/" ""
Server: A001 OK LSUB completed
--- PASS: TestLsubCommand_EmptyPattern (0.28s)
=== RUN   TestLsubCommand_PercentWildcard
2026/06/13 08:53:07 IMAP OAUTHBEARER: config load skipped at init: open config/raven.yaml: no such file or directory
Server: S1 OK SUBSCRIBE completed
Server: S2 OK SUBSCRIBE completed
Server: S3 OK SUBSCRIBE completed
Server: * LSUB (\Unmarked) "/" "INBOX"
Server: * LSUB (\Unmarked) "/" "Personal"
Server: * LSUB (\Unmarked) "/" "Work"
Server: A001 OK LSUB completed
--- PASS: TestLsubCommand_PercentWildcard (0.15s)
=== RUN   TestLsubCommand_ImpliedParentWithNoselect
2026/06/13 08:53:07 IMAP OAUTHBEARER: config load skipped at init: open config/raven.yaml: no such file or directory
Server: * LSUB (\Noselect) "/" "Work"
Server: * LSUB (\Unmarked) "/" "INBOX"
Server: A001 OK LSUB completed
--- PASS: TestLsubCommand_ImpliedParentWithNoselect (0.10s)
=== RUN   TestLsubCommand_HierarchyWithPercent
2026/06/13 08:53:07 IMAP OAUTHBEARER: config load skipped at init: open config/raven.yaml: no such file or directory
Server: * LSUB (\Noselect) "/" "Work/Projects"
Server: * LSUB (\Unmarked) "/" "Work/Tasks"
Server: A001 OK LSUB completed
--- PASS: TestLsubCommand_HierarchyWithPercent (0.07s)
=== RUN   TestLsubCommand_StarWildcard
2026/06/13 08:53:07 IMAP OAUTHBEARER: config load skipped at init: open config/raven.yaml: no such file or directory
Server: * LSUB (\Unmarked) "/" "Work"
Server: * LSUB (\Unmarked) "/" "Work/Projects"
Server: * LSUB (\Unmarked) "/" "Work/Projects/2024"
Server: * LSUB (\Unmarked) "/" "INBOX"
Server: A001 OK LSUB completed
--- PASS: TestLsubCommand_StarWildcard (0.08s)
=== RUN   TestLsubCommand_ReferenceAndPattern
2026/06/13 08:53:07 IMAP OAUTHBEARER: config load skipped at init: open config/raven.yaml: no such file or directory
Server: * LSUB (\Unmarked) "/" "Work/Projects"
Server: * LSUB (\Unmarked) "/" "Work/Tasks"
Server: A001 OK LSUB completed
--- PASS: TestLsubCommand_ReferenceAndPattern (0.07s)
=== RUN   TestLsubCommand_NonExistentMailboxSubscription
2026/06/13 08:53:08 IMAP OAUTHBEARER: config load skipped at init: open config/raven.yaml: no such file or directory
Server: * LSUB (\Unmarked) "/" "DeletedMailbox"
Server: * LSUB (\Unmarked) "/" "INBOX"
Server: A001 OK LSUB completed
--- PASS: TestLsubCommand_NonExistentMailboxSubscription (0.07s)
=== RUN   TestLsubCommand_SpecificPattern
2026/06/13 08:53:08 IMAP OAUTHBEARER: config load skipped at init: open config/raven.yaml: no such file or directory
Server: * LSUB (\Sent) "/" "Sent"
Server: A001 OK LSUB completed
--- PASS: TestLsubCommand_SpecificPattern (0.08s)
=== RUN   TestLsubCommand_CaseInsensitiveINBOX
2026/06/13 08:53:08 IMAP OAUTHBEARER: config load skipped at init: open config/raven.yaml: no such file or directory
Server: * LSUB (\Unmarked) "/" "INBOX"
Server: A001 OK LSUB completed
--- PASS: TestLsubCommand_CaseInsensitiveINBOX (0.06s)
=== RUN   TestLsubCommand_EmptySubscriptionList
2026/06/13 08:53:08 IMAP OAUTHBEARER: config load skipped at init: open config/raven.yaml: no such file or directory
Server: * LSUB (\Unmarked) "/" "INBOX"
Server: * LSUB (\Sent) "/" "Sent"
Server: * LSUB (\Drafts) "/" "Drafts"
Server: * LSUB (\Trash) "/" "Trash"
Server: * LSUB (\Junk) "/" "Spam"
Server: A001 OK LSUB completed
--- PASS: TestLsubCommand_EmptySubscriptionList (0.06s)
=== RUN   TestRenameCommand_Unauthenticated
2026/06/13 08:53:08 IMAP OAUTHBEARER: config load skipped at init: open config/raven.yaml: no such file or directory
Server: A001 NO Please authenticate first
--- PASS: TestRenameCommand_Unauthenticated (0.16s)
=== RUN   TestRenameCommand_InvalidArguments
2026/06/13 08:53:08 IMAP OAUTHBEARER: config load skipped at init: open config/raven.yaml: no such file or directory
Server: A001 BAD RENAME requires existing and new mailbox names
--- PASS: TestRenameCommand_InvalidArguments (0.44s)
=== RUN   TestRenameCommand_EmptyMailboxNames
2026/06/13 08:53:08 IMAP OAUTHBEARER: config load skipped at init: open config/raven.yaml: no such file or directory
Server: A001 BAD Invalid mailbox names
Server: A002 BAD Invalid mailbox names
--- PASS: TestRenameCommand_EmptyMailboxNames (0.22s)
=== RUN   TestRenameCommand_NonExistentMailbox
2026/06/13 08:53:09 IMAP OAUTHBEARER: config load skipped at init: open config/raven.yaml: no such file or directory
Server: A001 NO Source mailbox does not exist
--- PASS: TestRenameCommand_NonExistentMailbox (0.25s)
=== RUN   TestRenameCommand_RenameToExistingMailbox
2026/06/13 08:53:09 IMAP OAUTHBEARER: config load skipped at init: open config/raven.yaml: no such file or directory
Server: A001 OK CREATE completed
Server: A002 OK CREATE completed
Server: A003 NO Destination mailbox already exists
--- PASS: TestRenameCommand_RenameToExistingMailbox (0.23s)
=== RUN   TestRenameCommand_RenameToINBOX
2026/06/13 08:53:09 IMAP OAUTHBEARER: config load skipped at init: open config/raven.yaml: no such file or directory
Server: A001 OK CREATE completed
Server: A002 NO Cannot rename to INBOX
--- PASS: TestRenameCommand_RenameToINBOX (0.30s)
=== RUN   TestRenameCommand_RenameINBOX
2026/06/13 08:53:09 IMAP OAUTHBEARER: config load skipped at init: open config/raven.yaml: no such file or directory
Server: A001 OK RENAME completed
Server: * LIST (\Drafts) "/" "Drafts"
Server: * LIST (\Unmarked) "/" "INBOX"
Server: * LIST (\Sent) "/" "Sent"
Server: * LIST (\Junk) "/" "Spam"
Server: * LIST (\Trash) "/" "Trash"
Server: * LIST (\Unmarked) "/" "old-mail"
Server: A002 OK LIST completed
--- PASS: TestRenameCommand_RenameINBOX (0.11s)
=== RUN   TestRenameCommand_ValidRename
2026/06/13 08:53:10 IMAP OAUTHBEARER: config load skipped at init: open config/raven.yaml: no such file or directory
Server: A001 OK CREATE completed
Server: A002 OK RENAME completed
Server: * LIST (\Drafts) "/" "Drafts"
Server: * LIST (\Unmarked) "/" "INBOX"
Server: * LIST (\Unmarked) "/" "NewName"
Server: * LIST (\Sent) "/" "Sent"
Server: * LIST (\Junk) "/" "Spam"
Server: * LIST (\Trash) "/" "Trash"
Server: A003 OK LIST completed
--- PASS: TestRenameCommand_ValidRename (0.23s)
=== RUN   TestRenameCommand_HierarchicalRename
2026/06/13 08:53:10 IMAP OAUTHBEARER: config load skipped at init: open config/raven.yaml: no such file or directory
Server: A001 OK CREATE completed
Server: A002 OK CREATE completed
Server: A003 OK CREATE completed
Server: A004 OK RENAME completed
Server: * LIST (\Drafts) "/" "Drafts"
Server: * LIST (\Unmarked) "/" "INBOX"
Server: * LIST (\Sent) "/" "Sent"
Server: * LIST (\Junk) "/" "Spam"
Server: * LIST (\Trash) "/" "Trash"
Server: * LIST (\Unmarked) "/" "zap"
Server: * LIST (\Unmarked) "/" "zap/bar"
Server: * LIST (\Unmarked) "/" "zap/baz"
Server: A005 OK LIST completed
--- PASS: TestRenameCommand_HierarchicalRename (0.22s)
=== RUN   TestRenameCommand_CreateSuperiorHierarchy
2026/06/13 08:53:10 IMAP OAUTHBEARER: config load skipped at init: open config/raven.yaml: no such file or directory
Server: A001 OK CREATE completed
Server: A002 OK RENAME completed
Server: * LIST (\Drafts) "/" "Drafts"
Server: * LIST (\Unmarked) "/" "INBOX"
Server: * LIST (\Sent) "/" "Sent"
Server: * LIST (\Junk) "/" "Spam"
Server: * LIST (\Trash) "/" "Trash"
Server: * LIST (\Unmarked) "/" "baz"
Server: * LIST (\Unmarked) "/" "baz/rag"
Server: * LIST (\Unmarked) "/" "baz/rag/zowie"
Server: A003 OK LIST completed
--- PASS: TestRenameCommand_CreateSuperiorHierarchy (0.19s)
=== RUN   TestRenameCommand_QuotedNames
2026/06/13 08:53:10 IMAP OAUTHBEARER: config load skipped at init: open config/raven.yaml: no such file or directory
Server: A001 OK CREATE completed
Server: A002 OK RENAME completed
Server: * LIST (\Drafts) "/" "Drafts"
Server: * LIST (\Unmarked) "/" "INBOX"
Server: * LIST (\Unmarked) "/" "My New Box"
Server: * LIST (\Sent) "/" "Sent"
Server: * LIST (\Junk) "/" "Spam"
Server: * LIST (\Trash) "/" "Trash"
Server: A003 OK LIST completed
--- PASS: TestRenameCommand_QuotedNames (0.10s)
=== RUN   TestRenameCommand_CaseInsensitiveINBOX
2026/06/13 08:53:10 IMAP OAUTHBEARER: config load skipped at init: open config/raven.yaml: no such file or directory
Server: A001 OK RENAME completed
Server: * LIST (\Drafts) "/" "Drafts"
Server: * LIST (\Unmarked) "/" "INBOX"
Server: * LIST (\Sent) "/" "Sent"
Server: * LIST (\Junk) "/" "Spam"
Server: * LIST (\Trash) "/" "Trash"
Server: * LIST (\Unmarked) "/" "old-inbox"
Server: A002 OK LIST completed
--- PASS: TestRenameCommand_CaseInsensitiveINBOX (0.31s)
=== RUN   TestRenameCommand_Multiple
2026/06/13 08:53:11 IMAP OAUTHBEARER: config load skipped at init: open config/raven.yaml: no such file or directory
Server: A001 OK CREATE completed
Server: A002 OK CREATE completed
Server: A003 OK CREATE completed
Server: A004 OK RENAME completed
Server: A005 OK RENAME completed
Server: A006 OK RENAME completed
Server: * LIST (\Drafts) "/" "Drafts"
Server: * LIST (\Unmarked) "/" "INBOX"
Server: * LIST (\Unmarked) "/" "NewBox1"
Server: * LIST (\Unmarked) "/" "NewBox2"
Server: * LIST (\Unmarked) "/" "NewBox3"
Server: * LIST (\Sent) "/" "Sent"
Server: * LIST (\Junk) "/" "Spam"
Server: * LIST (\Trash) "/" "Trash"
Server: A007 OK LIST completed
--- PASS: TestRenameCommand_Multiple (0.24s)
=== RUN   TestRenameCommand_ErrorRecovery
2026/06/13 08:53:11 IMAP OAUTHBEARER: config load skipped at init: open config/raven.yaml: no such file or directory
Server: A001 OK CREATE completed
Server: A002 NO Source mailbox does not exist
Server: A003 NO Cannot rename to INBOX
Server: A004 OK RENAME completed
--- PASS: TestRenameCommand_ErrorRecovery (0.10s)
=== RUN   TestStatusCommand_Authentication
2026/06/13 08:53:11 IMAP OAUTHBEARER: config load skipped at init: open config/raven.yaml: no such file or directory
Server: A001 NO Please authenticate first
--- PASS: TestStatusCommand_Authentication (0.16s)
=== RUN   TestStatusCommand_InvalidArguments
2026/06/13 08:53:11 IMAP OAUTHBEARER: config load skipped at init: open config/raven.yaml: no such file or directory
Server: A001 BAD STATUS requires mailbox name and status data items
--- PASS: TestStatusCommand_InvalidArguments (0.13s)
=== RUN   TestStatusCommand_NoStatusItems
2026/06/13 08:53:11 IMAP OAUTHBEARER: config load skipped at init: open config/raven.yaml: no such file or directory
Server: A001 BAD STATUS requires mailbox name and status data items
--- PASS: TestStatusCommand_NoStatusItems (0.17s)
=== RUN   TestStatusCommand_EmptyMailboxName
2026/06/13 08:53:11 IMAP OAUTHBEARER: config load skipped at init: open config/raven.yaml: no such file or directory
Server: A001 BAD Invalid mailbox name
--- PASS: TestStatusCommand_EmptyMailboxName (0.28s)
=== RUN   TestStatusCommand_NonExistentMailbox
2026/06/13 08:53:12 IMAP OAUTHBEARER: config load skipped at init: open config/raven.yaml: no such file or directory
Server: A001 NO STATUS failure: no status for that name
--- PASS: TestStatusCommand_NonExistentMailbox (0.17s)
=== RUN   TestStatusCommand_MessagesItem
2026/06/13 08:53:12 IMAP OAUTHBEARER: config load skipped at init: open config/raven.yaml: no such file or directory
Server: * STATUS "INBOX" (MESSAGES 0)
Server: A042 OK STATUS completed
--- PASS: TestStatusCommand_MessagesItem (0.06s)
=== RUN   TestStatusCommand_MultipleItems
2026/06/13 08:53:12 IMAP OAUTHBEARER: config load skipped at init: open config/raven.yaml: no such file or directory
Server: * STATUS "INBOX" (UIDNEXT 1 MESSAGES 0)
Server: A042 OK STATUS completed
--- PASS: TestStatusCommand_MultipleItems (0.33s)
=== RUN   TestStatusCommand_AllItems
2026/06/13 08:53:12 IMAP OAUTHBEARER: config load skipped at init: open config/raven.yaml: no such file or directory
Server: * STATUS "INBOX" (MESSAGES 0 RECENT 0 UIDNEXT 1 UIDVALIDITY 1781340792 UNSEEN 0)
Server: A001 OK STATUS completed
--- PASS: TestStatusCommand_AllItems (0.22s)
=== RUN   TestStatusCommand_RecentItem
2026/06/13 08:53:12 IMAP OAUTHBEARER: config load skipped at init: open config/raven.yaml: no such file or directory
Server: * STATUS "INBOX" (RECENT 0)
Server: A001 OK STATUS completed
--- PASS: TestStatusCommand_RecentItem (0.13s)
=== RUN   TestStatusCommand_UidnextItem
2026/06/13 08:53:13 IMAP OAUTHBEARER: config load skipped at init: open config/raven.yaml: no such file or directory
Server: * STATUS "INBOX" (UIDNEXT 1)
Server: A001 OK STATUS completed
--- PASS: TestStatusCommand_UidnextItem (0.12s)
=== RUN   TestStatusCommand_UidvalidityItem
2026/06/13 08:53:13 IMAP OAUTHBEARER: config load skipped at init: open config/raven.yaml: no such file or directory
Server: * STATUS "INBOX" (UIDVALIDITY 1781340793)
Server: A001 OK STATUS completed
--- PASS: TestStatusCommand_UidvalidityItem (0.12s)
=== RUN   TestStatusCommand_UnseenItem
2026/06/13 08:53:13 IMAP OAUTHBEARER: config load skipped at init: open config/raven.yaml: no such file or directory
Server: * STATUS "INBOX" (UNSEEN 0)
Server: A001 OK STATUS completed
--- PASS: TestStatusCommand_UnseenItem (0.13s)
=== RUN   TestStatusCommand_QuotedMailboxName
2026/06/13 08:53:13 IMAP OAUTHBEARER: config load skipped at init: open config/raven.yaml: no such file or directory
Server: * STATUS "Test Folder" (MESSAGES 0)
Server: A001 OK STATUS completed
--- PASS: TestStatusCommand_QuotedMailboxName (0.13s)
=== RUN   TestStatusCommand_InboxCaseInsensitive
2026/06/13 08:53:13 IMAP OAUTHBEARER: config load skipped at init: open config/raven.yaml: no such file or directory
Server: * STATUS "Inbox" (UIDVALIDITY 1781340793)
Server: A001 OK STATUS completed
--- PASS: TestStatusCommand_InboxCaseInsensitive (0.21s)
=== RUN   TestStatusCommand_CustomMailbox
2026/06/13 08:53:13 IMAP OAUTHBEARER: config load skipped at init: open config/raven.yaml: no such file or directory
Server: * STATUS "Projects" (MESSAGES 0 UIDNEXT 1)
Server: A001 OK STATUS completed
--- PASS: TestStatusCommand_CustomMailbox (0.42s)
=== RUN   TestStatusCommand_WithMessages
2026/06/13 08:53:14 IMAP OAUTHBEARER: config load skipped at init: open config/raven.yaml: no such file or directory
DEBUG ParseMIMEMessage: Content-Type='text/plain; charset=us-ascii'
DEBUG ParseMIMEMessage: mediaType='text/plain', boundary=''
DEBUG ParseMIMEMessage: Single-part message (not multipart)
DEBUG StoreMessage: Stored part idx=0 (type=text/plain) as db_id=1 with part_number=1 (parent_db_id={0 false})
DEBUG ParseMIMEMessage: Content-Type='text/plain; charset=us-ascii'
DEBUG ParseMIMEMessage: mediaType='text/plain', boundary=''
DEBUG ParseMIMEMessage: Single-part message (not multipart)
DEBUG StoreMessage: Stored part idx=0 (type=text/plain) as db_id=2 with part_number=1 (parent_db_id={0 false})
DEBUG ParseMIMEMessage: Content-Type='text/plain; charset=us-ascii'
DEBUG ParseMIMEMessage: mediaType='text/plain', boundary=''
DEBUG ParseMIMEMessage: Single-part message (not multipart)
DEBUG StoreMessage: Stored part idx=0 (type=text/plain) as db_id=3 with part_number=1 (parent_db_id={0 false})
Server: * STATUS "INBOX" (MESSAGES 3 UIDNEXT 4)
Server: A001 OK STATUS completed
--- PASS: TestStatusCommand_WithMessages (0.15s)
=== RUN   TestStatusCommand_RecentAndUnseenAreDistinct
2026/06/13 08:53:14 IMAP OAUTHBEARER: config load skipped at init: open config/raven.yaml: no such file or directory
DEBUG ParseMIMEMessage: Content-Type='text/plain; charset=us-ascii'
DEBUG ParseMIMEMessage: mediaType='text/plain', boundary=''
DEBUG ParseMIMEMessage: Single-part message (not multipart)
DEBUG StoreMessage: Stored part idx=0 (type=text/plain) as db_id=1 with part_number=1 (parent_db_id={0 false})
DEBUG ParseMIMEMessage: Content-Type='text/plain; charset=us-ascii'
DEBUG ParseMIMEMessage: mediaType='text/plain', boundary=''
DEBUG ParseMIMEMessage: Single-part message (not multipart)
DEBUG StoreMessage: Stored part idx=0 (type=text/plain) as db_id=2 with part_number=1 (parent_db_id={0 false})
Server: * STATUS "INBOX" (RECENT 1 UNSEEN 1)
Server: A001 OK STATUS completed
--- PASS: TestStatusCommand_RecentAndUnseenAreDistinct (0.56s)
=== RUN   TestStatusCommand_InvalidStatusItem
2026/06/13 08:53:14 IMAP OAUTHBEARER: config load skipped at init: open config/raven.yaml: no such file or directory
Server: A001 BAD Unknown status data item: INVALID
--- PASS: TestStatusCommand_InvalidStatusItem (0.18s)
=== RUN   TestStatusCommand_DefaultMailboxes
=== RUN   TestStatusCommand_DefaultMailboxes/INBOX
2026/06/13 08:53:15 IMAP OAUTHBEARER: config load skipped at init: open config/raven.yaml: no such file or directory
Server: * STATUS "INBOX" (MESSAGES 0)
Server: A001 OK STATUS completed
=== RUN   TestStatusCommand_DefaultMailboxes/Sent
2026/06/13 08:53:15 IMAP OAUTHBEARER: config load skipped at init: open config/raven.yaml: no such file or directory
Server: * STATUS "Sent" (MESSAGES 0)
Server: A001 OK STATUS completed
=== RUN   TestStatusCommand_DefaultMailboxes/Drafts
2026/06/13 08:53:15 IMAP OAUTHBEARER: config load skipped at init: open config/raven.yaml: no such file or directory
Server: * STATUS "Drafts" (MESSAGES 0)
Server: A001 OK STATUS completed
=== RUN   TestStatusCommand_DefaultMailboxes/Trash
2026/06/13 08:53:15 IMAP OAUTHBEARER: config load skipped at init: open config/raven.yaml: no such file or directory
Server: * STATUS "Trash" (MESSAGES 0)
Server: A001 OK STATUS completed
--- PASS: TestStatusCommand_DefaultMailboxes (0.65s)
    --- PASS: TestStatusCommand_DefaultMailboxes/INBOX (0.12s)
    --- PASS: TestStatusCommand_DefaultMailboxes/Sent (0.17s)
    --- PASS: TestStatusCommand_DefaultMailboxes/Drafts (0.18s)
    --- PASS: TestStatusCommand_DefaultMailboxes/Trash (0.18s)
=== RUN   TestStatusCommand_RFC3501Example
2026/06/13 08:53:15 IMAP OAUTHBEARER: config load skipped at init: open config/raven.yaml: no such file or directory
Server: * STATUS "blurdybloop" (UIDNEXT 1 MESSAGES 0)
Server: A042 OK STATUS completed
--- PASS: TestStatusCommand_RFC3501Example (0.27s)
=== RUN   TestStatusCommand_CaseInsensitiveItems
2026/06/13 08:53:16 IMAP OAUTHBEARER: config load skipped at init: open config/raven.yaml: no such file or directory
Server: * STATUS "INBOX" (MESSAGES 0 UIDNEXT 1)
Server: A001 OK STATUS completed
--- PASS: TestStatusCommand_CaseInsensitiveItems (0.11s)
=== RUN   TestSubscribeCommand_ValidMailbox
2026/06/13 08:53:16 IMAP OAUTHBEARER: config load skipped at init: open config/raven.yaml: no such file or directory
Server: A001 OK SUBSCRIBE completed
--- PASS: TestSubscribeCommand_ValidMailbox (0.17s)
=== RUN   TestSubscribeCommand_QuotedMailbox
2026/06/13 08:53:16 IMAP OAUTHBEARER: config load skipped at init: open config/raven.yaml: no such file or directory
Server: A002 OK SUBSCRIBE completed
--- PASS: TestSubscribeCommand_QuotedMailbox (0.43s)
=== RUN   TestSubscribeCommand_INBOXMailbox
2026/06/13 08:53:16 IMAP OAUTHBEARER: config load skipped at init: open config/raven.yaml: no such file or directory
Server: A003 OK SUBSCRIBE completed
--- PASS: TestSubscribeCommand_INBOXMailbox (0.09s)
=== RUN   TestSubscribeCommand_NotAuthenticated
2026/06/13 08:53:16 IMAP OAUTHBEARER: config load skipped at init: open config/raven.yaml: no such file or directory
Server: A004 NO Please authenticate first
--- PASS: TestSubscribeCommand_NotAuthenticated (0.15s)
=== RUN   TestSubscribeCommand_MissingArgument
2026/06/13 08:53:16 IMAP OAUTHBEARER: config load skipped at init: open config/raven.yaml: no such file or directory
Server: A005 BAD SUBSCRIBE command requires a mailbox argument
--- PASS: TestSubscribeCommand_MissingArgument (0.28s)
=== RUN   TestSubscribeCommand_EmptyMailboxName
2026/06/13 08:53:17 IMAP OAUTHBEARER: config load skipped at init: open config/raven.yaml: no such file or directory
Server: A006 BAD Invalid mailbox name
--- PASS: TestSubscribeCommand_EmptyMailboxName (0.12s)
=== RUN   TestUnsubscribeCommand_ValidMailbox
2026/06/13 08:53:17 IMAP OAUTHBEARER: config load skipped at init: open config/raven.yaml: no such file or directory
Server: A001 OK SUBSCRIBE completed
Server: A002 OK UNSUBSCRIBE completed
--- PASS: TestUnsubscribeCommand_ValidMailbox (0.13s)
=== RUN   TestUnsubscribeCommand_NotAuthenticated
2026/06/13 08:53:17 IMAP OAUTHBEARER: config load skipped at init: open config/raven.yaml: no such file or directory
Server: A003 NO Please authenticate first
--- PASS: TestUnsubscribeCommand_NotAuthenticated (0.07s)
=== RUN   TestUnsubscribeCommand_MissingArgument
2026/06/13 08:53:17 IMAP OAUTHBEARER: config load skipped at init: open config/raven.yaml: no such file or directory
Server: A004 BAD UNSUBSCRIBE requires mailbox name
--- PASS: TestUnsubscribeCommand_MissingArgument (0.20s)
=== RUN   TestUnsubscribeCommand_EmptyMailboxName
2026/06/13 08:53:17 IMAP OAUTHBEARER: config load skipped at init: open config/raven.yaml: no such file or directory
Server: A005 BAD Invalid mailbox name
--- PASS: TestUnsubscribeCommand_EmptyMailboxName (0.10s)
=== RUN   TestUnsubscribeCommand_QuotedMailbox
2026/06/13 08:53:17 IMAP OAUTHBEARER: config load skipped at init: open config/raven.yaml: no such file or directory
Server: A001 OK SUBSCRIBE completed
Server: A006 OK UNSUBSCRIBE completed
--- PASS: TestUnsubscribeCommand_QuotedMailbox (0.11s)
=== RUN   TestUnsubscribeCommand_NonSubscribed
2026/06/13 08:53:17 IMAP OAUTHBEARER: config load skipped at init: open config/raven.yaml: no such file or directory
Server: A007 NO UNSUBSCRIBE failure: can't unsubscribe that name
--- PASS: TestUnsubscribeCommand_NonSubscribed (0.12s)
=== RUN   TestUnsubscribeCommand_ExampleFromRFC
2026/06/13 08:53:18 IMAP OAUTHBEARER: config load skipped at init: open config/raven.yaml: no such file or directory
Server: A001 OK SUBSCRIBE completed
Server: A002 OK UNSUBSCRIBE completed
--- PASS: TestUnsubscribeCommand_ExampleFromRFC (0.14s)
=== RUN   TestSubscribeCommand_ExampleFromRFC
2026/06/13 08:53:18 IMAP OAUTHBEARER: config load skipped at init: open config/raven.yaml: no such file or directory
Server: A002 OK SUBSCRIBE completed
--- PASS: TestSubscribeCommand_ExampleFromRFC (0.14s)
=== RUN   TestSubscribeCommand_DuplicateSubscription
2026/06/13 08:53:18 IMAP OAUTHBEARER: config load skipped at init: open config/raven.yaml: no such file or directory
Server: A001 OK SUBSCRIBE completed
Server: A002 OK SUBSCRIBE completed
--- PASS: TestSubscribeCommand_DuplicateSubscription (0.25s)
PASS
ok  	raven/internal/server/mailbox	(cached)
=== RUN   TestSearchCommand_HeaderExists
2026/06/13 08:51:47 IMAP OAUTHBEARER: config load skipped at init: open config/raven.yaml: no such file or directory
DEBUG ParseMIMEMessage: Content-Type='text/plain; charset=us-ascii'
DEBUG ParseMIMEMessage: mediaType='text/plain', boundary=''
DEBUG ParseMIMEMessage: Single-part message (not multipart)
DEBUG StoreMessage: Stored part idx=0 (type=text/plain) as db_id=1 with part_number=1 (parent_db_id={0 false})
DEBUG ReconstructMessage: Starting reconstruction with 4 headers, 1 parts
DEBUG ReconstructMessage: Wrote 4 stored headers
DEBUG ReconstructMessage: Reconstructed headers:
From: sender@test.com
To: testuser@localhost
Subject: Test Subject
Date: Sat, 13 Jun 2026 08:51:47 +0000
Content-Type: text/plain; charset=us-ascii
DEBUG ReconstructMessage: Total message size: 172 bytes
Server: * SEARCH 1
Server: S001 OK SEARCH completed
--- PASS: TestSearchCommand_HeaderExists (0.24s)
=== RUN   TestSearchCommand_LargerSize
2026/06/13 08:51:47 IMAP OAUTHBEARER: config load skipped at init: open config/raven.yaml: no such file or directory
DEBUG ParseMIMEMessage: Content-Type='text/plain; charset=us-ascii'
DEBUG ParseMIMEMessage: mediaType='text/plain', boundary=''
DEBUG ParseMIMEMessage: Single-part message (not multipart)
DEBUG StoreMessage: Stored part idx=0 (type=text/plain) as db_id=1 with part_number=1 (parent_db_id={0 false})
DEBUG ReconstructMessage: Starting reconstruction with 4 headers, 1 parts
DEBUG ReconstructMessage: Wrote 4 stored headers
DEBUG ReconstructMessage: Reconstructed headers:
From: sender@test.com
To: testuser@localhost
Subject: Test Subject
Date: Sat, 13 Jun 2026 08:51:47 +0000
Content-Type: text/plain; charset=us-ascii
DEBUG ReconstructMessage: Total message size: 172 bytes
Server: * SEARCH 1
Server: S002 OK SEARCH completed
--- PASS: TestSearchCommand_LargerSize (0.11s)
=== RUN   TestSearchCommand_SmallerSize
2026/06/13 08:51:47 IMAP OAUTHBEARER: config load skipped at init: open config/raven.yaml: no such file or directory
DEBUG ParseMIMEMessage: Content-Type='text/plain; charset=us-ascii'
DEBUG ParseMIMEMessage: mediaType='text/plain', boundary=''
DEBUG ParseMIMEMessage: Single-part message (not multipart)
DEBUG StoreMessage: Stored part idx=0 (type=text/plain) as db_id=1 with part_number=1 (parent_db_id={0 false})
DEBUG ReconstructMessage: Starting reconstruction with 4 headers, 1 parts
DEBUG ReconstructMessage: Wrote 4 stored headers
DEBUG ReconstructMessage: Reconstructed headers:
From: sender@test.com
To: testuser@localhost
Subject: Test Subject
Date: Sat, 13 Jun 2026 08:51:47 +0000
Content-Type: text/plain; charset=us-ascii
DEBUG ReconstructMessage: Total message size: 172 bytes
Server: * SEARCH 1
Server: S003 OK SEARCH completed
--- PASS: TestSearchCommand_SmallerSize (0.22s)
=== RUN   TestSearchCommand_BeforeDate
2026/06/13 08:51:47 IMAP OAUTHBEARER: config load skipped at init: open config/raven.yaml: no such file or directory
DEBUG ParseMIMEMessage: Content-Type='text/plain; charset=us-ascii'
DEBUG ParseMIMEMessage: mediaType='text/plain', boundary=''
DEBUG ParseMIMEMessage: Single-part message (not multipart)
DEBUG StoreMessage: Stored part idx=0 (type=text/plain) as db_id=1 with part_number=1 (parent_db_id={0 false})
Server: * SEARCH 1
Server: S004 OK SEARCH completed
--- PASS: TestSearchCommand_BeforeDate (0.24s)
=== RUN   TestSearchCommand_OnDate
2026/06/13 08:51:48 IMAP OAUTHBEARER: config load skipped at init: open config/raven.yaml: no such file or directory
DEBUG ParseMIMEMessage: Content-Type='text/plain; charset=us-ascii'
DEBUG ParseMIMEMessage: mediaType='text/plain', boundary=''
DEBUG ParseMIMEMessage: Single-part message (not multipart)
DEBUG StoreMessage: Stored part idx=0 (type=text/plain) as db_id=1 with part_number=1 (parent_db_id={0 false})
Server: * SEARCH
Server: S005 OK SEARCH completed
--- PASS: TestSearchCommand_OnDate (0.22s)
=== RUN   TestSearchCommand_SinceDate
2026/06/13 08:51:48 IMAP OAUTHBEARER: config load skipped at init: open config/raven.yaml: no such file or directory
DEBUG ParseMIMEMessage: Content-Type='text/plain; charset=us-ascii'
DEBUG ParseMIMEMessage: mediaType='text/plain', boundary=''
DEBUG ParseMIMEMessage: Single-part message (not multipart)
DEBUG StoreMessage: Stored part idx=0 (type=text/plain) as db_id=1 with part_number=1 (parent_db_id={0 false})
Server: * SEARCH 1
Server: S006 OK SEARCH completed
--- PASS: TestSearchCommand_SinceDate (0.20s)
=== RUN   TestSearchCommand_SentBefore
2026/06/13 08:51:48 IMAP OAUTHBEARER: config load skipped at init: open config/raven.yaml: no such file or directory
DEBUG ParseMIMEMessage: Content-Type='text/plain; charset=us-ascii'
DEBUG ParseMIMEMessage: mediaType='text/plain', boundary=''
DEBUG ParseMIMEMessage: Single-part message (not multipart)
DEBUG StoreMessage: Stored part idx=0 (type=text/plain) as db_id=1 with part_number=1 (parent_db_id={0 false})
DEBUG ReconstructMessage: Starting reconstruction with 4 headers, 1 parts
DEBUG ReconstructMessage: Wrote 4 stored headers
DEBUG ReconstructMessage: Reconstructed headers:
From: sender@test.com
To: testuser@localhost
Subject: Test Subject
Date: Sat, 13 Jun 2026 08:51:48 +0000
Content-Type: text/plain; charset=us-ascii
DEBUG ReconstructMessage: Total message size: 172 bytes
Server: * SEARCH 1
Server: S007 OK SEARCH completed
--- PASS: TestSearchCommand_SentBefore (0.17s)
=== RUN   TestSearchCommand_SentOn
2026/06/13 08:51:48 IMAP OAUTHBEARER: config load skipped at init: open config/raven.yaml: no such file or directory
DEBUG ParseMIMEMessage: Content-Type='text/plain; charset=us-ascii'
DEBUG ParseMIMEMessage: mediaType='text/plain', boundary=''
DEBUG ParseMIMEMessage: Single-part message (not multipart)
DEBUG StoreMessage: Stored part idx=0 (type=text/plain) as db_id=1 with part_number=1 (parent_db_id={0 false})
DEBUG ReconstructMessage: Starting reconstruction with 4 headers, 1 parts
DEBUG ReconstructMessage: Wrote 4 stored headers
DEBUG ReconstructMessage: Reconstructed headers:
From: sender@test.com
To: testuser@localhost
Subject: Test Subject
Date: Sat, 13 Jun 2026 08:51:49 +0000
Content-Type: text/plain; charset=us-ascii
DEBUG ReconstructMessage: Total message size: 172 bytes
Server: * SEARCH
Server: S008 OK SEARCH completed
--- PASS: TestSearchCommand_SentOn (0.24s)
=== RUN   TestSearchCommand_SentSince
2026/06/13 08:51:49 IMAP OAUTHBEARER: config load skipped at init: open config/raven.yaml: no such file or directory
DEBUG ParseMIMEMessage: Content-Type='text/plain; charset=us-ascii'
DEBUG ParseMIMEMessage: mediaType='text/plain', boundary=''
DEBUG ParseMIMEMessage: Single-part message (not multipart)
DEBUG StoreMessage: Stored part idx=0 (type=text/plain) as db_id=1 with part_number=1 (parent_db_id={0 false})
DEBUG ReconstructMessage: Starting reconstruction with 4 headers, 1 parts
DEBUG ReconstructMessage: Wrote 4 stored headers
DEBUG ReconstructMessage: Reconstructed headers:
From: sender@test.com
To: testuser@localhost
Subject: Test Subject
Date: Sat, 13 Jun 2026 08:51:49 +0000
Content-Type: text/plain; charset=us-ascii
DEBUG ReconstructMessage: Total message size: 172 bytes
Server: * SEARCH 1
Server: S009 OK SEARCH completed
--- PASS: TestSearchCommand_SentSince (0.32s)
=== RUN   TestSearchCommand_TextSearch
2026/06/13 08:51:49 IMAP OAUTHBEARER: config load skipped at init: open config/raven.yaml: no such file or directory
DEBUG ParseMIMEMessage: Content-Type='text/plain; charset=us-ascii'
DEBUG ParseMIMEMessage: mediaType='text/plain', boundary=''
DEBUG ParseMIMEMessage: Single-part message (not multipart)
DEBUG StoreMessage: Stored part idx=0 (type=text/plain) as db_id=1 with part_number=1 (parent_db_id={0 false})
DEBUG ReconstructMessage: Starting reconstruction with 4 headers, 1 parts
DEBUG ReconstructMessage: Wrote 4 stored headers
DEBUG ReconstructMessage: Reconstructed headers:
From: sender@test.com
To: testuser@localhost
Subject: Test Subject
Date: Sat, 13 Jun 2026 08:51:49 +0000
Content-Type: text/plain; charset=us-ascii
DEBUG ReconstructMessage: Total message size: 172 bytes
Server: * SEARCH 1
Server: S010 OK SEARCH completed
--- PASS: TestSearchCommand_TextSearch (0.10s)
=== RUN   TestSearchCommand_BodySearch
2026/06/13 08:51:49 IMAP OAUTHBEARER: config load skipped at init: open config/raven.yaml: no such file or directory
DEBUG ParseMIMEMessage: Content-Type='text/plain; charset=us-ascii'
DEBUG ParseMIMEMessage: mediaType='text/plain', boundary=''
DEBUG ParseMIMEMessage: Single-part message (not multipart)
DEBUG StoreMessage: Stored part idx=0 (type=text/plain) as db_id=1 with part_number=1 (parent_db_id={0 false})
DEBUG ReconstructMessage: Starting reconstruction with 4 headers, 1 parts
DEBUG ReconstructMessage: Wrote 4 stored headers
DEBUG ReconstructMessage: Reconstructed headers:
From: sender@test.com
To: testuser@localhost
Subject: Test Subject
Date: Sat, 13 Jun 2026 08:51:49 +0000
Content-Type: text/plain; charset=us-ascii
DEBUG ReconstructMessage: Total message size: 172 bytes
Server: * SEARCH 1
Server: S011 OK SEARCH completed
--- PASS: TestSearchCommand_BodySearch (0.14s)
=== RUN   TestSearchCommand_NotCriteria
2026/06/13 08:51:49 IMAP OAUTHBEARER: config load skipped at init: open config/raven.yaml: no such file or directory
DEBUG ParseMIMEMessage: Content-Type='text/plain; charset=us-ascii'
DEBUG ParseMIMEMessage: mediaType='text/plain', boundary=''
DEBUG ParseMIMEMessage: Single-part message (not multipart)
DEBUG StoreMessage: Stored part idx=0 (type=text/plain) as db_id=1 with part_number=1 (parent_db_id={0 false})
Server: * SEARCH 1
Server: S012 OK SEARCH completed
--- PASS: TestSearchCommand_NotCriteria (0.11s)
=== RUN   TestSearchCommand_OrCriteria
2026/06/13 08:51:49 IMAP OAUTHBEARER: config load skipped at init: open config/raven.yaml: no such file or directory
DEBUG ParseMIMEMessage: Content-Type='text/plain; charset=us-ascii'
DEBUG ParseMIMEMessage: mediaType='text/plain', boundary=''
DEBUG ParseMIMEMessage: Single-part message (not multipart)
DEBUG StoreMessage: Stored part idx=0 (type=text/plain) as db_id=1 with part_number=1 (parent_db_id={0 false})
Server: * SEARCH
Server: S013 OK SEARCH completed
--- PASS: TestSearchCommand_OrCriteria (0.17s)
=== RUN   TestSearchCommand_HeaderWithoutValue
2026/06/13 08:51:49 IMAP OAUTHBEARER: config load skipped at init: open config/raven.yaml: no such file or directory
DEBUG ParseMIMEMessage: Content-Type='text/plain; charset=us-ascii'
DEBUG ParseMIMEMessage: mediaType='text/plain', boundary=''
DEBUG ParseMIMEMessage: Single-part message (not multipart)
DEBUG StoreMessage: Stored part idx=0 (type=text/plain) as db_id=1 with part_number=1 (parent_db_id={0 false})
DEBUG ReconstructMessage: Starting reconstruction with 4 headers, 1 parts
DEBUG ReconstructMessage: Wrote 4 stored headers
DEBUG ReconstructMessage: Reconstructed headers:
From: sender@test.com
To: testuser@localhost
Subject: Test Subject
Date: Sat, 13 Jun 2026 08:51:50 +0000
Content-Type: text/plain; charset=us-ascii
DEBUG ReconstructMessage: Total message size: 172 bytes
Server: * SEARCH 1
Server: H001 OK SEARCH completed
--- PASS: TestSearchCommand_HeaderWithoutValue (0.19s)
=== RUN   TestSearchCommand_HeaderExistence
2026/06/13 08:51:50 IMAP OAUTHBEARER: config load skipped at init: open config/raven.yaml: no such file or directory
DEBUG ParseMIMEMessage: Content-Type='text/plain; charset=us-ascii'
DEBUG ParseMIMEMessage: mediaType='text/plain', boundary=''
DEBUG ParseMIMEMessage: Single-part message (not multipart)
DEBUG StoreMessage: Stored part idx=0 (type=text/plain) as db_id=1 with part_number=1 (parent_db_id={0 false})
DEBUG ReconstructMessage: Starting reconstruction with 4 headers, 1 parts
DEBUG ReconstructMessage: Wrote 4 stored headers
DEBUG ReconstructMessage: Reconstructed headers:
From: sender@test.com
To: testuser@localhost
Subject: Test Subject
Date: Sat, 13 Jun 2026 08:51:50 +0000
Content-Type: text/plain; charset=us-ascii
DEBUG ReconstructMessage: Total message size: 172 bytes
Server: * SEARCH 1
Server: H002 OK SEARCH completed
--- PASS: TestSearchCommand_HeaderExistence (0.16s)
=== RUN   TestSearchCommand_NonExistentHeader
2026/06/13 08:51:50 IMAP OAUTHBEARER: config load skipped at init: open config/raven.yaml: no such file or directory
DEBUG ParseMIMEMessage: Content-Type='text/plain; charset=us-ascii'
DEBUG ParseMIMEMessage: mediaType='text/plain', boundary=''
DEBUG ParseMIMEMessage: Single-part message (not multipart)
DEBUG StoreMessage: Stored part idx=0 (type=text/plain) as db_id=1 with part_number=1 (parent_db_id={0 false})
DEBUG ReconstructMessage: Starting reconstruction with 4 headers, 1 parts
DEBUG ReconstructMessage: Wrote 4 stored headers
DEBUG ReconstructMessage: Reconstructed headers:
From: sender@test.com
To: testuser@localhost
Subject: Test Subject
Date: Sat, 13 Jun 2026 08:51:50 +0000
Content-Type: text/plain; charset=us-ascii
DEBUG ReconstructMessage: Total message size: 172 bytes
Server: * SEARCH
Server: H003 OK SEARCH completed
--- PASS: TestSearchCommand_NonExistentHeader (0.48s)
=== RUN   TestSearchCommand_SequenceRange
2026/06/13 08:51:50 IMAP OAUTHBEARER: config load skipped at init: open config/raven.yaml: no such file or directory
DEBUG ParseMIMEMessage: Content-Type='text/plain; charset=us-ascii'
DEBUG ParseMIMEMessage: mediaType='text/plain', boundary=''
DEBUG ParseMIMEMessage: Single-part message (not multipart)
DEBUG StoreMessage: Stored part idx=0 (type=text/plain) as db_id=1 with part_number=1 (parent_db_id={0 false})
DEBUG ParseMIMEMessage: Content-Type='text/plain; charset=us-ascii'
DEBUG ParseMIMEMessage: mediaType='text/plain', boundary=''
DEBUG ParseMIMEMessage: Single-part message (not multipart)
DEBUG StoreMessage: Stored part idx=0 (type=text/plain) as db_id=2 with part_number=1 (parent_db_id={0 false})
DEBUG ParseMIMEMessage: Content-Type='text/plain; charset=us-ascii'
DEBUG ParseMIMEMessage: mediaType='text/plain', boundary=''
DEBUG ParseMIMEMessage: Single-part message (not multipart)
DEBUG StoreMessage: Stored part idx=0 (type=text/plain) as db_id=3 with part_number=1 (parent_db_id={0 false})
Server: * SEARCH 1 2
Server: SEQ001 OK SEARCH completed
--- PASS: TestSearchCommand_SequenceRange (0.40s)
=== RUN   TestSearchCommand_UIDSet
2026/06/13 08:51:51 IMAP OAUTHBEARER: config load skipped at init: open config/raven.yaml: no such file or directory
DEBUG ParseMIMEMessage: Content-Type='text/plain; charset=us-ascii'
DEBUG ParseMIMEMessage: mediaType='text/plain', boundary=''
DEBUG ParseMIMEMessage: Single-part message (not multipart)
DEBUG StoreMessage: Stored part idx=0 (type=text/plain) as db_id=1 with part_number=1 (parent_db_id={0 false})
Server: * SEARCH 1
Server: UID001 OK SEARCH completed
--- PASS: TestSearchCommand_UIDSet (0.10s)
=== RUN   TestSearchCommand_Keyword
2026/06/13 08:51:51 IMAP OAUTHBEARER: config load skipped at init: open config/raven.yaml: no such file or directory
DEBUG ParseMIMEMessage: Content-Type='text/plain; charset=us-ascii'
DEBUG ParseMIMEMessage: mediaType='text/plain', boundary=''
DEBUG ParseMIMEMessage: Single-part message (not multipart)
DEBUG StoreMessage: Stored part idx=0 (type=text/plain) as db_id=1 with part_number=1 (parent_db_id={0 false})
Server: * SEARCH
Server: K001 OK SEARCH completed
--- PASS: TestSearchCommand_Keyword (0.15s)
=== RUN   TestSearchCommand_UnKeyword
2026/06/13 08:51:51 IMAP OAUTHBEARER: config load skipped at init: open config/raven.yaml: no such file or directory
DEBUG ParseMIMEMessage: Content-Type='text/plain; charset=us-ascii'
DEBUG ParseMIMEMessage: mediaType='text/plain', boundary=''
DEBUG ParseMIMEMessage: Single-part message (not multipart)
DEBUG StoreMessage: Stored part idx=0 (type=text/plain) as db_id=1 with part_number=1 (parent_db_id={0 false})
Server: * SEARCH 1
Server: K002 OK SEARCH completed
--- PASS: TestSearchCommand_UnKeyword (0.12s)
=== RUN   TestSearchCommand_BCC
2026/06/13 08:51:51 IMAP OAUTHBEARER: config load skipped at init: open config/raven.yaml: no such file or directory
DEBUG ParseMIMEMessage: Content-Type='text/plain; charset=us-ascii'
DEBUG ParseMIMEMessage: mediaType='text/plain', boundary=''
DEBUG ParseMIMEMessage: Single-part message (not multipart)
DEBUG StoreMessage: Stored part idx=0 (type=text/plain) as db_id=1 with part_number=1 (parent_db_id={0 false})
DEBUG ReconstructMessage: Starting reconstruction with 4 headers, 1 parts
DEBUG ReconstructMessage: Wrote 4 stored headers
DEBUG ReconstructMessage: Reconstructed headers:
From: sender@test.com
To: testuser@localhost
Subject: Test
Date: Sat, 13 Jun 2026 08:51:51 +0000
Content-Type: text/plain; charset=us-ascii
DEBUG ReconstructMessage: Total message size: 164 bytes
Server: * SEARCH
Server: B001 OK SEARCH completed
--- PASS: TestSearchCommand_BCC (0.11s)
=== RUN   TestSearchCommand_CC
2026/06/13 08:51:51 IMAP OAUTHBEARER: config load skipped at init: open config/raven.yaml: no such file or directory
DEBUG ParseMIMEMessage: Content-Type='text/plain; charset=us-ascii'
DEBUG ParseMIMEMessage: mediaType='text/plain', boundary=''
DEBUG ParseMIMEMessage: Single-part message (not multipart)
DEBUG StoreMessage: Stored part idx=0 (type=text/plain) as db_id=1 with part_number=1 (parent_db_id={0 false})
DEBUG ReconstructMessage: Starting reconstruction with 4 headers, 1 parts
DEBUG ReconstructMessage: Wrote 4 stored headers
DEBUG ReconstructMessage: Reconstructed headers:
From: sender@test.com
To: testuser@localhost
Subject: Test
Date: Sat, 13 Jun 2026 08:51:51 +0000
Content-Type: text/plain; charset=us-ascii
DEBUG ReconstructMessage: Total message size: 164 bytes
Server: * SEARCH
Server: C001 OK SEARCH completed
--- PASS: TestSearchCommand_CC (0.12s)
=== RUN   TestSearchCommand_From
2026/06/13 08:51:51 IMAP OAUTHBEARER: config load skipped at init: open config/raven.yaml: no such file or directory
DEBUG ParseMIMEMessage: Content-Type='text/plain; charset=us-ascii'
DEBUG ParseMIMEMessage: mediaType='text/plain', boundary=''
DEBUG ParseMIMEMessage: Single-part message (not multipart)
DEBUG StoreMessage: Stored part idx=0 (type=text/plain) as db_id=1 with part_number=1 (parent_db_id={0 false})
DEBUG ReconstructMessage: Starting reconstruction with 4 headers, 1 parts
DEBUG ReconstructMessage: Wrote 4 stored headers
DEBUG ReconstructMessage: Reconstructed headers:
From: sender@test.com
To: testuser@localhost
Subject: Test
Date: Sat, 13 Jun 2026 08:51:51 +0000
Content-Type: text/plain; charset=us-ascii
DEBUG ReconstructMessage: Total message size: 164 bytes
Server: * SEARCH 1
Server: F001 OK SEARCH completed
--- PASS: TestSearchCommand_From (0.12s)
=== RUN   TestSearchCommand_To
2026/06/13 08:51:51 IMAP OAUTHBEARER: config load skipped at init: open config/raven.yaml: no such file or directory
DEBUG ParseMIMEMessage: Content-Type='text/plain; charset=us-ascii'
DEBUG ParseMIMEMessage: mediaType='text/plain', boundary=''
DEBUG ParseMIMEMessage: Single-part message (not multipart)
DEBUG StoreMessage: Stored part idx=0 (type=text/plain) as db_id=1 with part_number=1 (parent_db_id={0 false})
DEBUG ReconstructMessage: Starting reconstruction with 4 headers, 1 parts
DEBUG ReconstructMessage: Wrote 4 stored headers
DEBUG ReconstructMessage: Reconstructed headers:
From: sender@test.com
To: testuser@localhost
Subject: Test
Date: Sat, 13 Jun 2026 08:51:51 +0000
Content-Type: text/plain; charset=us-ascii
DEBUG ReconstructMessage: Total message size: 164 bytes
Server: * SEARCH 1
Server: T001 OK SEARCH completed
--- PASS: TestSearchCommand_To (0.18s)
=== RUN   TestSearchCommand_Subject
2026/06/13 08:51:52 IMAP OAUTHBEARER: config load skipped at init: open config/raven.yaml: no such file or directory
DEBUG ParseMIMEMessage: Content-Type='text/plain; charset=us-ascii'
DEBUG ParseMIMEMessage: mediaType='text/plain', boundary=''
DEBUG ParseMIMEMessage: Single-part message (not multipart)
DEBUG StoreMessage: Stored part idx=0 (type=text/plain) as db_id=1 with part_number=1 (parent_db_id={0 false})
DEBUG ReconstructMessage: Starting reconstruction with 4 headers, 1 parts
DEBUG ReconstructMessage: Wrote 4 stored headers
DEBUG ReconstructMessage: Reconstructed headers:
From: sender@test.com
To: testuser@localhost
Subject: Important Message
Date: Sat, 13 Jun 2026 08:51:52 +0000
Content-Type: text/plain; charset=us-ascii
DEBUG ReconstructMessage: Total message size: 177 bytes
Server: * SEARCH 1
Server: SU001 OK SEARCH completed
--- PASS: TestSearchCommand_Subject (0.36s)
=== RUN   TestFetchCommand_BodyPeekHeaderFields
2026/06/13 08:51:52 IMAP OAUTHBEARER: config load skipped at init: open config/raven.yaml: no such file or directory
DEBUG ParseMIMEMessage: Content-Type='text/plain; charset=us-ascii'
DEBUG ParseMIMEMessage: mediaType='text/plain', boundary=''
DEBUG ParseMIMEMessage: Single-part message (not multipart)
DEBUG StoreMessage: Stored part idx=0 (type=text/plain) as db_id=1 with part_number=1 (parent_db_id={0 false})
DEBUG ReconstructMessage: Starting reconstruction with 4 headers, 1 parts
DEBUG ReconstructMessage: Wrote 4 stored headers
DEBUG ReconstructMessage: Reconstructed headers:
From: sender@test.com
To: testuser@localhost
Subject: Test Subject
Date: Sat, 13 Jun 2026 08:51:52 +0000
Content-Type: text/plain; charset=us-ascii
DEBUG ReconstructMessage: Total message size: 172 bytes
Server: * 1 FETCH (BODY[HEADER.FIELDS (FROM SUBJECT)] {48}
From: sender@test.com
Subject: Test Subject

)
Server: F101 OK FETCH completed
--- PASS: TestFetchCommand_BodyPeekHeaderFields (0.18s)
=== RUN   TestFetchCommand_BodyPartial
2026/06/13 08:51:52 IMAP OAUTHBEARER: config load skipped at init: open config/raven.yaml: no such file or directory
DEBUG ParseMIMEMessage: Content-Type='text/plain; charset=us-ascii'
DEBUG ParseMIMEMessage: mediaType='text/plain', boundary=''
DEBUG ParseMIMEMessage: Single-part message (not multipart)
DEBUG StoreMessage: Stored part idx=0 (type=text/plain) as db_id=1 with part_number=1 (parent_db_id={0 false})
DEBUG ReconstructMessage: Starting reconstruction with 4 headers, 1 parts
DEBUG ReconstructMessage: Wrote 4 stored headers
DEBUG ReconstructMessage: Reconstructed headers:
From: sender@test.com
To: testuser@localhost
Subject: Test Subject
Date: Sat, 13 Jun 2026 08:51:52 +0000
Content-Type: text/plain; charset=us-ascii
DEBUG ReconstructMessage: Total message size: 172 bytes
Server: * 1 FETCH (BODY[] {172}
[MESSAGE CONTENT OMITTED - 172 bytes]
Server: F102 OK FETCH completed
--- PASS: TestFetchCommand_BodyPartial (0.29s)
=== RUN   TestFetchCommand_BodyPart
2026/06/13 08:51:52 IMAP OAUTHBEARER: config load skipped at init: open config/raven.yaml: no such file or directory
DEBUG ParseMIMEMessage: Content-Type='text/plain; charset=us-ascii'
DEBUG ParseMIMEMessage: mediaType='text/plain', boundary=''
DEBUG ParseMIMEMessage: Single-part message (not multipart)
DEBUG StoreMessage: Stored part idx=0 (type=text/plain) as db_id=1 with part_number=1 (parent_db_id={0 false})
DEBUG FETCH: Looking up part [1] for message 1, have 1 parts
  Part 0: id=1, part_number=1, parent_part_id=<nil>, content_type=text/plain
DEBUG FETCH: mapIMAPPartPathToDBPart returned: true
Server: * 1 FETCH (BODY[1] {17}
Test message body)
Server: F103 OK FETCH completed
--- PASS: TestFetchCommand_BodyPart (0.20s)
=== RUN   TestAppendCommand_Basic
2026/06/13 08:51:53 IMAP OAUTHBEARER: config load skipped at init: open config/raven.yaml: no such file or directory
Server: + Ready for literal data
2026/06/13 08:51:53 APPEND expecting 108 bytes literal
2026/06/13 08:51:53 APPEND successfully read 108 bytes
2026/06/13 08:51:53 Warning: Failed to read trailing CRLF after literal data: use of closed network connection
DEBUG ParseMIMEMessage: Content-Type='text/plain; charset=us-ascii'
DEBUG ParseMIMEMessage: mediaType='text/plain', boundary=''
DEBUG ParseMIMEMessage: Single-part message (not multipart)
DEBUG StoreMessage: Stored part idx=0 (type=text/plain) as db_id=1 with part_number=1 (parent_db_id={0 false})
2026/06/13 08:51:53 Message appended to folder 'Sent' with UID 1
Server: A001 OK [APPENDUID 1781340713 1] APPEND completed
--- PASS: TestAppendCommand_Basic (0.21s)
=== RUN   TestAppendCommand_WithFlags
2026/06/13 08:51:53 IMAP OAUTHBEARER: config load skipped at init: open config/raven.yaml: no such file or directory
Server: + Ready for literal data
2026/06/13 08:51:53 APPEND expecting 76 bytes literal
2026/06/13 08:51:53 APPEND successfully read 76 bytes
2026/06/13 08:51:53 Warning: Failed to read trailing CRLF after literal data: use of closed network connection
DEBUG ParseMIMEMessage: Content-Type='text/plain; charset=us-ascii'
DEBUG ParseMIMEMessage: mediaType='text/plain', boundary=''
DEBUG ParseMIMEMessage: Single-part message (not multipart)
DEBUG StoreMessage: Stored part idx=0 (type=text/plain) as db_id=1 with part_number=1 (parent_db_id={0 false})
2026/06/13 08:51:53 Message appended to folder 'Sent' with UID 1
Server: A002 OK [APPENDUID 1781340713 1] APPEND completed
--- PASS: TestAppendCommand_WithFlags (0.12s)
=== RUN   TestAppendCommand_NotAuthenticated
2026/06/13 08:51:53 IMAP OAUTHBEARER: config load skipped at init: open config/raven.yaml: no such file or directory
Server: A003 NO Please authenticate first
--- PASS: TestAppendCommand_NotAuthenticated (0.30s)
=== RUN   TestAppendCommand_InvalidFolder
2026/06/13 08:51:53 IMAP OAUTHBEARER: config load skipped at init: open config/raven.yaml: no such file or directory
Server: A004 NO [TRYCREATE] Folder does not exist
--- PASS: TestAppendCommand_InvalidFolder (0.15s)
=== RUN   TestAppendCommand_ToINBOX
2026/06/13 08:51:53 IMAP OAUTHBEARER: config load skipped at init: open config/raven.yaml: no such file or directory
Server: + Ready for literal data
2026/06/13 08:51:53 APPEND expecting 97 bytes literal
2026/06/13 08:51:53 APPEND successfully read 97 bytes
2026/06/13 08:51:53 Warning: Failed to read trailing CRLF after literal data: use of closed network connection
DEBUG ParseMIMEMessage: Content-Type='text/plain; charset=us-ascii'
DEBUG ParseMIMEMessage: mediaType='text/plain', boundary=''
DEBUG ParseMIMEMessage: Single-part message (not multipart)
DEBUG StoreMessage: Stored part idx=0 (type=text/plain) as db_id=1 with part_number=1 (parent_db_id={0 false})
2026/06/13 08:51:53 Message appended to folder 'INBOX' with UID 1
Server: A005 OK [APPENDUID 1781340713 1] APPEND completed
--- PASS: TestAppendCommand_ToINBOX (0.19s)
=== RUN   TestAppendCommand_ToDrafts
2026/06/13 08:51:53 IMAP OAUTHBEARER: config load skipped at init: open config/raven.yaml: no such file or directory
Server: + Ready for literal data
2026/06/13 08:51:54 APPEND expecting 60 bytes literal
2026/06/13 08:51:54 APPEND successfully read 60 bytes
2026/06/13 08:51:54 Warning: Failed to read trailing CRLF after literal data: use of closed network connection
DEBUG ParseMIMEMessage: Content-Type='text/plain; charset=us-ascii'
DEBUG ParseMIMEMessage: mediaType='text/plain', boundary=''
DEBUG ParseMIMEMessage: Single-part message (not multipart)
DEBUG StoreMessage: Stored part idx=0 (type=text/plain) as db_id=1 with part_number=1 (parent_db_id={0 false})
2026/06/13 08:51:54 Message appended to folder 'Drafts' with UID 1
Server: A006 OK [APPENDUID 1781340714 1] APPEND completed
--- PASS: TestAppendCommand_ToDrafts (0.11s)
=== RUN   TestAppendCommand_MissingSize
2026/06/13 08:51:54 IMAP OAUTHBEARER: config load skipped at init: open config/raven.yaml: no such file or directory
Server: A007 BAD APPEND requires message size
--- PASS: TestAppendCommand_MissingSize (0.22s)
=== RUN   TestAppendCommand_RFC3501Example
2026/06/13 08:51:54 IMAP OAUTHBEARER: config load skipped at init: open config/raven.yaml: no such file or directory
Server: + Ready for literal data
2026/06/13 08:51:54 APPEND expecting 310 bytes literal
2026/06/13 08:51:54 APPEND successfully read 310 bytes
2026/06/13 08:51:54 Warning: Failed to read trailing CRLF after literal data: use of closed network connection
DEBUG ParseMIMEMessage: Content-Type='TEXT/PLAIN; CHARSET=US-ASCII'
DEBUG ParseMIMEMessage: mediaType='text/plain', boundary=''
DEBUG ParseMIMEMessage: Single-part message (not multipart)
DEBUG StoreMessage: Stored part idx=0 (type=text/plain) as db_id=1 with part_number=1 (parent_db_id={0 false})
2026/06/13 08:51:54 Message appended to folder 'saved-messages' with UID 1
Server: A003 OK [APPENDUID 1781340714 1] APPEND completed
--- PASS: TestAppendCommand_RFC3501Example (0.15s)
=== RUN   TestAppendCommand_MultipleFlags
2026/06/13 08:51:54 IMAP OAUTHBEARER: config load skipped at init: open config/raven.yaml: no such file or directory
Server: + Ready for literal data
2026/06/13 08:51:54 APPEND expecting 47 bytes literal
2026/06/13 08:51:54 APPEND successfully read 47 bytes
2026/06/13 08:51:54 Warning: Failed to read trailing CRLF after literal data: use of closed network connection
DEBUG ParseMIMEMessage: Content-Type='text/plain; charset=us-ascii'
DEBUG ParseMIMEMessage: mediaType='text/plain', boundary=''
DEBUG ParseMIMEMessage: Single-part message (not multipart)
DEBUG StoreMessage: Stored part idx=0 (type=text/plain) as db_id=1 with part_number=1 (parent_db_id={0 false})
2026/06/13 08:51:54 Message appended to folder 'INBOX' with UID 1
Server: A008 OK [APPENDUID 1781340714 1] APPEND completed
--- PASS: TestAppendCommand_MultipleFlags (0.13s)
=== RUN   TestAppendCommand_EmptyMessage
2026/06/13 08:51:54 IMAP OAUTHBEARER: config load skipped at init: open config/raven.yaml: no such file or directory
Server: A009 NO Message size invalid or too large
--- PASS: TestAppendCommand_EmptyMessage (0.11s)
=== RUN   TestAppendCommand_LargeMessage
2026/06/13 08:51:54 IMAP OAUTHBEARER: config load skipped at init: open config/raven.yaml: no such file or directory
Server: + Ready for literal data
2026/06/13 08:51:55 APPEND expecting 1048520 bytes literal
2026/06/13 08:51:55 APPEND successfully read 1048520 bytes
2026/06/13 08:51:55 Warning: Failed to read trailing CRLF after literal data: use of closed network connection
DEBUG ParseMIMEMessage: Content-Type='text/plain; charset=us-ascii'
DEBUG ParseMIMEMessage: mediaType='text/plain', boundary=''
DEBUG ParseMIMEMessage: Single-part message (not multipart)
DEBUG StoreMessage: Stored part idx=0 (type=text/plain) as db_id=1 with part_number=1 (parent_db_id={0 false})
2026/06/13 08:51:55 Message appended to folder 'INBOX' with UID 1
Server: A010 OK [APPENDUID 1781340715 1] APPEND completed
--- PASS: TestAppendCommand_LargeMessage (0.35s)
=== RUN   TestAppendCommand_InvalidSize
2026/06/13 08:51:55 IMAP OAUTHBEARER: config load skipped at init: open config/raven.yaml: no such file or directory
Server: A011 NO Message size invalid or too large
--- PASS: TestAppendCommand_InvalidSize (0.16s)
=== RUN   TestAppendCommand_ExcessiveSize
2026/06/13 08:51:55 IMAP OAUTHBEARER: config load skipped at init: open config/raven.yaml: no such file or directory
Server: A012 NO Message size invalid or too large
--- PASS: TestAppendCommand_ExcessiveSize (0.20s)
=== RUN   TestAppendCommand_QuotedMailboxName
2026/06/13 08:51:55 IMAP OAUTHBEARER: config load skipped at init: open config/raven.yaml: no such file or directory
Server: + Ready for literal data
2026/06/13 08:51:55 APPEND expecting 47 bytes literal
2026/06/13 08:51:55 APPEND successfully read 47 bytes
2026/06/13 08:51:55 Warning: Failed to read trailing CRLF after literal data: use of closed network connection
DEBUG ParseMIMEMessage: Content-Type='text/plain; charset=us-ascii'
DEBUG ParseMIMEMessage: mediaType='text/plain', boundary=''
DEBUG ParseMIMEMessage: Single-part message (not multipart)
DEBUG StoreMessage: Stored part idx=0 (type=text/plain) as db_id=1 with part_number=1 (parent_db_id={0 false})
2026/06/13 08:51:55 Message appended to folder 'Sent' with UID 1
Server: A013 OK [APPENDUID 1781340715 1] APPEND completed
--- PASS: TestAppendCommand_QuotedMailboxName (0.18s)
=== RUN   TestAppendCommand_WithoutFlags
2026/06/13 08:51:55 IMAP OAUTHBEARER: config load skipped at init: open config/raven.yaml: no such file or directory
Server: + Ready for literal data
2026/06/13 08:51:55 APPEND expecting 68 bytes literal
2026/06/13 08:51:55 APPEND successfully read 68 bytes
2026/06/13 08:51:55 Warning: Failed to read trailing CRLF after literal data: use of closed network connection
DEBUG ParseMIMEMessage: Content-Type='text/plain; charset=us-ascii'
DEBUG ParseMIMEMessage: mediaType='text/plain', boundary=''
DEBUG ParseMIMEMessage: Single-part message (not multipart)
DEBUG StoreMessage: Stored part idx=0 (type=text/plain) as db_id=1 with part_number=1 (parent_db_id={0 false})
2026/06/13 08:51:55 Message appended to folder 'INBOX' with UID 1
Server: A014 OK [APPENDUID 1781340715 1] APPEND completed
--- PASS: TestAppendCommand_WithoutFlags (0.19s)
=== RUN   TestAppendCommand_MissingMailboxName
2026/06/13 08:51:55 IMAP OAUTHBEARER: config load skipped at init: open config/raven.yaml: no such file or directory
Server: A015 BAD APPEND requires folder name
--- PASS: TestAppendCommand_MissingMailboxName (0.37s)
=== RUN   TestAppendCommand_8BitCharacters
2026/06/13 08:51:56 IMAP OAUTHBEARER: config load skipped at init: open config/raven.yaml: no such file or directory
Server: + Ready for literal data
2026/06/13 08:51:56 APPEND expecting 95 bytes literal
2026/06/13 08:51:56 APPEND successfully read 95 bytes
2026/06/13 08:51:56 Warning: Failed to read trailing CRLF after literal data: use of closed network connection
DEBUG ParseMIMEMessage: Content-Type='text/plain; charset=us-ascii'
DEBUG ParseMIMEMessage: mediaType='text/plain', boundary=''
DEBUG ParseMIMEMessage: Single-part message (not multipart)
DEBUG StoreMessage: Stored part idx=0 (type=text/plain) as db_id=1 with part_number=1 (parent_db_id={0 false})
2026/06/13 08:51:56 Message appended to folder 'INBOX' with UID 1
Server: A016 OK [APPENDUID 1781340716 1] APPEND completed
--- PASS: TestAppendCommand_8BitCharacters (0.19s)
=== RUN   TestAppendCommand_AllDefaultMailboxes
=== RUN   TestAppendCommand_AllDefaultMailboxes/INBOX
2026/06/13 08:51:56 IMAP OAUTHBEARER: config load skipped at init: open config/raven.yaml: no such file or directory
Server: + Ready for literal data
2026/06/13 08:51:56 APPEND expecting 56 bytes literal
2026/06/13 08:51:56 APPEND successfully read 56 bytes
2026/06/13 08:51:56 Warning: Failed to read trailing CRLF after literal data: use of closed network connection
DEBUG ParseMIMEMessage: Content-Type='text/plain; charset=us-ascii'
DEBUG ParseMIMEMessage: mediaType='text/plain', boundary=''
DEBUG ParseMIMEMessage: Single-part message (not multipart)
DEBUG StoreMessage: Stored part idx=0 (type=text/plain) as db_id=1 with part_number=1 (parent_db_id={0 false})
2026/06/13 08:51:56 Message appended to folder 'INBOX' with UID 1
Server: A017 OK [APPENDUID 1781340716 1] APPEND completed
=== RUN   TestAppendCommand_AllDefaultMailboxes/Sent
2026/06/13 08:51:56 IMAP OAUTHBEARER: config load skipped at init: open config/raven.yaml: no such file or directory
Server: + Ready for literal data
2026/06/13 08:51:56 APPEND expecting 55 bytes literal
2026/06/13 08:51:56 APPEND successfully read 55 bytes
2026/06/13 08:51:56 Warning: Failed to read trailing CRLF after literal data: use of closed network connection
DEBUG ParseMIMEMessage: Content-Type='text/plain; charset=us-ascii'
DEBUG ParseMIMEMessage: mediaType='text/plain', boundary=''
DEBUG ParseMIMEMessage: Single-part message (not multipart)
DEBUG StoreMessage: Stored part idx=0 (type=text/plain) as db_id=1 with part_number=1 (parent_db_id={0 false})
2026/06/13 08:51:56 Message appended to folder 'Sent' with UID 1
Server: A017 OK [APPENDUID 1781340716 1] APPEND completed
=== RUN   TestAppendCommand_AllDefaultMailboxes/Drafts
2026/06/13 08:51:56 IMAP OAUTHBEARER: config load skipped at init: open config/raven.yaml: no such file or directory
Server: + Ready for literal data
2026/06/13 08:51:56 APPEND expecting 57 bytes literal
2026/06/13 08:51:56 APPEND successfully read 57 bytes
2026/06/13 08:51:56 Warning: Failed to read trailing CRLF after literal data: use of closed network connection
DEBUG ParseMIMEMessage: Content-Type='text/plain; charset=us-ascii'
DEBUG ParseMIMEMessage: mediaType='text/plain', boundary=''
DEBUG ParseMIMEMessage: Single-part message (not multipart)
DEBUG StoreMessage: Stored part idx=0 (type=text/plain) as db_id=1 with part_number=1 (parent_db_id={0 false})
2026/06/13 08:51:56 Message appended to folder 'Drafts' with UID 1
Server: A017 OK [APPENDUID 1781340716 1] APPEND completed
=== RUN   TestAppendCommand_AllDefaultMailboxes/Trash
2026/06/13 08:51:56 IMAP OAUTHBEARER: config load skipped at init: open config/raven.yaml: no such file or directory
Server: + Ready for literal data
2026/06/13 08:51:57 APPEND expecting 56 bytes literal
2026/06/13 08:51:57 APPEND successfully read 56 bytes
2026/06/13 08:51:57 Warning: Failed to read trailing CRLF after literal data: use of closed network connection
DEBUG ParseMIMEMessage: Content-Type='text/plain; charset=us-ascii'
DEBUG ParseMIMEMessage: mediaType='text/plain', boundary=''
DEBUG ParseMIMEMessage: Single-part message (not multipart)
DEBUG StoreMessage: Stored part idx=0 (type=text/plain) as db_id=1 with part_number=1 (parent_db_id={0 false})
2026/06/13 08:51:57 Message appended to folder 'Trash' with UID 1
Server: A017 OK [APPENDUID 1781340717 1] APPEND completed
--- PASS: TestAppendCommand_AllDefaultMailboxes (0.78s)
    --- PASS: TestAppendCommand_AllDefaultMailboxes/INBOX (0.14s)
    --- PASS: TestAppendCommand_AllDefaultMailboxes/Sent (0.19s)
    --- PASS: TestAppendCommand_AllDefaultMailboxes/Drafts (0.23s)
    --- PASS: TestAppendCommand_AllDefaultMailboxes/Trash (0.23s)
=== RUN   TestAppendCommand_ReturnsAppendUID
2026/06/13 08:51:57 IMAP OAUTHBEARER: config load skipped at init: open config/raven.yaml: no such file or directory
Server: + Ready for literal data
2026/06/13 08:51:57 APPEND expecting 51 bytes literal
2026/06/13 08:51:57 APPEND successfully read 51 bytes
2026/06/13 08:51:57 Warning: Failed to read trailing CRLF after literal data: use of closed network connection
DEBUG ParseMIMEMessage: Content-Type='text/plain; charset=us-ascii'
DEBUG ParseMIMEMessage: mediaType='text/plain', boundary=''
DEBUG ParseMIMEMessage: Single-part message (not multipart)
DEBUG StoreMessage: Stored part idx=0 (type=text/plain) as db_id=1 with part_number=1 (parent_db_id={0 false})
2026/06/13 08:51:57 Message appended to folder 'INBOX' with UID 1
Server: A018 OK [APPENDUID 1781340717 1] APPEND completed
--- PASS: TestAppendCommand_ReturnsAppendUID (0.17s)
=== RUN   TestAppendCommand_MessageParsing
2026/06/13 08:51:57 IMAP OAUTHBEARER: config load skipped at init: open config/raven.yaml: no such file or directory
Server: + Ready for literal data
2026/06/13 08:51:57 APPEND expecting 133 bytes literal
2026/06/13 08:51:57 APPEND successfully read 133 bytes
2026/06/13 08:51:57 Warning: Failed to read trailing CRLF after literal data: use of closed network connection
DEBUG ParseMIMEMessage: Content-Type='text/plain; charset=us-ascii'
DEBUG ParseMIMEMessage: mediaType='text/plain', boundary=''
DEBUG ParseMIMEMessage: Single-part message (not multipart)
DEBUG StoreMessage: Stored part idx=0 (type=text/plain) as db_id=1 with part_number=1 (parent_db_id={0 false})
2026/06/13 08:51:57 Message appended to folder 'INBOX' with UID 1
Server: A019 OK [APPENDUID 1781340717 1] APPEND completed
--- PASS: TestAppendCommand_MessageParsing (0.11s)
=== RUN   TestAppendCommand_LiteralPlus
2026/06/13 08:51:57 IMAP OAUTHBEARER: config load skipped at init: open config/raven.yaml: no such file or directory
2026/06/13 08:51:57 APPEND expecting 58 bytes literal
2026/06/13 08:51:57 APPEND successfully read 58 bytes
2026/06/13 08:51:57 Warning: Failed to read trailing CRLF after literal data: use of closed network connection
DEBUG ParseMIMEMessage: Content-Type='text/plain; charset=us-ascii'
DEBUG ParseMIMEMessage: mediaType='text/plain', boundary=''
DEBUG ParseMIMEMessage: Single-part message (not multipart)
DEBUG StoreMessage: Stored part idx=0 (type=text/plain) as db_id=1 with part_number=1 (parent_db_id={0 false})
2026/06/13 08:51:57 Message appended to folder 'INBOX' with UID 1
Server: A020 OK [APPENDUID 1781340717 1] APPEND completed
--- PASS: TestAppendCommand_LiteralPlus (0.36s)
=== RUN   TestCheckCommand_Unauthenticated
2026/06/13 08:51:57 IMAP OAUTHBEARER: config load skipped at init: open config/raven.yaml: no such file or directory
Server: C001 NO Please authenticate first
--- PASS: TestCheckCommand_Unauthenticated (0.15s)
=== RUN   TestCheckCommand_AuthenticatedNoMailbox
2026/06/13 08:51:57 IMAP OAUTHBEARER: config load skipped at init: open config/raven.yaml: no such file or directory
Server: C002 NO No mailbox selected
--- PASS: TestCheckCommand_AuthenticatedNoMailbox (0.21s)
=== RUN   TestCheckCommand_WithSelectedMailbox
2026/06/13 08:51:58 IMAP OAUTHBEARER: config load skipped at init: open config/raven.yaml: no such file or directory
Server: C003 OK CHECK completed
--- PASS: TestCheckCommand_WithSelectedMailbox (0.23s)
=== RUN   TestCheckCommand_NoExistsResponse
2026/06/13 08:51:58 IMAP OAUTHBEARER: config load skipped at init: open config/raven.yaml: no such file or directory
Server: C004 OK CHECK completed
--- PASS: TestCheckCommand_NoExistsResponse (0.36s)
=== RUN   TestCheckCommand_AlwaysSucceeds
2026/06/13 08:51:58 IMAP OAUTHBEARER: config load skipped at init: open config/raven.yaml: no such file or directory
Server: T001 OK CHECK completed
--- PASS: TestCheckCommand_AlwaysSucceeds (0.14s)
=== RUN   TestCheckCommand_ResponseFormat
2026/06/13 08:51:58 IMAP OAUTHBEARER: config load skipped at init: open config/raven.yaml: no such file or directory
Server: FORMAT OK CHECK completed
--- PASS: TestCheckCommand_ResponseFormat (0.24s)
=== RUN   TestCheckCommand_MultipleInvocations
2026/06/13 08:51:59 IMAP OAUTHBEARER: config load skipped at init: open config/raven.yaml: no such file or directory
Server: M001 OK CHECK completed
Server: M002 OK CHECK completed
Server: M003 OK CHECK completed
--- PASS: TestCheckCommand_MultipleInvocations (0.16s)
=== RUN   TestCheckCommand_StateTracking
2026/06/13 08:51:59 IMAP OAUTHBEARER: config load skipped at init: open config/raven.yaml: no such file or directory
Server: TRACK OK CHECK completed
    check_test.go:264: Initial: count=0, recent=0; After: count=0, recent=0
--- PASS: TestCheckCommand_StateTracking (0.13s)
=== RUN   TestCheckCommand_TagHandling
=== RUN   TestCheckCommand_TagHandling/Tag_A001
2026/06/13 08:51:59 IMAP OAUTHBEARER: config load skipped at init: open config/raven.yaml: no such file or directory
Server: A001 OK CHECK completed
=== RUN   TestCheckCommand_TagHandling/Tag_check1
2026/06/13 08:51:59 IMAP OAUTHBEARER: config load skipped at init: open config/raven.yaml: no such file or directory
Server: check1 OK CHECK completed
=== RUN   TestCheckCommand_TagHandling/Tag_TAG-123
2026/06/13 08:51:59 IMAP OAUTHBEARER: config load skipped at init: open config/raven.yaml: no such file or directory
Server: TAG-123 OK CHECK completed
=== RUN   TestCheckCommand_TagHandling/Tag_*
2026/06/13 08:52:00 IMAP OAUTHBEARER: config load skipped at init: open config/raven.yaml: no such file or directory
Server: * OK CHECK completed
=== RUN   TestCheckCommand_TagHandling/Tag_
2026/06/13 08:52:00 IMAP OAUTHBEARER: config load skipped at init: open config/raven.yaml: no such file or directory
Server:  OK CHECK completed
=== RUN   TestCheckCommand_TagHandling/Tag_VERY-LONG-TAG-NAME-FOR-CHECK
2026/06/13 08:52:00 IMAP OAUTHBEARER: config load skipped at init: open config/raven.yaml: no such file or directory
Server: VERY-LONG-TAG-NAME-FOR-CHECK OK CHECK completed
--- PASS: TestCheckCommand_TagHandling (1.11s)
    --- PASS: TestCheckCommand_TagHandling/Tag_A001 (0.17s)
    --- PASS: TestCheckCommand_TagHandling/Tag_check1 (0.34s)
    --- PASS: TestCheckCommand_TagHandling/Tag_TAG-123 (0.15s)
    --- PASS: TestCheckCommand_TagHandling/Tag_* (0.11s)
    --- PASS: TestCheckCommand_TagHandling/Tag_ (0.18s)
    --- PASS: TestCheckCommand_TagHandling/Tag_VERY-LONG-TAG-NAME-FOR-CHECK (0.16s)
=== RUN   TestCheckCommand_ConcurrentAccess
2026/06/13 08:52:00 IMAP OAUTHBEARER: config load skipped at init: open config/raven.yaml: no such file or directory
Server: CONCURRENT OK CHECK completed
Server: CONCURRENT OK CHECK completed
Server: CONCURRENT OK CHECK completed
Server: CONCURRENT OK CHECK completed
Server: CONCURRENT OK CHECK completed
Server: CONCURRENT OK CHECK completed
Server: CONCURRENT OK CHECK completed
Server: CONCURRENT OK CHECK completed
Server: CONCURRENT OK CHECK completed
Server: CONCURRENT OK CHECK completed
Server: CONCURRENT OK CHECK completed
Server: CONCURRENT OK CHECK completed
Server: CONCURRENT OK CHECK completed
Server: CONCURRENT OK CHECK completed
Server: CONCURRENT OK CHECK completed
Server: CONCURRENT OK CHECK completed
Server: CONCURRENT OK CHECK completed
Server: CONCURRENT OK CHECK completed
Server: CONCURRENT OK CHECK completed
Server: CONCURRENT OK CHECK completed
--- PASS: TestCheckCommand_ConcurrentAccess (0.38s)
=== RUN   TestCheckCommand_RFC3501Compliance
=== RUN   TestCheckCommand_RFC3501Compliance/Requires_Selected_state
2026/06/13 08:52:00 IMAP OAUTHBEARER: config load skipped at init: open config/raven.yaml: no such file or directory
Server: RFC1 NO No mailbox selected
=== RUN   TestCheckCommand_RFC3501Compliance/Always_succeeds_in_Selected_state
2026/06/13 08:52:01 IMAP OAUTHBEARER: config load skipped at init: open config/raven.yaml: no such file or directory
Server: RFC2 OK CHECK completed
=== RUN   TestCheckCommand_RFC3501Compliance/No_guaranteed_EXISTS_response
2026/06/13 08:52:01 IMAP OAUTHBEARER: config load skipped at init: open config/raven.yaml: no such file or directory
Server: RFC3 OK CHECK completed
Server: RFC3 OK CHECK completed
Server: RFC3 OK CHECK completed
=== RUN   TestCheckCommand_RFC3501Compliance/Housekeeping_operation
2026/06/13 08:52:01 IMAP OAUTHBEARER: config load skipped at init: open config/raven.yaml: no such file or directory
Server: RFC4 OK CHECK completed
--- PASS: TestCheckCommand_RFC3501Compliance (0.86s)
    --- PASS: TestCheckCommand_RFC3501Compliance/Requires_Selected_state (0.25s)
    --- PASS: TestCheckCommand_RFC3501Compliance/Always_succeeds_in_Selected_state (0.19s)
    --- PASS: TestCheckCommand_RFC3501Compliance/No_guaranteed_EXISTS_response (0.27s)
    --- PASS: TestCheckCommand_RFC3501Compliance/Housekeeping_operation (0.15s)
=== RUN   TestCheckCommand_VsNoop
=== RUN   TestCheckCommand_VsNoop/CHECK_requires_Selected_state,_NOOP_does_not
2026/06/13 08:52:01 IMAP OAUTHBEARER: config load skipped at init: open config/raven.yaml: no such file or directory
Server: N001 OK NOOP completed
Server: C001 NO No mailbox selected
=== RUN   TestCheckCommand_VsNoop/NOOP_used_for_polling,_CHECK_for_housekeeping
2026/06/13 08:52:01 IMAP OAUTHBEARER: config load skipped at init: open config/raven.yaml: no such file or directory
Server: C001 OK CHECK completed
--- PASS: TestCheckCommand_VsNoop (0.33s)
    --- PASS: TestCheckCommand_VsNoop/CHECK_requires_Selected_state,_NOOP_does_not (0.12s)
    --- PASS: TestCheckCommand_VsNoop/NOOP_used_for_polling,_CHECK_for_housekeeping (0.20s)
=== RUN   TestCopyCommand_Unauthenticated
2026/06/13 08:52:02 IMAP OAUTHBEARER: config load skipped at init: open config/raven.yaml: no such file or directory
Server: C001 NO Please authenticate first
--- PASS: TestCopyCommand_Unauthenticated (0.17s)
=== RUN   TestCopyCommand_NoMailboxSelected
2026/06/13 08:52:02 IMAP OAUTHBEARER: config load skipped at init: open config/raven.yaml: no such file or directory
Server: C002 NO No mailbox selected
--- PASS: TestCopyCommand_NoMailboxSelected (0.12s)
=== RUN   TestCopyCommand_DestinationNotExists
2026/06/13 08:52:02 IMAP OAUTHBEARER: config load skipped at init: open config/raven.yaml: no such file or directory
DEBUG ParseMIMEMessage: Content-Type='text/plain; charset=us-ascii'
DEBUG ParseMIMEMessage: mediaType='text/plain', boundary=''
DEBUG ParseMIMEMessage: Single-part message (not multipart)
DEBUG StoreMessage: Stored part idx=0 (type=text/plain) as db_id=1 with part_number=1 (parent_db_id={0 false})
Server: C003 NO [TRYCREATE] Destination mailbox does not exist
--- PASS: TestCopyCommand_DestinationNotExists (0.21s)
=== RUN   TestCopyCommand_SingleMessage
2026/06/13 08:52:02 IMAP OAUTHBEARER: config load skipped at init: open config/raven.yaml: no such file or directory
DEBUG ParseMIMEMessage: Content-Type='text/plain; charset=us-ascii'
DEBUG ParseMIMEMessage: mediaType='text/plain', boundary=''
DEBUG ParseMIMEMessage: Single-part message (not multipart)
DEBUG StoreMessage: Stored part idx=0 (type=text/plain) as db_id=1 with part_number=1 (parent_db_id={0 false})
Server: C004 OK COPY completed
--- PASS: TestCopyCommand_SingleMessage (0.21s)
=== RUN   TestCopyCommand_RFC3501Example
2026/06/13 08:52:02 IMAP OAUTHBEARER: config load skipped at init: open config/raven.yaml: no such file or directory
DEBUG ParseMIMEMessage: Content-Type='text/plain; charset=us-ascii'
DEBUG ParseMIMEMessage: mediaType='text/plain', boundary=''
DEBUG ParseMIMEMessage: Single-part message (not multipart)
DEBUG StoreMessage: Stored part idx=0 (type=text/plain) as db_id=1 with part_number=1 (parent_db_id={0 false})
DEBUG ParseMIMEMessage: Content-Type='text/plain; charset=us-ascii'
DEBUG ParseMIMEMessage: mediaType='text/plain', boundary=''
DEBUG ParseMIMEMessage: Single-part message (not multipart)
DEBUG StoreMessage: Stored part idx=0 (type=text/plain) as db_id=2 with part_number=1 (parent_db_id={0 false})
DEBUG ParseMIMEMessage: Content-Type='text/plain; charset=us-ascii'
DEBUG ParseMIMEMessage: mediaType='text/plain', boundary=''
DEBUG ParseMIMEMessage: Single-part message (not multipart)
DEBUG StoreMessage: Stored part idx=0 (type=text/plain) as db_id=3 with part_number=1 (parent_db_id={0 false})
DEBUG ParseMIMEMessage: Content-Type='text/plain; charset=us-ascii'
DEBUG ParseMIMEMessage: mediaType='text/plain', boundary=''
DEBUG ParseMIMEMessage: Single-part message (not multipart)
DEBUG StoreMessage: Stored part idx=0 (type=text/plain) as db_id=4 with part_number=1 (parent_db_id={0 false})
Server: A003 OK COPY completed
--- PASS: TestCopyCommand_RFC3501Example (0.20s)
=== RUN   TestCopyCommand_PreserveFlags
2026/06/13 08:52:02 IMAP OAUTHBEARER: config load skipped at init: open config/raven.yaml: no such file or directory
DEBUG ParseMIMEMessage: Content-Type='text/plain; charset=us-ascii'
DEBUG ParseMIMEMessage: mediaType='text/plain', boundary=''
DEBUG ParseMIMEMessage: Single-part message (not multipart)
DEBUG StoreMessage: Stored part idx=0 (type=text/plain) as db_id=1 with part_number=1 (parent_db_id={0 false})
Server: C005 OK COPY completed
--- PASS: TestCopyCommand_PreserveFlags (0.17s)
=== RUN   TestCopyCommand_PreserveInternalDate
2026/06/13 08:52:03 IMAP OAUTHBEARER: config load skipped at init: open config/raven.yaml: no such file or directory
DEBUG ParseMIMEMessage: Content-Type='text/plain; charset=us-ascii'
DEBUG ParseMIMEMessage: mediaType='text/plain', boundary=''
DEBUG ParseMIMEMessage: Single-part message (not multipart)
DEBUG StoreMessage: Stored part idx=0 (type=text/plain) as db_id=1 with part_number=1 (parent_db_id={0 false})
Server: C006 OK COPY completed
--- PASS: TestCopyCommand_PreserveInternalDate (0.24s)
=== RUN   TestCopyCommand_MultipleMessages
2026/06/13 08:52:03 IMAP OAUTHBEARER: config load skipped at init: open config/raven.yaml: no such file or directory
DEBUG ParseMIMEMessage: Content-Type='text/plain; charset=us-ascii'
DEBUG ParseMIMEMessage: mediaType='text/plain', boundary=''
DEBUG ParseMIMEMessage: Single-part message (not multipart)
DEBUG StoreMessage: Stored part idx=0 (type=text/plain) as db_id=1 with part_number=1 (parent_db_id={0 false})
DEBUG ParseMIMEMessage: Content-Type='text/plain; charset=us-ascii'
DEBUG ParseMIMEMessage: mediaType='text/plain', boundary=''
DEBUG ParseMIMEMessage: Single-part message (not multipart)
DEBUG StoreMessage: Stored part idx=0 (type=text/plain) as db_id=2 with part_number=1 (parent_db_id={0 false})
DEBUG ParseMIMEMessage: Content-Type='text/plain; charset=us-ascii'
DEBUG ParseMIMEMessage: mediaType='text/plain', boundary=''
DEBUG ParseMIMEMessage: Single-part message (not multipart)
DEBUG StoreMessage: Stored part idx=0 (type=text/plain) as db_id=3 with part_number=1 (parent_db_id={0 false})
Server: C007 OK COPY completed
--- PASS: TestCopyCommand_MultipleMessages (0.18s)
=== RUN   TestCopyCommand_InvalidSequenceSet
2026/06/13 08:52:03 IMAP OAUTHBEARER: config load skipped at init: open config/raven.yaml: no such file or directory
Server: C008 BAD Invalid sequence set
--- PASS: TestCopyCommand_InvalidSequenceSet (0.15s)
=== RUN   TestCopyCommand_BadSyntax
2026/06/13 08:52:03 IMAP OAUTHBEARER: config load skipped at init: open config/raven.yaml: no such file or directory
Server: C009 BAD Invalid COPY command syntax
--- PASS: TestCopyCommand_BadSyntax (0.09s)
=== RUN   TestCopyCommand_QuotedMailboxName
2026/06/13 08:52:03 IMAP OAUTHBEARER: config load skipped at init: open config/raven.yaml: no such file or directory
DEBUG ParseMIMEMessage: Content-Type='text/plain; charset=us-ascii'
DEBUG ParseMIMEMessage: mediaType='text/plain', boundary=''
DEBUG ParseMIMEMessage: Single-part message (not multipart)
DEBUG StoreMessage: Stored part idx=0 (type=text/plain) as db_id=1 with part_number=1 (parent_db_id={0 false})
Server: C010 OK COPY completed
--- PASS: TestCopyCommand_QuotedMailboxName (0.37s)
=== RUN   TestCopyCommand_AllMessages
2026/06/13 08:52:04 IMAP OAUTHBEARER: config load skipped at init: open config/raven.yaml: no such file or directory
DEBUG ParseMIMEMessage: Content-Type='text/plain; charset=us-ascii'
DEBUG ParseMIMEMessage: mediaType='text/plain', boundary=''
DEBUG ParseMIMEMessage: Single-part message (not multipart)
DEBUG StoreMessage: Stored part idx=0 (type=text/plain) as db_id=1 with part_number=1 (parent_db_id={0 false})
DEBUG ParseMIMEMessage: Content-Type='text/plain; charset=us-ascii'
DEBUG ParseMIMEMessage: mediaType='text/plain', boundary=''
DEBUG ParseMIMEMessage: Single-part message (not multipart)
DEBUG StoreMessage: Stored part idx=0 (type=text/plain) as db_id=2 with part_number=1 (parent_db_id={0 false})
DEBUG ParseMIMEMessage: Content-Type='text/plain; charset=us-ascii'
DEBUG ParseMIMEMessage: mediaType='text/plain', boundary=''
DEBUG ParseMIMEMessage: Single-part message (not multipart)
DEBUG StoreMessage: Stored part idx=0 (type=text/plain) as db_id=3 with part_number=1 (parent_db_id={0 false})
Server: C011 OK COPY completed
--- PASS: TestCopyCommand_AllMessages (0.20s)
=== RUN   TestCopyCommand_RangeWithStar
2026/06/13 08:52:04 IMAP OAUTHBEARER: config load skipped at init: open config/raven.yaml: no such file or directory
DEBUG ParseMIMEMessage: Content-Type='text/plain; charset=us-ascii'
DEBUG ParseMIMEMessage: mediaType='text/plain', boundary=''
DEBUG ParseMIMEMessage: Single-part message (not multipart)
DEBUG StoreMessage: Stored part idx=0 (type=text/plain) as db_id=1 with part_number=1 (parent_db_id={0 false})
DEBUG ParseMIMEMessage: Content-Type='text/plain; charset=us-ascii'
DEBUG ParseMIMEMessage: mediaType='text/plain', boundary=''
DEBUG ParseMIMEMessage: Single-part message (not multipart)
DEBUG StoreMessage: Stored part idx=0 (type=text/plain) as db_id=2 with part_number=1 (parent_db_id={0 false})
DEBUG ParseMIMEMessage: Content-Type='text/plain; charset=us-ascii'
DEBUG ParseMIMEMessage: mediaType='text/plain', boundary=''
DEBUG ParseMIMEMessage: Single-part message (not multipart)
DEBUG StoreMessage: Stored part idx=0 (type=text/plain) as db_id=3 with part_number=1 (parent_db_id={0 false})
DEBUG ParseMIMEMessage: Content-Type='text/plain; charset=us-ascii'
DEBUG ParseMIMEMessage: mediaType='text/plain', boundary=''
DEBUG ParseMIMEMessage: Single-part message (not multipart)
DEBUG StoreMessage: Stored part idx=0 (type=text/plain) as db_id=4 with part_number=1 (parent_db_id={0 false})
Server: C012 OK COPY completed
--- PASS: TestCopyCommand_RangeWithStar (0.17s)
=== RUN   TestCopyCommand_TagHandling
2026/06/13 08:52:04 IMAP OAUTHBEARER: config load skipped at init: open config/raven.yaml: no such file or directory
DEBUG ParseMIMEMessage: Content-Type='text/plain; charset=us-ascii'
DEBUG ParseMIMEMessage: mediaType='text/plain', boundary=''
DEBUG ParseMIMEMessage: Single-part message (not multipart)
DEBUG StoreMessage: Stored part idx=0 (type=text/plain) as db_id=1 with part_number=1 (parent_db_id={0 false})
=== RUN   TestCopyCommand_TagHandling/Tag_A001
Server: A001 OK COPY completed
=== RUN   TestCopyCommand_TagHandling/Tag_copy1
Server: copy1 OK COPY completed
=== RUN   TestCopyCommand_TagHandling/Tag_TAG-123
Server: TAG-123 OK COPY completed
--- PASS: TestCopyCommand_TagHandling (0.35s)
    --- PASS: TestCopyCommand_TagHandling/Tag_A001 (0.00s)
    --- PASS: TestCopyCommand_TagHandling/Tag_copy1 (0.00s)
    --- PASS: TestCopyCommand_TagHandling/Tag_TAG-123 (0.00s)
=== RUN   TestCopyCommand_AtomicOperation
2026/06/13 08:52:04 IMAP OAUTHBEARER: config load skipped at init: open config/raven.yaml: no such file or directory
DEBUG ParseMIMEMessage: Content-Type='text/plain; charset=us-ascii'
DEBUG ParseMIMEMessage: mediaType='text/plain', boundary=''
DEBUG ParseMIMEMessage: Single-part message (not multipart)
DEBUG StoreMessage: Stored part idx=0 (type=text/plain) as db_id=1 with part_number=1 (parent_db_id={0 false})
Server: C013 OK COPY completed
--- PASS: TestCopyCommand_AtomicOperation (0.17s)
=== RUN   TestExpungeCommand_Unauthenticated
2026/06/13 08:52:05 IMAP OAUTHBEARER: config load skipped at init: open config/raven.yaml: no such file or directory
Server: E001 NO Please authenticate first
--- PASS: TestExpungeCommand_Unauthenticated (0.26s)
=== RUN   TestExpungeCommand_AuthenticatedNoMailbox
2026/06/13 08:52:05 IMAP OAUTHBEARER: config load skipped at init: open config/raven.yaml: no such file or directory
Server: E002 NO No mailbox selected
--- PASS: TestExpungeCommand_AuthenticatedNoMailbox (0.31s)
=== RUN   TestExpungeCommand_NoDeletedMessages
2026/06/13 08:52:05 IMAP OAUTHBEARER: config load skipped at init: open config/raven.yaml: no such file or directory
DEBUG ParseMIMEMessage: Content-Type='text/plain; charset=us-ascii'
DEBUG ParseMIMEMessage: mediaType='text/plain', boundary=''
DEBUG ParseMIMEMessage: Single-part message (not multipart)
DEBUG StoreMessage: Stored part idx=0 (type=text/plain) as db_id=1 with part_number=1 (parent_db_id={0 false})
DEBUG ParseMIMEMessage: Content-Type='text/plain; charset=us-ascii'
DEBUG ParseMIMEMessage: mediaType='text/plain', boundary=''
DEBUG ParseMIMEMessage: Single-part message (not multipart)
DEBUG StoreMessage: Stored part idx=0 (type=text/plain) as db_id=2 with part_number=1 (parent_db_id={0 false})
Server: E003 OK EXPUNGE completed
--- PASS: TestExpungeCommand_NoDeletedMessages (0.31s)
=== RUN   TestExpungeCommand_SingleDeletedMessage
2026/06/13 08:52:05 IMAP OAUTHBEARER: config load skipped at init: open config/raven.yaml: no such file or directory
DEBUG ParseMIMEMessage: Content-Type='text/plain; charset=us-ascii'
DEBUG ParseMIMEMessage: mediaType='text/plain', boundary=''
DEBUG ParseMIMEMessage: Single-part message (not multipart)
DEBUG StoreMessage: Stored part idx=0 (type=text/plain) as db_id=1 with part_number=1 (parent_db_id={0 false})
DEBUG ParseMIMEMessage: Content-Type='text/plain; charset=us-ascii'
DEBUG ParseMIMEMessage: mediaType='text/plain', boundary=''
DEBUG ParseMIMEMessage: Single-part message (not multipart)
DEBUG StoreMessage: Stored part idx=0 (type=text/plain) as db_id=2 with part_number=1 (parent_db_id={0 false})
DEBUG ParseMIMEMessage: Content-Type='text/plain; charset=us-ascii'
DEBUG ParseMIMEMessage: mediaType='text/plain', boundary=''
DEBUG ParseMIMEMessage: Single-part message (not multipart)
DEBUG StoreMessage: Stored part idx=0 (type=text/plain) as db_id=3 with part_number=1 (parent_db_id={0 false})
Server: * 2 EXPUNGE
Server: E004 OK EXPUNGE completed
--- PASS: TestExpungeCommand_SingleDeletedMessage (0.20s)
=== RUN   TestExpungeCommand_MultipleDeletedMessages
2026/06/13 08:52:06 IMAP OAUTHBEARER: config load skipped at init: open config/raven.yaml: no such file or directory
DEBUG ParseMIMEMessage: Content-Type='text/plain; charset=us-ascii'
DEBUG ParseMIMEMessage: mediaType='text/plain', boundary=''
DEBUG ParseMIMEMessage: Single-part message (not multipart)
DEBUG StoreMessage: Stored part idx=0 (type=text/plain) as db_id=1 with part_number=1 (parent_db_id={0 false})
DEBUG ParseMIMEMessage: Content-Type='text/plain; charset=us-ascii'
DEBUG ParseMIMEMessage: mediaType='text/plain', boundary=''
DEBUG ParseMIMEMessage: Single-part message (not multipart)
DEBUG StoreMessage: Stored part idx=0 (type=text/plain) as db_id=2 with part_number=1 (parent_db_id={0 false})
DEBUG ParseMIMEMessage: Content-Type='text/plain; charset=us-ascii'
DEBUG ParseMIMEMessage: mediaType='text/plain', boundary=''
DEBUG ParseMIMEMessage: Single-part message (not multipart)
DEBUG StoreMessage: Stored part idx=0 (type=text/plain) as db_id=3 with part_number=1 (parent_db_id={0 false})
DEBUG ParseMIMEMessage: Content-Type='text/plain; charset=us-ascii'
DEBUG ParseMIMEMessage: mediaType='text/plain', boundary=''
DEBUG ParseMIMEMessage: Single-part message (not multipart)
DEBUG StoreMessage: Stored part idx=0 (type=text/plain) as db_id=4 with part_number=1 (parent_db_id={0 false})
DEBUG ParseMIMEMessage: Content-Type='text/plain; charset=us-ascii'
DEBUG ParseMIMEMessage: mediaType='text/plain', boundary=''
DEBUG ParseMIMEMessage: Single-part message (not multipart)
DEBUG StoreMessage: Stored part idx=0 (type=text/plain) as db_id=5 with part_number=1 (parent_db_id={0 false})
DEBUG ParseMIMEMessage: Content-Type='text/plain; charset=us-ascii'
DEBUG ParseMIMEMessage: mediaType='text/plain', boundary=''
DEBUG ParseMIMEMessage: Single-part message (not multipart)
DEBUG StoreMessage: Stored part idx=0 (type=text/plain) as db_id=6 with part_number=1 (parent_db_id={0 false})
DEBUG ParseMIMEMessage: Content-Type='text/plain; charset=us-ascii'
DEBUG ParseMIMEMessage: mediaType='text/plain', boundary=''
DEBUG ParseMIMEMessage: Single-part message (not multipart)
DEBUG StoreMessage: Stored part idx=0 (type=text/plain) as db_id=7 with part_number=1 (parent_db_id={0 false})
DEBUG ParseMIMEMessage: Content-Type='text/plain; charset=us-ascii'
DEBUG ParseMIMEMessage: mediaType='text/plain', boundary=''
DEBUG ParseMIMEMessage: Single-part message (not multipart)
DEBUG StoreMessage: Stored part idx=0 (type=text/plain) as db_id=8 with part_number=1 (parent_db_id={0 false})
DEBUG ParseMIMEMessage: Content-Type='text/plain; charset=us-ascii'
DEBUG ParseMIMEMessage: mediaType='text/plain', boundary=''
DEBUG ParseMIMEMessage: Single-part message (not multipart)
DEBUG StoreMessage: Stored part idx=0 (type=text/plain) as db_id=9 with part_number=1 (parent_db_id={0 false})
DEBUG ParseMIMEMessage: Content-Type='text/plain; charset=us-ascii'
DEBUG ParseMIMEMessage: mediaType='text/plain', boundary=''
DEBUG ParseMIMEMessage: Single-part message (not multipart)
DEBUG StoreMessage: Stored part idx=0 (type=text/plain) as db_id=10 with part_number=1 (parent_db_id={0 false})
DEBUG ParseMIMEMessage: Content-Type='text/plain; charset=us-ascii'
DEBUG ParseMIMEMessage: mediaType='text/plain', boundary=''
DEBUG ParseMIMEMessage: Single-part message (not multipart)
DEBUG StoreMessage: Stored part idx=0 (type=text/plain) as db_id=11 with part_number=1 (parent_db_id={0 false})
Server: * 3 EXPUNGE
Server: * 3 EXPUNGE
Server: * 5 EXPUNGE
Server: * 8 EXPUNGE
Server: A202 OK EXPUNGE completed
--- PASS: TestExpungeCommand_MultipleDeletedMessages (0.46s)
=== RUN   TestExpungeCommand_StateUpdate
2026/06/13 08:52:06 IMAP OAUTHBEARER: config load skipped at init: open config/raven.yaml: no such file or directory
DEBUG ParseMIMEMessage: Content-Type='text/plain; charset=us-ascii'
DEBUG ParseMIMEMessage: mediaType='text/plain', boundary=''
DEBUG ParseMIMEMessage: Single-part message (not multipart)
DEBUG StoreMessage: Stored part idx=0 (type=text/plain) as db_id=1 with part_number=1 (parent_db_id={0 false})
DEBUG ParseMIMEMessage: Content-Type='text/plain; charset=us-ascii'
DEBUG ParseMIMEMessage: mediaType='text/plain', boundary=''
DEBUG ParseMIMEMessage: Single-part message (not multipart)
DEBUG StoreMessage: Stored part idx=0 (type=text/plain) as db_id=2 with part_number=1 (parent_db_id={0 false})
Server: * 1 EXPUNGE
Server: E005 OK EXPUNGE completed
--- PASS: TestExpungeCommand_StateUpdate (0.22s)
=== RUN   TestExpungeCommand_ResponseFormat
2026/06/13 08:52:06 IMAP OAUTHBEARER: config load skipped at init: open config/raven.yaml: no such file or directory
Server: FORMAT OK EXPUNGE completed
--- PASS: TestExpungeCommand_ResponseFormat (0.18s)
=== RUN   TestExpungeCommand_TagHandling
=== RUN   TestExpungeCommand_TagHandling/Tag_A001
2026/06/13 08:52:07 IMAP OAUTHBEARER: config load skipped at init: open config/raven.yaml: no such file or directory
Server: A001 OK EXPUNGE completed
=== RUN   TestExpungeCommand_TagHandling/Tag_expunge1
2026/06/13 08:52:07 IMAP OAUTHBEARER: config load skipped at init: open config/raven.yaml: no such file or directory
Server: expunge1 OK EXPUNGE completed
=== RUN   TestExpungeCommand_TagHandling/Tag_TAG-123
2026/06/13 08:52:07 IMAP OAUTHBEARER: config load skipped at init: open config/raven.yaml: no such file or directory
Server: TAG-123 OK EXPUNGE completed
=== RUN   TestExpungeCommand_TagHandling/Tag_*
2026/06/13 08:52:07 IMAP OAUTHBEARER: config load skipped at init: open config/raven.yaml: no such file or directory
Server: * OK EXPUNGE completed
=== RUN   TestExpungeCommand_TagHandling/Tag_
2026/06/13 08:52:07 IMAP OAUTHBEARER: config load skipped at init: open config/raven.yaml: no such file or directory
Server:  OK EXPUNGE completed
--- PASS: TestExpungeCommand_TagHandling (0.86s)
    --- PASS: TestExpungeCommand_TagHandling/Tag_A001 (0.26s)
    --- PASS: TestExpungeCommand_TagHandling/Tag_expunge1 (0.24s)
    --- PASS: TestExpungeCommand_TagHandling/Tag_TAG-123 (0.09s)
    --- PASS: TestExpungeCommand_TagHandling/Tag_* (0.15s)
    --- PASS: TestExpungeCommand_TagHandling/Tag_ (0.11s)
=== RUN   TestExpungeCommand_RFC3501Compliance
=== RUN   TestExpungeCommand_RFC3501Compliance/Requires_Selected_state
2026/06/13 08:52:07 IMAP OAUTHBEARER: config load skipped at init: open config/raven.yaml: no such file or directory
Server: RFC1 NO No mailbox selected
=== RUN   TestExpungeCommand_RFC3501Compliance/Always_succeeds_in_Selected_state
2026/06/13 08:52:08 IMAP OAUTHBEARER: config load skipped at init: open config/raven.yaml: no such file or directory
Server: RFC2 OK EXPUNGE completed
=== RUN   TestExpungeCommand_RFC3501Compliance/Sends_EXPUNGE_responses
2026/06/13 08:52:08 IMAP OAUTHBEARER: config load skipped at init: open config/raven.yaml: no such file or directory
DEBUG ParseMIMEMessage: Content-Type='text/plain; charset=us-ascii'
DEBUG ParseMIMEMessage: mediaType='text/plain', boundary=''
DEBUG ParseMIMEMessage: Single-part message (not multipart)
DEBUG StoreMessage: Stored part idx=0 (type=text/plain) as db_id=1 with part_number=1 (parent_db_id={0 false})
Server: * 1 EXPUNGE
Server: RFC3 OK EXPUNGE completed
=== RUN   TestExpungeCommand_RFC3501Compliance/Stays_in_Selected_state
2026/06/13 08:52:08 IMAP OAUTHBEARER: config load skipped at init: open config/raven.yaml: no such file or directory
Server: RFC4 OK EXPUNGE completed
--- PASS: TestExpungeCommand_RFC3501Compliance (1.12s)
    --- PASS: TestExpungeCommand_RFC3501Compliance/Requires_Selected_state (0.19s)
    --- PASS: TestExpungeCommand_RFC3501Compliance/Always_succeeds_in_Selected_state (0.12s)
    --- PASS: TestExpungeCommand_RFC3501Compliance/Sends_EXPUNGE_responses (0.37s)
    --- PASS: TestExpungeCommand_RFC3501Compliance/Stays_in_Selected_state (0.44s)
=== RUN   TestExpungeCommand_VsClose
=== RUN   TestExpungeCommand_VsClose/EXPUNGE_sends_responses,_CLOSE_does_not
2026/06/13 08:52:09 IMAP OAUTHBEARER: config load skipped at init: open config/raven.yaml: no such file or directory
DEBUG ParseMIMEMessage: Content-Type='text/plain; charset=us-ascii'
DEBUG ParseMIMEMessage: mediaType='text/plain', boundary=''
DEBUG ParseMIMEMessage: Single-part message (not multipart)
DEBUG StoreMessage: Stored part idx=0 (type=text/plain) as db_id=1 with part_number=1 (parent_db_id={0 false})
Server: * 1 EXPUNGE
Server: E001 OK EXPUNGE completed
2026/06/13 08:52:09 IMAP OAUTHBEARER: config load skipped at init: open config/raven.yaml: no such file or directory
DEBUG ParseMIMEMessage: Content-Type='text/plain; charset=us-ascii'
DEBUG ParseMIMEMessage: mediaType='text/plain', boundary=''
DEBUG ParseMIMEMessage: Single-part message (not multipart)
DEBUG StoreMessage: Stored part idx=0 (type=text/plain) as db_id=1 with part_number=1 (parent_db_id={0 false})
Server: C001 OK CLOSE completed
=== RUN   TestExpungeCommand_VsClose/EXPUNGE_stays_in_Selected,_CLOSE_returns_to_authenticated
2026/06/13 08:52:09 IMAP OAUTHBEARER: config load skipped at init: open config/raven.yaml: no such file or directory
Server: E001 OK EXPUNGE completed
2026/06/13 08:52:09 IMAP OAUTHBEARER: config load skipped at init: open config/raven.yaml: no such file or directory
Server: C001 OK CLOSE completed
--- PASS: TestExpungeCommand_VsClose (0.52s)
    --- PASS: TestExpungeCommand_VsClose/EXPUNGE_sends_responses,_CLOSE_does_not (0.30s)
    --- PASS: TestExpungeCommand_VsClose/EXPUNGE_stays_in_Selected,_CLOSE_returns_to_authenticated (0.22s)
=== RUN   TestExpungeCommand_PreservesMessageData
2026/06/13 08:52:09 IMAP OAUTHBEARER: config load skipped at init: open config/raven.yaml: no such file or directory
DEBUG ParseMIMEMessage: Content-Type='text/plain; charset=us-ascii'
DEBUG ParseMIMEMessage: mediaType='text/plain', boundary=''
DEBUG ParseMIMEMessage: Single-part message (not multipart)
DEBUG StoreMessage: Stored part idx=0 (type=text/plain) as db_id=1 with part_number=1 (parent_db_id={0 false})
Server: * 1 EXPUNGE
Server: PRESERVE OK EXPUNGE completed
--- PASS: TestExpungeCommand_PreservesMessageData (0.42s)
=== RUN   TestFetchCommand_Unauthenticated
2026/06/13 08:52:09 IMAP OAUTHBEARER: config load skipped at init: open config/raven.yaml: no such file or directory
Server: F001 NO Please authenticate first
--- PASS: TestFetchCommand_Unauthenticated (0.07s)
=== RUN   TestFetchCommand_NoMailboxSelected
2026/06/13 08:52:10 IMAP OAUTHBEARER: config load skipped at init: open config/raven.yaml: no such file or directory
Server: F002 NO No folder selected
--- PASS: TestFetchCommand_NoMailboxSelected (0.18s)
=== RUN   TestFetchCommand_FLAGS
2026/06/13 08:52:10 IMAP OAUTHBEARER: config load skipped at init: open config/raven.yaml: no such file or directory
DEBUG ParseMIMEMessage: Content-Type='text/plain; charset=us-ascii'
DEBUG ParseMIMEMessage: mediaType='text/plain', boundary=''
DEBUG ParseMIMEMessage: Single-part message (not multipart)
DEBUG StoreMessage: Stored part idx=0 (type=text/plain) as db_id=1 with part_number=1 (parent_db_id={0 false})
Server: * 1 FETCH (FLAGS (\Seen \Flagged))
Server: F003 OK FETCH completed
--- PASS: TestFetchCommand_FLAGS (0.19s)
=== RUN   TestFetchCommand_UID
2026/06/13 08:52:10 IMAP OAUTHBEARER: config load skipped at init: open config/raven.yaml: no such file or directory
DEBUG ParseMIMEMessage: Content-Type='text/plain; charset=us-ascii'
DEBUG ParseMIMEMessage: mediaType='text/plain', boundary=''
DEBUG ParseMIMEMessage: Single-part message (not multipart)
DEBUG StoreMessage: Stored part idx=0 (type=text/plain) as db_id=1 with part_number=1 (parent_db_id={0 false})
Server: * 1 FETCH (UID 1)
Server: F004 OK FETCH completed
--- PASS: TestFetchCommand_UID (0.12s)
=== RUN   TestFetchCommand_INTERNALDATE
2026/06/13 08:52:10 IMAP OAUTHBEARER: config load skipped at init: open config/raven.yaml: no such file or directory
DEBUG ParseMIMEMessage: Content-Type='text/plain; charset=us-ascii'
DEBUG ParseMIMEMessage: mediaType='text/plain', boundary=''
DEBUG ParseMIMEMessage: Single-part message (not multipart)
DEBUG StoreMessage: Stored part idx=0 (type=text/plain) as db_id=1 with part_number=1 (parent_db_id={0 false})
Server: * 1 FETCH (INTERNALDATE "13-Jun-2026 08:52:10 +0000")
Server: F005 OK FETCH completed
--- PASS: TestFetchCommand_INTERNALDATE (0.21s)
=== RUN   TestFetchCommand_RFC822SIZE
2026/06/13 08:52:10 IMAP OAUTHBEARER: config load skipped at init: open config/raven.yaml: no such file or directory
DEBUG ParseMIMEMessage: Content-Type='text/plain; charset=us-ascii'
DEBUG ParseMIMEMessage: mediaType='text/plain', boundary=''
DEBUG ParseMIMEMessage: Single-part message (not multipart)
DEBUG StoreMessage: Stored part idx=0 (type=text/plain) as db_id=1 with part_number=1 (parent_db_id={0 false})
DEBUG ReconstructMessage: Starting reconstruction with 4 headers, 1 parts
DEBUG ReconstructMessage: Wrote 4 stored headers
DEBUG ReconstructMessage: Reconstructed headers:
From: sender@test.com
To: testuser@localhost
Subject: Test Subject
Date: Sat, 13 Jun 2026 08:52:10 +0000
Content-Type: text/plain; charset=us-ascii
DEBUG ReconstructMessage: Total message size: 172 bytes
Server: * 1 FETCH (RFC822.SIZE 172)
Server: F006 OK FETCH completed
--- PASS: TestFetchCommand_RFC822SIZE (0.18s)
=== RUN   TestFetchCommand_ENVELOPE
2026/06/13 08:52:10 IMAP OAUTHBEARER: config load skipped at init: open config/raven.yaml: no such file or directory
DEBUG ParseMIMEMessage: Content-Type='text/plain; charset=us-ascii'
DEBUG ParseMIMEMessage: mediaType='text/plain', boundary=''
DEBUG ParseMIMEMessage: Single-part message (not multipart)
DEBUG StoreMessage: Stored part idx=0 (type=text/plain) as db_id=1 with part_number=1 (parent_db_id={0 false})
DEBUG ReconstructMessage: Starting reconstruction with 4 headers, 1 parts
DEBUG ReconstructMessage: Wrote 4 stored headers
DEBUG ReconstructMessage: Reconstructed headers:
From: sender@test.com
To: testuser@localhost
Subject: Test Subject
Date: Sat, 13 Jun 2026 08:52:11 +0000
Content-Type: text/plain; charset=us-ascii
DEBUG ReconstructMessage: Total message size: 172 bytes
Server: * 1 FETCH (ENVELOPE ("Sat, 13 Jun 2026 08:52:11 +0000" "Test Subject" ((NIL NIL "sender" "test.com")) ((NIL NIL "sender" "test.com")) ((NIL NIL "sender" "test.com")) ((NIL NIL "testuser" "localhost")) NIL NIL NIL NIL))
Server: F007 OK FETCH completed
--- PASS: TestFetchCommand_ENVELOPE (0.24s)
=== RUN   TestFetchCommand_BODYSTRUCTURE
2026/06/13 08:52:11 IMAP OAUTHBEARER: config load skipped at init: open config/raven.yaml: no such file or directory
DEBUG ParseMIMEMessage: Content-Type='text/plain; charset=us-ascii'
DEBUG ParseMIMEMessage: mediaType='text/plain', boundary=''
DEBUG ParseMIMEMessage: Single-part message (not multipart)
DEBUG StoreMessage: Stored part idx=0 (type=text/plain) as db_id=1 with part_number=1 (parent_db_id={0 false})
DEBUG ReconstructMessage: Starting reconstruction with 4 headers, 1 parts
DEBUG ReconstructMessage: Wrote 4 stored headers
DEBUG ReconstructMessage: Reconstructed headers:
From: sender@test.com
To: testuser@localhost
Subject: Test Subject
Date: Sat, 13 Jun 2026 08:52:11 +0000
Content-Type: text/plain; charset=us-ascii
DEBUG ReconstructMessage: Total message size: 172 bytes
DEBUG BuildBodyStructure: Extracted Content-Type='text/plain; charset=us-ascii'
DEBUG BuildBodyStructure: mediaType='text/plain', boundary=''
DEBUG BuildBodyStructure: Not multipart, building single-part structure
DEBUG FETCH: BODYSTRUCTURE for message 1: BODYSTRUCTURE ("TEXT" "PLAIN" ("CHARSET" "us-ascii") NIL NIL "7BIT" 17 0 NIL NIL NIL)
Server: * 1 FETCH (BODYSTRUCTURE ("TEXT" "PLAIN" ("CHARSET" "us-ascii") NIL NIL "7BIT" 17 0 NIL NIL NIL))
Server: F008 OK FETCH completed
--- PASS: TestFetchCommand_BODYSTRUCTURE (0.28s)
=== RUN   TestFetchCommand_BODY
2026/06/13 08:52:11 IMAP OAUTHBEARER: config load skipped at init: open config/raven.yaml: no such file or directory
DEBUG ParseMIMEMessage: Content-Type='text/plain; charset=us-ascii'
DEBUG ParseMIMEMessage: mediaType='text/plain', boundary=''
DEBUG ParseMIMEMessage: Single-part message (not multipart)
DEBUG StoreMessage: Stored part idx=0 (type=text/plain) as db_id=1 with part_number=1 (parent_db_id={0 false})
DEBUG ReconstructMessage: Starting reconstruction with 4 headers, 1 parts
DEBUG ReconstructMessage: Wrote 4 stored headers
DEBUG ReconstructMessage: Reconstructed headers:
From: sender@test.com
To: testuser@localhost
Subject: Test Subject
Date: Sat, 13 Jun 2026 08:52:11 +0000
Content-Type: text/plain; charset=us-ascii
DEBUG ReconstructMessage: Total message size: 172 bytes
DEBUG BuildBodyStructure: Extracted Content-Type='text/plain; charset=us-ascii'
DEBUG BuildBodyStructure: mediaType='text/plain', boundary=''
DEBUG BuildBodyStructure: Not multipart, building single-part structure
Server: * 1 FETCH (BODY ("TEXT" "PLAIN" ("CHARSET" "us-ascii") NIL NIL "7BIT" 17 0 NIL NIL NIL))
Server: F009 OK FETCH completed
--- PASS: TestFetchCommand_BODY (0.43s)
=== RUN   TestFetchCommand_MacroALL
2026/06/13 08:52:11 IMAP OAUTHBEARER: config load skipped at init: open config/raven.yaml: no such file or directory
DEBUG ParseMIMEMessage: Content-Type='text/plain; charset=us-ascii'
DEBUG ParseMIMEMessage: mediaType='text/plain', boundary=''
DEBUG ParseMIMEMessage: Single-part message (not multipart)
DEBUG StoreMessage: Stored part idx=0 (type=text/plain) as db_id=1 with part_number=1 (parent_db_id={0 false})
DEBUG ReconstructMessage: Starting reconstruction with 4 headers, 1 parts
DEBUG ReconstructMessage: Wrote 4 stored headers
DEBUG ReconstructMessage: Reconstructed headers:
From: sender@test.com
To: testuser@localhost
Subject: Test Subject
Date: Sat, 13 Jun 2026 08:52:12 +0000
Content-Type: text/plain; charset=us-ascii
DEBUG ReconstructMessage: Total message size: 172 bytes
Server: * 1 FETCH (FLAGS () INTERNALDATE "13-Jun-2026 08:52:12 +0000" RFC822.SIZE 172 ENVELOPE ("Sat, 13 Jun 2026 08:52:12 +0000" "Test Subject" ((NIL NIL "sender" "test.com")) ((NIL NIL "sender" "test.com")) ((NIL NIL "sender" "test.com")) ((NIL NIL "testuser" "localhost")) NIL NIL NIL NIL))
Server: A654 OK FETCH completed
--- PASS: TestFetchCommand_MacroALL (0.27s)
=== RUN   TestFetchCommand_MacroFAST
2026/06/13 08:52:12 IMAP OAUTHBEARER: config load skipped at init: open config/raven.yaml: no such file or directory
DEBUG ParseMIMEMessage: Content-Type='text/plain; charset=us-ascii'
DEBUG ParseMIMEMessage: mediaType='text/plain', boundary=''
DEBUG ParseMIMEMessage: Single-part message (not multipart)
DEBUG StoreMessage: Stored part idx=0 (type=text/plain) as db_id=1 with part_number=1 (parent_db_id={0 false})
DEBUG ReconstructMessage: Starting reconstruction with 4 headers, 1 parts
DEBUG ReconstructMessage: Wrote 4 stored headers
DEBUG ReconstructMessage: Reconstructed headers:
From: sender@test.com
To: testuser@localhost
Subject: Test Subject
Date: Sat, 13 Jun 2026 08:52:12 +0000
Content-Type: text/plain; charset=us-ascii
DEBUG ReconstructMessage: Total message size: 172 bytes
Server: * 1 FETCH (FLAGS () INTERNALDATE "13-Jun-2026 08:52:12 +0000" RFC822.SIZE 172)
Server: F011 OK FETCH completed
--- PASS: TestFetchCommand_MacroFAST (0.23s)
=== RUN   TestFetchCommand_MacroFULL
2026/06/13 08:52:12 IMAP OAUTHBEARER: config load skipped at init: open config/raven.yaml: no such file or directory
DEBUG ParseMIMEMessage: Content-Type='text/plain; charset=us-ascii'
DEBUG ParseMIMEMessage: mediaType='text/plain', boundary=''
DEBUG ParseMIMEMessage: Single-part message (not multipart)
DEBUG StoreMessage: Stored part idx=0 (type=text/plain) as db_id=1 with part_number=1 (parent_db_id={0 false})
DEBUG ReconstructMessage: Starting reconstruction with 4 headers, 1 parts
DEBUG ReconstructMessage: Wrote 4 stored headers
DEBUG ReconstructMessage: Reconstructed headers:
From: sender@test.com
To: testuser@localhost
Subject: Test Subject
Date: Sat, 13 Jun 2026 08:52:12 +0000
Content-Type: text/plain; charset=us-ascii
DEBUG ReconstructMessage: Total message size: 172 bytes
DEBUG BuildBodyStructure: Extracted Content-Type='text/plain; charset=us-ascii'
DEBUG BuildBodyStructure: mediaType='text/plain', boundary=''
DEBUG BuildBodyStructure: Not multipart, building single-part structure
Server: * 1 FETCH (FLAGS () INTERNALDATE "13-Jun-2026 08:52:12 +0000" RFC822.SIZE 172 ENVELOPE ("Sat, 13 Jun 2026 08:52:12 +0000" "Test Subject" ((NIL NIL "sender" "test.com")) ((NIL NIL "sender" "test.com")) ((NIL NIL "sender" "test.com")) ((NIL NIL "testuser" "localhost")) NIL NIL NIL NIL) BODY ("TEXT" "PLAIN" ("CHARSET" "us-ascii") NIL NIL "7BIT" 17 0 NIL NIL NIL))
Server: F012 OK FETCH completed
--- PASS: TestFetchCommand_MacroFULL (0.18s)
=== RUN   TestFetchCommand_SequenceRange
2026/06/13 08:52:12 IMAP OAUTHBEARER: config load skipped at init: open config/raven.yaml: no such file or directory
DEBUG ParseMIMEMessage: Content-Type='text/plain; charset=us-ascii'
DEBUG ParseMIMEMessage: mediaType='text/plain', boundary=''
DEBUG ParseMIMEMessage: Single-part message (not multipart)
DEBUG StoreMessage: Stored part idx=0 (type=text/plain) as db_id=1 with part_number=1 (parent_db_id={0 false})
DEBUG ParseMIMEMessage: Content-Type='text/plain; charset=us-ascii'
DEBUG ParseMIMEMessage: mediaType='text/plain', boundary=''
DEBUG ParseMIMEMessage: Single-part message (not multipart)
DEBUG StoreMessage: Stored part idx=0 (type=text/plain) as db_id=2 with part_number=1 (parent_db_id={0 false})
DEBUG ParseMIMEMessage: Content-Type='text/plain; charset=us-ascii'
DEBUG ParseMIMEMessage: mediaType='text/plain', boundary=''
DEBUG ParseMIMEMessage: Single-part message (not multipart)
DEBUG StoreMessage: Stored part idx=0 (type=text/plain) as db_id=3 with part_number=1 (parent_db_id={0 false})
DEBUG ParseMIMEMessage: Content-Type='text/plain; charset=us-ascii'
DEBUG ParseMIMEMessage: mediaType='text/plain', boundary=''
DEBUG ParseMIMEMessage: Single-part message (not multipart)
DEBUG StoreMessage: Stored part idx=0 (type=text/plain) as db_id=4 with part_number=1 (parent_db_id={0 false})
DEBUG ReconstructMessage: Starting reconstruction with 4 headers, 1 parts
DEBUG ReconstructMessage: Wrote 4 stored headers
DEBUG ReconstructMessage: Reconstructed headers:
From: sender@test.com
To: testuser@localhost
Subject: Message 2
Date: Sat, 13 Jun 2026 08:52:12 +0000
Content-Type: text/plain; charset=us-ascii
DEBUG ReconstructMessage: Total message size: 169 bytes
Server: * 2 FETCH (FLAGS () BODY[HEADER.FIELDS (DATE FROM)] {64}
Date: Sat, 13 Jun 2026 08:52:12 +0000
From: sender@test.com

)
DEBUG ReconstructMessage: Starting reconstruction with 4 headers, 1 parts
DEBUG ReconstructMessage: Wrote 4 stored headers
DEBUG ReconstructMessage: Reconstructed headers:
From: sender@test.com
To: testuser@localhost
Subject: Message 3
Date: Sat, 13 Jun 2026 08:52:12 +0000
Content-Type: text/plain; charset=us-ascii
DEBUG ReconstructMessage: Total message size: 169 bytes
Server: * 3 FETCH (FLAGS () BODY[HEADER.FIELDS (DATE FROM)] {64}
Date: Sat, 13 Jun 2026 08:52:12 +0000
From: sender@test.com

)
DEBUG ReconstructMessage: Starting reconstruction with 4 headers, 1 parts
DEBUG ReconstructMessage: Wrote 4 stored headers
DEBUG ReconstructMessage: Reconstructed headers:
From: sender@test.com
To: testuser@localhost
Subject: Message 4
Date: Sat, 13 Jun 2026 08:52:12 +0000
Content-Type: text/plain; charset=us-ascii
DEBUG ReconstructMessage: Total message size: 169 bytes
Server: * 4 FETCH (FLAGS () BODY[HEADER.FIELDS (DATE FROM)] {64}
Date: Sat, 13 Jun 2026 08:52:12 +0000
From: sender@test.com

)
Server: F013 OK FETCH completed
--- PASS: TestFetchCommand_SequenceRange (0.22s)
=== RUN   TestFetchCommand_MultipleItems
2026/06/13 08:52:12 IMAP OAUTHBEARER: config load skipped at init: open config/raven.yaml: no such file or directory
DEBUG ParseMIMEMessage: Content-Type='text/plain; charset=us-ascii'
DEBUG ParseMIMEMessage: mediaType='text/plain', boundary=''
DEBUG ParseMIMEMessage: Single-part message (not multipart)
DEBUG StoreMessage: Stored part idx=0 (type=text/plain) as db_id=1 with part_number=1 (parent_db_id={0 false})
DEBUG ReconstructMessage: Starting reconstruction with 4 headers, 1 parts
DEBUG ReconstructMessage: Wrote 4 stored headers
DEBUG ReconstructMessage: Reconstructed headers:
From: sender@test.com
To: testuser@localhost
Subject: Test Subject
Date: Sat, 13 Jun 2026 08:52:13 +0000
Content-Type: text/plain; charset=us-ascii
DEBUG ReconstructMessage: Total message size: 172 bytes
Server: * 1 FETCH (UID 1 FLAGS () INTERNALDATE "13-Jun-2026 08:52:13 +0000" RFC822.SIZE 172)
Server: F014 OK FETCH completed
--- PASS: TestFetchCommand_MultipleItems (0.37s)
=== RUN   TestFetchCommand_BODY_HEADER
2026/06/13 08:52:13 IMAP OAUTHBEARER: config load skipped at init: open config/raven.yaml: no such file or directory
DEBUG ParseMIMEMessage: Content-Type='text/plain; charset=us-ascii'
DEBUG ParseMIMEMessage: mediaType='text/plain', boundary=''
DEBUG ParseMIMEMessage: Single-part message (not multipart)
DEBUG StoreMessage: Stored part idx=0 (type=text/plain) as db_id=1 with part_number=1 (parent_db_id={0 false})
DEBUG ReconstructMessage: Starting reconstruction with 4 headers, 1 parts
DEBUG ReconstructMessage: Wrote 4 stored headers
DEBUG ReconstructMessage: Reconstructed headers:
From: sender@test.com
To: testuser@localhost
Subject: Test Subject
Date: Sat, 13 Jun 2026 08:52:13 +0000
Content-Type: text/plain; charset=us-ascii
DEBUG ReconstructMessage: Total message size: 172 bytes
Server: * 1 FETCH (BODY[HEADER] {153}
[MESSAGE CONTENT OMITTED - 153 bytes]
Server: F015 OK FETCH completed
--- PASS: TestFetchCommand_BODY_HEADER (0.15s)
=== RUN   TestFetchCommand_BODY_TEXT
2026/06/13 08:52:13 IMAP OAUTHBEARER: config load skipped at init: open config/raven.yaml: no such file or directory
DEBUG ParseMIMEMessage: Content-Type='text/plain; charset=us-ascii'
DEBUG ParseMIMEMessage: mediaType='text/plain', boundary=''
DEBUG ParseMIMEMessage: Single-part message (not multipart)
DEBUG StoreMessage: Stored part idx=0 (type=text/plain) as db_id=1 with part_number=1 (parent_db_id={0 false})
DEBUG ReconstructMessage: Starting reconstruction with 4 headers, 1 parts
DEBUG ReconstructMessage: Wrote 4 stored headers
DEBUG ReconstructMessage: Reconstructed headers:
From: sender@test.com
To: testuser@localhost
Subject: Test Subject
Date: Sat, 13 Jun 2026 08:52:13 +0000
Content-Type: text/plain; charset=us-ascii
DEBUG ReconstructMessage: Total message size: 172 bytes
Server: * 1 FETCH (BODY[TEXT] {17}
Test message body)
Server: F016 OK FETCH completed
--- PASS: TestFetchCommand_BODY_TEXT (0.15s)
=== RUN   TestFetchCommand_BODY_PEEK
2026/06/13 08:52:13 IMAP OAUTHBEARER: config load skipped at init: open config/raven.yaml: no such file or directory
DEBUG ParseMIMEMessage: Content-Type='text/plain; charset=us-ascii'
DEBUG ParseMIMEMessage: mediaType='text/plain', boundary=''
DEBUG ParseMIMEMessage: Single-part message (not multipart)
DEBUG StoreMessage: Stored part idx=0 (type=text/plain) as db_id=1 with part_number=1 (parent_db_id={0 false})
DEBUG ReconstructMessage: Starting reconstruction with 4 headers, 1 parts
DEBUG ReconstructMessage: Wrote 4 stored headers
DEBUG ReconstructMessage: Reconstructed headers:
From: sender@test.com
To: testuser@localhost
Subject: Test Subject
Date: Sat, 13 Jun 2026 08:52:13 +0000
Content-Type: text/plain; charset=us-ascii
DEBUG ReconstructMessage: Total message size: 172 bytes
Server: * 1 FETCH (BODY[] {172}
[MESSAGE CONTENT OMITTED - 172 bytes]
Server: F017 OK FETCH completed
--- PASS: TestFetchCommand_BODY_PEEK (0.27s)
=== RUN   TestFetchCommand_RFC822
2026/06/13 08:52:13 IMAP OAUTHBEARER: config load skipped at init: open config/raven.yaml: no such file or directory
DEBUG ParseMIMEMessage: Content-Type='text/plain; charset=us-ascii'
DEBUG ParseMIMEMessage: mediaType='text/plain', boundary=''
DEBUG ParseMIMEMessage: Single-part message (not multipart)
DEBUG StoreMessage: Stored part idx=0 (type=text/plain) as db_id=1 with part_number=1 (parent_db_id={0 false})
DEBUG ReconstructMessage: Starting reconstruction with 4 headers, 1 parts
DEBUG ReconstructMessage: Wrote 4 stored headers
DEBUG ReconstructMessage: Reconstructed headers:
From: sender@test.com
To: testuser@localhost
Subject: Test Subject
Date: Sat, 13 Jun 2026 08:52:13 +0000
Content-Type: text/plain; charset=us-ascii
DEBUG ReconstructMessage: Total message size: 172 bytes
Server: * 1 FETCH (BODY[] {172}
[MESSAGE CONTENT OMITTED - 172 bytes]
Server: F018 OK FETCH completed
--- PASS: TestFetchCommand_RFC822 (0.17s)
=== RUN   TestFetchCommand_RFC822_HEADER
2026/06/13 08:52:13 IMAP OAUTHBEARER: config load skipped at init: open config/raven.yaml: no such file or directory
DEBUG ParseMIMEMessage: Content-Type='text/plain; charset=us-ascii'
DEBUG ParseMIMEMessage: mediaType='text/plain', boundary=''
DEBUG ParseMIMEMessage: Single-part message (not multipart)
DEBUG StoreMessage: Stored part idx=0 (type=text/plain) as db_id=1 with part_number=1 (parent_db_id={0 false})
DEBUG ReconstructMessage: Starting reconstruction with 4 headers, 1 parts
DEBUG ReconstructMessage: Wrote 4 stored headers
DEBUG ReconstructMessage: Reconstructed headers:
From: sender@test.com
To: testuser@localhost
Subject: Test Subject
Date: Sat, 13 Jun 2026 08:52:13 +0000
Content-Type: text/plain; charset=us-ascii
DEBUG ReconstructMessage: Total message size: 172 bytes
Server: * 1 FETCH (RFC822.HEADER {153}
[MESSAGE CONTENT OMITTED - 153 bytes]
Server: F019 OK FETCH completed
--- PASS: TestFetchCommand_RFC822_HEADER (0.14s)
=== RUN   TestFetchCommand_RFC822_TEXT
2026/06/13 08:52:13 IMAP OAUTHBEARER: config load skipped at init: open config/raven.yaml: no such file or directory
DEBUG ParseMIMEMessage: Content-Type='text/plain; charset=us-ascii'
DEBUG ParseMIMEMessage: mediaType='text/plain', boundary=''
DEBUG ParseMIMEMessage: Single-part message (not multipart)
DEBUG StoreMessage: Stored part idx=0 (type=text/plain) as db_id=1 with part_number=1 (parent_db_id={0 false})
DEBUG ReconstructMessage: Starting reconstruction with 4 headers, 1 parts
DEBUG ReconstructMessage: Wrote 4 stored headers
DEBUG ReconstructMessage: Reconstructed headers:
From: sender@test.com
To: testuser@localhost
Subject: Test Subject
Date: Sat, 13 Jun 2026 08:52:14 +0000
Content-Type: text/plain; charset=us-ascii
DEBUG ReconstructMessage: Total message size: 172 bytes
Server: * 1 FETCH (RFC822.TEXT {17}
Test message body)
Server: F020 OK FETCH completed
--- PASS: TestFetchCommand_RFC822_TEXT (0.20s)
=== RUN   TestFetchCommand_BadSyntax
2026/06/13 08:52:14 IMAP OAUTHBEARER: config load skipped at init: open config/raven.yaml: no such file or directory
Server: F021 BAD FETCH requires sequence and items
--- PASS: TestFetchCommand_BadSyntax (0.17s)
=== RUN   TestFetchCommand_TagHandling
2026/06/13 08:52:14 IMAP OAUTHBEARER: config load skipped at init: open config/raven.yaml: no such file or directory
DEBUG ParseMIMEMessage: Content-Type='text/plain; charset=us-ascii'
DEBUG ParseMIMEMessage: mediaType='text/plain', boundary=''
DEBUG ParseMIMEMessage: Single-part message (not multipart)
DEBUG StoreMessage: Stored part idx=0 (type=text/plain) as db_id=1 with part_number=1 (parent_db_id={0 false})
=== RUN   TestFetchCommand_TagHandling/Tag_A001
Server: * 1 FETCH (FLAGS ())
Server: A001 OK FETCH completed
=== RUN   TestFetchCommand_TagHandling/Tag_fetch1
Server: * 1 FETCH (FLAGS ())
Server: fetch1 OK FETCH completed
=== RUN   TestFetchCommand_TagHandling/Tag_TAG-123
Server: * 1 FETCH (FLAGS ())
Server: TAG-123 OK FETCH completed
--- PASS: TestFetchCommand_TagHandling (0.50s)
    --- PASS: TestFetchCommand_TagHandling/Tag_A001 (0.00s)
    --- PASS: TestFetchCommand_TagHandling/Tag_fetch1 (0.00s)
    --- PASS: TestFetchCommand_TagHandling/Tag_TAG-123 (0.00s)
=== RUN   TestFetchCommand_BodyPartPartial
2026/06/13 08:52:14 IMAP OAUTHBEARER: config load skipped at init: open config/raven.yaml: no such file or directory
DEBUG ParseMIMEMessage: Content-Type='text/plain; charset=us-ascii'
DEBUG ParseMIMEMessage: mediaType='text/plain', boundary=''
DEBUG ParseMIMEMessage: Single-part message (not multipart)
DEBUG StoreMessage: Stored part idx=0 (type=text/plain) as db_id=1 with part_number=1 (parent_db_id={0 false})
DEBUG FETCH: Looking up part [1] for message 1, have 1 parts
  Part 0: id=1, part_number=1, parent_part_id=<nil>, content_type=text/plain
DEBUG FETCH: mapIMAPPartPathToDBPart returned: true
Server: * 1 FETCH (BODY[1]<10> {7}
ge body)
Server: F201 OK FETCH completed
--- PASS: TestFetchCommand_BodyPartPartial (0.26s)
=== RUN   TestFetchCommand_MultipartAlternativeWithAttachment
2026/06/13 08:52:15 IMAP OAUTHBEARER: config load skipped at init: open config/raven.yaml: no such file or directory
DEBUG ParseMIMEMessage: Content-Type='text/plain; charset=us-ascii'
DEBUG ParseMIMEMessage: mediaType='text/plain', boundary=''
DEBUG ParseMIMEMessage: Single-part message (not multipart)
DEBUG StoreMessage: Stored part idx=0 (type=text/plain) as db_id=1 with part_number=1 (parent_db_id={0 false})
DEBUG FETCH: Looking up part [1] for message 1, have 1 parts
  Part 0: id=1, part_number=1, parent_part_id=<nil>, content_type=text/plain
DEBUG FETCH: mapIMAPPartPathToDBPart returned: true
Server: * 1 FETCH (BODY[1] {17}
Test message body)
Server: F301 OK FETCH completed
--- PASS: TestFetchCommand_MultipartAlternativeWithAttachment (0.18s)
=== RUN   TestSearchCommand_Unauthenticated
2026/06/13 08:52:15 IMAP OAUTHBEARER: config load skipped at init: open config/raven.yaml: no such file or directory
Server: S001 NO Please authenticate first
--- PASS: TestSearchCommand_Unauthenticated (0.12s)
=== RUN   TestSearchCommand_NoMailboxSelected
2026/06/13 08:52:15 IMAP OAUTHBEARER: config load skipped at init: open config/raven.yaml: no such file or directory
Server: S002 NO No folder selected
--- PASS: TestSearchCommand_NoMailboxSelected (0.29s)
=== RUN   TestSearchCommand_ALL
2026/06/13 08:52:15 IMAP OAUTHBEARER: config load skipped at init: open config/raven.yaml: no such file or directory
DEBUG ParseMIMEMessage: Content-Type='text/plain; charset=us-ascii'
DEBUG ParseMIMEMessage: mediaType='text/plain', boundary=''
DEBUG ParseMIMEMessage: Single-part message (not multipart)
DEBUG StoreMessage: Stored part idx=0 (type=text/plain) as db_id=1 with part_number=1 (parent_db_id={0 false})
DEBUG ParseMIMEMessage: Content-Type='text/plain; charset=us-ascii'
DEBUG ParseMIMEMessage: mediaType='text/plain', boundary=''
DEBUG ParseMIMEMessage: Single-part message (not multipart)
DEBUG StoreMessage: Stored part idx=0 (type=text/plain) as db_id=2 with part_number=1 (parent_db_id={0 false})
DEBUG ParseMIMEMessage: Content-Type='text/plain; charset=us-ascii'
DEBUG ParseMIMEMessage: mediaType='text/plain', boundary=''
DEBUG ParseMIMEMessage: Single-part message (not multipart)
DEBUG StoreMessage: Stored part idx=0 (type=text/plain) as db_id=3 with part_number=1 (parent_db_id={0 false})
Server: * SEARCH 1 2 3
Server: S003 OK SEARCH completed
--- PASS: TestSearchCommand_ALL (0.20s)
=== RUN   TestSearchCommand_EmptyMailbox
2026/06/13 08:52:15 IMAP OAUTHBEARER: config load skipped at init: open config/raven.yaml: no such file or directory
Server: * SEARCH
Server: S004 OK SEARCH completed
--- PASS: TestSearchCommand_EmptyMailbox (0.10s)
=== RUN   TestSearchCommand_FlaggedMessages
2026/06/13 08:52:16 IMAP OAUTHBEARER: config load skipped at init: open config/raven.yaml: no such file or directory
DEBUG ParseMIMEMessage: Content-Type='text/plain; charset=us-ascii'
DEBUG ParseMIMEMessage: mediaType='text/plain', boundary=''
DEBUG ParseMIMEMessage: Single-part message (not multipart)
DEBUG StoreMessage: Stored part idx=0 (type=text/plain) as db_id=1 with part_number=1 (parent_db_id={0 false})
DEBUG ParseMIMEMessage: Content-Type='text/plain; charset=us-ascii'
DEBUG ParseMIMEMessage: mediaType='text/plain', boundary=''
DEBUG ParseMIMEMessage: Single-part message (not multipart)
DEBUG StoreMessage: Stored part idx=0 (type=text/plain) as db_id=2 with part_number=1 (parent_db_id={0 false})
DEBUG ParseMIMEMessage: Content-Type='text/plain; charset=us-ascii'
DEBUG ParseMIMEMessage: mediaType='text/plain', boundary=''
DEBUG ParseMIMEMessage: Single-part message (not multipart)
DEBUG StoreMessage: Stored part idx=0 (type=text/plain) as db_id=3 with part_number=1 (parent_db_id={0 false})
Server: * SEARCH 2
Server: S005 OK SEARCH completed
--- PASS: TestSearchCommand_FlaggedMessages (0.16s)
=== RUN   TestSearchCommand_DeletedMessages
2026/06/13 08:52:16 IMAP OAUTHBEARER: config load skipped at init: open config/raven.yaml: no such file or directory
DEBUG ParseMIMEMessage: Content-Type='text/plain; charset=us-ascii'
DEBUG ParseMIMEMessage: mediaType='text/plain', boundary=''
DEBUG ParseMIMEMessage: Single-part message (not multipart)
DEBUG StoreMessage: Stored part idx=0 (type=text/plain) as db_id=1 with part_number=1 (parent_db_id={0 false})
DEBUG ParseMIMEMessage: Content-Type='text/plain; charset=us-ascii'
DEBUG ParseMIMEMessage: mediaType='text/plain', boundary=''
DEBUG ParseMIMEMessage: Single-part message (not multipart)
DEBUG StoreMessage: Stored part idx=0 (type=text/plain) as db_id=2 with part_number=1 (parent_db_id={0 false})
Server: * SEARCH 1
Server: S006 OK SEARCH completed
Server: * SEARCH 2
Server: S007 OK SEARCH completed
--- PASS: TestSearchCommand_DeletedMessages (0.28s)
=== RUN   TestSearchCommand_SeenUnseen
2026/06/13 08:52:16 IMAP OAUTHBEARER: config load skipped at init: open config/raven.yaml: no such file or directory
DEBUG ParseMIMEMessage: Content-Type='text/plain; charset=us-ascii'
DEBUG ParseMIMEMessage: mediaType='text/plain', boundary=''
DEBUG ParseMIMEMessage: Single-part message (not multipart)
DEBUG StoreMessage: Stored part idx=0 (type=text/plain) as db_id=1 with part_number=1 (parent_db_id={0 false})
DEBUG ParseMIMEMessage: Content-Type='text/plain; charset=us-ascii'
DEBUG ParseMIMEMessage: mediaType='text/plain', boundary=''
DEBUG ParseMIMEMessage: Single-part message (not multipart)
DEBUG StoreMessage: Stored part idx=0 (type=text/plain) as db_id=2 with part_number=1 (parent_db_id={0 false})
Server: * SEARCH 1
Server: S008 OK SEARCH completed
Server: * SEARCH 2
Server: S009 OK SEARCH completed
--- PASS: TestSearchCommand_SeenUnseen (0.14s)
=== RUN   TestSearchCommand_FromHeader
2026/06/13 08:52:16 IMAP OAUTHBEARER: config load skipped at init: open config/raven.yaml: no such file or directory
DEBUG ParseMIMEMessage: Content-Type='text/plain; charset=us-ascii'
DEBUG ParseMIMEMessage: mediaType='text/plain', boundary=''
DEBUG ParseMIMEMessage: Single-part message (not multipart)
DEBUG StoreMessage: Stored part idx=0 (type=text/plain) as db_id=1 with part_number=1 (parent_db_id={0 false})
DEBUG ParseMIMEMessage: Content-Type='text/plain; charset=us-ascii'
DEBUG ParseMIMEMessage: mediaType='text/plain', boundary=''
DEBUG ParseMIMEMessage: Single-part message (not multipart)
DEBUG StoreMessage: Stored part idx=0 (type=text/plain) as db_id=2 with part_number=1 (parent_db_id={0 false})
DEBUG ParseMIMEMessage: Content-Type='text/plain; charset=us-ascii'
DEBUG ParseMIMEMessage: mediaType='text/plain', boundary=''
DEBUG ParseMIMEMessage: Single-part message (not multipart)
DEBUG StoreMessage: Stored part idx=0 (type=text/plain) as db_id=3 with part_number=1 (parent_db_id={0 false})
DEBUG ReconstructMessage: Starting reconstruction with 4 headers, 1 parts
DEBUG ReconstructMessage: Wrote 4 stored headers
DEBUG ReconstructMessage: Reconstructed headers:
From: smith@example.com
To: testuser@localhost
Subject: Message 1
Date: Sat, 13 Jun 2026 08:52:17 +0000
Content-Type: text/plain; charset=us-ascii
DEBUG ReconstructMessage: Total message size: 171 bytes
DEBUG ReconstructMessage: Starting reconstruction with 4 headers, 1 parts
DEBUG ReconstructMessage: Wrote 4 stored headers
DEBUG ReconstructMessage: Reconstructed headers:
From: jones@example.com
To: testuser@localhost
Subject: Message 2
Date: Sat, 13 Jun 2026 08:52:17 +0000
Content-Type: text/plain; charset=us-ascii
DEBUG ReconstructMessage: Total message size: 171 bytes
DEBUG ReconstructMessage: Starting reconstruction with 4 headers, 1 parts
DEBUG ReconstructMessage: Wrote 4 stored headers
DEBUG ReconstructMessage: Reconstructed headers:
From: smithson@example.com
To: testuser@localhost
Subject: Message 3
Date: Sat, 13 Jun 2026 08:52:17 +0000
Content-Type: text/plain; charset=us-ascii
DEBUG ReconstructMessage: Total message size: 174 bytes
Server: * SEARCH 1 3
Server: S010 OK SEARCH completed
--- PASS: TestSearchCommand_FromHeader (0.49s)
=== RUN   TestSearchCommand_SubjectHeader
2026/06/13 08:52:17 IMAP OAUTHBEARER: config load skipped at init: open config/raven.yaml: no such file or directory
DEBUG ParseMIMEMessage: Content-Type='text/plain; charset=us-ascii'
DEBUG ParseMIMEMessage: mediaType='text/plain', boundary=''
DEBUG ParseMIMEMessage: Single-part message (not multipart)
DEBUG StoreMessage: Stored part idx=0 (type=text/plain) as db_id=1 with part_number=1 (parent_db_id={0 false})
DEBUG ParseMIMEMessage: Content-Type='text/plain; charset=us-ascii'
DEBUG ParseMIMEMessage: mediaType='text/plain', boundary=''
DEBUG ParseMIMEMessage: Single-part message (not multipart)
DEBUG StoreMessage: Stored part idx=0 (type=text/plain) as db_id=2 with part_number=1 (parent_db_id={0 false})
DEBUG ParseMIMEMessage: Content-Type='text/plain; charset=us-ascii'
DEBUG ParseMIMEMessage: mediaType='text/plain', boundary=''
DEBUG ParseMIMEMessage: Single-part message (not multipart)
DEBUG StoreMessage: Stored part idx=0 (type=text/plain) as db_id=3 with part_number=1 (parent_db_id={0 false})
DEBUG ReconstructMessage: Starting reconstruction with 4 headers, 1 parts
DEBUG ReconstructMessage: Wrote 4 stored headers
DEBUG ReconstructMessage: Reconstructed headers:
From: sender@test.com
To: testuser@localhost
Subject: Meeting Tomorrow
Date: Sat, 13 Jun 2026 08:52:17 +0000
Content-Type: text/plain; charset=us-ascii
DEBUG ReconstructMessage: Total message size: 176 bytes
DEBUG ReconstructMessage: Starting reconstruction with 4 headers, 1 parts
DEBUG ReconstructMessage: Wrote 4 stored headers
DEBUG ReconstructMessage: Reconstructed headers:
From: sender@test.com
To: testuser@localhost
Subject: Project Update
Date: Sat, 13 Jun 2026 08:52:17 +0000
Content-Type: text/plain; charset=us-ascii
DEBUG ReconstructMessage: Total message size: 174 bytes
DEBUG ReconstructMessage: Starting reconstruction with 4 headers, 1 parts
DEBUG ReconstructMessage: Wrote 4 stored headers
DEBUG ReconstructMessage: Reconstructed headers:
From: sender@test.com
To: testuser@localhost
Subject: Meeting Notes
Date: Sat, 13 Jun 2026 08:52:17 +0000
Content-Type: text/plain; charset=us-ascii
DEBUG ReconstructMessage: Total message size: 173 bytes
Server: * SEARCH 1 3
Server: S011 OK SEARCH completed
--- PASS: TestSearchCommand_SubjectHeader (0.36s)
=== RUN   TestSearchCommand_ToHeader
2026/06/13 08:52:17 IMAP OAUTHBEARER: config load skipped at init: open config/raven.yaml: no such file or directory
DEBUG ParseMIMEMessage: Content-Type='text/plain; charset=us-ascii'
DEBUG ParseMIMEMessage: mediaType='text/plain', boundary=''
DEBUG ParseMIMEMessage: Single-part message (not multipart)
DEBUG StoreMessage: Stored part idx=0 (type=text/plain) as db_id=1 with part_number=1 (parent_db_id={0 false})
DEBUG ParseMIMEMessage: Content-Type='text/plain; charset=us-ascii'
DEBUG ParseMIMEMessage: mediaType='text/plain', boundary=''
DEBUG ParseMIMEMessage: Single-part message (not multipart)
DEBUG StoreMessage: Stored part idx=0 (type=text/plain) as db_id=2 with part_number=1 (parent_db_id={0 false})
DEBUG ReconstructMessage: Starting reconstruction with 4 headers, 1 parts
DEBUG ReconstructMessage: Wrote 4 stored headers
DEBUG ReconstructMessage: Reconstructed headers:
From: sender@test.com
To: alice@example.com
Subject: Message 1
Date: Sat, 13 Jun 2026 08:52:17 +0000
Content-Type: text/plain; charset=us-ascii
DEBUG ReconstructMessage: Total message size: 168 bytes
DEBUG ReconstructMessage: Starting reconstruction with 4 headers, 1 parts
DEBUG ReconstructMessage: Wrote 4 stored headers
DEBUG ReconstructMessage: Reconstructed headers:
From: sender@test.com
To: bob@example.com
Subject: Message 2
Date: Sat, 13 Jun 2026 08:52:17 +0000
Content-Type: text/plain; charset=us-ascii
DEBUG ReconstructMessage: Total message size: 166 bytes
Server: * SEARCH 1
Server: S012 OK SEARCH completed
--- PASS: TestSearchCommand_ToHeader (0.25s)
=== RUN   TestSearchCommand_SequenceSet
2026/06/13 08:52:17 IMAP OAUTHBEARER: config load skipped at init: open config/raven.yaml: no such file or directory
DEBUG ParseMIMEMessage: Content-Type='text/plain; charset=us-ascii'
DEBUG ParseMIMEMessage: mediaType='text/plain', boundary=''
DEBUG ParseMIMEMessage: Single-part message (not multipart)
DEBUG StoreMessage: Stored part idx=0 (type=text/plain) as db_id=1 with part_number=1 (parent_db_id={0 false})
DEBUG ParseMIMEMessage: Content-Type='text/plain; charset=us-ascii'
DEBUG ParseMIMEMessage: mediaType='text/plain', boundary=''
DEBUG ParseMIMEMessage: Single-part message (not multipart)
DEBUG StoreMessage: Stored part idx=0 (type=text/plain) as db_id=2 with part_number=1 (parent_db_id={0 false})
DEBUG ParseMIMEMessage: Content-Type='text/plain; charset=us-ascii'
DEBUG ParseMIMEMessage: mediaType='text/plain', boundary=''
DEBUG ParseMIMEMessage: Single-part message (not multipart)
DEBUG StoreMessage: Stored part idx=0 (type=text/plain) as db_id=3 with part_number=1 (parent_db_id={0 false})
DEBUG ParseMIMEMessage: Content-Type='text/plain; charset=us-ascii'
DEBUG ParseMIMEMessage: mediaType='text/plain', boundary=''
DEBUG ParseMIMEMessage: Single-part message (not multipart)
DEBUG StoreMessage: Stored part idx=0 (type=text/plain) as db_id=4 with part_number=1 (parent_db_id={0 false})
Server: * SEARCH 2
Server: S013 OK SEARCH completed
Server: * SEARCH 2 3 4
Server: S014 OK SEARCH completed
--- PASS: TestSearchCommand_SequenceSet (0.49s)
=== RUN   TestSearchCommand_NOT
2026/06/13 08:52:18 IMAP OAUTHBEARER: config load skipped at init: open config/raven.yaml: no such file or directory
DEBUG ParseMIMEMessage: Content-Type='text/plain; charset=us-ascii'
DEBUG ParseMIMEMessage: mediaType='text/plain', boundary=''
DEBUG ParseMIMEMessage: Single-part message (not multipart)
DEBUG StoreMessage: Stored part idx=0 (type=text/plain) as db_id=1 with part_number=1 (parent_db_id={0 false})
DEBUG ParseMIMEMessage: Content-Type='text/plain; charset=us-ascii'
DEBUG ParseMIMEMessage: mediaType='text/plain', boundary=''
DEBUG ParseMIMEMessage: Single-part message (not multipart)
DEBUG StoreMessage: Stored part idx=0 (type=text/plain) as db_id=2 with part_number=1 (parent_db_id={0 false})
Server: * SEARCH 2
Server: S015 OK SEARCH completed
--- PASS: TestSearchCommand_NOT (0.40s)
=== RUN   TestSearchCommand_OR
2026/06/13 08:52:18 IMAP OAUTHBEARER: config load skipped at init: open config/raven.yaml: no such file or directory
DEBUG ParseMIMEMessage: Content-Type='text/plain; charset=us-ascii'
DEBUG ParseMIMEMessage: mediaType='text/plain', boundary=''
DEBUG ParseMIMEMessage: Single-part message (not multipart)
DEBUG StoreMessage: Stored part idx=0 (type=text/plain) as db_id=1 with part_number=1 (parent_db_id={0 false})
DEBUG ParseMIMEMessage: Content-Type='text/plain; charset=us-ascii'
DEBUG ParseMIMEMessage: mediaType='text/plain', boundary=''
DEBUG ParseMIMEMessage: Single-part message (not multipart)
DEBUG StoreMessage: Stored part idx=0 (type=text/plain) as db_id=2 with part_number=1 (parent_db_id={0 false})
DEBUG ParseMIMEMessage: Content-Type='text/plain; charset=us-ascii'
DEBUG ParseMIMEMessage: mediaType='text/plain', boundary=''
DEBUG ParseMIMEMessage: Single-part message (not multipart)
DEBUG StoreMessage: Stored part idx=0 (type=text/plain) as db_id=3 with part_number=1 (parent_db_id={0 false})
Server: * SEARCH 1 2
Server: S016 OK SEARCH completed
--- PASS: TestSearchCommand_OR (0.35s)
=== RUN   TestSearchCommand_CombinedCriteria
2026/06/13 08:52:18 IMAP OAUTHBEARER: config load skipped at init: open config/raven.yaml: no such file or directory
DEBUG ParseMIMEMessage: Content-Type='text/plain; charset=us-ascii'
DEBUG ParseMIMEMessage: mediaType='text/plain', boundary=''
DEBUG ParseMIMEMessage: Single-part message (not multipart)
DEBUG StoreMessage: Stored part idx=0 (type=text/plain) as db_id=1 with part_number=1 (parent_db_id={0 false})
DEBUG ParseMIMEMessage: Content-Type='text/plain; charset=us-ascii'
DEBUG ParseMIMEMessage: mediaType='text/plain', boundary=''
DEBUG ParseMIMEMessage: Single-part message (not multipart)
DEBUG StoreMessage: Stored part idx=0 (type=text/plain) as db_id=2 with part_number=1 (parent_db_id={0 false})
DEBUG ParseMIMEMessage: Content-Type='text/plain; charset=us-ascii'
DEBUG ParseMIMEMessage: mediaType='text/plain', boundary=''
DEBUG ParseMIMEMessage: Single-part message (not multipart)
DEBUG StoreMessage: Stored part idx=0 (type=text/plain) as db_id=3 with part_number=1 (parent_db_id={0 false})
DEBUG ReconstructMessage: Starting reconstruction with 4 headers, 1 parts
DEBUG ReconstructMessage: Wrote 4 stored headers
DEBUG ReconstructMessage: Reconstructed headers:
From: smith@example.com
To: testuser@localhost
Subject: Meeting
Date: Sat, 13 Jun 2026 08:52:19 +0000
Content-Type: text/plain; charset=us-ascii
DEBUG ReconstructMessage: Total message size: 169 bytes
DEBUG ReconstructMessage: Starting reconstruction with 4 headers, 1 parts
DEBUG ReconstructMessage: Wrote 4 stored headers
DEBUG ReconstructMessage: Reconstructed headers:
From: smith@example.com
To: testuser@localhost
Subject: Meeting
Date: Sat, 13 Jun 2026 08:52:19 +0000
Content-Type: text/plain; charset=us-ascii
DEBUG ReconstructMessage: Total message size: 169 bytes
Server: * SEARCH 1
Server: S017 OK SEARCH completed
--- PASS: TestSearchCommand_CombinedCriteria (0.19s)
=== RUN   TestSearchCommand_RFC3501Example
2026/06/13 08:52:19 IMAP OAUTHBEARER: config load skipped at init: open config/raven.yaml: no such file or directory
DEBUG ParseMIMEMessage: Content-Type='text/plain; charset=us-ascii'
DEBUG ParseMIMEMessage: mediaType='text/plain', boundary=''
DEBUG ParseMIMEMessage: Single-part message (not multipart)
DEBUG StoreMessage: Stored part idx=0 (type=text/plain) as db_id=1 with part_number=1 (parent_db_id={0 false})
DEBUG ParseMIMEMessage: Content-Type='text/plain; charset=us-ascii'
DEBUG ParseMIMEMessage: mediaType='text/plain', boundary=''
DEBUG ParseMIMEMessage: Single-part message (not multipart)
DEBUG StoreMessage: Stored part idx=0 (type=text/plain) as db_id=2 with part_number=1 (parent_db_id={0 false})
DEBUG ParseMIMEMessage: Content-Type='text/plain; charset=us-ascii'
DEBUG ParseMIMEMessage: mediaType='text/plain', boundary=''
DEBUG ParseMIMEMessage: Single-part message (not multipart)
DEBUG StoreMessage: Stored part idx=0 (type=text/plain) as db_id=3 with part_number=1 (parent_db_id={0 false})
DEBUG ReconstructMessage: Starting reconstruction with 4 headers, 1 parts
DEBUG ReconstructMessage: Wrote 4 stored headers
DEBUG ReconstructMessage: Reconstructed headers:
From: smith@example.com
To: testuser@localhost
Subject: From Smith
Date: Sat, 13 Jun 2026 08:52:19 +0000
Content-Type: text/plain; charset=us-ascii
DEBUG ReconstructMessage: Total message size: 172 bytes
DEBUG ReconstructMessage: Starting reconstruction with 4 headers, 1 parts
DEBUG ReconstructMessage: Wrote 4 stored headers
DEBUG ReconstructMessage: Reconstructed headers:
From: smith@example.com
To: testuser@localhost
Subject: From Smith
Date: Sat, 13 Jun 2026 08:52:19 +0000
Content-Type: text/plain; charset=us-ascii
DEBUG ReconstructMessage: Total message size: 172 bytes
Server: * SEARCH 1 2
Server: A282 OK SEARCH completed
--- PASS: TestSearchCommand_RFC3501Example (0.38s)
=== RUN   TestSearchCommand_EmptyResult
2026/06/13 08:52:19 IMAP OAUTHBEARER: config load skipped at init: open config/raven.yaml: no such file or directory
DEBUG ParseMIMEMessage: Content-Type='text/plain; charset=us-ascii'
DEBUG ParseMIMEMessage: mediaType='text/plain', boundary=''
DEBUG ParseMIMEMessage: Single-part message (not multipart)
DEBUG StoreMessage: Stored part idx=0 (type=text/plain) as db_id=1 with part_number=1 (parent_db_id={0 false})
DEBUG ReconstructMessage: Starting reconstruction with 4 headers, 1 parts
DEBUG ReconstructMessage: Wrote 4 stored headers
DEBUG ReconstructMessage: Reconstructed headers:
From: sender@test.com
To: testuser@localhost
Subject: Message 1
Date: Sat, 13 Jun 2026 08:52:19 +0000
Content-Type: text/plain; charset=us-ascii
DEBUG ReconstructMessage: Total message size: 169 bytes
Server: * SEARCH
Server: A283 OK SEARCH completed
--- PASS: TestSearchCommand_EmptyResult (0.19s)
=== RUN   TestSearchCommand_CHARSET
2026/06/13 08:52:19 IMAP OAUTHBEARER: config load skipped at init: open config/raven.yaml: no such file or directory
DEBUG ParseMIMEMessage: Content-Type='text/plain; charset=us-ascii'
DEBUG ParseMIMEMessage: mediaType='text/plain', boundary=''
DEBUG ParseMIMEMessage: Single-part message (not multipart)
DEBUG StoreMessage: Stored part idx=0 (type=text/plain) as db_id=1 with part_number=1 (parent_db_id={0 false})
DEBUG ReconstructMessage: Starting reconstruction with 4 headers, 1 parts
DEBUG ReconstructMessage: Wrote 4 stored headers
DEBUG ReconstructMessage: Reconstructed headers:
From: sender@test.com
To: testuser@localhost
Subject: Test Message
Date: Sat, 13 Jun 2026 08:52:20 +0000
Content-Type: text/plain; charset=us-ascii
DEBUG ReconstructMessage: Total message size: 172 bytes
Server: * SEARCH 1
Server: A284 OK SEARCH completed
Server: A285 NO [BADCHARSET (US-ASCII UTF-8)] Charset not supported
--- PASS: TestSearchCommand_CHARSET (0.42s)
=== RUN   TestSearchCommand_LARGER_SMALLER
2026/06/13 08:52:20 IMAP OAUTHBEARER: config load skipped at init: open config/raven.yaml: no such file or directory
DEBUG ParseMIMEMessage: Content-Type='text/plain; charset=us-ascii'
DEBUG ParseMIMEMessage: mediaType='text/plain', boundary=''
DEBUG ParseMIMEMessage: Single-part message (not multipart)
DEBUG StoreMessage: Stored part idx=0 (type=text/plain) as db_id=1 with part_number=1 (parent_db_id={0 false})
DEBUG ParseMIMEMessage: Content-Type='text/plain; charset=us-ascii'
DEBUG ParseMIMEMessage: mediaType='text/plain', boundary=''
DEBUG ParseMIMEMessage: Single-part message (not multipart)
DEBUG StoreMessage: Stored part idx=0 (type=text/plain) as db_id=2 with part_number=1 (parent_db_id={0 false})
DEBUG ReconstructMessage: Starting reconstruction with 4 headers, 1 parts
DEBUG ReconstructMessage: Wrote 4 stored headers
DEBUG ReconstructMessage: Reconstructed headers:
From: sender@test.com
To: testuser@localhost
Subject: A
Date: Sat, 13 Jun 2026 08:52:20 +0000
Content-Type: text/plain; charset=us-ascii
DEBUG ReconstructMessage: Total message size: 161 bytes
DEBUG ReconstructMessage: Starting reconstruction with 4 headers, 1 parts
DEBUG ReconstructMessage: Wrote 4 stored headers
DEBUG ReconstructMessage: Reconstructed headers:
From: sender@test.com
To: testuser@localhost
Subject: This is a very long subject line that will make this message larger
Date: Sat, 13 Jun 2026 08:52:20 +0000
Content-Type: text/plain; charset=us-ascii
DEBUG ReconstructMessage: Total message size: 227 bytes
Server: * SEARCH 1 2
Server: S018 OK SEARCH completed
DEBUG ReconstructMessage: Starting reconstruction with 4 headers, 1 parts
DEBUG ReconstructMessage: Wrote 4 stored headers
DEBUG ReconstructMessage: Reconstructed headers:
From: sender@test.com
To: testuser@localhost
Subject: A
Date: Sat, 13 Jun 2026 08:52:20 +0000
Content-Type: text/plain; charset=us-ascii
DEBUG ReconstructMessage: Total message size: 161 bytes
DEBUG ReconstructMessage: Starting reconstruction with 4 headers, 1 parts
DEBUG ReconstructMessage: Wrote 4 stored headers
DEBUG ReconstructMessage: Reconstructed headers:
From: sender@test.com
To: testuser@localhost
Subject: This is a very long subject line that will make this message larger
Date: Sat, 13 Jun 2026 08:52:20 +0000
Content-Type: text/plain; charset=us-ascii
DEBUG ReconstructMessage: Total message size: 227 bytes
Server: * SEARCH 1 2
Server: S019 OK SEARCH completed
--- PASS: TestSearchCommand_LARGER_SMALLER (0.29s)
=== RUN   TestSearchCommand_DateSearches
2026/06/13 08:52:20 IMAP OAUTHBEARER: config load skipped at init: open config/raven.yaml: no such file or directory
DEBUG ParseMIMEMessage: Content-Type='text/plain; charset=us-ascii'
DEBUG ParseMIMEMessage: mediaType='text/plain', boundary=''
DEBUG ParseMIMEMessage: Single-part message (not multipart)
DEBUG StoreMessage: Stored part idx=0 (type=text/plain) as db_id=1 with part_number=1 (parent_db_id={0 false})
DEBUG ParseMIMEMessage: Content-Type='text/plain; charset=us-ascii'
DEBUG ParseMIMEMessage: mediaType='text/plain', boundary=''
DEBUG ParseMIMEMessage: Single-part message (not multipart)
DEBUG StoreMessage: Stored part idx=0 (type=text/plain) as db_id=2 with part_number=1 (parent_db_id={0 false})
Server: * SEARCH 2
Server: S020 OK SEARCH completed
Server: * SEARCH 1
Server: S021 OK SEARCH completed
--- PASS: TestSearchCommand_DateSearches (0.18s)
=== RUN   TestSearchCommand_NEW_OLD
2026/06/13 08:52:20 IMAP OAUTHBEARER: config load skipped at init: open config/raven.yaml: no such file or directory
DEBUG ParseMIMEMessage: Content-Type='text/plain; charset=us-ascii'
DEBUG ParseMIMEMessage: mediaType='text/plain', boundary=''
DEBUG ParseMIMEMessage: Single-part message (not multipart)
DEBUG StoreMessage: Stored part idx=0 (type=text/plain) as db_id=1 with part_number=1 (parent_db_id={0 false})
DEBUG ParseMIMEMessage: Content-Type='text/plain; charset=us-ascii'
DEBUG ParseMIMEMessage: mediaType='text/plain', boundary=''
DEBUG ParseMIMEMessage: Single-part message (not multipart)
DEBUG StoreMessage: Stored part idx=0 (type=text/plain) as db_id=2 with part_number=1 (parent_db_id={0 false})
Server: * SEARCH 1
Server: S022 OK SEARCH completed
Server: * SEARCH 2
Server: S023 OK SEARCH completed
--- PASS: TestSearchCommand_NEW_OLD (0.19s)
=== RUN   TestSearchCommand_ANSWERED
2026/06/13 08:52:20 IMAP OAUTHBEARER: config load skipped at init: open config/raven.yaml: no such file or directory
DEBUG ParseMIMEMessage: Content-Type='text/plain; charset=us-ascii'
DEBUG ParseMIMEMessage: mediaType='text/plain', boundary=''
DEBUG ParseMIMEMessage: Single-part message (not multipart)
DEBUG StoreMessage: Stored part idx=0 (type=text/plain) as db_id=1 with part_number=1 (parent_db_id={0 false})
DEBUG ParseMIMEMessage: Content-Type='text/plain; charset=us-ascii'
DEBUG ParseMIMEMessage: mediaType='text/plain', boundary=''
DEBUG ParseMIMEMessage: Single-part message (not multipart)
DEBUG StoreMessage: Stored part idx=0 (type=text/plain) as db_id=2 with part_number=1 (parent_db_id={0 false})
Server: * SEARCH 1
Server: S024 OK SEARCH completed
Server: * SEARCH 2
Server: S025 OK SEARCH completed
--- PASS: TestSearchCommand_ANSWERED (0.32s)
=== RUN   TestSearchCommand_DRAFT
2026/06/13 08:52:21 IMAP OAUTHBEARER: config load skipped at init: open config/raven.yaml: no such file or directory
DEBUG ParseMIMEMessage: Content-Type='text/plain; charset=us-ascii'
DEBUG ParseMIMEMessage: mediaType='text/plain', boundary=''
DEBUG ParseMIMEMessage: Single-part message (not multipart)
DEBUG StoreMessage: Stored part idx=0 (type=text/plain) as db_id=1 with part_number=1 (parent_db_id={0 false})
DEBUG ParseMIMEMessage: Content-Type='text/plain; charset=us-ascii'
DEBUG ParseMIMEMessage: mediaType='text/plain', boundary=''
DEBUG ParseMIMEMessage: Single-part message (not multipart)
DEBUG StoreMessage: Stored part idx=0 (type=text/plain) as db_id=2 with part_number=1 (parent_db_id={0 false})
Server: * SEARCH 1
Server: S026 OK SEARCH completed
Server: * SEARCH 2
Server: S027 OK SEARCH completed
--- PASS: TestSearchCommand_DRAFT (0.16s)
=== RUN   TestSearchCommand_HEADER
2026/06/13 08:52:21 IMAP OAUTHBEARER: config load skipped at init: open config/raven.yaml: no such file or directory
DEBUG ParseMIMEMessage: Content-Type='text/plain; charset=us-ascii'
DEBUG ParseMIMEMessage: mediaType='text/plain', boundary=''
DEBUG ParseMIMEMessage: Single-part message (not multipart)
DEBUG StoreMessage: Stored part idx=0 (type=text/plain) as db_id=1 with part_number=1 (parent_db_id={0 false})
DEBUG ParseMIMEMessage: Content-Type='text/plain; charset=us-ascii'
DEBUG ParseMIMEMessage: mediaType='text/plain', boundary=''
DEBUG ParseMIMEMessage: Single-part message (not multipart)
DEBUG StoreMessage: Stored part idx=0 (type=text/plain) as db_id=2 with part_number=1 (parent_db_id={0 false})
DEBUG ReconstructMessage: Starting reconstruction with 4 headers, 1 parts
DEBUG ReconstructMessage: Wrote 4 stored headers
DEBUG ReconstructMessage: Reconstructed headers:
From: sender@test.com
To: testuser@localhost
Subject: Test Subject
Date: Sat, 13 Jun 2026 08:52:21 +0000
Content-Type: text/plain; charset=us-ascii
DEBUG ReconstructMessage: Total message size: 172 bytes
DEBUG ReconstructMessage: Starting reconstruction with 4 headers, 1 parts
DEBUG ReconstructMessage: Wrote 4 stored headers
DEBUG ReconstructMessage: Reconstructed headers:
From: sender@test.com
To: testuser@localhost
Subject: Another Subject
Date: Sat, 13 Jun 2026 08:52:21 +0000
Content-Type: text/plain; charset=us-ascii
DEBUG ReconstructMessage: Total message size: 175 bytes
Server: * SEARCH 1
Server: S028 OK SEARCH completed
--- PASS: TestSearchCommand_HEADER (0.31s)
=== RUN   TestSearchCommand_BODY_TEXT
2026/06/13 08:52:21 IMAP OAUTHBEARER: config load skipped at init: open config/raven.yaml: no such file or directory
DEBUG ParseMIMEMessage: Content-Type='text/plain; charset=us-ascii'
DEBUG ParseMIMEMessage: mediaType='text/plain', boundary=''
DEBUG ParseMIMEMessage: Single-part message (not multipart)
DEBUG StoreMessage: Stored part idx=0 (type=text/plain) as db_id=1 with part_number=1 (parent_db_id={0 false})
DEBUG ParseMIMEMessage: Content-Type='text/plain; charset=us-ascii'
DEBUG ParseMIMEMessage: mediaType='text/plain', boundary=''
DEBUG ParseMIMEMessage: Single-part message (not multipart)
DEBUG StoreMessage: Stored part idx=0 (type=text/plain) as db_id=2 with part_number=1 (parent_db_id={0 false})
DEBUG ReconstructMessage: Starting reconstruction with 4 headers, 1 parts
DEBUG ReconstructMessage: Wrote 4 stored headers
DEBUG ReconstructMessage: Reconstructed headers:
From: sender@test.com
To: testuser@localhost
Subject: Subject One
Date: Sat, 13 Jun 2026 08:52:22 +0000
Content-Type: text/plain; charset=us-ascii
DEBUG ReconstructMessage: Total message size: 171 bytes
DEBUG ReconstructMessage: Starting reconstruction with 4 headers, 1 parts
DEBUG ReconstructMessage: Wrote 4 stored headers
DEBUG ReconstructMessage: Reconstructed headers:
From: sender@test.com
To: testuser@localhost
Subject: Subject Two
Date: Sat, 13 Jun 2026 08:52:22 +0000
Content-Type: text/plain; charset=us-ascii
DEBUG ReconstructMessage: Total message size: 171 bytes
Server: * SEARCH 1 2
Server: S029 OK SEARCH completed
DEBUG ReconstructMessage: Starting reconstruction with 4 headers, 1 parts
DEBUG ReconstructMessage: Wrote 4 stored headers
DEBUG ReconstructMessage: Reconstructed headers:
From: sender@test.com
To: testuser@localhost
Subject: Subject One
Date: Sat, 13 Jun 2026 08:52:22 +0000
Content-Type: text/plain; charset=us-ascii
DEBUG ReconstructMessage: Total message size: 171 bytes
DEBUG ReconstructMessage: Starting reconstruction with 4 headers, 1 parts
DEBUG ReconstructMessage: Wrote 4 stored headers
DEBUG ReconstructMessage: Reconstructed headers:
From: sender@test.com
To: testuser@localhost
Subject: Subject Two
Date: Sat, 13 Jun 2026 08:52:22 +0000
Content-Type: text/plain; charset=us-ascii
DEBUG ReconstructMessage: Total message size: 171 bytes
Server: * SEARCH 1
Server: S030 OK SEARCH completed
--- PASS: TestSearchCommand_BODY_TEXT (0.60s)
=== RUN   TestSearchCommand_UID
2026/06/13 08:52:22 IMAP OAUTHBEARER: config load skipped at init: open config/raven.yaml: no such file or directory
DEBUG ParseMIMEMessage: Content-Type='text/plain; charset=us-ascii'
DEBUG ParseMIMEMessage: mediaType='text/plain', boundary=''
DEBUG ParseMIMEMessage: Single-part message (not multipart)
DEBUG StoreMessage: Stored part idx=0 (type=text/plain) as db_id=1 with part_number=1 (parent_db_id={0 false})
DEBUG ParseMIMEMessage: Content-Type='text/plain; charset=us-ascii'
DEBUG ParseMIMEMessage: mediaType='text/plain', boundary=''
DEBUG ParseMIMEMessage: Single-part message (not multipart)
DEBUG StoreMessage: Stored part idx=0 (type=text/plain) as db_id=2 with part_number=1 (parent_db_id={0 false})
DEBUG ParseMIMEMessage: Content-Type='text/plain; charset=us-ascii'
DEBUG ParseMIMEMessage: mediaType='text/plain', boundary=''
DEBUG ParseMIMEMessage: Single-part message (not multipart)
DEBUG StoreMessage: Stored part idx=0 (type=text/plain) as db_id=3 with part_number=1 (parent_db_id={0 false})
Server: * SEARCH 1
Server: S031 OK SEARCH completed
Server: * SEARCH 1 2
Server: S032 OK SEARCH completed
--- PASS: TestSearchCommand_UID (0.28s)
=== RUN   TestSearchCommand_BadSyntax
2026/06/13 08:52:22 IMAP OAUTHBEARER: config load skipped at init: open config/raven.yaml: no such file or directory
Server: S033 BAD SEARCH requires search criteria
--- PASS: TestSearchCommand_BadSyntax (0.21s)
=== RUN   TestSearchCommand_ResponseFormat
2026/06/13 08:52:22 IMAP OAUTHBEARER: config load skipped at init: open config/raven.yaml: no such file or directory
DEBUG ParseMIMEMessage: Content-Type='text/plain; charset=us-ascii'
DEBUG ParseMIMEMessage: mediaType='text/plain', boundary=''
DEBUG ParseMIMEMessage: Single-part message (not multipart)
DEBUG StoreMessage: Stored part idx=0 (type=text/plain) as db_id=1 with part_number=1 (parent_db_id={0 false})
DEBUG ParseMIMEMessage: Content-Type='text/plain; charset=us-ascii'
DEBUG ParseMIMEMessage: mediaType='text/plain', boundary=''
DEBUG ParseMIMEMessage: Single-part message (not multipart)
DEBUG StoreMessage: Stored part idx=0 (type=text/plain) as db_id=2 with part_number=1 (parent_db_id={0 false})
Server: * SEARCH 1 2
Server: FORMAT OK SEARCH completed
--- PASS: TestSearchCommand_ResponseFormat (0.19s)
=== RUN   TestSearchCommand_TagHandling
2026/06/13 08:52:22 IMAP OAUTHBEARER: config load skipped at init: open config/raven.yaml: no such file or directory
DEBUG ParseMIMEMessage: Content-Type='text/plain; charset=us-ascii'
DEBUG ParseMIMEMessage: mediaType='text/plain', boundary=''
DEBUG ParseMIMEMessage: Single-part message (not multipart)
DEBUG StoreMessage: Stored part idx=0 (type=text/plain) as db_id=1 with part_number=1 (parent_db_id={0 false})
=== RUN   TestSearchCommand_TagHandling/Tag_A001
Server: * SEARCH 1
Server: A001 OK SEARCH completed
=== RUN   TestSearchCommand_TagHandling/Tag_search1
Server: * SEARCH 1
Server: search1 OK SEARCH completed
=== RUN   TestSearchCommand_TagHandling/Tag_TAG-123
Server: * SEARCH 1
Server: TAG-123 OK SEARCH completed
=== RUN   TestSearchCommand_TagHandling/Tag_*
Server: * SEARCH 1
Server: * OK SEARCH completed
=== RUN   TestSearchCommand_TagHandling/Tag_empty
Server: * SEARCH 1
Server:  OK SEARCH completed
--- PASS: TestSearchCommand_TagHandling (0.16s)
    --- PASS: TestSearchCommand_TagHandling/Tag_A001 (0.00s)
    --- PASS: TestSearchCommand_TagHandling/Tag_search1 (0.00s)
    --- PASS: TestSearchCommand_TagHandling/Tag_TAG-123 (0.00s)
    --- PASS: TestSearchCommand_TagHandling/Tag_* (0.00s)
    --- PASS: TestSearchCommand_TagHandling/Tag_empty (0.00s)
=== RUN   TestStoreCommand_Unauthenticated
2026/06/13 08:52:23 IMAP OAUTHBEARER: config load skipped at init: open config/raven.yaml: no such file or directory
Server: S001 NO Please authenticate first
--- PASS: TestStoreCommand_Unauthenticated (0.07s)
=== RUN   TestStoreCommand_NoMailboxSelected
2026/06/13 08:52:23 IMAP OAUTHBEARER: config load skipped at init: open config/raven.yaml: no such file or directory
Server: S002 NO No mailbox selected
--- PASS: TestStoreCommand_NoMailboxSelected (0.19s)
=== RUN   TestStoreCommand_FLAGS_Replace
2026/06/13 08:52:23 IMAP OAUTHBEARER: config load skipped at init: open config/raven.yaml: no such file or directory
DEBUG ParseMIMEMessage: Content-Type='text/plain; charset=us-ascii'
DEBUG ParseMIMEMessage: mediaType='text/plain', boundary=''
DEBUG ParseMIMEMessage: Single-part message (not multipart)
DEBUG StoreMessage: Stored part idx=0 (type=text/plain) as db_id=1 with part_number=1 (parent_db_id={0 false})
Server: * 1 FETCH (FLAGS (\Deleted))
Server: S003 OK STORE completed
--- PASS: TestStoreCommand_FLAGS_Replace (0.29s)
=== RUN   TestStoreCommand_AddFlags
2026/06/13 08:52:23 IMAP OAUTHBEARER: config load skipped at init: open config/raven.yaml: no such file or directory
DEBUG ParseMIMEMessage: Content-Type='text/plain; charset=us-ascii'
DEBUG ParseMIMEMessage: mediaType='text/plain', boundary=''
DEBUG ParseMIMEMessage: Single-part message (not multipart)
DEBUG StoreMessage: Stored part idx=0 (type=text/plain) as db_id=1 with part_number=1 (parent_db_id={0 false})
Server: * 1 FETCH (FLAGS (\Seen \Deleted))
Server: S004 OK STORE completed
--- PASS: TestStoreCommand_AddFlags (0.16s)
=== RUN   TestStoreCommand_RemoveFlags
2026/06/13 08:52:23 IMAP OAUTHBEARER: config load skipped at init: open config/raven.yaml: no such file or directory
DEBUG ParseMIMEMessage: Content-Type='text/plain; charset=us-ascii'
DEBUG ParseMIMEMessage: mediaType='text/plain', boundary=''
DEBUG ParseMIMEMessage: Single-part message (not multipart)
DEBUG StoreMessage: Stored part idx=0 (type=text/plain) as db_id=1 with part_number=1 (parent_db_id={0 false})
Server: * 1 FETCH (FLAGS (\Flagged \Seen))
Server: S005 OK STORE completed
--- PASS: TestStoreCommand_RemoveFlags (0.19s)
=== RUN   TestStoreCommand_FLAGS_SILENT
2026/06/13 08:52:23 IMAP OAUTHBEARER: config load skipped at init: open config/raven.yaml: no such file or directory
DEBUG ParseMIMEMessage: Content-Type='text/plain; charset=us-ascii'
DEBUG ParseMIMEMessage: mediaType='text/plain', boundary=''
DEBUG ParseMIMEMessage: Single-part message (not multipart)
DEBUG StoreMessage: Stored part idx=0 (type=text/plain) as db_id=1 with part_number=1 (parent_db_id={0 false})
Server: S006 OK STORE completed
--- PASS: TestStoreCommand_FLAGS_SILENT (0.24s)
=== RUN   TestStoreCommand_AddFLAGS_SILENT
2026/06/13 08:52:24 IMAP OAUTHBEARER: config load skipped at init: open config/raven.yaml: no such file or directory
DEBUG ParseMIMEMessage: Content-Type='text/plain; charset=us-ascii'
DEBUG ParseMIMEMessage: mediaType='text/plain', boundary=''
DEBUG ParseMIMEMessage: Single-part message (not multipart)
DEBUG StoreMessage: Stored part idx=0 (type=text/plain) as db_id=1 with part_number=1 (parent_db_id={0 false})
Server: S007 OK STORE completed
--- PASS: TestStoreCommand_AddFLAGS_SILENT (0.14s)
=== RUN   TestStoreCommand_RemoveFLAGS_SILENT
2026/06/13 08:52:24 IMAP OAUTHBEARER: config load skipped at init: open config/raven.yaml: no such file or directory
DEBUG ParseMIMEMessage: Content-Type='text/plain; charset=us-ascii'
DEBUG ParseMIMEMessage: mediaType='text/plain', boundary=''
DEBUG ParseMIMEMessage: Single-part message (not multipart)
DEBUG StoreMessage: Stored part idx=0 (type=text/plain) as db_id=1 with part_number=1 (parent_db_id={0 false})
Server: S008 OK STORE completed
--- PASS: TestStoreCommand_RemoveFLAGS_SILENT (0.23s)
=== RUN   TestStoreCommand_SequenceRange
2026/06/13 08:52:24 IMAP OAUTHBEARER: config load skipped at init: open config/raven.yaml: no such file or directory
DEBUG ParseMIMEMessage: Content-Type='text/plain; charset=us-ascii'
DEBUG ParseMIMEMessage: mediaType='text/plain', boundary=''
DEBUG ParseMIMEMessage: Single-part message (not multipart)
DEBUG StoreMessage: Stored part idx=0 (type=text/plain) as db_id=1 with part_number=1 (parent_db_id={0 false})
DEBUG ParseMIMEMessage: Content-Type='text/plain; charset=us-ascii'
DEBUG ParseMIMEMessage: mediaType='text/plain', boundary=''
DEBUG ParseMIMEMessage: Single-part message (not multipart)
DEBUG StoreMessage: Stored part idx=0 (type=text/plain) as db_id=2 with part_number=1 (parent_db_id={0 false})
DEBUG ParseMIMEMessage: Content-Type='text/plain; charset=us-ascii'
DEBUG ParseMIMEMessage: mediaType='text/plain', boundary=''
DEBUG ParseMIMEMessage: Single-part message (not multipart)
DEBUG StoreMessage: Stored part idx=0 (type=text/plain) as db_id=3 with part_number=1 (parent_db_id={0 false})
DEBUG ParseMIMEMessage: Content-Type='text/plain; charset=us-ascii'
DEBUG ParseMIMEMessage: mediaType='text/plain', boundary=''
DEBUG ParseMIMEMessage: Single-part message (not multipart)
DEBUG StoreMessage: Stored part idx=0 (type=text/plain) as db_id=4 with part_number=1 (parent_db_id={0 false})
Server: * 2 FETCH (FLAGS (\Deleted))
Server: * 3 FETCH (FLAGS (\Deleted))
Server: * 4 FETCH (FLAGS (\Deleted))
Server: A003 OK STORE completed
--- PASS: TestStoreCommand_SequenceRange (0.42s)
=== RUN   TestStoreCommand_RFC3501Example
2026/06/13 08:52:24 IMAP OAUTHBEARER: config load skipped at init: open config/raven.yaml: no such file or directory
DEBUG ParseMIMEMessage: Content-Type='text/plain; charset=us-ascii'
DEBUG ParseMIMEMessage: mediaType='text/plain', boundary=''
DEBUG ParseMIMEMessage: Single-part message (not multipart)
DEBUG StoreMessage: Stored part idx=0 (type=text/plain) as db_id=1 with part_number=1 (parent_db_id={0 false})
DEBUG ParseMIMEMessage: Content-Type='text/plain; charset=us-ascii'
DEBUG ParseMIMEMessage: mediaType='text/plain', boundary=''
DEBUG ParseMIMEMessage: Single-part message (not multipart)
DEBUG StoreMessage: Stored part idx=0 (type=text/plain) as db_id=2 with part_number=1 (parent_db_id={0 false})
DEBUG ParseMIMEMessage: Content-Type='text/plain; charset=us-ascii'
DEBUG ParseMIMEMessage: mediaType='text/plain', boundary=''
DEBUG ParseMIMEMessage: Single-part message (not multipart)
DEBUG StoreMessage: Stored part idx=0 (type=text/plain) as db_id=3 with part_number=1 (parent_db_id={0 false})
DEBUG ParseMIMEMessage: Content-Type='text/plain; charset=us-ascii'
DEBUG ParseMIMEMessage: mediaType='text/plain', boundary=''
DEBUG ParseMIMEMessage: Single-part message (not multipart)
DEBUG StoreMessage: Stored part idx=0 (type=text/plain) as db_id=4 with part_number=1 (parent_db_id={0 false})
Server: * 2 FETCH (FLAGS (\Seen \Deleted))
Server: * 3 FETCH (FLAGS (\Deleted))
Server: * 4 FETCH (FLAGS (\Seen \Deleted \Flagged))
Server: A003 OK STORE completed
--- PASS: TestStoreCommand_RFC3501Example (0.43s)
=== RUN   TestStoreCommand_MultipleFlags
2026/06/13 08:52:25 IMAP OAUTHBEARER: config load skipped at init: open config/raven.yaml: no such file or directory
DEBUG ParseMIMEMessage: Content-Type='text/plain; charset=us-ascii'
DEBUG ParseMIMEMessage: mediaType='text/plain', boundary=''
DEBUG ParseMIMEMessage: Single-part message (not multipart)
DEBUG StoreMessage: Stored part idx=0 (type=text/plain) as db_id=1 with part_number=1 (parent_db_id={0 false})
Server: * 1 FETCH (FLAGS (\Seen \Deleted \Flagged))
Server: S009 OK STORE completed
--- PASS: TestStoreCommand_MultipleFlags (0.36s)
=== RUN   TestStoreCommand_InvalidDataItem
2026/06/13 08:52:25 IMAP OAUTHBEARER: config load skipped at init: open config/raven.yaml: no such file or directory
DEBUG ParseMIMEMessage: Content-Type='text/plain; charset=us-ascii'
DEBUG ParseMIMEMessage: mediaType='text/plain', boundary=''
DEBUG ParseMIMEMessage: Single-part message (not multipart)
DEBUG StoreMessage: Stored part idx=0 (type=text/plain) as db_id=1 with part_number=1 (parent_db_id={0 false})
Server: S010 BAD Invalid data item: INVALID
--- PASS: TestStoreCommand_InvalidDataItem (0.19s)
=== RUN   TestStoreCommand_BadSyntax
2026/06/13 08:52:25 IMAP OAUTHBEARER: config load skipped at init: open config/raven.yaml: no such file or directory
Server: S011 BAD Invalid sequence set
--- PASS: TestStoreCommand_BadSyntax (0.25s)
=== RUN   TestStoreCommand_NoRecentFlag
2026/06/13 08:52:26 IMAP OAUTHBEARER: config load skipped at init: open config/raven.yaml: no such file or directory
DEBUG ParseMIMEMessage: Content-Type='text/plain; charset=us-ascii'
DEBUG ParseMIMEMessage: mediaType='text/plain', boundary=''
DEBUG ParseMIMEMessage: Single-part message (not multipart)
DEBUG StoreMessage: Stored part idx=0 (type=text/plain) as db_id=1 with part_number=1 (parent_db_id={0 false})
Server: * 1 FETCH (FLAGS (\Seen))
Server: S012 OK STORE completed
--- PASS: TestStoreCommand_NoRecentFlag (0.13s)
=== RUN   TestStoreCommand_EmptyFlags
2026/06/13 08:52:26 IMAP OAUTHBEARER: config load skipped at init: open config/raven.yaml: no such file or directory
DEBUG ParseMIMEMessage: Content-Type='text/plain; charset=us-ascii'
DEBUG ParseMIMEMessage: mediaType='text/plain', boundary=''
DEBUG ParseMIMEMessage: Single-part message (not multipart)
DEBUG StoreMessage: Stored part idx=0 (type=text/plain) as db_id=1 with part_number=1 (parent_db_id={0 false})
Server: * 1 FETCH (FLAGS ())
Server: S013 OK STORE completed
--- PASS: TestStoreCommand_EmptyFlags (0.20s)
=== RUN   TestStoreCommand_TagHandling
2026/06/13 08:52:26 IMAP OAUTHBEARER: config load skipped at init: open config/raven.yaml: no such file or directory
DEBUG ParseMIMEMessage: Content-Type='text/plain; charset=us-ascii'
DEBUG ParseMIMEMessage: mediaType='text/plain', boundary=''
DEBUG ParseMIMEMessage: Single-part message (not multipart)
DEBUG StoreMessage: Stored part idx=0 (type=text/plain) as db_id=1 with part_number=1 (parent_db_id={0 false})
=== RUN   TestStoreCommand_TagHandling/Tag_A001
Server: * 1 FETCH (FLAGS (\Seen))
Server: A001 OK STORE completed
=== RUN   TestStoreCommand_TagHandling/Tag_store1
Server: * 1 FETCH (FLAGS (\Seen))
Server: store1 OK STORE completed
=== RUN   TestStoreCommand_TagHandling/Tag_TAG-123
Server: * 1 FETCH (FLAGS (\Seen))
Server: TAG-123 OK STORE completed
--- PASS: TestStoreCommand_TagHandling (0.12s)
    --- PASS: TestStoreCommand_TagHandling/Tag_A001 (0.00s)
    --- PASS: TestStoreCommand_TagHandling/Tag_store1 (0.00s)
    --- PASS: TestStoreCommand_TagHandling/Tag_TAG-123 (0.00s)
=== RUN   TestSpamRestoration
2026/06/13 08:52:26 IMAP OAUTHBEARER: config load skipped at init: open config/raven.yaml: no such file or directory
DEBUG ParseMIMEMessage: Content-Type='text/plain; charset=us-ascii'
DEBUG ParseMIMEMessage: mediaType='text/plain', boundary=''
DEBUG ParseMIMEMessage: Single-part message (not multipart)
DEBUG StoreMessage: Stored part idx=0 (type=text/plain) as db_id=1 with part_number=1 (parent_db_id={0 false})
2026/06/13 08:52:26 Auto-moved message 1 to Spam folder (Junk flag added)
Server: * 1 EXPUNGE
Server: S001 OK STORE completed
2026/06/13 08:52:26 Auto-moved message 1 to Sent (NonJunk flag added)
Server: * 1 EXPUNGE
Server: S002 OK STORE completed
--- PASS: TestSpamRestoration (0.12s)
=== RUN   TestSpamDefaultRestoreToInbox
2026/06/13 08:52:26 IMAP OAUTHBEARER: config load skipped at init: open config/raven.yaml: no such file or directory
DEBUG ParseMIMEMessage: Content-Type='text/plain; charset=us-ascii'
DEBUG ParseMIMEMessage: mediaType='text/plain', boundary=''
DEBUG ParseMIMEMessage: Single-part message (not multipart)
DEBUG StoreMessage: Stored part idx=0 (type=text/plain) as db_id=1 with part_number=1 (parent_db_id={0 false})
2026/06/13 08:52:27 Auto-moved message 1 to INBOX (NonJunk flag added)
Server: * 1 EXPUNGE
Server: S003 OK STORE completed
--- PASS: TestSpamDefaultRestoreToInbox (0.48s)
PASS
ok  	raven/internal/server/message	(cached)
=== RUN   TestRequireAuth_Authenticated
--- PASS: TestRequireAuth_Authenticated (0.00s)
=== RUN   TestRequireAuth_Unauthenticated
--- PASS: TestRequireAuth_Unauthenticated (0.00s)
=== RUN   TestRequireMailboxSelected_MailboxSelected
--- PASS: TestRequireMailboxSelected_MailboxSelected (0.00s)
=== RUN   TestRequireMailboxSelected_NoMailboxSelected
--- PASS: TestRequireMailboxSelected_NoMailboxSelected (0.00s)
=== RUN   TestRequireAuthAndMailbox_BothValid
--- PASS: TestRequireAuthAndMailbox_BothValid (0.00s)
=== RUN   TestRequireAuthAndMailbox_NotAuthenticated
--- PASS: TestRequireAuthAndMailbox_NotAuthenticated (0.00s)
=== RUN   TestRequireAuthAndMailbox_NoMailboxSelected
--- PASS: TestRequireAuthAndMailbox_NoMailboxSelected (0.00s)
=== RUN   TestRequireAuthAndMailbox_NeitherValid
--- PASS: TestRequireAuthAndMailbox_NeitherValid (0.00s)
=== RUN   TestValidateMinArgs_ValidArgs
--- PASS: TestValidateMinArgs_ValidArgs (0.00s)
=== RUN   TestValidateMinArgs_InsufficientArgs
--- PASS: TestValidateMinArgs_InsufficientArgs (0.00s)
=== RUN   TestValidateMinArgs_ExactMinimum
--- PASS: TestValidateMinArgs_ExactMinimum (0.00s)
=== RUN   TestValidateMinArgs_MoreThanMinimum
--- PASS: TestValidateMinArgs_MoreThanMinimum (0.00s)
=== RUN   TestWithSelectedDB_Success
--- PASS: TestWithSelectedDB_Success (0.00s)
=== RUN   TestWithSelectedDB_Error
--- PASS: TestWithSelectedDB_Error (0.00s)
=== RUN   TestWithUserDB_Success
--- PASS: TestWithUserDB_Success (0.00s)
=== RUN   TestWithUserDB_Error
--- PASS: TestWithUserDB_Error (0.00s)
=== RUN   TestCombinedMiddleware_AuthAndValidation
--- PASS: TestCombinedMiddleware_AuthAndValidation (0.00s)
=== RUN   TestCombinedMiddleware_AuthFailsFirst
--- PASS: TestCombinedMiddleware_AuthFailsFirst (0.00s)
=== RUN   TestCombinedMiddleware_AllChecks
--- PASS: TestCombinedMiddleware_AllChecks (0.00s)
PASS
ok  	raven/internal/server/middleware	(cached)
=== RUN   TestBuildBodyStructure_TextPlain
DEBUG BuildBodyStructure: Extracted Content-Type='text/plain; charset=utf-8'
DEBUG BuildBodyStructure: mediaType='text/plain', boundary=''
DEBUG BuildBodyStructure: Not multipart, building single-part structure
--- PASS: TestBuildBodyStructure_TextPlain (0.00s)
=== RUN   TestBuildBodyStructure_Defaults
DEBUG BuildBodyStructure: Extracted Content-Type='text/plain; charset=us-ascii'
DEBUG BuildBodyStructure: mediaType='text/plain', boundary=''
DEBUG BuildBodyStructure: Not multipart, building single-part structure
--- PASS: TestBuildBodyStructure_Defaults (0.00s)
=== RUN   TestBuildBodyStructure_MultipartMixed
DEBUG BuildBodyStructure: Extracted Content-Type='multipart/mixed; boundary="abc123"'
DEBUG BuildBodyStructure: mediaType='multipart/mixed', boundary='abc123'
DEBUG BuildBodyStructure: Building multipart BODYSTRUCTURE with boundary='abc123'
--- PASS: TestBuildBodyStructure_MultipartMixed (0.00s)
=== RUN   TestBuildBodyStructure_FallbackMultipart_NoBoundary
DEBUG BuildBodyStructure: Extracted Content-Type='multipart/mixed'
DEBUG BuildBodyStructure: mediaType='multipart/mixed', boundary=''
DEBUG BuildBodyStructure: WARNING - multipart but no boundary found!
--- PASS: TestBuildBodyStructure_FallbackMultipart_NoBoundary (0.00s)
=== RUN   TestBuildBodyStructure_MultipartAlternative
DEBUG BuildBodyStructure: Extracted Content-Type='multipart/alternative; boundary="bALT"'
DEBUG BuildBodyStructure: mediaType='multipart/alternative', boundary='bALT'
DEBUG BuildBodyStructure: Building multipart BODYSTRUCTURE with boundary='bALT'
--- PASS: TestBuildBodyStructure_MultipartAlternative (0.00s)
=== RUN   TestBuildBodyStructure_WithContentID
DEBUG BuildBodyStructure: Extracted Content-Type='text/plain'
DEBUG BuildBodyStructure: mediaType='text/plain', boundary=''
DEBUG BuildBodyStructure: Not multipart, building single-part structure
--- PASS: TestBuildBodyStructure_WithContentID (0.00s)
=== RUN   TestBuildBodyStructure_WithContentDescription
DEBUG BuildBodyStructure: Extracted Content-Type='text/plain'
DEBUG BuildBodyStructure: mediaType='text/plain', boundary=''
DEBUG BuildBodyStructure: Not multipart, building single-part structure
--- PASS: TestBuildBodyStructure_WithContentDescription (0.00s)
=== RUN   TestBuildBodyStructure_Base64Encoding
DEBUG BuildBodyStructure: Extracted Content-Type='text/plain'
DEBUG BuildBodyStructure: mediaType='text/plain', boundary=''
DEBUG BuildBodyStructure: Not multipart, building single-part structure
--- PASS: TestBuildBodyStructure_Base64Encoding (0.00s)
=== RUN   TestBuildBodyStructure_QuotedPrintable
DEBUG BuildBodyStructure: Extracted Content-Type='text/plain'
DEBUG BuildBodyStructure: mediaType='text/plain', boundary=''
DEBUG BuildBodyStructure: Not multipart, building single-part structure
--- PASS: TestBuildBodyStructure_QuotedPrintable (0.00s)
=== RUN   TestBuildBodyStructure_ImageType
DEBUG BuildBodyStructure: Extracted Content-Type='image/png'
DEBUG BuildBodyStructure: mediaType='image/png', boundary=''
DEBUG BuildBodyStructure: Not multipart, building single-part structure
--- PASS: TestBuildBodyStructure_ImageType (0.00s)
=== RUN   TestBuildBodyStructure_ApplicationType
DEBUG BuildBodyStructure: Extracted Content-Type='application/pdf'
DEBUG BuildBodyStructure: mediaType='application/pdf', boundary=''
DEBUG BuildBodyStructure: Not multipart, building single-part structure
--- PASS: TestBuildBodyStructure_ApplicationType (0.00s)
=== RUN   TestBuildBodyStructure_WithCharset
DEBUG BuildBodyStructure: Extracted Content-Type='text/html; charset=iso-8859-1'
DEBUG BuildBodyStructure: mediaType='text/html', boundary=''
DEBUG BuildBodyStructure: Not multipart, building single-part structure
--- PASS: TestBuildBodyStructure_WithCharset (0.00s)
=== RUN   TestBuildBodyStructure_MultipartWithAttachment
DEBUG BuildBodyStructure: Extracted Content-Type='multipart/mixed; boundary="att123"'
DEBUG BuildBodyStructure: mediaType='multipart/mixed', boundary='att123'
DEBUG BuildBodyStructure: Building multipart BODYSTRUCTURE with boundary='att123'
--- PASS: TestBuildBodyStructure_MultipartWithAttachment (0.00s)
=== RUN   TestBuildBodyStructure_EmptyBody
DEBUG BuildBodyStructure: Extracted Content-Type='text/plain'
DEBUG BuildBodyStructure: mediaType='text/plain', boundary=''
DEBUG BuildBodyStructure: Not multipart, building single-part structure
--- PASS: TestBuildBodyStructure_EmptyBody (0.00s)
=== RUN   TestBuildBodyStructure_NoContentType
DEBUG BuildBodyStructure: Extracted Content-Type='text/plain; charset=us-ascii'
DEBUG BuildBodyStructure: mediaType='text/plain', boundary=''
DEBUG BuildBodyStructure: Not multipart, building single-part structure
--- PASS: TestBuildBodyStructure_NoContentType (0.00s)
=== RUN   TestBuildBodyStructure_InvalidContentType
DEBUG BuildBodyStructure: Extracted Content-Type='invalid'
DEBUG BuildBodyStructure: mediaType='invalid', boundary=''
DEBUG BuildBodyStructure: Not multipart, building single-part structure
--- PASS: TestBuildBodyStructure_InvalidContentType (0.00s)
=== RUN   TestBuildBodyStructure_MultipartNested
DEBUG BuildBodyStructure: Extracted Content-Type='multipart/mixed; boundary="outer"'
DEBUG BuildBodyStructure: mediaType='multipart/mixed', boundary='outer'
DEBUG BuildBodyStructure: Building multipart BODYSTRUCTURE with boundary='outer'
DEBUG buildPartStructure: Found nested multipart/ALTERNATIVE with boundary='inner'
--- PASS: TestBuildBodyStructure_MultipartNested (0.00s)
=== RUN   TestBuildBodyStructure_GmailScenario
DEBUG BuildBodyStructure: Extracted Content-Type='multipart/mixed; boundary="----=_Part_Mixed_123"'
DEBUG BuildBodyStructure: mediaType='multipart/mixed', boundary='----=_Part_Mixed_123'
DEBUG BuildBodyStructure: Building multipart BODYSTRUCTURE with boundary='----=_Part_Mixed_123'
DEBUG buildPartStructure: Found nested multipart/ALTERNATIVE with boundary='----=_Part_Alternative_456'
    bodystructure_test.go:201: Generated BODYSTRUCTURE: BODYSTRUCTURE ((("TEXT" "PLAIN" ("CHARSET" "utf-8") NIL NIL "7BIT" 21 0 NIL NIL NIL) ("TEXT" "HTML" ("CHARSET" "utf-8") NIL NIL "7BIT" 47 0 NIL NIL NIL) "ALTERNATIVE" ("BOUNDARY" "----=_Part_Alternative_456") NIL NIL) ("IMAGE" "PNG" ("NAME" "test.png") "<f_test123>" NIL "BASE64" 96 NIL ("ATTACHMENT" ("FILENAME" "test.png")) NIL) "MIXED" ("BOUNDARY" "----=_Part_Mixed_123") NIL NIL)
--- PASS: TestBuildBodyStructure_GmailScenario (0.00s)
=== RUN   TestBuildParamList_Empty
--- PASS: TestBuildParamList_Empty (0.00s)
=== RUN   TestBuildParamList_Single
--- PASS: TestBuildParamList_Single (0.00s)
=== RUN   TestBuildParamList_Multiple
--- PASS: TestBuildParamList_Multiple (0.00s)
=== RUN   TestQuoteOrNIL
--- PASS: TestQuoteOrNIL (0.00s)
=== RUN   TestExtractHeader_Simple
--- PASS: TestExtractHeader_Simple (0.00s)
=== RUN   TestExtractHeader_Folded
--- PASS: TestExtractHeader_Folded (0.00s)
=== RUN   TestParseAddressList_Empty
--- PASS: TestParseAddressList_Empty (0.00s)
=== RUN   TestParseAddressList_Single
--- PASS: TestParseAddressList_Single (0.00s)
=== RUN   TestParseAddressList_WithName
--- PASS: TestParseAddressList_WithName (0.00s)
=== RUN   TestBuildEnvelope_Defaults
--- PASS: TestBuildEnvelope_Defaults (0.00s)
=== RUN   TestBuildEnvelope_MissingHeaders
--- PASS: TestBuildEnvelope_MissingHeaders (0.00s)
=== RUN   TestBuildEnvelope_SenderDefault
--- PASS: TestBuildEnvelope_SenderDefault (0.00s)
=== RUN   TestBuildEnvelope_ReplyToDefault
--- PASS: TestBuildEnvelope_ReplyToDefault (0.00s)
=== RUN   TestBuildEnvelope_MultipleRecipients
--- PASS: TestBuildEnvelope_MultipleRecipients (0.00s)
=== RUN   TestBuildEnvelope_CcBcc
--- PASS: TestBuildEnvelope_CcBcc (0.00s)
=== RUN   TestExtractHeader_CaseInsensitive
--- PASS: TestExtractHeader_CaseInsensitive (0.00s)
=== RUN   TestExtractHeader_NotFound
--- PASS: TestExtractHeader_NotFound (0.00s)
=== RUN   TestExtractHeader_MultiLine
--- PASS: TestExtractHeader_MultiLine (0.00s)
=== RUN   TestParseAddressList_Multiple
--- PASS: TestParseAddressList_Multiple (0.00s)
=== RUN   TestParseAddressList_WithQuotedNames
--- PASS: TestParseAddressList_WithQuotedNames (0.00s)
=== RUN   TestQuoteOrNIL_Backslashes
--- PASS: TestQuoteOrNIL_Backslashes (0.00s)
=== RUN   TestQuoteOrNIL_Quotes
--- PASS: TestQuoteOrNIL_Quotes (0.00s)
PASS
ok  	raven/internal/server/response	(cached)
=== RUN   TestSelectCommand_Unauthenticated
2026/06/13 08:52:57 IMAP OAUTHBEARER: config load skipped at init: open config/raven.yaml: no such file or directory
Server: A001 NO Please authenticate first
--- PASS: TestSelectCommand_Unauthenticated (0.13s)
=== RUN   TestSelectCommand_MissingFolderName
2026/06/13 08:52:57 IMAP OAUTHBEARER: config load skipped at init: open config/raven.yaml: no such file or directory
Server: A002 BAD SELECT requires folder name
--- PASS: TestSelectCommand_MissingFolderName (0.23s)
=== RUN   TestSelectCommand_NonExistentMailbox
2026/06/13 08:52:57 IMAP OAUTHBEARER: config load skipped at init: open config/raven.yaml: no such file or directory
Server: A003 NO [TRYCREATE] Mailbox does not exist
--- PASS: TestSelectCommand_NonExistentMailbox (0.16s)
=== RUN   TestSelectCommand_Success
2026/06/13 08:52:57 IMAP OAUTHBEARER: config load skipped at init: open config/raven.yaml: no such file or directory
DEBUG ParseMIMEMessage: Content-Type='text/plain; charset=us-ascii'
DEBUG ParseMIMEMessage: mediaType='text/plain', boundary=''
DEBUG ParseMIMEMessage: Single-part message (not multipart)
DEBUG StoreMessage: Stored part idx=0 (type=text/plain) as db_id=1 with part_number=1 (parent_db_id={0 false})
Server: * FLAGS (\Answered \Flagged \Deleted \Seen \Draft)
Server: * 1 EXISTS
Server: * 0 RECENT
Server: * OK [UNSEEN 1] Message 1 is first unseen
Server: * OK [UIDVALIDITY 1781340778] UIDs valid
Server: * OK [UIDNEXT 2] Predicted next UID
Server: * OK [PERMANENTFLAGS (\Answered \Flagged \Deleted \Seen \Draft \*)] Limited
Server: A004 OK [READ-WRITE] SELECT completed
--- PASS: TestSelectCommand_Success (0.32s)
=== RUN   TestSelectCommand_WithQuotedName
2026/06/13 08:52:58 IMAP OAUTHBEARER: config load skipped at init: open config/raven.yaml: no such file or directory
Server: * FLAGS (\Answered \Flagged \Deleted \Seen \Draft)
Server: * 0 EXISTS
Server: * 0 RECENT
Server: * OK [UIDVALIDITY 1781340778] UIDs valid
Server: * OK [UIDNEXT 1] Predicted next UID
Server: * OK [PERMANENTFLAGS (\Answered \Flagged \Deleted \Seen \Draft \*)] Limited
Server: A005 OK [READ-WRITE] SELECT completed
--- PASS: TestSelectCommand_WithQuotedName (0.25s)
=== RUN   TestSelectCommand_EmptyMailbox
2026/06/13 08:52:58 IMAP OAUTHBEARER: config load skipped at init: open config/raven.yaml: no such file or directory
Server: * FLAGS (\Answered \Flagged \Deleted \Seen \Draft)
Server: * 0 EXISTS
Server: * 0 RECENT
Server: * OK [UIDVALIDITY 1781340778] UIDs valid
Server: * OK [UIDNEXT 1] Predicted next UID
Server: * OK [PERMANENTFLAGS (\Answered \Flagged \Deleted \Seen \Draft \*)] Limited
Server: A006 OK [READ-WRITE] SELECT completed
--- PASS: TestSelectCommand_EmptyMailbox (0.12s)
=== RUN   TestSelectCommand_MultipleMessages
2026/06/13 08:52:58 IMAP OAUTHBEARER: config load skipped at init: open config/raven.yaml: no such file or directory
DEBUG ParseMIMEMessage: Content-Type='text/plain; charset=us-ascii'
DEBUG ParseMIMEMessage: mediaType='text/plain', boundary=''
DEBUG ParseMIMEMessage: Single-part message (not multipart)
DEBUG StoreMessage: Stored part idx=0 (type=text/plain) as db_id=1 with part_number=1 (parent_db_id={0 false})
DEBUG ParseMIMEMessage: Content-Type='text/plain; charset=us-ascii'
DEBUG ParseMIMEMessage: mediaType='text/plain', boundary=''
DEBUG ParseMIMEMessage: Single-part message (not multipart)
DEBUG StoreMessage: Stored part idx=0 (type=text/plain) as db_id=2 with part_number=1 (parent_db_id={0 false})
DEBUG ParseMIMEMessage: Content-Type='text/plain; charset=us-ascii'
DEBUG ParseMIMEMessage: mediaType='text/plain', boundary=''
DEBUG ParseMIMEMessage: Single-part message (not multipart)
DEBUG StoreMessage: Stored part idx=0 (type=text/plain) as db_id=3 with part_number=1 (parent_db_id={0 false})
Server: * FLAGS (\Answered \Flagged \Deleted \Seen \Draft)
Server: * 3 EXISTS
Server: * 0 RECENT
Server: * OK [UNSEEN 1] Message 1 is first unseen
Server: * OK [UIDVALIDITY 1781340778] UIDs valid
Server: * OK [UIDNEXT 4] Predicted next UID
Server: * OK [PERMANENTFLAGS (\Answered \Flagged \Deleted \Seen \Draft \*)] Limited
Server: A007 OK [READ-WRITE] SELECT completed
--- PASS: TestSelectCommand_MultipleMessages (0.28s)
=== RUN   TestSelectCommand_StateTracking
2026/06/13 08:52:58 IMAP OAUTHBEARER: config load skipped at init: open config/raven.yaml: no such file or directory
DEBUG ParseMIMEMessage: Content-Type='text/plain; charset=us-ascii'
DEBUG ParseMIMEMessage: mediaType='text/plain', boundary=''
DEBUG ParseMIMEMessage: Single-part message (not multipart)
DEBUG StoreMessage: Stored part idx=0 (type=text/plain) as db_id=1 with part_number=1 (parent_db_id={0 false})
DEBUG ParseMIMEMessage: Content-Type='text/plain; charset=us-ascii'
DEBUG ParseMIMEMessage: mediaType='text/plain', boundary=''
DEBUG ParseMIMEMessage: Single-part message (not multipart)
DEBUG StoreMessage: Stored part idx=0 (type=text/plain) as db_id=2 with part_number=1 (parent_db_id={0 false})
Server: * FLAGS (\Answered \Flagged \Deleted \Seen \Draft)
Server: * 2 EXISTS
Server: * 0 RECENT
Server: * OK [UNSEEN 1] Message 1 is first unseen
Server: * OK [UIDVALIDITY 1781340779] UIDs valid
Server: * OK [UIDNEXT 3] Predicted next UID
Server: * OK [PERMANENTFLAGS (\Answered \Flagged \Deleted \Seen \Draft \*)] Limited
Server: A008 OK [READ-WRITE] SELECT completed
--- PASS: TestSelectCommand_StateTracking (0.24s)
=== RUN   TestExamineCommand_Success
2026/06/13 08:52:59 IMAP OAUTHBEARER: config load skipped at init: open config/raven.yaml: no such file or directory
DEBUG ParseMIMEMessage: Content-Type='text/plain; charset=us-ascii'
DEBUG ParseMIMEMessage: mediaType='text/plain', boundary=''
DEBUG ParseMIMEMessage: Single-part message (not multipart)
DEBUG StoreMessage: Stored part idx=0 (type=text/plain) as db_id=1 with part_number=1 (parent_db_id={0 false})
Server: * 1 EXISTS
Server: * 0 RECENT
Server: * OK [UNSEEN 1] Message 1 is first unseen
Server: * OK [UIDVALIDITY 1781340779] UIDs valid
Server: * OK [UIDNEXT 2] Predicted next UID
Server: * FLAGS (\Answered \Flagged \Deleted \Seen \Draft)
Server: * OK [PERMANENTFLAGS ()] No permanent flags permitted
Server: A009 OK [READ-ONLY] EXAMINE completed
--- PASS: TestExamineCommand_Success (0.10s)
=== RUN   TestExamineCommand_Unauthenticated
2026/06/13 08:52:59 IMAP OAUTHBEARER: config load skipped at init: open config/raven.yaml: no such file or directory
Server: A010 NO Please authenticate first
--- PASS: TestExamineCommand_Unauthenticated (0.12s)
=== RUN   TestExamineCommand_MissingFolderName
2026/06/13 08:52:59 IMAP OAUTHBEARER: config load skipped at init: open config/raven.yaml: no such file or directory
Server: A011 BAD EXAMINE requires folder name
--- PASS: TestExamineCommand_MissingFolderName (0.11s)
=== RUN   TestCloseCommand_Unauthenticated
2026/06/13 08:52:59 IMAP OAUTHBEARER: config load skipped at init: open config/raven.yaml: no such file or directory
Server: C001 NO Please authenticate first
--- PASS: TestCloseCommand_Unauthenticated (0.09s)
=== RUN   TestCloseCommand_NoMailboxSelected
2026/06/13 08:52:59 IMAP OAUTHBEARER: config load skipped at init: open config/raven.yaml: no such file or directory
Server: C002 NO No mailbox selected
--- PASS: TestCloseCommand_NoMailboxSelected (0.13s)
=== RUN   TestCloseCommand_Success
2026/06/13 08:52:59 IMAP OAUTHBEARER: config load skipped at init: open config/raven.yaml: no such file or directory
DEBUG ParseMIMEMessage: Content-Type='text/plain; charset=us-ascii'
DEBUG ParseMIMEMessage: mediaType='text/plain', boundary=''
DEBUG ParseMIMEMessage: Single-part message (not multipart)
DEBUG StoreMessage: Stored part idx=0 (type=text/plain) as db_id=1 with part_number=1 (parent_db_id={0 false})
Server: C003 OK CLOSE completed
--- PASS: TestCloseCommand_Success (0.29s)
=== RUN   TestCloseCommand_NoExpungeResponses
2026/06/13 08:52:59 IMAP OAUTHBEARER: config load skipped at init: open config/raven.yaml: no such file or directory
DEBUG ParseMIMEMessage: Content-Type='text/plain; charset=us-ascii'
DEBUG ParseMIMEMessage: mediaType='text/plain', boundary=''
DEBUG ParseMIMEMessage: Single-part message (not multipart)
DEBUG StoreMessage: Stored part idx=0 (type=text/plain) as db_id=1 with part_number=1 (parent_db_id={0 false})
Server: C004 OK CLOSE completed
--- PASS: TestCloseCommand_NoExpungeResponses (0.20s)
=== RUN   TestUnselectCommand_Unauthenticated
2026/06/13 08:53:00 IMAP OAUTHBEARER: config load skipped at init: open config/raven.yaml: no such file or directory
Server: U001 NO Please authenticate first
--- PASS: TestUnselectCommand_Unauthenticated (0.19s)
=== RUN   TestUnselectCommand_NoMailboxSelected
2026/06/13 08:53:00 IMAP OAUTHBEARER: config load skipped at init: open config/raven.yaml: no such file or directory
Server: U002 NO No folder selected
--- PASS: TestUnselectCommand_NoMailboxSelected (0.27s)
=== RUN   TestUnselectCommand_Success
2026/06/13 08:53:00 IMAP OAUTHBEARER: config load skipped at init: open config/raven.yaml: no such file or directory
DEBUG ParseMIMEMessage: Content-Type='text/plain; charset=us-ascii'
DEBUG ParseMIMEMessage: mediaType='text/plain', boundary=''
DEBUG ParseMIMEMessage: Single-part message (not multipart)
DEBUG StoreMessage: Stored part idx=0 (type=text/plain) as db_id=1 with part_number=1 (parent_db_id={0 false})
Server: U003 OK UNSELECT completed
--- PASS: TestUnselectCommand_Success (0.42s)
=== RUN   TestUnselectCommand_NoExpunge
2026/06/13 08:53:01 IMAP OAUTHBEARER: config load skipped at init: open config/raven.yaml: no such file or directory
DEBUG ParseMIMEMessage: Content-Type='text/plain; charset=us-ascii'
DEBUG ParseMIMEMessage: mediaType='text/plain', boundary=''
DEBUG ParseMIMEMessage: Single-part message (not multipart)
DEBUG StoreMessage: Stored part idx=0 (type=text/plain) as db_id=1 with part_number=1 (parent_db_id={0 false})
Server: U004 OK UNSELECT completed
--- PASS: TestUnselectCommand_NoExpunge (0.23s)
=== RUN   TestCloseCommand_DeletesMarkedMessages
2026/06/13 08:53:01 IMAP OAUTHBEARER: config load skipped at init: open config/raven.yaml: no such file or directory
DEBUG ParseMIMEMessage: Content-Type='text/plain; charset=us-ascii'
DEBUG ParseMIMEMessage: mediaType='text/plain', boundary=''
DEBUG ParseMIMEMessage: Single-part message (not multipart)
DEBUG StoreMessage: Stored part idx=0 (type=text/plain) as db_id=1 with part_number=1 (parent_db_id={0 false})
DEBUG ParseMIMEMessage: Content-Type='text/plain; charset=us-ascii'
DEBUG ParseMIMEMessage: mediaType='text/plain', boundary=''
DEBUG ParseMIMEMessage: Single-part message (not multipart)
DEBUG StoreMessage: Stored part idx=0 (type=text/plain) as db_id=2 with part_number=1 (parent_db_id={0 false})
DEBUG ParseMIMEMessage: Content-Type='text/plain; charset=us-ascii'
DEBUG ParseMIMEMessage: mediaType='text/plain', boundary=''
DEBUG ParseMIMEMessage: Single-part message (not multipart)
DEBUG StoreMessage: Stored part idx=0 (type=text/plain) as db_id=3 with part_number=1 (parent_db_id={0 false})
Server: C005 OK CLOSE completed
--- PASS: TestCloseCommand_DeletesMarkedMessages (0.24s)
=== RUN   TestSelectCommand_SwitchingMailboxes
2026/06/13 08:53:01 IMAP OAUTHBEARER: config load skipped at init: open config/raven.yaml: no such file or directory
DEBUG ParseMIMEMessage: Content-Type='text/plain; charset=us-ascii'
DEBUG ParseMIMEMessage: mediaType='text/plain', boundary=''
DEBUG ParseMIMEMessage: Single-part message (not multipart)
DEBUG StoreMessage: Stored part idx=0 (type=text/plain) as db_id=1 with part_number=1 (parent_db_id={0 false})
DEBUG ParseMIMEMessage: Content-Type='text/plain; charset=us-ascii'
DEBUG ParseMIMEMessage: mediaType='text/plain', boundary=''
DEBUG ParseMIMEMessage: Single-part message (not multipart)
DEBUG StoreMessage: Stored part idx=0 (type=text/plain) as db_id=2 with part_number=1 (parent_db_id={0 false})
DEBUG ParseMIMEMessage: Content-Type='text/plain; charset=us-ascii'
DEBUG ParseMIMEMessage: mediaType='text/plain', boundary=''
DEBUG ParseMIMEMessage: Single-part message (not multipart)
DEBUG StoreMessage: Stored part idx=0 (type=text/plain) as db_id=3 with part_number=1 (parent_db_id={0 false})
Server: * FLAGS (\Answered \Flagged \Deleted \Seen \Draft)
Server: * 1 EXISTS
Server: * 0 RECENT
Server: * OK [UNSEEN 1] Message 1 is first unseen
Server: * OK [UIDVALIDITY 1781340781] UIDs valid
Server: * OK [UIDNEXT 2] Predicted next UID
Server: * OK [PERMANENTFLAGS (\Answered \Flagged \Deleted \Seen \Draft \*)] Limited
Server: A014 OK [READ-WRITE] SELECT completed
Server: * FLAGS (\Answered \Flagged \Deleted \Seen \Draft)
Server: * 2 EXISTS
Server: * 0 RECENT
Server: * OK [UNSEEN 1] Message 1 is first unseen
Server: * OK [UIDVALIDITY 1781340781] UIDs valid
Server: * OK [UIDNEXT 3] Predicted next UID
Server: * OK [PERMANENTFLAGS (\Answered \Flagged \Deleted \Seen \Draft \*)] Limited
Server: A015 OK [READ-WRITE] SELECT completed
--- PASS: TestSelectCommand_SwitchingMailboxes (0.19s)
=== RUN   TestCloseCommand_DatabaseError
2026/06/13 08:53:01 IMAP OAUTHBEARER: config load skipped at init: open config/raven.yaml: no such file or directory
DEBUG ParseMIMEMessage: Content-Type='text/plain; charset=us-ascii'
DEBUG ParseMIMEMessage: mediaType='text/plain', boundary=''
DEBUG ParseMIMEMessage: Single-part message (not multipart)
DEBUG StoreMessage: Stored part idx=0 (type=text/plain) as db_id=1 with part_number=1 (parent_db_id={0 false})
Server: C006 OK CLOSE completed
--- PASS: TestCloseCommand_DatabaseError (0.18s)
PASS
ok  	raven/internal/server/selection	(cached)
=== RUN   TestUIDCommand_Unauthenticated
2026/06/13 08:53:03 IMAP OAUTHBEARER: config load skipped at init: open config/raven.yaml: no such file or directory
Server: U001 NO Please authenticate first
--- PASS: TestUIDCommand_Unauthenticated (0.26s)
=== RUN   TestUIDCommand_NoMailboxSelected
2026/06/13 08:53:03 IMAP OAUTHBEARER: config load skipped at init: open config/raven.yaml: no such file or directory
Server: U002 NO No mailbox selected
--- PASS: TestUIDCommand_NoMailboxSelected (0.15s)
=== RUN   TestUIDFetch_RFC3501Example
2026/06/13 08:53:03 IMAP OAUTHBEARER: config load skipped at init: open config/raven.yaml: no such file or directory
DEBUG ParseMIMEMessage: Content-Type='text/plain; charset=us-ascii'
DEBUG ParseMIMEMessage: mediaType='text/plain', boundary=''
DEBUG ParseMIMEMessage: Single-part message (not multipart)
DEBUG StoreMessage: Stored part idx=0 (type=text/plain) as db_id=1 with part_number=1 (parent_db_id={0 false})
DEBUG ParseMIMEMessage: Content-Type='text/plain; charset=us-ascii'
DEBUG ParseMIMEMessage: mediaType='text/plain', boundary=''
DEBUG ParseMIMEMessage: Single-part message (not multipart)
DEBUG StoreMessage: Stored part idx=0 (type=text/plain) as db_id=2 with part_number=1 (parent_db_id={0 false})
DEBUG ParseMIMEMessage: Content-Type='text/plain; charset=us-ascii'
DEBUG ParseMIMEMessage: mediaType='text/plain', boundary=''
DEBUG ParseMIMEMessage: Single-part message (not multipart)
DEBUG StoreMessage: Stored part idx=0 (type=text/plain) as db_id=3 with part_number=1 (parent_db_id={0 false})
Server: * 1 FETCH (UID 4827313 FLAGS (\Seen))
Server: * 2 FETCH (UID 4827943 FLAGS (\Seen))
Server: * 3 FETCH (UID 4828442 FLAGS (\Seen))
Server: A999 OK UID FETCH completed
--- PASS: TestUIDFetch_RFC3501Example (0.18s)
=== RUN   TestUIDFetch_AlwaysIncludesUID
2026/06/13 08:53:03 IMAP OAUTHBEARER: config load skipped at init: open config/raven.yaml: no such file or directory
DEBUG ParseMIMEMessage: Content-Type='text/plain; charset=us-ascii'
DEBUG ParseMIMEMessage: mediaType='text/plain', boundary=''
DEBUG ParseMIMEMessage: Single-part message (not multipart)
DEBUG StoreMessage: Stored part idx=0 (type=text/plain) as db_id=1 with part_number=1 (parent_db_id={0 false})
Server: * 1 FETCH (UID 1 FLAGS ())
Server: U003 OK UID FETCH completed
--- PASS: TestUIDFetch_AlwaysIncludesUID (0.18s)
=== RUN   TestUIDFetch_NonExistentUID
2026/06/13 08:53:03 IMAP OAUTHBEARER: config load skipped at init: open config/raven.yaml: no such file or directory
DEBUG ParseMIMEMessage: Content-Type='text/plain; charset=us-ascii'
DEBUG ParseMIMEMessage: mediaType='text/plain', boundary=''
DEBUG ParseMIMEMessage: Single-part message (not multipart)
DEBUG StoreMessage: Stored part idx=0 (type=text/plain) as db_id=1 with part_number=1 (parent_db_id={0 false})
Server: U004 OK UID FETCH completed
--- PASS: TestUIDFetch_NonExistentUID (0.47s)
=== RUN   TestUIDFetch_StarRange
2026/06/13 08:53:04 IMAP OAUTHBEARER: config load skipped at init: open config/raven.yaml: no such file or directory
DEBUG ParseMIMEMessage: Content-Type='text/plain; charset=us-ascii'
DEBUG ParseMIMEMessage: mediaType='text/plain', boundary=''
DEBUG ParseMIMEMessage: Single-part message (not multipart)
DEBUG StoreMessage: Stored part idx=0 (type=text/plain) as db_id=1 with part_number=1 (parent_db_id={0 false})
DEBUG ParseMIMEMessage: Content-Type='text/plain; charset=us-ascii'
DEBUG ParseMIMEMessage: mediaType='text/plain', boundary=''
DEBUG ParseMIMEMessage: Single-part message (not multipart)
DEBUG StoreMessage: Stored part idx=0 (type=text/plain) as db_id=2 with part_number=1 (parent_db_id={0 false})
DEBUG ParseMIMEMessage: Content-Type='text/plain; charset=us-ascii'
DEBUG ParseMIMEMessage: mediaType='text/plain', boundary=''
DEBUG ParseMIMEMessage: Single-part message (not multipart)
DEBUG StoreMessage: Stored part idx=0 (type=text/plain) as db_id=3 with part_number=1 (parent_db_id={0 false})
Server: * 3 FETCH (UID 3 FLAGS ())
Server: U005 OK UID FETCH completed
--- PASS: TestUIDFetch_StarRange (0.14s)
=== RUN   TestUIDSearch_ALL
2026/06/13 08:53:04 IMAP OAUTHBEARER: config load skipped at init: open config/raven.yaml: no such file or directory
DEBUG ParseMIMEMessage: Content-Type='text/plain; charset=us-ascii'
DEBUG ParseMIMEMessage: mediaType='text/plain', boundary=''
DEBUG ParseMIMEMessage: Single-part message (not multipart)
DEBUG StoreMessage: Stored part idx=0 (type=text/plain) as db_id=1 with part_number=1 (parent_db_id={0 false})
DEBUG ParseMIMEMessage: Content-Type='text/plain; charset=us-ascii'
DEBUG ParseMIMEMessage: mediaType='text/plain', boundary=''
DEBUG ParseMIMEMessage: Single-part message (not multipart)
DEBUG StoreMessage: Stored part idx=0 (type=text/plain) as db_id=2 with part_number=1 (parent_db_id={0 false})
DEBUG ParseMIMEMessage: Content-Type='text/plain; charset=us-ascii'
DEBUG ParseMIMEMessage: mediaType='text/plain', boundary=''
DEBUG ParseMIMEMessage: Single-part message (not multipart)
DEBUG StoreMessage: Stored part idx=0 (type=text/plain) as db_id=3 with part_number=1 (parent_db_id={0 false})
Server: * SEARCH 1 2 3
Server: U006 OK UID SEARCH completed
--- PASS: TestUIDSearch_ALL (0.37s)
=== RUN   TestUIDSearch_UIDRange
2026/06/13 08:53:04 IMAP OAUTHBEARER: config load skipped at init: open config/raven.yaml: no such file or directory
DEBUG ParseMIMEMessage: Content-Type='text/plain; charset=us-ascii'
DEBUG ParseMIMEMessage: mediaType='text/plain', boundary=''
DEBUG ParseMIMEMessage: Single-part message (not multipart)
DEBUG StoreMessage: Stored part idx=0 (type=text/plain) as db_id=1 with part_number=1 (parent_db_id={0 false})
DEBUG ParseMIMEMessage: Content-Type='text/plain; charset=us-ascii'
DEBUG ParseMIMEMessage: mediaType='text/plain', boundary=''
DEBUG ParseMIMEMessage: Single-part message (not multipart)
DEBUG StoreMessage: Stored part idx=0 (type=text/plain) as db_id=2 with part_number=1 (parent_db_id={0 false})
DEBUG ParseMIMEMessage: Content-Type='text/plain; charset=us-ascii'
DEBUG ParseMIMEMessage: mediaType='text/plain', boundary=''
DEBUG ParseMIMEMessage: Single-part message (not multipart)
DEBUG StoreMessage: Stored part idx=0 (type=text/plain) as db_id=3 with part_number=1 (parent_db_id={0 false})
Server: * SEARCH 443 495 557
Server: U007 OK UID SEARCH completed
--- PASS: TestUIDSearch_UIDRange (0.17s)
=== RUN   TestUIDSearch_SeenUnseen
2026/06/13 08:53:04 IMAP OAUTHBEARER: config load skipped at init: open config/raven.yaml: no such file or directory
DEBUG ParseMIMEMessage: Content-Type='text/plain; charset=us-ascii'
DEBUG ParseMIMEMessage: mediaType='text/plain', boundary=''
DEBUG ParseMIMEMessage: Single-part message (not multipart)
DEBUG StoreMessage: Stored part idx=0 (type=text/plain) as db_id=1 with part_number=1 (parent_db_id={0 false})
DEBUG ParseMIMEMessage: Content-Type='text/plain; charset=us-ascii'
DEBUG ParseMIMEMessage: mediaType='text/plain', boundary=''
DEBUG ParseMIMEMessage: Single-part message (not multipart)
DEBUG StoreMessage: Stored part idx=0 (type=text/plain) as db_id=2 with part_number=1 (parent_db_id={0 false})
Server: * SEARCH 1
Server: U027 OK UID SEARCH completed
Server: * SEARCH 2
Server: U028 OK UID SEARCH completed
--- PASS: TestUIDSearch_SeenUnseen (0.23s)
=== RUN   TestUIDStore_FLAGS
2026/06/13 08:53:05 IMAP OAUTHBEARER: config load skipped at init: open config/raven.yaml: no such file or directory
DEBUG ParseMIMEMessage: Content-Type='text/plain; charset=us-ascii'
DEBUG ParseMIMEMessage: mediaType='text/plain', boundary=''
DEBUG ParseMIMEMessage: Single-part message (not multipart)
DEBUG StoreMessage: Stored part idx=0 (type=text/plain) as db_id=1 with part_number=1 (parent_db_id={0 false})
Server: * 1 FETCH (FLAGS (\Deleted) UID 1)
Server: U008 OK UID STORE completed
--- PASS: TestUIDStore_FLAGS (0.15s)
=== RUN   TestUIDStore_SILENT
2026/06/13 08:53:05 IMAP OAUTHBEARER: config load skipped at init: open config/raven.yaml: no such file or directory
DEBUG ParseMIMEMessage: Content-Type='text/plain; charset=us-ascii'
DEBUG ParseMIMEMessage: mediaType='text/plain', boundary=''
DEBUG ParseMIMEMessage: Single-part message (not multipart)
DEBUG StoreMessage: Stored part idx=0 (type=text/plain) as db_id=1 with part_number=1 (parent_db_id={0 false})
Server: U009 OK UID STORE completed
--- PASS: TestUIDStore_SILENT (0.16s)
=== RUN   TestUIDStore_NonExistentUID
2026/06/13 08:53:05 IMAP OAUTHBEARER: config load skipped at init: open config/raven.yaml: no such file or directory
DEBUG ParseMIMEMessage: Content-Type='text/plain; charset=us-ascii'
DEBUG ParseMIMEMessage: mediaType='text/plain', boundary=''
DEBUG ParseMIMEMessage: Single-part message (not multipart)
DEBUG StoreMessage: Stored part idx=0 (type=text/plain) as db_id=1 with part_number=1 (parent_db_id={0 false})
Server: U010 OK UID STORE completed
--- PASS: TestUIDStore_NonExistentUID (0.23s)
=== RUN   TestUIDCopy_SingleMessage
2026/06/13 08:53:05 IMAP OAUTHBEARER: config load skipped at init: open config/raven.yaml: no such file or directory
DEBUG ParseMIMEMessage: Content-Type='text/plain; charset=us-ascii'
DEBUG ParseMIMEMessage: mediaType='text/plain', boundary=''
DEBUG ParseMIMEMessage: Single-part message (not multipart)
DEBUG StoreMessage: Stored part idx=0 (type=text/plain) as db_id=1 with part_number=1 (parent_db_id={0 false})
Server: U011 OK UID COPY completed
--- PASS: TestUIDCopy_SingleMessage (0.22s)
=== RUN   TestUIDCopy_UIDRange
2026/06/13 08:53:05 IMAP OAUTHBEARER: config load skipped at init: open config/raven.yaml: no such file or directory
DEBUG ParseMIMEMessage: Content-Type='text/plain; charset=us-ascii'
DEBUG ParseMIMEMessage: mediaType='text/plain', boundary=''
DEBUG ParseMIMEMessage: Single-part message (not multipart)
DEBUG StoreMessage: Stored part idx=0 (type=text/plain) as db_id=1 with part_number=1 (parent_db_id={0 false})
DEBUG ParseMIMEMessage: Content-Type='text/plain; charset=us-ascii'
DEBUG ParseMIMEMessage: mediaType='text/plain', boundary=''
DEBUG ParseMIMEMessage: Single-part message (not multipart)
DEBUG StoreMessage: Stored part idx=0 (type=text/plain) as db_id=2 with part_number=1 (parent_db_id={0 false})
DEBUG ParseMIMEMessage: Content-Type='text/plain; charset=us-ascii'
DEBUG ParseMIMEMessage: mediaType='text/plain', boundary=''
DEBUG ParseMIMEMessage: Single-part message (not multipart)
DEBUG StoreMessage: Stored part idx=0 (type=text/plain) as db_id=3 with part_number=1 (parent_db_id={0 false})
Server: U012 OK UID COPY completed
--- PASS: TestUIDCopy_UIDRange (0.16s)
=== RUN   TestUIDCopy_NonExistentDestination
2026/06/13 08:53:06 IMAP OAUTHBEARER: config load skipped at init: open config/raven.yaml: no such file or directory
DEBUG ParseMIMEMessage: Content-Type='text/plain; charset=us-ascii'
DEBUG ParseMIMEMessage: mediaType='text/plain', boundary=''
DEBUG ParseMIMEMessage: Single-part message (not multipart)
DEBUG StoreMessage: Stored part idx=0 (type=text/plain) as db_id=1 with part_number=1 (parent_db_id={0 false})
Server: U013 NO [TRYCREATE] Destination mailbox does not exist
--- PASS: TestUIDCopy_NonExistentDestination (0.39s)
=== RUN   TestUIDCopy_NonExistentUID
2026/06/13 08:53:06 IMAP OAUTHBEARER: config load skipped at init: open config/raven.yaml: no such file or directory
DEBUG ParseMIMEMessage: Content-Type='text/plain; charset=us-ascii'
DEBUG ParseMIMEMessage: mediaType='text/plain', boundary=''
DEBUG ParseMIMEMessage: Single-part message (not multipart)
DEBUG StoreMessage: Stored part idx=0 (type=text/plain) as db_id=1 with part_number=1 (parent_db_id={0 false})
Server: U014 OK UID COPY completed
--- PASS: TestUIDCopy_NonExistentUID (0.30s)
=== RUN   TestUIDCommand_BadSubCommand
2026/06/13 08:53:06 IMAP OAUTHBEARER: config load skipped at init: open config/raven.yaml: no such file or directory
Server: U015 BAD Unknown UID command: INVALID
--- PASS: TestUIDCommand_BadSubCommand (0.15s)
=== RUN   TestUIDCommand_TagHandling
2026/06/13 08:53:06 IMAP OAUTHBEARER: config load skipped at init: open config/raven.yaml: no such file or directory
DEBUG ParseMIMEMessage: Content-Type='text/plain; charset=us-ascii'
DEBUG ParseMIMEMessage: mediaType='text/plain', boundary=''
DEBUG ParseMIMEMessage: Single-part message (not multipart)
DEBUG StoreMessage: Stored part idx=0 (type=text/plain) as db_id=1 with part_number=1 (parent_db_id={0 false})
=== RUN   TestUIDCommand_TagHandling/Tag_A001
Server: * 1 FETCH (UID 1 FLAGS ())
Server: A001 OK UID FETCH completed
=== RUN   TestUIDCommand_TagHandling/Tag_uid1
Server: * 1 FETCH (UID 1 FLAGS ())
Server: uid1 OK UID FETCH completed
=== RUN   TestUIDCommand_TagHandling/Tag_TAG-123
Server: * 1 FETCH (UID 1 FLAGS ())
Server: TAG-123 OK UID FETCH completed
--- PASS: TestUIDCommand_TagHandling (0.21s)
    --- PASS: TestUIDCommand_TagHandling/Tag_A001 (0.00s)
    --- PASS: TestUIDCommand_TagHandling/Tag_uid1 (0.00s)
    --- PASS: TestUIDCommand_TagHandling/Tag_TAG-123 (0.00s)
=== RUN   TestUIDCommand_MissingSubCommand
2026/06/13 08:53:07 IMAP OAUTHBEARER: config load skipped at init: open config/raven.yaml: no such file or directory
Server: U016 BAD UID requires sub-command
--- PASS: TestUIDCommand_MissingSubCommand (0.20s)
=== RUN   TestUIDFetch_MissingArguments
2026/06/13 08:53:07 IMAP OAUTHBEARER: config load skipped at init: open config/raven.yaml: no such file or directory
Server: U017 BAD UID FETCH requires UID sequence and items
--- PASS: TestUIDFetch_MissingArguments (0.17s)
=== RUN   TestUIDSearch_MissingCriteria
2026/06/13 08:53:07 IMAP OAUTHBEARER: config load skipped at init: open config/raven.yaml: no such file or directory
Server: U018 BAD UID SEARCH requires search criteria
--- PASS: TestUIDSearch_MissingCriteria (0.09s)
=== RUN   TestUIDStore_MissingArguments
2026/06/13 08:53:07 IMAP OAUTHBEARER: config load skipped at init: open config/raven.yaml: no such file or directory
Server: U019 BAD UID STORE requires UID sequence, operation, and flags
--- PASS: TestUIDStore_MissingArguments (0.36s)
=== RUN   TestUIDStore_InvalidDataItem
2026/06/13 08:53:07 IMAP OAUTHBEARER: config load skipped at init: open config/raven.yaml: no such file or directory
DEBUG ParseMIMEMessage: Content-Type='text/plain; charset=us-ascii'
DEBUG ParseMIMEMessage: mediaType='text/plain', boundary=''
DEBUG ParseMIMEMessage: Single-part message (not multipart)
DEBUG StoreMessage: Stored part idx=0 (type=text/plain) as db_id=1 with part_number=1 (parent_db_id={0 false})
Server: U020 BAD Invalid data item: INVALID
--- PASS: TestUIDStore_InvalidDataItem (0.23s)
=== RUN   TestUIDStore_AddFlags
2026/06/13 08:53:08 IMAP OAUTHBEARER: config load skipped at init: open config/raven.yaml: no such file or directory
DEBUG ParseMIMEMessage: Content-Type='text/plain; charset=us-ascii'
DEBUG ParseMIMEMessage: mediaType='text/plain', boundary=''
DEBUG ParseMIMEMessage: Single-part message (not multipart)
DEBUG StoreMessage: Stored part idx=0 (type=text/plain) as db_id=1 with part_number=1 (parent_db_id={0 false})
Server: * 1 FETCH (FLAGS (\Seen \Deleted) UID 1)
Server: U021 OK UID STORE completed
--- PASS: TestUIDStore_AddFlags (0.17s)
=== RUN   TestUIDStore_RemoveFlags
2026/06/13 08:53:08 IMAP OAUTHBEARER: config load skipped at init: open config/raven.yaml: no such file or directory
DEBUG ParseMIMEMessage: Content-Type='text/plain; charset=us-ascii'
DEBUG ParseMIMEMessage: mediaType='text/plain', boundary=''
DEBUG ParseMIMEMessage: Single-part message (not multipart)
DEBUG StoreMessage: Stored part idx=0 (type=text/plain) as db_id=1 with part_number=1 (parent_db_id={0 false})
Server: * 1 FETCH (FLAGS (\Seen) UID 1)
Server: U022 OK UID STORE completed
--- PASS: TestUIDStore_RemoveFlags (0.34s)
=== RUN   TestUIDCopy_MissingDestination
2026/06/13 08:53:08 IMAP OAUTHBEARER: config load skipped at init: open config/raven.yaml: no such file or directory
Server: U023 BAD UID COPY requires UID sequence and destination mailbox
--- PASS: TestUIDCopy_MissingDestination (0.11s)
=== RUN   TestUIDCopy_QuotedDestination
2026/06/13 08:53:08 IMAP OAUTHBEARER: config load skipped at init: open config/raven.yaml: no such file or directory
DEBUG ParseMIMEMessage: Content-Type='text/plain; charset=us-ascii'
DEBUG ParseMIMEMessage: mediaType='text/plain', boundary=''
DEBUG ParseMIMEMessage: Single-part message (not multipart)
DEBUG StoreMessage: Stored part idx=0 (type=text/plain) as db_id=1 with part_number=1 (parent_db_id={0 false})
Server: U024 OK UID COPY completed
--- PASS: TestUIDCopy_QuotedDestination (0.14s)
=== RUN   TestUIDCopy_PreservesFlags
2026/06/13 08:53:08 IMAP OAUTHBEARER: config load skipped at init: open config/raven.yaml: no such file or directory
DEBUG ParseMIMEMessage: Content-Type='text/plain; charset=us-ascii'
DEBUG ParseMIMEMessage: mediaType='text/plain', boundary=''
DEBUG ParseMIMEMessage: Single-part message (not multipart)
DEBUG StoreMessage: Stored part idx=0 (type=text/plain) as db_id=1 with part_number=1 (parent_db_id={0 false})
Server: U025 OK UID COPY completed
--- PASS: TestUIDCopy_PreservesFlags (0.28s)
=== RUN   TestUIDSearch_TEXTMultiWord
2026/06/13 08:53:09 IMAP OAUTHBEARER: config load skipped at init: open config/raven.yaml: no such file or directory
DEBUG ParseMIMEMessage: Content-Type='text/plain; charset=us-ascii'
DEBUG ParseMIMEMessage: mediaType='text/plain', boundary=''
DEBUG ParseMIMEMessage: Single-part message (not multipart)
DEBUG StoreMessage: Stored part idx=0 (type=text/plain) as db_id=1 with part_number=1 (parent_db_id={0 false})
DEBUG ParseMIMEMessage: Content-Type='text/plain; charset=us-ascii'
DEBUG ParseMIMEMessage: mediaType='text/plain', boundary=''
DEBUG ParseMIMEMessage: Single-part message (not multipart)
DEBUG StoreMessage: Stored part idx=0 (type=text/plain) as db_id=2 with part_number=1 (parent_db_id={0 false})
DEBUG ReconstructMessage: Starting reconstruction with 4 headers, 1 parts
DEBUG ReconstructMessage: Wrote 4 stored headers
DEBUG ReconstructMessage: Reconstructed headers:
From: sender@test.com
To: uiduser@localhost
Subject: Subject One
Date: Sat, 13 Jun 2026 08:53:09 +0000
Content-Type: text/plain; charset=us-ascii
DEBUG ReconstructMessage: Total message size: 170 bytes
DEBUG ReconstructMessage: Starting reconstruction with 4 headers, 1 parts
DEBUG ReconstructMessage: Wrote 4 stored headers
DEBUG ReconstructMessage: Reconstructed headers:
From: sender@test.com
To: uiduser@localhost
Subject: Subject Two
Date: Sat, 13 Jun 2026 08:53:09 +0000
Content-Type: text/plain; charset=us-ascii
DEBUG ReconstructMessage: Total message size: 170 bytes
Server: * SEARCH 1
Server: U026 OK UID SEARCH completed
--- PASS: TestUIDSearch_TEXTMultiWord (0.24s)
=== RUN   TestUIDSearch_DefaultBehavior
2026/06/13 08:53:09 IMAP OAUTHBEARER: config load skipped at init: open config/raven.yaml: no such file or directory
DEBUG ParseMIMEMessage: Content-Type='text/plain; charset=us-ascii'
DEBUG ParseMIMEMessage: mediaType='text/plain', boundary=''
DEBUG ParseMIMEMessage: Single-part message (not multipart)
DEBUG StoreMessage: Stored part idx=0 (type=text/plain) as db_id=1 with part_number=1 (parent_db_id={0 false})
DEBUG ParseMIMEMessage: Content-Type='text/plain; charset=us-ascii'
DEBUG ParseMIMEMessage: mediaType='text/plain', boundary=''
DEBUG ParseMIMEMessage: Single-part message (not multipart)
DEBUG StoreMessage: Stored part idx=0 (type=text/plain) as db_id=2 with part_number=1 (parent_db_id={0 false})
Server: * SEARCH
Server: U027 OK UID SEARCH completed
--- PASS: TestUIDSearch_DefaultBehavior (0.26s)
PASS
ok  	raven/internal/server/uid	(cached)
=== RUN   TestBuildEnvelope_Complete
--- PASS: TestBuildEnvelope_Complete (0.00s)
=== RUN   TestBuildEnvelope_MinimalHeaders
--- PASS: TestBuildEnvelope_MinimalHeaders (0.00s)
=== RUN   TestBuildEnvelope_SenderFallback
--- PASS: TestBuildEnvelope_SenderFallback (0.00s)
=== RUN   TestBuildEnvelope_ReplyToFallback
--- PASS: TestBuildEnvelope_ReplyToFallback (0.00s)
=== RUN   TestExtractHeader_Simple
--- PASS: TestExtractHeader_Simple (0.00s)
=== RUN   TestExtractHeader_CaseInsensitive
--- PASS: TestExtractHeader_CaseInsensitive (0.00s)
=== RUN   TestExtractHeader_Continuation
--- PASS: TestExtractHeader_Continuation (0.00s)
=== RUN   TestExtractHeader_Missing
--- PASS: TestExtractHeader_Missing (0.00s)
=== RUN   TestExtractHeader_MultipleHeaders
--- PASS: TestExtractHeader_MultipleHeaders (0.00s)
=== RUN   TestExtractHeader_StopsAtBody
--- PASS: TestExtractHeader_StopsAtBody (0.00s)
=== RUN   TestQuoteOrNIL_NonEmpty
--- PASS: TestQuoteOrNIL_NonEmpty (0.00s)
=== RUN   TestQuoteOrNIL_Empty
--- PASS: TestQuoteOrNIL_Empty (0.00s)
=== RUN   TestQuoteOrNIL_WithQuotes
--- PASS: TestQuoteOrNIL_WithQuotes (0.00s)
=== RUN   TestQuoteOrNIL_WithBackslash
--- PASS: TestQuoteOrNIL_WithBackslash (0.00s)
=== RUN   TestQuoteOrNIL_WithBoth
--- PASS: TestQuoteOrNIL_WithBoth (0.00s)
=== RUN   TestParseAddressList_Empty
--- PASS: TestParseAddressList_Empty (0.00s)
=== RUN   TestParseAddressList_SimpleEmail
--- PASS: TestParseAddressList_SimpleEmail (0.00s)
=== RUN   TestParseAddressList_WithName
--- PASS: TestParseAddressList_WithName (0.00s)
=== RUN   TestParseAddressList_QuotedName
--- PASS: TestParseAddressList_QuotedName (0.00s)
=== RUN   TestParseAddressList_Multiple
--- PASS: TestParseAddressList_Multiple (0.00s)
=== RUN   TestParseAddressList_NoAtSign
--- PASS: TestParseAddressList_NoAtSign (0.00s)
=== RUN   TestParseAddressList_EmptyAfterSplit
--- PASS: TestParseAddressList_EmptyAfterSplit (0.00s)
=== RUN   TestParseAddressList_RouteIsAlwaysNIL
--- PASS: TestParseAddressList_RouteIsAlwaysNIL (0.00s)
=== RUN   TestCalculateNewFlags_ReplaceFlags
--- PASS: TestCalculateNewFlags_ReplaceFlags (0.00s)
=== RUN   TestCalculateNewFlags_ReplaceWithEmpty
--- PASS: TestCalculateNewFlags_ReplaceWithEmpty (0.00s)
=== RUN   TestCalculateNewFlags_RecentPreservedOnReplace
--- PASS: TestCalculateNewFlags_RecentPreservedOnReplace (0.00s)
=== RUN   TestCalculateNewFlags_AddFlags
--- PASS: TestCalculateNewFlags_AddFlags (0.00s)
=== RUN   TestCalculateNewFlags_AddFlagsToEmpty
--- PASS: TestCalculateNewFlags_AddFlagsToEmpty (0.00s)
=== RUN   TestCalculateNewFlags_AddDuplicateFlags
--- PASS: TestCalculateNewFlags_AddDuplicateFlags (0.00s)
=== RUN   TestCalculateNewFlags_AddRecentIgnored
--- PASS: TestCalculateNewFlags_AddRecentIgnored (0.00s)
=== RUN   TestCalculateNewFlags_RemoveFlags
--- PASS: TestCalculateNewFlags_RemoveFlags (0.00s)
=== RUN   TestCalculateNewFlags_RemoveNonExistentFlag
--- PASS: TestCalculateNewFlags_RemoveNonExistentFlag (0.00s)
=== RUN   TestCalculateNewFlags_RemoveAllFlags
--- PASS: TestCalculateNewFlags_RemoveAllFlags (0.00s)
=== RUN   TestCalculateNewFlags_RemoveRecentIgnored
--- PASS: TestCalculateNewFlags_RemoveRecentIgnored (0.00s)
=== RUN   TestCalculateNewFlags_UnknownOperation
--- PASS: TestCalculateNewFlags_UnknownOperation (0.00s)
=== RUN   TestCalculateNewFlags_EmptyCurrentFlags
--- PASS: TestCalculateNewFlags_EmptyCurrentFlags (0.00s)
=== RUN   TestGetMailboxAttributes_Drafts
--- PASS: TestGetMailboxAttributes_Drafts (0.00s)
=== RUN   TestGetMailboxAttributes_Trash
--- PASS: TestGetMailboxAttributes_Trash (0.00s)
=== RUN   TestGetMailboxAttributes_Sent
--- PASS: TestGetMailboxAttributes_Sent (0.00s)
=== RUN   TestGetMailboxAttributes_INBOX
--- PASS: TestGetMailboxAttributes_INBOX (0.00s)
=== RUN   TestGetMailboxAttributes_Default
--- PASS: TestGetMailboxAttributes_Default (0.00s)
=== RUN   TestGetMailboxAttributes_EmptyName
--- PASS: TestGetMailboxAttributes_EmptyName (0.00s)
=== RUN   TestParseQuotedString_QuotedString
--- PASS: TestParseQuotedString_QuotedString (0.00s)
=== RUN   TestParseQuotedString_UnquotedString
--- PASS: TestParseQuotedString_UnquotedString (0.00s)
=== RUN   TestParseQuotedString_EmptyQuoted
--- PASS: TestParseQuotedString_EmptyQuoted (0.00s)
=== RUN   TestParseQuotedString_EmptyString
--- PASS: TestParseQuotedString_EmptyString (0.00s)
=== RUN   TestParseQuotedString_SingleQuote
--- PASS: TestParseQuotedString_SingleQuote (0.00s)
=== RUN   TestParseQuotedString_QuotedWithSpaces
--- PASS: TestParseQuotedString_QuotedWithSpaces (0.00s)
=== RUN   TestParseQuotedString_QuotedWithSpecialChars
--- PASS: TestParseQuotedString_QuotedWithSpecialChars (0.00s)
=== RUN   TestParseQuotedString_MismatchedQuotes
--- PASS: TestParseQuotedString_MismatchedQuotes (0.00s)
=== RUN   TestContains_Found
--- PASS: TestContains_Found (0.00s)
=== RUN   TestContains_NotFound
--- PASS: TestContains_NotFound (0.00s)
=== RUN   TestContains_EmptySlice
--- PASS: TestContains_EmptySlice (0.00s)
=== RUN   TestContains_EmptyString
--- PASS: TestContains_EmptyString (0.00s)
=== RUN   TestContains_CaseSensitive
--- PASS: TestContains_CaseSensitive (0.00s)
=== RUN   TestParseSequenceSetWithDB_Single
--- PASS: TestParseSequenceSetWithDB_Single (0.00s)
=== RUN   TestParseSequenceSetWithDB_Range
--- PASS: TestParseSequenceSetWithDB_Range (0.00s)
=== RUN   TestParseSequenceSetWithDB_Star
--- PASS: TestParseSequenceSetWithDB_Star (0.00s)
=== RUN   TestParseSequenceSetWithDB_Multiple
--- PASS: TestParseSequenceSetWithDB_Multiple (0.00s)
=== RUN   TestParseSequenceSetWithDB_EmptyMailbox
--- PASS: TestParseSequenceSetWithDB_EmptyMailbox (0.00s)
=== RUN   TestParseSequenceSetWithDB_ReverseRange
--- PASS: TestParseSequenceSetWithDB_ReverseRange (0.00s)
=== RUN   TestParseUIDSequenceSetWithDB_Single
--- PASS: TestParseUIDSequenceSetWithDB_Single (0.00s)
=== RUN   TestParseUIDSequenceSetWithDB_Range
--- PASS: TestParseUIDSequenceSetWithDB_Range (0.00s)
=== RUN   TestParseUIDSequenceSetWithDB_Star
--- PASS: TestParseUIDSequenceSetWithDB_Star (0.00s)
=== RUN   TestParseUIDSequenceSetWithDB_RangeWithStar
--- PASS: TestParseUIDSequenceSetWithDB_RangeWithStar (0.00s)
=== RUN   TestParseUIDSequenceSetWithDB_EmptyMailbox
--- PASS: TestParseUIDSequenceSetWithDB_EmptyMailbox (0.00s)
=== RUN   TestParseUIDSequenceSetWithDB_NonExistentUID
--- PASS: TestParseUIDSequenceSetWithDB_NonExistentUID (0.00s)
=== RUN   TestParseUIDSequenceSetWithDB_MultipleSequences
--- PASS: TestParseUIDSequenceSetWithDB_MultipleSequences (0.00s)
=== RUN   TestFilterMailboxes_ExactMatch
--- PASS: TestFilterMailboxes_ExactMatch (0.00s)
=== RUN   TestFilterMailboxes_Wildcard
--- PASS: TestFilterMailboxes_Wildcard (0.00s)
=== RUN   TestFilterMailboxes_PercentWildcard
--- PASS: TestFilterMailboxes_PercentWildcard (0.00s)
=== RUN   TestFilterMailboxes_WithReference
--- PASS: TestFilterMailboxes_WithReference (0.00s)
=== RUN   TestFilterMailboxes_INBOXAlwaysIncluded
--- PASS: TestFilterMailboxes_INBOXAlwaysIncluded (0.00s)
=== RUN   TestFilterMailboxes_INBOXCaseInsensitive
--- PASS: TestFilterMailboxes_INBOXCaseInsensitive (0.00s)
=== RUN   TestBuildCanonicalPattern_AbsolutePattern
--- PASS: TestBuildCanonicalPattern_AbsolutePattern (0.00s)
=== RUN   TestBuildCanonicalPattern_EmptyReference
--- PASS: TestBuildCanonicalPattern_EmptyReference (0.00s)
=== RUN   TestBuildCanonicalPattern_ReferenceWithDelimiter
--- PASS: TestBuildCanonicalPattern_ReferenceWithDelimiter (0.00s)
=== RUN   TestBuildCanonicalPattern_ReferenceWithoutDelimiter
--- PASS: TestBuildCanonicalPattern_ReferenceWithoutDelimiter (0.00s)
=== RUN   TestBuildCanonicalPattern_PatternStartsWithDelimiter
--- PASS: TestBuildCanonicalPattern_PatternStartsWithDelimiter (0.00s)
=== RUN   TestMatchesPattern_ExactMatch
--- PASS: TestMatchesPattern_ExactMatch (0.00s)
=== RUN   TestMatchesPattern_NoMatch
--- PASS: TestMatchesPattern_NoMatch (0.00s)
=== RUN   TestMatchWildcard_StarMatchesAll
--- PASS: TestMatchWildcard_StarMatchesAll (0.00s)
=== RUN   TestMatchWildcard_StarAtEnd
--- PASS: TestMatchWildcard_StarAtEnd (0.00s)
=== RUN   TestMatchWildcard_StarInMiddle
--- PASS: TestMatchWildcard_StarInMiddle (0.00s)
=== RUN   TestMatchWildcard_PercentNoDelimiter
--- PASS: TestMatchWildcard_PercentNoDelimiter (0.00s)
=== RUN   TestMatchWildcard_PercentAtEnd
--- PASS: TestMatchWildcard_PercentAtEnd (0.00s)
=== RUN   TestMatchWildcard_INBOXCaseInsensitive
--- PASS: TestMatchWildcard_INBOXCaseInsensitive (0.00s)
=== RUN   TestMatchWildcard_CaseSensitiveNonINBOX
--- PASS: TestMatchWildcard_CaseSensitiveNonINBOX (0.00s)
=== RUN   TestDoWildcardMatch_EmptyPattern
--- PASS: TestDoWildcardMatch_EmptyPattern (0.00s)
=== RUN   TestDoWildcardMatch_EmptyText
--- PASS: TestDoWildcardMatch_EmptyText (0.00s)
=== RUN   TestDoWildcardMatch_StarMatchesZero
--- PASS: TestDoWildcardMatch_StarMatchesZero (0.00s)
=== RUN   TestDoWildcardMatch_StarMatchesMultiple
--- PASS: TestDoWildcardMatch_StarMatchesMultiple (0.00s)
=== RUN   TestDoWildcardMatch_PercentMatchesZero
--- PASS: TestDoWildcardMatch_PercentMatchesZero (0.00s)
=== RUN   TestDoWildcardMatch_PercentStopsAtDelimiter
--- PASS: TestDoWildcardMatch_PercentStopsAtDelimiter (0.00s)
=== RUN   TestDoWildcardMatch_PercentWithoutDelimiter
--- PASS: TestDoWildcardMatch_PercentWithoutDelimiter (0.00s)
=== RUN   TestDoWildcardMatch_RegularCharacterMismatch
--- PASS: TestDoWildcardMatch_RegularCharacterMismatch (0.00s)
=== RUN   TestDoWildcardMatch_PatternLongerThanText
--- PASS: TestDoWildcardMatch_PatternLongerThanText (0.00s)
=== RUN   TestDoWildcardMatch_ComplexPattern
--- PASS: TestDoWildcardMatch_ComplexPattern (0.00s)
=== RUN   TestDoWildcardMatch_MultipleWildcards
--- PASS: TestDoWildcardMatch_MultipleWildcards (0.00s)
=== RUN   TestDoWildcardMatch_StarAtStart
--- PASS: TestDoWildcardMatch_StarAtStart (0.00s)
=== RUN   TestDoWildcardMatch_PercentAtStart
--- PASS: TestDoWildcardMatch_PercentAtStart (0.00s)
=== RUN   TestFilterMailboxes_NoMatches
--- PASS: TestFilterMailboxes_NoMatches (0.00s)
=== RUN   TestMatchWildcard_EdgeCaseEmptyStrings
--- PASS: TestMatchWildcard_EdgeCaseEmptyStrings (0.00s)
PASS
ok  	raven/internal/server/utils	(cached)
?   	raven/internal/socketmap/cache	[no test files]
?   	raven/internal/socketmap/config	[no test files]
?   	raven/internal/socketmap/handler	[no test files]
?   	raven/internal/socketmap/protocol	[no test files]
?   	raven/internal/socketmap/server	[no test files]
?   	raven/internal/socketmap/thunder	[no test files]
=== RUN   TestE2E_ConcurrentDeliveryAndFetch
    concurrency_e2e_test.go:15: Test database created at: /tmp/raven_integration_test_1385902371
2026/06/13 08:53:09 Warning: IDP base URL not configured, group email delivery will be disabled
2026/06/13 08:53:09 Starting LMTP server...
2026/06/13 08:53:09 LMTP server listening on TCP: 127.0.0.1:0 (with keep-alive enabled)
    concurrency_e2e_test.go:15: Test LMTP server started on 127.0.0.1:41109
2026/06/13 08:53:09 IMAP OAUTHBEARER: config load skipped at init: open config/raven.yaml: no such file or directory
    concurrency_e2e_test.go:15: Test IMAP server started on 127.0.0.1:38163
    concurrency_e2e_test.go:15: E2E environment started: LMTP=127.0.0.1:41109, IMAP=127.0.0.1:38163
    concurrency_e2e_test.go:20: Test user created: dave@example.com
2026/06/13 08:53:09 New tcp connection from: 127.0.0.1:52806
2026/06/13 08:53:09 New tcp connection from: 127.0.0.1:52816
Server: * OK [CAPABILITY IMAP4rev1 STARTTLS LOGINDISABLED UIDPLUS IDLE LITERAL+] SQLite IMAP server ready
2026/06/13 08:53:09 New tcp connection from: 127.0.0.1:52818
2026/06/13 08:53:09 New tcp connection from: 127.0.0.1:52830
2026/06/13 08:53:09 TCP options configured for connection from 127.0.0.1:52830
2026/06/13 08:53:09 Sending greeting to 127.0.0.1:52830
2026/06/13 08:53:09 S: 220 localhost LMTP Service ready
Server: * OK [CAPABILITY IMAP4rev1 STARTTLS LOGINDISABLED UIDPLUS IDLE LITERAL+] SQLite IMAP server ready
2026/06/13 08:53:09 Greeting sent successfully to 127.0.0.1:52830, waiting for client command...
2026/06/13 08:53:09 Waiting to read from 127.0.0.1:52830...
2026/06/13 08:53:09 TCP options configured for connection from 127.0.0.1:52806
2026/06/13 08:53:09 Sending greeting to 127.0.0.1:52806
2026/06/13 08:53:09 S: 220 localhost LMTP Service ready
2026/06/13 08:53:09 C: LHLO mx
2026/06/13 08:53:09 S: 250-localhost
2026/06/13 08:53:09 Greeting sent successfully to 127.0.0.1:52806, waiting for client command...
2026/06/13 08:53:09 Waiting to read from 127.0.0.1:52806...
2026/06/13 08:53:09 S: 250-PIPELINING
2026/06/13 08:53:09 S: 250-ENHANCEDSTATUSCODES
2026/06/13 08:53:09 S: 250-SIZE 1048576
Client: A001 STARTTLS
2026/06/13 08:53:09 S: 250 8BITMIME
2026/06/13 08:53:09 Waiting to read from 127.0.0.1:52830...
Client: A001 STARTTLS
2026/06/13 08:53:09 TCP options configured for connection from 127.0.0.1:52816
2026/06/13 08:53:09 Sending greeting to 127.0.0.1:52816
2026/06/13 08:53:09 S: 220 localhost LMTP Service ready
2026/06/13 08:53:09 Greeting sent successfully to 127.0.0.1:52816, waiting for client command...
2026/06/13 08:53:09 Waiting to read from 127.0.0.1:52816...
2026/06/13 08:53:09 TCP options configured for connection from 127.0.0.1:52818
2026/06/13 08:53:09 Sending greeting to 127.0.0.1:52818
2026/06/13 08:53:09 S: 220 localhost LMTP Service ready
2026/06/13 08:53:09 Greeting sent successfully to 127.0.0.1:52818, waiting for client command...
2026/06/13 08:53:09 Waiting to read from 127.0.0.1:52818...
2026/06/13 08:53:09 C: MAIL FROM:<sender@ext.com>
2026/06/13 08:53:09 S: 250 2.1.0 Sender OK
2026/06/13 08:53:09 Waiting to read from 127.0.0.1:52830...
2026/06/13 08:53:09 C: LHLO mx
2026/06/13 08:53:09 S: 250-localhost
2026/06/13 08:53:09 S: 250-PIPELINING
2026/06/13 08:53:09 S: 250-ENHANCEDSTATUSCODES
2026/06/13 08:53:09 S: 250-SIZE 1048576
2026/06/13 08:53:09 S: 250 8BITMIME
2026/06/13 08:53:09 Waiting to read from 127.0.0.1:52816...
2026/06/13 08:53:09 C: LHLO mx
2026/06/13 08:53:09 S: 250-localhost
2026/06/13 08:53:09 S: 250-PIPELINING
2026/06/13 08:53:09 S: 250-ENHANCEDSTATUSCODES
2026/06/13 08:53:09 S: 250-SIZE 1048576
2026/06/13 08:53:09 S: 250 8BITMIME
2026/06/13 08:53:09 Waiting to read from 127.0.0.1:52818...
2026/06/13 08:53:09 C: RCPT TO:<dave@example.com>
2026/06/13 08:53:09 S: 250 2.1.5 Recipient OK
2026/06/13 08:53:09 Waiting to read from 127.0.0.1:52830...
2026/06/13 08:53:09 C: MAIL FROM:<sender@ext.com>
2026/06/13 08:53:09 S: 250 2.1.0 Sender OK
2026/06/13 08:53:09 Waiting to read from 127.0.0.1:52816...
2026/06/13 08:53:09 C: MAIL FROM:<sender@ext.com>
2026/06/13 08:53:09 S: 250 2.1.0 Sender OK
2026/06/13 08:53:09 Waiting to read from 127.0.0.1:52818...
2026/06/13 08:53:09 C: DATA
2026/06/13 08:53:09 S: 354 Start mail input; end with <CRLF>.<CRLF>
2026/06/13 08:53:09 C: RCPT TO:<dave@example.com>
2026/06/13 08:53:09 S: 250 2.1.5 Recipient OK
2026/06/13 08:53:09 Waiting to read from 127.0.0.1:52816...
2026/06/13 08:53:09 C: RCPT TO:<dave@example.com>
2026/06/13 08:53:09 S: 250 2.1.5 Recipient OK
2026/06/13 08:53:09 Waiting to read from 127.0.0.1:52818...
Server: A001 OK Begin TLS negotiation now
DEBUG ParseMIMEMessage: Content-Type='text/plain; charset=UTF-8'
DEBUG ParseMIMEMessage: mediaType='text/plain', boundary=''
DEBUG ParseMIMEMessage: Single-part message (not multipart)
2026/06/13 08:53:09 C: LHLO mx
2026/06/13 08:53:09 S: 250-localhost
2026/06/13 08:53:09 S: 250-PIPELINING
2026/06/13 08:53:09 S: 250-ENHANCEDSTATUSCODES
2026/06/13 08:53:09 S: 250-SIZE 1048576
2026/06/13 08:53:09 S: 250 8BITMIME
2026/06/13 08:53:09 Waiting to read from 127.0.0.1:52806...
2026/06/13 08:53:09 C: MAIL FROM:<sender@ext.com>
2026/06/13 08:53:09 S: 250 2.1.0 Sender OK
2026/06/13 08:53:09 Waiting to read from 127.0.0.1:52806...
2026/06/13 08:53:09 C: RCPT TO:<dave@example.com>
2026/06/13 08:53:09 S: 250 2.1.5 Recipient OK
2026/06/13 08:53:09 Waiting to read from 127.0.0.1:52806...
2026/06/13 08:53:09 C: DATA
2026/06/13 08:53:09 S: 354 Start mail input; end with <CRLF>.<CRLF>
Server: A001 OK Begin TLS negotiation now
DEBUG ParseMIMEMessage: Content-Type='text/plain; charset=UTF-8'
DEBUG ParseMIMEMessage: mediaType='text/plain', boundary=''
DEBUG ParseMIMEMessage: Single-part message (not multipart)
2026/06/13 08:53:09 C: DATA
2026/06/13 08:53:09 S: 354 Start mail input; end with <CRLF>.<CRLF>
2026/06/13 08:53:09 C: DATA
2026/06/13 08:53:09 S: 354 Start mail input; end with <CRLF>.<CRLF>
    concurrency_e2e_test.go:39: IMAP client connected to 127.0.0.1:38163
Client: A002 CAPABILITY
Server: * CAPABILITY IMAP4rev1 AUTH=PLAIN LOGIN UIDPLUS IDLE NAMESPACE UNSELECT LITERAL+
Server: A002 OK CAPABILITY completed
Client: A003 LOGIN dave@example.com password123
    concurrency_e2e_test.go:39: IMAP client connected to 127.0.0.1:38163
Client: A002 CAPABILITY
Server: * CAPABILITY IMAP4rev1 AUTH=PLAIN LOGIN UIDPLUS IDLE NAMESPACE UNSELECT LITERAL+
Server: A002 OK CAPABILITY completed
Client: A003 LOGIN dave@example.com password123
2026/06/13 08:53:09 Accepting login for user: dave@example.com (type=test-user)
Server: A003 OK [CAPABILITY IMAP4rev1 AUTH=PLAIN LOGIN UIDPLUS IDLE NAMESPACE UNSELECT LITERAL+] Authenticated
Client: A004 SELECT INBOX
2026/06/13 08:53:09 Accepting login for user: dave@example.com (type=test-user)
Server: A003 OK [CAPABILITY IMAP4rev1 AUTH=PLAIN LOGIN UIDPLUS IDLE NAMESPACE UNSELECT LITERAL+] Authenticated
Client: A004 SELECT INBOX
Server: * FLAGS (\Answered \Flagged \Deleted \Seen \Draft)
Server: * 0 EXISTS
Server: * 0 RECENT
Server: * OK [UIDVALIDITY 1781340789] UIDs valid
Server: * OK [UIDNEXT 1] Predicted next UID
Server: * OK [PERMANENTFLAGS (\Answered \Flagged \Deleted \Seen \Draft \*)] Limited
Server: A004 OK [READ-WRITE] SELECT completed
Client: A005 FETCH 1:* ENVELOPE
DEBUG StoreMessage: Stored part idx=0 (type=text/plain) as db_id=1 with part_number=1 (parent_db_id={0 false})
2026/06/13 08:53:09 Message delivered successfully to dave@example.com
2026/06/13 08:53:09 S: 250 2.0.0 Message accepted for delivery to <dave@example.com>
2026/06/13 08:53:09 Waiting to read from 127.0.0.1:52830...
2026/06/13 08:53:09 Read failed from 127.0.0.1:52830: EOF (connection likely closed by client)
2026/06/13 08:53:09 Session error from 127.0.0.1:52830: read error: EOF
2026/06/13 08:53:09 Connection closed: 127.0.0.1:52830
DEBUG StoreMessage: Stored part idx=0 (type=text/plain) as db_id=2 with part_number=1 (parent_db_id={0 false})
2026/06/13 08:53:09 Message delivered successfully to dave@example.com
2026/06/13 08:53:09 S: 250 2.0.0 Message accepted for delivery to <dave@example.com>
2026/06/13 08:53:09 Waiting to read from 127.0.0.1:52806...
2026/06/13 08:53:09 Read failed from 127.0.0.1:52806: EOF (connection likely closed by client)
2026/06/13 08:53:09 Session error from 127.0.0.1:52806: read error: EOF
2026/06/13 08:53:09 Connection closed: 127.0.0.1:52806
Server: * FLAGS (\Answered \Flagged \Deleted \Seen \Draft)
Server: * 2 EXISTS
Server: * 0 RECENT
Server: * OK [UNSEEN 1] Message 1 is first unseen
Server: * OK [UIDVALIDITY 1781340789] UIDs valid
Server: * OK [UIDNEXT 3] Predicted next UID
Server: * OK [PERMANENTFLAGS (\Answered \Flagged \Deleted \Seen \Draft \*)] Limited
Server: A004 OK [READ-WRITE] SELECT completed
Client: A005 FETCH 1:* ENVELOPE
DEBUG ReconstructMessage: Starting reconstruction with 6 headers, 1 parts
DEBUG ReconstructMessage: Wrote 6 stored headers
DEBUG ReconstructMessage: Reconstructed headers:
From: sender@ext.com
To: dave@example.com
Subject: Msg B
Date: Sat, 13 Jun 2026 08:53:09 +0000
Message-ID: <1781340789900490430@e2e.test>
Content-Type: text/plain; charset=UTF-8
DEBUG ReconstructMessage: Total message size: 193 bytes
Server: * 1 FETCH (ENVELOPE ("Sat, 13 Jun 2026 08:53:09 +0000" "Msg B" ((NIL NIL "sender" "ext.com")) ((NIL NIL "sender" "ext.com")) ((NIL NIL "sender" "ext.com")) ((NIL NIL "dave" "example.com")) NIL NIL NIL "<1781340789900490430@e2e.test>"))
DEBUG ReconstructMessage: Starting reconstruction with 6 headers, 1 parts
DEBUG ReconstructMessage: Wrote 6 stored headers
DEBUG ReconstructMessage: Reconstructed headers:
From: sender@ext.com
To: dave@example.com
Subject: Msg C
Date: Sat, 13 Jun 2026 08:53:09 +0000
Message-ID: <1781340789901229528@e2e.test>
Content-Type: text/plain; charset=UTF-8
DEBUG ReconstructMessage: Total message size: 193 bytes
Server: * 2 FETCH (ENVELOPE ("Sat, 13 Jun 2026 08:53:09 +0000" "Msg C" ((NIL NIL "sender" "ext.com")) ((NIL NIL "sender" "ext.com")) ((NIL NIL "sender" "ext.com")) ((NIL NIL "dave" "example.com")) NIL NIL NIL "<1781340789901229528@e2e.test>"))
Server: A005 OK FETCH completed
DEBUG ParseMIMEMessage: Content-Type='text/plain; charset=UTF-8'
DEBUG ParseMIMEMessage: mediaType='text/plain', boundary=''
DEBUG ParseMIMEMessage: Single-part message (not multipart)
DEBUG StoreMessage: Stored part idx=0 (type=text/plain) as db_id=3 with part_number=1 (parent_db_id={0 false})
2026/06/13 08:53:09 Message delivered successfully to dave@example.com
2026/06/13 08:53:09 S: 250 2.0.0 Message accepted for delivery to <dave@example.com>
2026/06/13 08:53:09 Waiting to read from 127.0.0.1:52818...
2026/06/13 08:53:09 Read failed from 127.0.0.1:52818: EOF (connection likely closed by client)
2026/06/13 08:53:09 Session error from 127.0.0.1:52818: read error: EOF
2026/06/13 08:53:09 Connection closed: 127.0.0.1:52818
DEBUG ReconstructMessage: Starting reconstruction with 6 headers, 1 parts
DEBUG ReconstructMessage: Wrote 6 stored headers
DEBUG ReconstructMessage: Reconstructed headers:
From: sender@ext.com
To: dave@example.com
Subject: Msg B
Date: Sat, 13 Jun 2026 08:53:09 +0000
Message-ID: <1781340789900490430@e2e.test>
Content-Type: text/plain; charset=UTF-8
DEBUG ReconstructMessage: Total message size: 193 bytes
Server: * 1 FETCH (ENVELOPE ("Sat, 13 Jun 2026 08:53:09 +0000" "Msg B" ((NIL NIL "sender" "ext.com")) ((NIL NIL "sender" "ext.com")) ((NIL NIL "sender" "ext.com")) ((NIL NIL "dave" "example.com")) NIL NIL NIL "<1781340789900490430@e2e.test>"))
DEBUG ReconstructMessage: Starting reconstruction with 6 headers, 1 parts
DEBUG ReconstructMessage: Wrote 6 stored headers
DEBUG ReconstructMessage: Reconstructed headers:
From: sender@ext.com
To: dave@example.com
Subject: Msg C
Date: Sat, 13 Jun 2026 08:53:09 +0000
Message-ID: <1781340789901229528@e2e.test>
Content-Type: text/plain; charset=UTF-8
DEBUG ReconstructMessage: Total message size: 193 bytes
Server: * 2 FETCH (ENVELOPE ("Sat, 13 Jun 2026 08:53:09 +0000" "Msg C" ((NIL NIL "sender" "ext.com")) ((NIL NIL "sender" "ext.com")) ((NIL NIL "sender" "ext.com")) ((NIL NIL "dave" "example.com")) NIL NIL NIL "<1781340789901229528@e2e.test>"))
DEBUG ReconstructMessage: Starting reconstruction with 6 headers, 1 parts
DEBUG ReconstructMessage: Wrote 6 stored headers
DEBUG ReconstructMessage: Reconstructed headers:
From: sender@ext.com
To: dave@example.com
Subject: Msg A
Date: Sat, 13 Jun 2026 08:53:09 +0000
Message-ID: <1781340789900572081@e2e.test>
Content-Type: text/plain; charset=UTF-8
DEBUG ReconstructMessage: Total message size: 193 bytes
Server: * 3 FETCH (ENVELOPE ("Sat, 13 Jun 2026 08:53:09 +0000" "Msg A" ((NIL NIL "sender" "ext.com")) ((NIL NIL "sender" "ext.com")) ((NIL NIL "sender" "ext.com")) ((NIL NIL "dave" "example.com")) NIL NIL NIL "<1781340789900572081@e2e.test>"))
Server: A005 OK FETCH completed
DEBUG ParseMIMEMessage: Content-Type='text/plain; charset=UTF-8'
DEBUG ParseMIMEMessage: mediaType='text/plain', boundary=''
DEBUG ParseMIMEMessage: Single-part message (not multipart)
DEBUG StoreMessage: Stored part idx=0 (type=text/plain) as db_id=4 with part_number=1 (parent_db_id={0 false})
2026/06/13 08:53:10 Message delivered successfully to dave@example.com
2026/06/13 08:53:10 S: 250 2.0.0 Message accepted for delivery to <dave@example.com>
2026/06/13 08:53:10 Waiting to read from 127.0.0.1:52816...
2026/06/13 08:53:10 Read failed from 127.0.0.1:52816: EOF (connection likely closed by client)
2026/06/13 08:53:10 Session error from 127.0.0.1:52816: read error: EOF
2026/06/13 08:53:10 Connection closed: 127.0.0.1:52816
Server: * OK [CAPABILITY IMAP4rev1 STARTTLS LOGINDISABLED UIDPLUS IDLE LITERAL+] SQLite IMAP server ready
Client: A001 STARTTLS
Server: A001 OK Begin TLS negotiation now
    concurrency_e2e_test.go:57: IMAP client connected to 127.0.0.1:38163
Client: A002 CAPABILITY
Server: * CAPABILITY IMAP4rev1 AUTH=PLAIN LOGIN UIDPLUS IDLE NAMESPACE UNSELECT LITERAL+
Server: A002 OK CAPABILITY completed
Client: A003 LOGIN dave@example.com password123
2026/06/13 08:53:10 Accepting login for user: dave@example.com (type=test-user)
Server: A003 OK [CAPABILITY IMAP4rev1 AUTH=PLAIN LOGIN UIDPLUS IDLE NAMESPACE UNSELECT LITERAL+] Authenticated
Client: A004 LIST "" "*"
Server: * LIST (\Drafts) "/" "Drafts"
Server: * LIST (\Unmarked) "/" "INBOX"
Server: * LIST (\Sent) "/" "Sent"
Server: * LIST (\Junk) "/" "Spam"
Server: * LIST (\Trash) "/" "Trash"
Server: A004 OK LIST completed
    env.go:53: Test database cleaned up: /tmp/raven_integration_test_1385902371
    env.go:43: Test IMAP server stopped
2026/06/13 08:53:10 Shutting down LMTP server...
2026/06/13 08:53:10 All connections closed
2026/06/13 08:53:10 LMTP server shutdown complete
--- PASS: TestE2E_ConcurrentDeliveryAndFetch (0.70s)
=== RUN   TestCompleteEmailWorkflow
    e2e_test.go:49: Docker Compose not available: exec: "docker-compose": executable file not found in $PATH
    e2e_test.go:49: Docker not available, skipping e2e test
--- SKIP: TestCompleteEmailWorkflow (0.13s)
=== RUN   TestDockerEnvironmentSetup
=== RUN   TestDockerEnvironmentSetup/SeparateServices
    e2e_test.go:140: Docker Compose not available: exec: "docker-compose": executable file not found in $PATH
    e2e_test.go:140: Docker not available, skipping integration test
=== RUN   TestDockerEnvironmentSetup/FullService
    e2e_test.go:161: Docker Compose not available: exec: "docker-compose": executable file not found in $PATH
    e2e_test.go:161: Docker not available, skipping e2e test
--- PASS: TestDockerEnvironmentSetup (0.11s)
    --- SKIP: TestDockerEnvironmentSetup/SeparateServices (0.05s)
    --- SKIP: TestDockerEnvironmentSetup/FullService (0.05s)
=== RUN   TestFixtureLoading
=== RUN   TestFixtureLoading/Simple_Email
    fixtures.go:76: Loaded test email: simple-email.eml (292 bytes)
    e2e_test.go:204: Loaded Simple Email: 292 bytes
=== RUN   TestFixtureLoading/Multipart_Email
    fixtures.go:81: Loaded test email: multipart-email.eml (501 bytes)
    e2e_test.go:204: Loaded Multipart Email: 501 bytes
=== RUN   TestFixtureLoading/Email_with_Attachment
    fixtures.go:86: Loaded test email: email-with-attachment.eml (543 bytes)
    e2e_test.go:204: Loaded Email with Attachment: 543 bytes
=== RUN   TestFixtureLoading/HTML_Email
    fixtures.go:91: Loaded test email: html-email.eml (916 bytes)
    e2e_test.go:204: Loaded HTML Email: 916 bytes
=== RUN   TestFixtureLoading/Multi-recipient_Email
    fixtures.go:96: Loaded test email: multi-recipient-email.eml (702 bytes)
    e2e_test.go:204: Loaded Multi-recipient Email: 702 bytes
=== RUN   TestFixtureLoading/Unicode_Email
    fixtures.go:101: Loaded test email: unicode-email.eml (1121 bytes)
    e2e_test.go:204: Loaded Unicode Email: 1121 bytes
=== RUN   TestFixtureLoading/Large_Email
    fixtures.go:106: Loaded test email: large-email.eml (2442 bytes)
    e2e_test.go:204: Loaded Large Email: 2442 bytes
=== RUN   TestFixtureLoading/TestUsers
    e2e_test.go:210: Loaded test users configuration with 2 domains
    e2e_test.go:214: Test users configuration loaded successfully
=== RUN   TestFixtureLoading/MailboxStructures
    e2e_test.go:218: Loaded mailbox structures configuration
    e2e_test.go:222: Mailbox structures configuration loaded successfully
=== RUN   TestFixtureLoading/TestConfig
    e2e_test.go:226: Loaded test configuration (646 bytes)
    e2e_test.go:230: Test configuration loaded: 646 bytes
--- PASS: TestFixtureLoading (0.00s)
    --- PASS: TestFixtureLoading/Simple_Email (0.00s)
    --- PASS: TestFixtureLoading/Multipart_Email (0.00s)
    --- PASS: TestFixtureLoading/Email_with_Attachment (0.00s)
    --- PASS: TestFixtureLoading/HTML_Email (0.00s)
    --- PASS: TestFixtureLoading/Multi-recipient_Email (0.00s)
    --- PASS: TestFixtureLoading/Unicode_Email (0.00s)
    --- PASS: TestFixtureLoading/Large_Email (0.00s)
    --- PASS: TestFixtureLoading/TestUsers (0.00s)
    --- PASS: TestFixtureLoading/MailboxStructures (0.00s)
    --- PASS: TestFixtureLoading/TestConfig (0.00s)
=== RUN   TestE2E_SASL_Authentication
    imap_auth_e2e_test.go:14: Test database created at: /tmp/raven_integration_test_2207511567
2026/06/13 08:53:10 Warning: IDP base URL not configured, group email delivery will be disabled
2026/06/13 08:53:10 Starting LMTP server...
2026/06/13 08:53:10 LMTP server listening on TCP: 127.0.0.1:0 (with keep-alive enabled)
    imap_auth_e2e_test.go:14: Test LMTP server started on 127.0.0.1:43903
2026/06/13 08:53:10 IMAP OAUTHBEARER: config load skipped at init: open config/raven.yaml: no such file or directory
    imap_auth_e2e_test.go:14: Test IMAP server started on 127.0.0.1:46829
    imap_auth_e2e_test.go:14: E2E environment started: LMTP=127.0.0.1:43903, IMAP=127.0.0.1:46829
    imap_auth_e2e_test.go:19: Test user created: bob@example.com
Server: * OK [CAPABILITY IMAP4rev1 STARTTLS LOGINDISABLED UIDPLUS IDLE LITERAL+] SQLite IMAP server ready
Client: A001 STARTTLS
Server: A001 OK Begin TLS negotiation now
    imap_auth_e2e_test.go:22: IMAP client connected to 127.0.0.1:46829
Client: A002 CAPABILITY
Server: * CAPABILITY IMAP4rev1 AUTH=PLAIN LOGIN UIDPLUS IDLE NAMESPACE UNSELECT LITERAL+
Server: A002 OK CAPABILITY completed
Client: A003 LOGIN bob@example.com wrongpass
2026/06/13 08:53:10 Accepting login for user: bob@example.com (type=test-user)
Server: A003 OK [CAPABILITY IMAP4rev1 AUTH=PLAIN LOGIN UIDPLUS IDLE NAMESPACE UNSELECT LITERAL+] Authenticated
Client: A004 CAPABILITY
Server: * CAPABILITY IMAP4rev1 AUTH=PLAIN LOGIN UIDPLUS IDLE NAMESPACE UNSELECT LITERAL+
Server: A004 OK CAPABILITY completed
Client: A005 LOGIN bob@example.com password123
2026/06/13 08:53:10 Accepting login for user: bob@example.com (type=test-user)
Server: A005 OK [CAPABILITY IMAP4rev1 AUTH=PLAIN LOGIN UIDPLUS IDLE NAMESPACE UNSELECT LITERAL+] Authenticated
    env.go:53: Test database cleaned up: /tmp/raven_integration_test_2207511567
    env.go:43: Test IMAP server stopped
2026/06/13 08:53:10 Shutting down LMTP server...
2026/06/13 08:53:10 All connections closed
2026/06/13 08:53:10 LMTP server shutdown complete
--- PASS: TestE2E_SASL_Authentication (0.33s)
=== RUN   TestE2E_IMAP_Flags_And_ReadState
    imap_operations_e2e_test.go:15: Test database created at: /tmp/raven_integration_test_2075272804
2026/06/13 08:53:10 Warning: IDP base URL not configured, group email delivery will be disabled
2026/06/13 08:53:10 Starting LMTP server...
2026/06/13 08:53:10 LMTP server listening on TCP: 127.0.0.1:0 (with keep-alive enabled)
    imap_operations_e2e_test.go:15: Test LMTP server started on 127.0.0.1:43041
2026/06/13 08:53:10 IMAP OAUTHBEARER: config load skipped at init: open config/raven.yaml: no such file or directory
    imap_operations_e2e_test.go:15: Test IMAP server started on 127.0.0.1:35771
    imap_operations_e2e_test.go:15: E2E environment started: LMTP=127.0.0.1:43041, IMAP=127.0.0.1:35771
    imap_operations_e2e_test.go:20: Test user created: flags@example.com
2026/06/13 08:53:11 New tcp connection from: 127.0.0.1:53044
2026/06/13 08:53:11 TCP options configured for connection from 127.0.0.1:53044
2026/06/13 08:53:11 Sending greeting to 127.0.0.1:53044
2026/06/13 08:53:11 S: 220 localhost LMTP Service ready
2026/06/13 08:53:11 Greeting sent successfully to 127.0.0.1:53044, waiting for client command...
2026/06/13 08:53:11 Waiting to read from 127.0.0.1:53044...
2026/06/13 08:53:11 C: LHLO mx
2026/06/13 08:53:11 S: 250-localhost
2026/06/13 08:53:11 S: 250-PIPELINING
2026/06/13 08:53:11 S: 250-ENHANCEDSTATUSCODES
2026/06/13 08:53:11 S: 250-SIZE 1048576
2026/06/13 08:53:11 S: 250 8BITMIME
2026/06/13 08:53:11 Waiting to read from 127.0.0.1:53044...
2026/06/13 08:53:11 C: MAIL FROM:<sender@ext.com>
2026/06/13 08:53:11 S: 250 2.1.0 Sender OK
2026/06/13 08:53:11 Waiting to read from 127.0.0.1:53044...
2026/06/13 08:53:11 C: RCPT TO:<flags@example.com>
2026/06/13 08:53:11 S: 250 2.1.5 Recipient OK
2026/06/13 08:53:11 Waiting to read from 127.0.0.1:53044...
2026/06/13 08:53:11 C: DATA
2026/06/13 08:53:11 S: 354 Start mail input; end with <CRLF>.<CRLF>
DEBUG ParseMIMEMessage: Content-Type='text/plain; charset=UTF-8'
DEBUG ParseMIMEMessage: mediaType='text/plain', boundary=''
DEBUG ParseMIMEMessage: Single-part message (not multipart)
DEBUG StoreMessage: Stored part idx=0 (type=text/plain) as db_id=1 with part_number=1 (parent_db_id={0 false})
2026/06/13 08:53:11 Message delivered successfully to flags@example.com
2026/06/13 08:53:11 S: 250 2.0.0 Message accepted for delivery to <flags@example.com>
2026/06/13 08:53:11 Waiting to read from 127.0.0.1:53044...
Server: * OK [CAPABILITY IMAP4rev1 STARTTLS LOGINDISABLED UIDPLUS IDLE LITERAL+] SQLite IMAP server ready
Client: A001 STARTTLS
Server: A001 OK Begin TLS negotiation now
    imap_operations_e2e_test.go:38: IMAP client connected to 127.0.0.1:35771
Client: A002 CAPABILITY
Server: * CAPABILITY IMAP4rev1 AUTH=PLAIN LOGIN UIDPLUS IDLE NAMESPACE UNSELECT LITERAL+
Server: A002 OK CAPABILITY completed
Client: A003 LOGIN flags@example.com password123
2026/06/13 08:53:11 Accepting login for user: flags@example.com (type=test-user)
Server: A003 OK [CAPABILITY IMAP4rev1 AUTH=PLAIN LOGIN UIDPLUS IDLE NAMESPACE UNSELECT LITERAL+] Authenticated
Client: A004 SELECT INBOX
Server: * FLAGS (\Answered \Flagged \Deleted \Seen \Draft)
Server: * 1 EXISTS
Server: * 0 RECENT
Server: * OK [UNSEEN 1] Message 1 is first unseen
Server: * OK [UIDVALIDITY 1781340791] UIDs valid
Server: * OK [UIDNEXT 2] Predicted next UID
Server: * OK [PERMANENTFLAGS (\Answered \Flagged \Deleted \Seen \Draft \*)] Limited
Server: A004 OK [READ-WRITE] SELECT completed
=== RUN   TestE2E_IMAP_Flags_And_ReadState/Mark_Seen
Client: A005 STORE 1 +FLAGS (\Seen)
Server: * 1 FETCH (FLAGS (\Seen))
Server: A005 OK STORE completed
=== RUN   TestE2E_IMAP_Flags_And_ReadState/Mark_Flagged
Client: A006 STORE 1 +FLAGS (\Flagged)
Server: * 1 FETCH (FLAGS (\Seen \Flagged))
Server: A006 OK STORE completed
=== RUN   TestE2E_IMAP_Flags_And_ReadState/Verify_Flags
Client: A007 FETCH 1 FLAGS
Server: * 1 FETCH (FLAGS (\Seen \Flagged))
Server: A007 OK FETCH completed
    imap_operations_e2e_test.go:77: Flags response: * 1 FETCH (FLAGS (\Seen \Flagged))
=== RUN   TestE2E_IMAP_Flags_And_ReadState/DB_Persistence
Server: * OK [CAPABILITY IMAP4rev1 STARTTLS LOGINDISABLED UIDPLUS IDLE LITERAL+] SQLite IMAP server ready
Client: A001 STARTTLS
Server: A001 OK Begin TLS negotiation now
    imap_operations_e2e_test.go:89: IMAP client connected to 127.0.0.1:35771
Client: A002 CAPABILITY
Server: * CAPABILITY IMAP4rev1 AUTH=PLAIN LOGIN UIDPLUS IDLE NAMESPACE UNSELECT LITERAL+
Server: A002 OK CAPABILITY completed
Client: A003 LOGIN flags@example.com password123
2026/06/13 08:53:11 Accepting login for user: flags@example.com (type=test-user)
Server: A003 OK [CAPABILITY IMAP4rev1 AUTH=PLAIN LOGIN UIDPLUS IDLE NAMESPACE UNSELECT LITERAL+] Authenticated
Client: A004 SELECT INBOX
Server: * FLAGS (\Answered \Flagged \Deleted \Seen \Draft)
Server: * 1 EXISTS
Server: * 0 RECENT
Server: * OK [UIDVALIDITY 1781340791] UIDs valid
Server: * OK [UIDNEXT 2] Predicted next UID
Server: * OK [PERMANENTFLAGS (\Answered \Flagged \Deleted \Seen \Draft \*)] Limited
Server: A004 OK [READ-WRITE] SELECT completed
Client: A005 FETCH 1 FLAGS
Server: * 1 FETCH (FLAGS (\Seen \Flagged))
Server: A005 OK FETCH completed
    imap_operations_e2e_test.go:100: Persistent flags: [* 1 FETCH (FLAGS (\Seen \Flagged))]
2026/06/13 08:53:11 Read failed from 127.0.0.1:53044: EOF (connection likely closed by client)
2026/06/13 08:53:11 Session error from 127.0.0.1:53044: read error: EOF
2026/06/13 08:53:11 Connection closed: 127.0.0.1:53044
=== NAME  TestE2E_IMAP_Flags_And_ReadState
    env.go:53: Test database cleaned up: /tmp/raven_integration_test_2075272804
    env.go:43: Test IMAP server stopped
2026/06/13 08:53:11 Shutting down LMTP server...
2026/06/13 08:53:11 All connections closed
2026/06/13 08:53:11 LMTP server shutdown complete
--- PASS: TestE2E_IMAP_Flags_And_ReadState (0.68s)
    --- PASS: TestE2E_IMAP_Flags_And_ReadState/Mark_Seen (0.00s)
    --- PASS: TestE2E_IMAP_Flags_And_ReadState/Mark_Flagged (0.00s)
    --- PASS: TestE2E_IMAP_Flags_And_ReadState/Verify_Flags (0.00s)
    --- PASS: TestE2E_IMAP_Flags_And_ReadState/DB_Persistence (0.01s)
=== RUN   TestE2E_LMTP_Delivery_MultipleRecipients
    lmtp_delivery_advanced_e2e_test.go:15: Test database created at: /tmp/raven_integration_test_474831084
2026/06/13 08:53:11 Warning: IDP base URL not configured, group email delivery will be disabled
2026/06/13 08:53:11 Starting LMTP server...
2026/06/13 08:53:11 LMTP server listening on TCP: 127.0.0.1:0 (with keep-alive enabled)
    lmtp_delivery_advanced_e2e_test.go:15: Test LMTP server started on 127.0.0.1:36247
2026/06/13 08:53:11 IMAP OAUTHBEARER: config load skipped at init: open config/raven.yaml: no such file or directory
    lmtp_delivery_advanced_e2e_test.go:15: Test IMAP server started on 127.0.0.1:33927
    lmtp_delivery_advanced_e2e_test.go:15: E2E environment started: LMTP=127.0.0.1:36247, IMAP=127.0.0.1:33927
    lmtp_delivery_advanced_e2e_test.go:26: Test user created: alice@example.com
    lmtp_delivery_advanced_e2e_test.go:26: Test user created: bob@example.com
    lmtp_delivery_advanced_e2e_test.go:26: Test user created: carol@example.com
2026/06/13 08:53:12 New tcp connection from: 127.0.0.1:43044
2026/06/13 08:53:12 TCP options configured for connection from 127.0.0.1:43044
2026/06/13 08:53:12 Sending greeting to 127.0.0.1:43044
2026/06/13 08:53:12 S: 220 localhost LMTP Service ready
2026/06/13 08:53:12 Greeting sent successfully to 127.0.0.1:43044, waiting for client command...
2026/06/13 08:53:12 Waiting to read from 127.0.0.1:43044...
2026/06/13 08:53:12 C: LHLO mx.local
2026/06/13 08:53:12 S: 250-localhost
2026/06/13 08:53:12 S: 250-PIPELINING
2026/06/13 08:53:12 S: 250-ENHANCEDSTATUSCODES
2026/06/13 08:53:12 S: 250-SIZE 1048576
2026/06/13 08:53:12 S: 250 8BITMIME
2026/06/13 08:53:12 Waiting to read from 127.0.0.1:43044...
2026/06/13 08:53:12 C: MAIL FROM:<sender@external.com>
2026/06/13 08:53:12 S: 250 2.1.0 Sender OK
2026/06/13 08:53:12 Waiting to read from 127.0.0.1:43044...
2026/06/13 08:53:12 C: RCPT TO:<alice@example.com>
2026/06/13 08:53:12 S: 250 2.1.5 Recipient OK
2026/06/13 08:53:12 Waiting to read from 127.0.0.1:43044...
2026/06/13 08:53:12 C: RCPT TO:<bob@example.com>
2026/06/13 08:53:12 S: 250 2.1.5 Recipient OK
2026/06/13 08:53:12 Waiting to read from 127.0.0.1:43044...
2026/06/13 08:53:12 C: RCPT TO:<carol@example.com>
2026/06/13 08:53:12 S: 250 2.1.5 Recipient OK
2026/06/13 08:53:12 Waiting to read from 127.0.0.1:43044...
2026/06/13 08:53:12 C: DATA
2026/06/13 08:53:12 S: 354 Start mail input; end with <CRLF>.<CRLF>
DEBUG ParseMIMEMessage: Content-Type='text/plain; charset=UTF-8'
DEBUG ParseMIMEMessage: mediaType='text/plain', boundary=''
DEBUG ParseMIMEMessage: Single-part message (not multipart)
DEBUG StoreMessage: Stored part idx=0 (type=text/plain) as db_id=1 with part_number=1 (parent_db_id={0 false})
DEBUG ParseMIMEMessage: Content-Type='text/plain; charset=UTF-8'
DEBUG ParseMIMEMessage: mediaType='text/plain', boundary=''
DEBUG ParseMIMEMessage: Single-part message (not multipart)
DEBUG StoreMessage: Stored part idx=0 (type=text/plain) as db_id=1 with part_number=1 (parent_db_id={0 false})
DEBUG ParseMIMEMessage: Content-Type='text/plain; charset=UTF-8'
DEBUG ParseMIMEMessage: mediaType='text/plain', boundary=''
DEBUG ParseMIMEMessage: Single-part message (not multipart)
DEBUG StoreMessage: Stored part idx=0 (type=text/plain) as db_id=1 with part_number=1 (parent_db_id={0 false})
2026/06/13 08:53:12 Message delivered successfully to alice@example.com
2026/06/13 08:53:12 S: 250 2.0.0 Message accepted for delivery to <alice@example.com>
2026/06/13 08:53:12 Message delivered successfully to bob@example.com
2026/06/13 08:53:12 S: 250 2.0.0 Message accepted for delivery to <bob@example.com>
2026/06/13 08:53:12 Message delivered successfully to carol@example.com
2026/06/13 08:53:12 S: 250 2.0.0 Message accepted for delivery to <carol@example.com>
2026/06/13 08:53:12 Waiting to read from 127.0.0.1:43044...
2026/06/13 08:53:12 C: QUIT
2026/06/13 08:53:12 S: 221 Bye
2026/06/13 08:53:12 Command error: QUIT
2026/06/13 08:53:12 Connection closed: 127.0.0.1:43044
=== RUN   TestE2E_LMTP_Delivery_MultipleRecipients/User_alice@example.com
Server: * OK [CAPABILITY IMAP4rev1 STARTTLS LOGINDISABLED UIDPLUS IDLE LITERAL+] SQLite IMAP server ready
Client: A001 STARTTLS
Server: A001 OK Begin TLS negotiation now
    lmtp_delivery_advanced_e2e_test.go:59: IMAP client connected to 127.0.0.1:33927
Client: A002 CAPABILITY
Server: * CAPABILITY IMAP4rev1 AUTH=PLAIN LOGIN UIDPLUS IDLE NAMESPACE UNSELECT LITERAL+
Server: A002 OK CAPABILITY completed
Client: A003 LOGIN alice@example.com password123
2026/06/13 08:53:12 Accepting login for user: alice@example.com (type=test-user)
Server: A003 OK [CAPABILITY IMAP4rev1 AUTH=PLAIN LOGIN UIDPLUS IDLE NAMESPACE UNSELECT LITERAL+] Authenticated
Client: A004 SELECT INBOX
Server: * FLAGS (\Answered \Flagged \Deleted \Seen \Draft)
Server: * 1 EXISTS
Server: * 0 RECENT
Server: * OK [UNSEEN 1] Message 1 is first unseen
Server: * OK [UIDVALIDITY 1781340791] UIDs valid
Server: * OK [UIDNEXT 2] Predicted next UID
Server: * OK [PERMANENTFLAGS (\Answered \Flagged \Deleted \Seen \Draft \*)] Limited
Server: A004 OK [READ-WRITE] SELECT completed
Client: A005 FETCH 1 ENVELOPE
DEBUG ReconstructMessage: Starting reconstruction with 6 headers, 1 parts
DEBUG ReconstructMessage: Wrote 6 stored headers
DEBUG ReconstructMessage: Reconstructed headers:
From: sender@external.com
To: alice@example.com, bob@example.com, carol@example.com
Subject: Multi-recipient Test
Date: Sat, 13 Jun 2026 08:53:12 +0000
Message-ID: <1781340792109756475@e2e.test>
Content-Type: text/plain; charset=UTF-8
DEBUG ReconstructMessage: Total message size: 281 bytes
Server: * 1 FETCH (ENVELOPE ("Sat, 13 Jun 2026 08:53:12 +0000" "Multi-recipient Test" ((NIL NIL "sender" "external.com")) ((NIL NIL "sender" "external.com")) ((NIL NIL "sender" "external.com")) ((NIL NIL "alice" "example.com") (NIL NIL "bob" "example.com") (NIL NIL "carol" "example.com")) NIL NIL NIL "<1781340792109756475@e2e.test>"))
Server: A005 OK FETCH completed
    lmtp_delivery_advanced_e2e_test.go:76: User alice@example.com received message: * 1 FETCH (ENVELOPE ("Sat, 13 Jun 2026 08:53:12 +0000" "Multi-recipient Test" ((NIL NIL "sender" "external.com")) ((NIL NIL "sender" "external.com")) ((NIL NIL "sender" "external.com")) ((NIL NIL "alice" "example.com") (NIL NIL "bob" "example.com") (NIL NIL "carol" "example.com")) NIL NIL NIL "<1781340792109756475@e2e.test>"))
=== RUN   TestE2E_LMTP_Delivery_MultipleRecipients/User_bob@example.com
Server: * OK [CAPABILITY IMAP4rev1 STARTTLS LOGINDISABLED UIDPLUS IDLE LITERAL+] SQLite IMAP server ready
Client: A001 STARTTLS
Server: A001 OK Begin TLS negotiation now
    lmtp_delivery_advanced_e2e_test.go:59: IMAP client connected to 127.0.0.1:33927
Client: A002 CAPABILITY
Server: * CAPABILITY IMAP4rev1 AUTH=PLAIN LOGIN UIDPLUS IDLE NAMESPACE UNSELECT LITERAL+
Server: A002 OK CAPABILITY completed
Client: A003 LOGIN bob@example.com password123
2026/06/13 08:53:12 Accepting login for user: bob@example.com (type=test-user)
Server: A003 OK [CAPABILITY IMAP4rev1 AUTH=PLAIN LOGIN UIDPLUS IDLE NAMESPACE UNSELECT LITERAL+] Authenticated
Client: A004 SELECT INBOX
Server: * FLAGS (\Answered \Flagged \Deleted \Seen \Draft)
Server: * 1 EXISTS
Server: * 0 RECENT
Server: * OK [UNSEEN 1] Message 1 is first unseen
Server: * OK [UIDVALIDITY 1781340792] UIDs valid
Server: * OK [UIDNEXT 2] Predicted next UID
Server: * OK [PERMANENTFLAGS (\Answered \Flagged \Deleted \Seen \Draft \*)] Limited
Server: A004 OK [READ-WRITE] SELECT completed
Client: A005 FETCH 1 ENVELOPE
DEBUG ReconstructMessage: Starting reconstruction with 6 headers, 1 parts
DEBUG ReconstructMessage: Wrote 6 stored headers
DEBUG ReconstructMessage: Reconstructed headers:
From: sender@external.com
To: alice@example.com, bob@example.com, carol@example.com
Subject: Multi-recipient Test
Date: Sat, 13 Jun 2026 08:53:12 +0000
Message-ID: <1781340792109756475@e2e.test>
Content-Type: text/plain; charset=UTF-8
DEBUG ReconstructMessage: Total message size: 281 bytes
Server: * 1 FETCH (ENVELOPE ("Sat, 13 Jun 2026 08:53:12 +0000" "Multi-recipient Test" ((NIL NIL "sender" "external.com")) ((NIL NIL "sender" "external.com")) ((NIL NIL "sender" "external.com")) ((NIL NIL "alice" "example.com") (NIL NIL "bob" "example.com") (NIL NIL "carol" "example.com")) NIL NIL NIL "<1781340792109756475@e2e.test>"))
Server: A005 OK FETCH completed
    lmtp_delivery_advanced_e2e_test.go:76: User bob@example.com received message: * 1 FETCH (ENVELOPE ("Sat, 13 Jun 2026 08:53:12 +0000" "Multi-recipient Test" ((NIL NIL "sender" "external.com")) ((NIL NIL "sender" "external.com")) ((NIL NIL "sender" "external.com")) ((NIL NIL "alice" "example.com") (NIL NIL "bob" "example.com") (NIL NIL "carol" "example.com")) NIL NIL NIL "<1781340792109756475@e2e.test>"))
=== RUN   TestE2E_LMTP_Delivery_MultipleRecipients/User_carol@example.com
Server: * OK [CAPABILITY IMAP4rev1 STARTTLS LOGINDISABLED UIDPLUS IDLE LITERAL+] SQLite IMAP server ready
Client: A001 STARTTLS
Server: A001 OK Begin TLS negotiation now
    lmtp_delivery_advanced_e2e_test.go:59: IMAP client connected to 127.0.0.1:33927
Client: A002 CAPABILITY
Server: * CAPABILITY IMAP4rev1 AUTH=PLAIN LOGIN UIDPLUS IDLE NAMESPACE UNSELECT LITERAL+
Server: A002 OK CAPABILITY completed
Client: A003 LOGIN carol@example.com password123
2026/06/13 08:53:12 Accepting login for user: carol@example.com (type=test-user)
Server: A003 OK [CAPABILITY IMAP4rev1 AUTH=PLAIN LOGIN UIDPLUS IDLE NAMESPACE UNSELECT LITERAL+] Authenticated
Client: A004 SELECT INBOX
Server: * FLAGS (\Answered \Flagged \Deleted \Seen \Draft)
Server: * 1 EXISTS
Server: * 0 RECENT
Server: * OK [UNSEEN 1] Message 1 is first unseen
Server: * OK [UIDVALIDITY 1781340792] UIDs valid
Server: * OK [UIDNEXT 2] Predicted next UID
Server: * OK [PERMANENTFLAGS (\Answered \Flagged \Deleted \Seen \Draft \*)] Limited
Server: A004 OK [READ-WRITE] SELECT completed
Client: A005 FETCH 1 ENVELOPE
DEBUG ReconstructMessage: Starting reconstruction with 6 headers, 1 parts
DEBUG ReconstructMessage: Wrote 6 stored headers
DEBUG ReconstructMessage: Reconstructed headers:
From: sender@external.com
To: alice@example.com, bob@example.com, carol@example.com
Subject: Multi-recipient Test
Date: Sat, 13 Jun 2026 08:53:12 +0000
Message-ID: <1781340792109756475@e2e.test>
Content-Type: text/plain; charset=UTF-8
DEBUG ReconstructMessage: Total message size: 281 bytes
Server: * 1 FETCH (ENVELOPE ("Sat, 13 Jun 2026 08:53:12 +0000" "Multi-recipient Test" ((NIL NIL "sender" "external.com")) ((NIL NIL "sender" "external.com")) ((NIL NIL "sender" "external.com")) ((NIL NIL "alice" "example.com") (NIL NIL "bob" "example.com") (NIL NIL "carol" "example.com")) NIL NIL NIL "<1781340792109756475@e2e.test>"))
Server: A005 OK FETCH completed
    lmtp_delivery_advanced_e2e_test.go:76: User carol@example.com received message: * 1 FETCH (ENVELOPE ("Sat, 13 Jun 2026 08:53:12 +0000" "Multi-recipient Test" ((NIL NIL "sender" "external.com")) ((NIL NIL "sender" "external.com")) ((NIL NIL "sender" "external.com")) ((NIL NIL "alice" "example.com") (NIL NIL "bob" "example.com") (NIL NIL "carol" "example.com")) NIL NIL NIL "<1781340792109756475@e2e.test>"))
=== NAME  TestE2E_LMTP_Delivery_MultipleRecipients
    env.go:53: Test database cleaned up: /tmp/raven_integration_test_474831084
    env.go:43: Test IMAP server stopped
2026/06/13 08:53:12 Shutting down LMTP server...
2026/06/13 08:53:12 All connections closed
2026/06/13 08:53:12 LMTP server shutdown complete
--- PASS: TestE2E_LMTP_Delivery_MultipleRecipients (0.97s)
    --- PASS: TestE2E_LMTP_Delivery_MultipleRecipients/User_alice@example.com (0.01s)
    --- PASS: TestE2E_LMTP_Delivery_MultipleRecipients/User_bob@example.com (0.01s)
    --- PASS: TestE2E_LMTP_Delivery_MultipleRecipients/User_carol@example.com (0.01s)
=== RUN   TestE2E_LMTP_LargeMessageDelivery
    lmtp_delivery_advanced_e2e_test.go:91: Test database created at: /tmp/raven_integration_test_4023891465
2026/06/13 08:53:12 Warning: IDP base URL not configured, group email delivery will be disabled
2026/06/13 08:53:12 Starting LMTP server...
2026/06/13 08:53:12 LMTP server listening on TCP: 127.0.0.1:0 (with keep-alive enabled)
    lmtp_delivery_advanced_e2e_test.go:91: Test LMTP server started on 127.0.0.1:34331
2026/06/13 08:53:12 IMAP OAUTHBEARER: config load skipped at init: open config/raven.yaml: no such file or directory
    lmtp_delivery_advanced_e2e_test.go:91: Test IMAP server started on 127.0.0.1:40555
    lmtp_delivery_advanced_e2e_test.go:91: E2E environment started: LMTP=127.0.0.1:34331, IMAP=127.0.0.1:40555
    lmtp_delivery_advanced_e2e_test.go:96: Test user created: bigmail@example.com
2026/06/13 08:53:12 New tcp connection from: 127.0.0.1:60384
2026/06/13 08:53:12 TCP options configured for connection from 127.0.0.1:60384
2026/06/13 08:53:12 Sending greeting to 127.0.0.1:60384
2026/06/13 08:53:12 S: 220 localhost LMTP Service ready
2026/06/13 08:53:12 Greeting sent successfully to 127.0.0.1:60384, waiting for client command...
2026/06/13 08:53:12 Waiting to read from 127.0.0.1:60384...
2026/06/13 08:53:12 C: LHLO mx
2026/06/13 08:53:12 S: 250-localhost
2026/06/13 08:53:12 S: 250-PIPELINING
2026/06/13 08:53:12 S: 250-ENHANCEDSTATUSCODES
2026/06/13 08:53:12 S: 250-SIZE 1048576
2026/06/13 08:53:12 S: 250 8BITMIME
2026/06/13 08:53:12 Waiting to read from 127.0.0.1:60384...
2026/06/13 08:53:12 C: MAIL FROM:<sender@ext.com>
2026/06/13 08:53:12 S: 250 2.1.0 Sender OK
2026/06/13 08:53:12 Waiting to read from 127.0.0.1:60384...
2026/06/13 08:53:12 C: RCPT TO:<bigmail@example.com>
2026/06/13 08:53:12 S: 250 2.1.5 Recipient OK
2026/06/13 08:53:12 Waiting to read from 127.0.0.1:60384...
2026/06/13 08:53:12 C: DATA
2026/06/13 08:53:12 S: 354 Start mail input; end with <CRLF>.<CRLF>
DEBUG ParseMIMEMessage: Content-Type='text/plain; charset=UTF-8'
DEBUG ParseMIMEMessage: mediaType='text/plain', boundary=''
DEBUG ParseMIMEMessage: Single-part message (not multipart)
DEBUG StoreMessage: Stored part idx=0 (type=text/plain) as db_id=1 with part_number=1 (parent_db_id={0 false})
2026/06/13 08:53:12 Message delivered successfully to bigmail@example.com
2026/06/13 08:53:12 S: 250 2.0.0 Message accepted for delivery to <bigmail@example.com>
2026/06/13 08:53:12 Waiting to read from 127.0.0.1:60384...
Server: * OK [CAPABILITY IMAP4rev1 STARTTLS LOGINDISABLED UIDPLUS IDLE LITERAL+] SQLite IMAP server ready
Client: A001 STARTTLS
Server: A001 OK Begin TLS negotiation now
    lmtp_delivery_advanced_e2e_test.go:122: IMAP client connected to 127.0.0.1:40555
Client: A002 CAPABILITY
Server: * CAPABILITY IMAP4rev1 AUTH=PLAIN LOGIN UIDPLUS IDLE NAMESPACE UNSELECT LITERAL+
Server: A002 OK CAPABILITY completed
Client: A003 LOGIN bigmail@example.com password123
2026/06/13 08:53:13 Accepting login for user: bigmail@example.com (type=test-user)
Server: A003 OK [CAPABILITY IMAP4rev1 AUTH=PLAIN LOGIN UIDPLUS IDLE NAMESPACE UNSELECT LITERAL+] Authenticated
Client: A004 SELECT INBOX
Server: * FLAGS (\Answered \Flagged \Deleted \Seen \Draft)
Server: * 1 EXISTS
Server: * 0 RECENT
Server: * OK [UNSEEN 1] Message 1 is first unseen
Server: * OK [UIDVALIDITY 1781340792] UIDs valid
Server: * OK [UIDNEXT 2] Predicted next UID
Server: * OK [PERMANENTFLAGS (\Answered \Flagged \Deleted \Seen \Draft \*)] Limited
Server: A004 OK [READ-WRITE] SELECT completed
Client: A005 FETCH 1 RFC822.SIZE
DEBUG ReconstructMessage: Starting reconstruction with 6 headers, 1 parts
DEBUG ReconstructMessage: Wrote 6 stored headers
DEBUG ReconstructMessage: Reconstructed headers:
From: sender@ext.com
To: bigmail@example.com
Subject: Large Email Test
Date: Sat, 13 Jun 2026 08:53:12 +0000
Message-ID: <1781340792783433724@e2e.test>
Content-Type: text/plain; charset=UTF-8
DEBUG ReconstructMessage: Total message size: 980203 bytes
Server: * 1 FETCH (RFC822.SIZE 980203)
Server: A005 OK FETCH completed
    lmtp_delivery_advanced_e2e_test.go:134: Large message fetch response: [* 1 FETCH (RFC822.SIZE 980203)]
2026/06/13 08:53:13 Read failed from 127.0.0.1:60384: EOF (connection likely closed by client)
2026/06/13 08:53:13 Session error from 127.0.0.1:60384: read error: EOF
2026/06/13 08:53:13 Connection closed: 127.0.0.1:60384
    env.go:53: Test database cleaned up: /tmp/raven_integration_test_4023891465
    env.go:43: Test IMAP server stopped
2026/06/13 08:53:13 Shutting down LMTP server...
2026/06/13 08:53:13 All connections closed
2026/06/13 08:53:13 LMTP server shutdown complete
--- PASS: TestE2E_LMTP_LargeMessageDelivery (0.64s)
=== RUN   TestE2E_LMTP_InvalidInput
    lmtp_delivery_advanced_e2e_test.go:145: Test database created at: /tmp/raven_integration_test_3953661202
2026/06/13 08:53:13 Warning: IDP base URL not configured, group email delivery will be disabled
2026/06/13 08:53:13 Starting LMTP server...
2026/06/13 08:53:13 LMTP server listening on TCP: 127.0.0.1:0 (with keep-alive enabled)
    lmtp_delivery_advanced_e2e_test.go:145: Test LMTP server started on 127.0.0.1:45269
2026/06/13 08:53:13 IMAP OAUTHBEARER: config load skipped at init: open config/raven.yaml: no such file or directory
    lmtp_delivery_advanced_e2e_test.go:145: Test IMAP server started on 127.0.0.1:34363
    lmtp_delivery_advanced_e2e_test.go:145: E2E environment started: LMTP=127.0.0.1:45269, IMAP=127.0.0.1:34363
    lmtp_delivery_advanced_e2e_test.go:150: Test user created: test@example.com
=== RUN   TestE2E_LMTP_InvalidInput/Missing_MAIL_FROM
2026/06/13 08:53:13 New tcp connection from: 127.0.0.1:48884
2026/06/13 08:53:13 TCP options configured for connection from 127.0.0.1:48884
2026/06/13 08:53:13 Sending greeting to 127.0.0.1:48884
2026/06/13 08:53:13 S: 220 localhost LMTP Service ready
2026/06/13 08:53:13 Greeting sent successfully to 127.0.0.1:48884, waiting for client command...
2026/06/13 08:53:13 Waiting to read from 127.0.0.1:48884...
2026/06/13 08:53:13 C: LHLO mx
2026/06/13 08:53:13 S: 250-localhost
2026/06/13 08:53:13 S: 250-PIPELINING
2026/06/13 08:53:13 S: 250-ENHANCEDSTATUSCODES
2026/06/13 08:53:13 S: 250-SIZE 1048576
2026/06/13 08:53:13 S: 250 8BITMIME
2026/06/13 08:53:13 Waiting to read from 127.0.0.1:48884...
2026/06/13 08:53:13 C: RCPT TO:<test@example.com>
2026/06/13 08:53:13 S: 503 Please send MAIL FROM first
2026/06/13 08:53:13 Waiting to read from 127.0.0.1:48884...
    lmtp_delivery_advanced_e2e_test.go:163: LMTP correctly rejected RCPT without MAIL FROM: RCPT failed: 503 Please send MAIL FROM first
=== RUN   TestE2E_LMTP_InvalidInput/Invalid_DOT_Termination
2026/06/13 08:53:13 Read failed from 127.0.0.1:48884: EOF (connection likely closed by client)
2026/06/13 08:53:13 Session error from 127.0.0.1:48884: read error: EOF
2026/06/13 08:53:13 Connection closed: 127.0.0.1:48884
2026/06/13 08:53:13 New tcp connection from: 127.0.0.1:48890
2026/06/13 08:53:13 TCP options configured for connection from 127.0.0.1:48890
2026/06/13 08:53:13 Sending greeting to 127.0.0.1:48890
2026/06/13 08:53:13 S: 220 localhost LMTP Service ready
2026/06/13 08:53:13 Greeting sent successfully to 127.0.0.1:48890, waiting for client command...
2026/06/13 08:53:13 Waiting to read from 127.0.0.1:48890...
2026/06/13 08:53:13 C: LHLO mx
2026/06/13 08:53:13 S: 250-localhost
2026/06/13 08:53:13 S: 250-PIPELINING
2026/06/13 08:53:13 S: 250-ENHANCEDSTATUSCODES
2026/06/13 08:53:13 S: 250-SIZE 1048576
2026/06/13 08:53:13 S: 250 8BITMIME
2026/06/13 08:53:13 Waiting to read from 127.0.0.1:48890...
2026/06/13 08:53:13 C: MAIL FROM:<sender@ext.com>
2026/06/13 08:53:13 S: 250 2.1.0 Sender OK
2026/06/13 08:53:13 Waiting to read from 127.0.0.1:48890...
2026/06/13 08:53:13 C: RCPT TO:<test@example.com>
2026/06/13 08:53:13 S: 250 2.1.5 Recipient OK
2026/06/13 08:53:13 Waiting to read from 127.0.0.1:48890...
2026/06/13 08:53:13 C: DATA
2026/06/13 08:53:13 S: 354 Start mail input; end with <CRLF>.<CRLF>
=== RUN   TestE2E_LMTP_InvalidInput/Nonexistent_Recipient
2026/06/13 08:53:13 New tcp connection from: 127.0.0.1:48902
2026/06/13 08:53:13 TCP options configured for connection from 127.0.0.1:48902
2026/06/13 08:53:13 Sending greeting to 127.0.0.1:48902
2026/06/13 08:53:13 S: 220 localhost LMTP Service ready
2026/06/13 08:53:13 Error reading message data: error reading data: EOF
2026/06/13 08:53:13 S: 554 Error reading message: error reading data: EOF
2026/06/13 08:53:13 Greeting sent successfully to 127.0.0.1:48902, waiting for client command...
2026/06/13 08:53:13 Waiting to read from 127.0.0.1:48902...
2026/06/13 08:53:13 Waiting to read from 127.0.0.1:48890...
2026/06/13 08:53:13 C: LHLO mx
2026/06/13 08:53:13 S: 250-localhost
2026/06/13 08:53:13 Read failed from 127.0.0.1:48890: EOF (connection likely closed by client)
2026/06/13 08:53:13 S: 250-PIPELINING
2026/06/13 08:53:13 Session error from 127.0.0.1:48890: read error: EOF
2026/06/13 08:53:13 Connection closed: 127.0.0.1:48890
2026/06/13 08:53:13 S: 250-ENHANCEDSTATUSCODES
2026/06/13 08:53:13 S: 250-SIZE 1048576
2026/06/13 08:53:13 S: 250 8BITMIME
2026/06/13 08:53:13 Waiting to read from 127.0.0.1:48902...
2026/06/13 08:53:13 C: MAIL FROM:<sender@ext.com>
2026/06/13 08:53:13 S: 250 2.1.0 Sender OK
2026/06/13 08:53:13 Waiting to read from 127.0.0.1:48902...
2026/06/13 08:53:13 C: RCPT TO:<nonexistent@example.com>
2026/06/13 08:53:13 S: 250 2.1.5 Recipient OK
2026/06/13 08:53:13 Waiting to read from 127.0.0.1:48902...
    lmtp_delivery_advanced_e2e_test.go:196: LMTP accepted nonexistent user (may queue for bounce)
2026/06/13 08:53:13 Read failed from 127.0.0.1:48902: EOF (connection likely closed by client)
2026/06/13 08:53:13 Session error from 127.0.0.1:48902: read error: EOF
2026/06/13 08:53:13 Connection closed: 127.0.0.1:48902
=== NAME  TestE2E_LMTP_InvalidInput
    env.go:53: Test database cleaned up: /tmp/raven_integration_test_3953661202
    env.go:43: Test IMAP server stopped
2026/06/13 08:53:13 Shutting down LMTP server...
2026/06/13 08:53:13 All connections closed
2026/06/13 08:53:13 LMTP server shutdown complete
--- PASS: TestE2E_LMTP_InvalidInput (0.47s)
    --- PASS: TestE2E_LMTP_InvalidInput/Missing_MAIL_FROM (0.00s)
    --- PASS: TestE2E_LMTP_InvalidInput/Invalid_DOT_Termination (0.00s)
    --- PASS: TestE2E_LMTP_InvalidInput/Nonexistent_Recipient (0.00s)
=== RUN   TestE2E_LMTP_To_IMAP_ReceiveEmail
    lmtp_imap_delivery_e2e_test.go:15: Test database created at: /tmp/raven_integration_test_1552550851
2026/06/13 08:53:13 Warning: IDP base URL not configured, group email delivery will be disabled
2026/06/13 08:53:13 Starting LMTP server...
2026/06/13 08:53:13 LMTP server listening on TCP: 127.0.0.1:0 (with keep-alive enabled)
    lmtp_imap_delivery_e2e_test.go:15: Test LMTP server started on 127.0.0.1:34305
2026/06/13 08:53:13 IMAP OAUTHBEARER: config load skipped at init: open config/raven.yaml: no such file or directory
    lmtp_imap_delivery_e2e_test.go:15: Test IMAP server started on 127.0.0.1:33599
    lmtp_imap_delivery_e2e_test.go:15: E2E environment started: LMTP=127.0.0.1:34305, IMAP=127.0.0.1:33599
    lmtp_imap_delivery_e2e_test.go:20: Test user created: alice@example.com
2026/06/13 08:53:13 New tcp connection from: 127.0.0.1:45698
2026/06/13 08:53:13 TCP options configured for connection from 127.0.0.1:45698
2026/06/13 08:53:13 Sending greeting to 127.0.0.1:45698
2026/06/13 08:53:13 S: 220 localhost LMTP Service ready
2026/06/13 08:53:13 Greeting sent successfully to 127.0.0.1:45698, waiting for client command...
2026/06/13 08:53:13 Waiting to read from 127.0.0.1:45698...
2026/06/13 08:53:13 C: LHLO mx.local
2026/06/13 08:53:13 S: 250-localhost
2026/06/13 08:53:13 S: 250-PIPELINING
2026/06/13 08:53:13 S: 250-ENHANCEDSTATUSCODES
2026/06/13 08:53:13 S: 250-SIZE 1048576
2026/06/13 08:53:13 S: 250 8BITMIME
2026/06/13 08:53:13 Waiting to read from 127.0.0.1:45698...
2026/06/13 08:53:13 C: MAIL FROM:<sender@external.com>
2026/06/13 08:53:13 S: 250 2.1.0 Sender OK
2026/06/13 08:53:13 Waiting to read from 127.0.0.1:45698...
2026/06/13 08:53:13 C: RCPT TO:<alice@example.com>
2026/06/13 08:53:13 S: 250 2.1.5 Recipient OK
2026/06/13 08:53:13 Waiting to read from 127.0.0.1:45698...
2026/06/13 08:53:13 C: DATA
2026/06/13 08:53:13 S: 354 Start mail input; end with <CRLF>.<CRLF>
DEBUG ParseMIMEMessage: Content-Type='text/plain; charset=UTF-8'
DEBUG ParseMIMEMessage: mediaType='text/plain', boundary=''
DEBUG ParseMIMEMessage: Single-part message (not multipart)
DEBUG StoreMessage: Stored part idx=0 (type=text/plain) as db_id=1 with part_number=1 (parent_db_id={0 false})
2026/06/13 08:53:13 Message delivered successfully to alice@example.com
2026/06/13 08:53:13 S: 250 2.0.0 Message accepted for delivery to <alice@example.com>
2026/06/13 08:53:13 Waiting to read from 127.0.0.1:45698...
2026/06/13 08:53:13 C: QUIT
2026/06/13 08:53:13 S: 221 Bye
2026/06/13 08:53:13 Command error: QUIT
2026/06/13 08:53:13 Connection closed: 127.0.0.1:45698
Server: * OK [CAPABILITY IMAP4rev1 STARTTLS LOGINDISABLED UIDPLUS IDLE LITERAL+] SQLite IMAP server ready
Client: A001 STARTTLS
Server: A001 OK Begin TLS negotiation now
    lmtp_imap_delivery_e2e_test.go:47: IMAP client connected to 127.0.0.1:33599
Client: A002 CAPABILITY
Server: * CAPABILITY IMAP4rev1 AUTH=PLAIN LOGIN UIDPLUS IDLE NAMESPACE UNSELECT LITERAL+
Server: A002 OK CAPABILITY completed
Client: A003 LOGIN alice@example.com password123
2026/06/13 08:53:14 Accepting login for user: alice@example.com (type=test-user)
Server: A003 OK [CAPABILITY IMAP4rev1 AUTH=PLAIN LOGIN UIDPLUS IDLE NAMESPACE UNSELECT LITERAL+] Authenticated
Client: A004 SELECT INBOX
Server: * FLAGS (\Answered \Flagged \Deleted \Seen \Draft)
Server: * 1 EXISTS
Server: * 0 RECENT
Server: * OK [UNSEEN 1] Message 1 is first unseen
Server: * OK [UIDVALIDITY 1781340793] UIDs valid
Server: * OK [UIDNEXT 2] Predicted next UID
Server: * OK [PERMANENTFLAGS (\Answered \Flagged \Deleted \Seen \Draft \*)] Limited
Server: A004 OK [READ-WRITE] SELECT completed
Client: A005 FETCH 1 (ENVELOPE BODY[TEXT] FLAGS)
DEBUG ReconstructMessage: Starting reconstruction with 6 headers, 1 parts
DEBUG ReconstructMessage: Wrote 6 stored headers
DEBUG ReconstructMessage: Reconstructed headers:
From: sender@external.com
To: alice@example.com
Subject: E2E Delivery Flow
Date: Sat, 13 Jun 2026 08:53:13 +0000
Message-ID: <1781340793845868233@e2e.test>
Content-Type: text/plain; charset=UTF-8
DEBUG ReconstructMessage: Total message size: 231 bytes
Server: * 1 FETCH (FLAGS () ENVELOPE ("Sat, 13 Jun 2026 08:53:13 +0000" "E2E Delivery Flow" ((NIL NIL "sender" "external.com")) ((NIL NIL "sender" "external.com")) ((NIL NIL "sender" "external.com")) ((NIL NIL "alice" "example.com")) NIL NIL NIL "<1781340793845868233@e2e.test>") BODY[TEXT] {27}
Hello from LMTP to IMAP!

)
Server: A005 OK FETCH completed
    lmtp_imap_delivery_e2e_test.go:72: IMAP Response: * 1 FETCH (FLAGS () ENVELOPE ("Sat, 13 Jun 2026 08:53:13 +0000" "E2E Delivery Flow" ((NIL NIL "sender" "external.com")) ((NIL NIL "sender" "external.com")) ((NIL NIL "sender" "external.com")) ((NIL NIL "alice" "example.com")) NIL NIL NIL "<1781340793845868233@e2e.test>") BODY[TEXT] {27}
        Hello from LMTP to IMAP!

        )
    lmtp_imap_delivery_e2e_test.go:97: ✓ LMTP→DB→IMAP flow validated successfully
    env.go:53: Test database cleaned up: /tmp/raven_integration_test_1552550851
    env.go:43: Test IMAP server stopped
2026/06/13 08:53:14 Shutting down LMTP server...
2026/06/13 08:53:14 All connections closed
2026/06/13 08:53:14 LMTP server shutdown complete
--- PASS: TestE2E_LMTP_To_IMAP_ReceiveEmail (0.54s)
=== RUN   TestE2E_IMAP_UID_Sequence_AndUIDValidity
    mailbox_state_e2e_test.go:15: Test database created at: /tmp/raven_integration_test_3550939266
2026/06/13 08:53:14 Warning: IDP base URL not configured, group email delivery will be disabled
2026/06/13 08:53:14 Starting LMTP server...
2026/06/13 08:53:14 LMTP server listening on TCP: 127.0.0.1:0 (with keep-alive enabled)
    mailbox_state_e2e_test.go:15: Test LMTP server started on 127.0.0.1:42871
2026/06/13 08:53:14 IMAP OAUTHBEARER: config load skipped at init: open config/raven.yaml: no such file or directory
    mailbox_state_e2e_test.go:15: Test IMAP server started on 127.0.0.1:41799
    mailbox_state_e2e_test.go:15: E2E environment started: LMTP=127.0.0.1:42871, IMAP=127.0.0.1:41799
    mailbox_state_e2e_test.go:20: Test user created: carol@example.com
2026/06/13 08:53:14 New tcp connection from: 127.0.0.1:47384
2026/06/13 08:53:14 TCP options configured for connection from 127.0.0.1:47384
2026/06/13 08:53:14 Sending greeting to 127.0.0.1:47384
2026/06/13 08:53:14 S: 220 localhost LMTP Service ready
2026/06/13 08:53:14 Greeting sent successfully to 127.0.0.1:47384, waiting for client command...
2026/06/13 08:53:14 Waiting to read from 127.0.0.1:47384...
2026/06/13 08:53:14 C: LHLO mx
2026/06/13 08:53:14 S: 250-localhost
2026/06/13 08:53:14 S: 250-PIPELINING
2026/06/13 08:53:14 S: 250-ENHANCEDSTATUSCODES
2026/06/13 08:53:14 S: 250-SIZE 1048576
2026/06/13 08:53:14 S: 250 8BITMIME
2026/06/13 08:53:14 Waiting to read from 127.0.0.1:47384...
2026/06/13 08:53:14 C: MAIL FROM:<sender@ext.com>
2026/06/13 08:53:14 S: 250 2.1.0 Sender OK
2026/06/13 08:53:14 Waiting to read from 127.0.0.1:47384...
2026/06/13 08:53:14 C: RCPT TO:<carol@example.com>
2026/06/13 08:53:14 S: 250 2.1.5 Recipient OK
2026/06/13 08:53:14 Waiting to read from 127.0.0.1:47384...
2026/06/13 08:53:14 C: DATA
2026/06/13 08:53:14 S: 354 Start mail input; end with <CRLF>.<CRLF>
DEBUG ParseMIMEMessage: Content-Type='text/plain; charset=UTF-8'
DEBUG ParseMIMEMessage: mediaType='text/plain', boundary=''
DEBUG ParseMIMEMessage: Single-part message (not multipart)
DEBUG StoreMessage: Stored part idx=0 (type=text/plain) as db_id=1 with part_number=1 (parent_db_id={0 false})
2026/06/13 08:53:14 Message delivered successfully to carol@example.com
2026/06/13 08:53:14 S: 250 2.0.0 Message accepted for delivery to <carol@example.com>
2026/06/13 08:53:14 Waiting to read from 127.0.0.1:47384...
2026/06/13 08:53:14 C: LHLO mx
2026/06/13 08:53:14 S: 250-localhost
2026/06/13 08:53:14 S: 250-PIPELINING
2026/06/13 08:53:14 S: 250-ENHANCEDSTATUSCODES
2026/06/13 08:53:14 S: 250-SIZE 1048576
2026/06/13 08:53:14 S: 250 8BITMIME
2026/06/13 08:53:14 Waiting to read from 127.0.0.1:47384...
2026/06/13 08:53:14 C: MAIL FROM:<sender@ext.com>
2026/06/13 08:53:14 S: 250 2.1.0 Sender OK
2026/06/13 08:53:14 Waiting to read from 127.0.0.1:47384...
2026/06/13 08:53:14 C: RCPT TO:<carol@example.com>
2026/06/13 08:53:14 S: 250 2.1.5 Recipient OK
2026/06/13 08:53:14 Waiting to read from 127.0.0.1:47384...
2026/06/13 08:53:14 C: DATA
2026/06/13 08:53:14 S: 354 Start mail input; end with <CRLF>.<CRLF>
DEBUG ParseMIMEMessage: Content-Type='text/plain; charset=UTF-8'
DEBUG ParseMIMEMessage: mediaType='text/plain', boundary=''
DEBUG ParseMIMEMessage: Single-part message (not multipart)
DEBUG StoreMessage: Stored part idx=0 (type=text/plain) as db_id=2 with part_number=1 (parent_db_id={0 false})
2026/06/13 08:53:14 Message delivered successfully to carol@example.com
2026/06/13 08:53:14 S: 250 2.0.0 Message accepted for delivery to <carol@example.com>
2026/06/13 08:53:14 Waiting to read from 127.0.0.1:47384...
2026/06/13 08:53:14 C: LHLO mx
2026/06/13 08:53:14 S: 250-localhost
2026/06/13 08:53:14 S: 250-PIPELINING
2026/06/13 08:53:14 S: 250-ENHANCEDSTATUSCODES
2026/06/13 08:53:14 S: 250-SIZE 1048576
2026/06/13 08:53:14 S: 250 8BITMIME
2026/06/13 08:53:14 Waiting to read from 127.0.0.1:47384...
2026/06/13 08:53:14 C: MAIL FROM:<sender@ext.com>
2026/06/13 08:53:14 S: 250 2.1.0 Sender OK
2026/06/13 08:53:14 Waiting to read from 127.0.0.1:47384...
2026/06/13 08:53:14 C: RCPT TO:<carol@example.com>
2026/06/13 08:53:14 S: 250 2.1.5 Recipient OK
2026/06/13 08:53:14 Waiting to read from 127.0.0.1:47384...
2026/06/13 08:53:14 C: DATA
2026/06/13 08:53:14 S: 354 Start mail input; end with <CRLF>.<CRLF>
DEBUG ParseMIMEMessage: Content-Type='text/plain; charset=UTF-8'
DEBUG ParseMIMEMessage: mediaType='text/plain', boundary=''
DEBUG ParseMIMEMessage: Single-part message (not multipart)
DEBUG StoreMessage: Stored part idx=0 (type=text/plain) as db_id=3 with part_number=1 (parent_db_id={0 false})
2026/06/13 08:53:14 Message delivered successfully to carol@example.com
2026/06/13 08:53:14 S: 250 2.0.0 Message accepted for delivery to <carol@example.com>
2026/06/13 08:53:14 Waiting to read from 127.0.0.1:47384...
Server: * OK [CAPABILITY IMAP4rev1 STARTTLS LOGINDISABLED UIDPLUS IDLE LITERAL+] SQLite IMAP server ready
Client: A001 STARTTLS
Server: A001 OK Begin TLS negotiation now
    mailbox_state_e2e_test.go:47: IMAP client connected to 127.0.0.1:41799
Client: A002 CAPABILITY
Server: * CAPABILITY IMAP4rev1 AUTH=PLAIN LOGIN UIDPLUS IDLE NAMESPACE UNSELECT LITERAL+
Server: A002 OK CAPABILITY completed
Client: A003 LOGIN carol@example.com password123
2026/06/13 08:53:14 Accepting login for user: carol@example.com (type=test-user)
Server: A003 OK [CAPABILITY IMAP4rev1 AUTH=PLAIN LOGIN UIDPLUS IDLE NAMESPACE UNSELECT LITERAL+] Authenticated
Client: A004 SELECT INBOX
Server: * FLAGS (\Answered \Flagged \Deleted \Seen \Draft)
Server: * 3 EXISTS
Server: * 0 RECENT
Server: * OK [UNSEEN 1] Message 1 is first unseen
Server: * OK [UIDVALIDITY 1781340794] UIDs valid
Server: * OK [UIDNEXT 4] Predicted next UID
Server: * OK [PERMANENTFLAGS (\Answered \Flagged \Deleted \Seen \Draft \*)] Limited
Server: A004 OK [READ-WRITE] SELECT completed
=== RUN   TestE2E_IMAP_UID_Sequence_AndUIDValidity/Initial_Sequence
Client: A005 FETCH 1:3 (UID ENVELOPE)
DEBUG ReconstructMessage: Starting reconstruction with 6 headers, 1 parts
DEBUG ReconstructMessage: Wrote 6 stored headers
DEBUG ReconstructMessage: Reconstructed headers:
From: sender@ext.com
To: carol@example.com
Subject: First Message
Date: Sat, 13 Jun 2026 08:53:14 +0000
Message-ID: <1781340794485663256@e2e.test>
Content-Type: text/plain; charset=UTF-8
DEBUG ReconstructMessage: Total message size: 201 bytes
Server: * 1 FETCH (UID 1 ENVELOPE ("Sat, 13 Jun 2026 08:53:14 +0000" "First Message" ((NIL NIL "sender" "ext.com")) ((NIL NIL "sender" "ext.com")) ((NIL NIL "sender" "ext.com")) ((NIL NIL "carol" "example.com")) NIL NIL NIL "<1781340794485663256@e2e.test>"))
DEBUG ReconstructMessage: Starting reconstruction with 6 headers, 1 parts
DEBUG ReconstructMessage: Wrote 6 stored headers
DEBUG ReconstructMessage: Reconstructed headers:
From: sender@ext.com
To: carol@example.com
Subject: Second Message
Date: Sat, 13 Jun 2026 08:53:14 +0000
Message-ID: <1781340794485667932@e2e.test>
Content-Type: text/plain; charset=UTF-8
DEBUG ReconstructMessage: Total message size: 202 bytes
Server: * 2 FETCH (UID 2 ENVELOPE ("Sat, 13 Jun 2026 08:53:14 +0000" "Second Message" ((NIL NIL "sender" "ext.com")) ((NIL NIL "sender" "ext.com")) ((NIL NIL "sender" "ext.com")) ((NIL NIL "carol" "example.com")) NIL NIL NIL "<1781340794485667932@e2e.test>"))
DEBUG ReconstructMessage: Starting reconstruction with 6 headers, 1 parts
DEBUG ReconstructMessage: Wrote 6 stored headers
DEBUG ReconstructMessage: Reconstructed headers:
From: sender@ext.com
To: carol@example.com
Subject: Third Message
Date: Sat, 13 Jun 2026 08:53:14 +0000
Message-ID: <1781340794485672364@e2e.test>
Content-Type: text/plain; charset=UTF-8
DEBUG ReconstructMessage: Total message size: 203 bytes
Server: * 3 FETCH (UID 3 ENVELOPE ("Sat, 13 Jun 2026 08:53:14 +0000" "Third Message" ((NIL NIL "sender" "ext.com")) ((NIL NIL "sender" "ext.com")) ((NIL NIL "sender" "ext.com")) ((NIL NIL "carol" "example.com")) NIL NIL NIL "<1781340794485672364@e2e.test>"))
Server: A005 OK FETCH completed
    mailbox_state_e2e_test.go:62: Initial fetch response: [* 1 FETCH (UID 1 ENVELOPE ("Sat, 13 Jun 2026 08:53:14 +0000" "First Message" ((NIL NIL "sender" "ext.com")) ((NIL NIL "sender" "ext.com")) ((NIL NIL "sender" "ext.com")) ((NIL NIL "carol" "example.com")) NIL NIL NIL "<1781340794485663256@e2e.test>")) * 2 FETCH (UID 2 ENVELOPE ("Sat, 13 Jun 2026 08:53:14 +0000" "Second Message" ((NIL NIL "sender" "ext.com")) ((NIL NIL "sender" "ext.com")) ((NIL NIL "sender" "ext.com")) ((NIL NIL "carol" "example.com")) NIL NIL NIL "<1781340794485667932@e2e.test>")) * 3 FETCH (UID 3 ENVELOPE ("Sat, 13 Jun 2026 08:53:14 +0000" "Third Message" ((NIL NIL "sender" "ext.com")) ((NIL NIL "sender" "ext.com")) ((NIL NIL "sender" "ext.com")) ((NIL NIL "carol" "example.com")) NIL NIL NIL "<1781340794485672364@e2e.test>"))]
=== RUN   TestE2E_IMAP_UID_Sequence_AndUIDValidity/EXPUNGE_Behavior
Client: A006 STORE 1 +FLAGS (\Deleted)
Server: * 1 FETCH (FLAGS (\Deleted))
Server: A006 OK STORE completed
Client: A007 EXPUNGE
Server: * 1 EXPUNGE
Server: A007 OK EXPUNGE completed
    mailbox_state_e2e_test.go:91: EXPUNGE response: [* 1 EXPUNGE A007 OK EXPUNGE completed]
Client: A008 FETCH 1:2 UID
Server: * 1 FETCH (UID 2)
Server: * 2 FETCH (UID 3)
Server: A008 OK FETCH completed
    mailbox_state_e2e_test.go:100: Post-EXPUNGE UIDs: [* 1 FETCH (UID 2) * 2 FETCH (UID 3)]
=== RUN   TestE2E_IMAP_UID_Sequence_AndUIDValidity/UIDVALIDITY_Consistency
Client: A009 SELECT INBOX
Server: * FLAGS (\Answered \Flagged \Deleted \Seen \Draft)
Server: * 2 EXISTS
Server: * 0 RECENT
Server: * OK [UNSEEN 1] Message 1 is first unseen
Server: * OK [UIDVALIDITY 1781340794] UIDs valid
Server: * OK [UIDNEXT 4] Predicted next UID
Server: * OK [PERMANENTFLAGS (\Answered \Flagged \Deleted \Seen \Draft \*)] Limited
Server: A009 OK [READ-WRITE] SELECT completed
    mailbox_state_e2e_test.go:127: UIDVALIDITY: * OK [UIDVALIDITY 1781340794] UIDs valid
=== NAME  TestE2E_IMAP_UID_Sequence_AndUIDValidity
    env.go:53: Test database cleaned up: /tmp/raven_integration_test_3550939266
    env.go:43: Test IMAP server stopped
2026/06/13 08:53:14 Read failed from 127.0.0.1:47384: EOF (connection likely closed by client)
2026/06/13 08:53:14 Session error from 127.0.0.1:47384: read error: EOF
2026/06/13 08:53:14 Connection closed: 127.0.0.1:47384
2026/06/13 08:53:14 Shutting down LMTP server...
2026/06/13 08:53:14 All connections closed
2026/06/13 08:53:14 LMTP server shutdown complete
--- PASS: TestE2E_IMAP_UID_Sequence_AndUIDValidity (0.69s)
    --- PASS: TestE2E_IMAP_UID_Sequence_AndUIDValidity/Initial_Sequence (0.00s)
    --- PASS: TestE2E_IMAP_UID_Sequence_AndUIDValidity/EXPUNGE_Behavior (0.00s)
    --- PASS: TestE2E_IMAP_UID_Sequence_AndUIDValidity/UIDVALIDITY_Consistency (0.00s)
=== RUN   TestE2E_ServerRestart_Persistence
    persistence_e2e_test.go:14: Test database created at: /tmp/raven_integration_test_2725333511
2026/06/13 08:53:14 Warning: IDP base URL not configured, group email delivery will be disabled
2026/06/13 08:53:14 Starting LMTP server...
2026/06/13 08:53:14 LMTP server listening on TCP: 127.0.0.1:0 (with keep-alive enabled)
    persistence_e2e_test.go:14: Test LMTP server started on 127.0.0.1:46295
2026/06/13 08:53:14 IMAP OAUTHBEARER: config load skipped at init: open config/raven.yaml: no such file or directory
    persistence_e2e_test.go:14: Test IMAP server started on 127.0.0.1:33033
    persistence_e2e_test.go:14: E2E environment started: LMTP=127.0.0.1:46295, IMAP=127.0.0.1:33033
    persistence_e2e_test.go:18: Test user created: eve@example.com
2026/06/13 08:53:15 New tcp connection from: 127.0.0.1:45868
2026/06/13 08:53:15 TCP options configured for connection from 127.0.0.1:45868
2026/06/13 08:53:15 Sending greeting to 127.0.0.1:45868
2026/06/13 08:53:15 S: 220 localhost LMTP Service ready
2026/06/13 08:53:15 Greeting sent successfully to 127.0.0.1:45868, waiting for client command...
2026/06/13 08:53:15 Waiting to read from 127.0.0.1:45868...
2026/06/13 08:53:15 C: LHLO mx
2026/06/13 08:53:15 S: 250-localhost
2026/06/13 08:53:15 S: 250-PIPELINING
2026/06/13 08:53:15 S: 250-ENHANCEDSTATUSCODES
2026/06/13 08:53:15 S: 250-SIZE 1048576
2026/06/13 08:53:15 S: 250 8BITMIME
2026/06/13 08:53:15 Waiting to read from 127.0.0.1:45868...
2026/06/13 08:53:15 C: MAIL FROM:<sender@ext.com>
2026/06/13 08:53:15 S: 250 2.1.0 Sender OK
2026/06/13 08:53:15 Waiting to read from 127.0.0.1:45868...
2026/06/13 08:53:15 C: RCPT TO:<eve@example.com>
2026/06/13 08:53:15 S: 250 2.1.5 Recipient OK
2026/06/13 08:53:15 Waiting to read from 127.0.0.1:45868...
2026/06/13 08:53:15 C: DATA
2026/06/13 08:53:15 S: 354 Start mail input; end with <CRLF>.<CRLF>
DEBUG ParseMIMEMessage: Content-Type='text/plain; charset=UTF-8'
DEBUG ParseMIMEMessage: mediaType='text/plain', boundary=''
DEBUG ParseMIMEMessage: Single-part message (not multipart)
DEBUG StoreMessage: Stored part idx=0 (type=text/plain) as db_id=1 with part_number=1 (parent_db_id={0 false})
2026/06/13 08:53:15 Message delivered successfully to eve@example.com
2026/06/13 08:53:15 S: 250 2.0.0 Message accepted for delivery to <eve@example.com>
2026/06/13 08:53:15 Waiting to read from 127.0.0.1:45868...
    env.go:43: Test IMAP server stopped
2026/06/13 08:53:15 Shutting down LMTP server...
2026/06/13 08:53:15 LMTP server shutdown complete
    persistence_e2e_test.go:35: Test database created at: /tmp/raven_integration_test_2314350920
2026/06/13 08:53:15 Warning: IDP base URL not configured, group email delivery will be disabled
2026/06/13 08:53:15 Starting LMTP server...
2026/06/13 08:53:15 LMTP server listening on TCP: 127.0.0.1:0 (with keep-alive enabled)
    persistence_e2e_test.go:35: Test LMTP server started on 127.0.0.1:45269
2026/06/13 08:53:15 IMAP OAUTHBEARER: config load skipped at init: open config/raven.yaml: no such file or directory
    persistence_e2e_test.go:35: Test IMAP server started on 127.0.0.1:45309
    persistence_e2e_test.go:35: E2E environment started: LMTP=127.0.0.1:45269, IMAP=127.0.0.1:45309
Server: * OK [CAPABILITY IMAP4rev1 STARTTLS LOGINDISABLED UIDPLUS IDLE LITERAL+] SQLite IMAP server ready
Client: A001 STARTTLS
Server: A001 OK Begin TLS negotiation now
    persistence_e2e_test.go:39: IMAP client connected to 127.0.0.1:45309
Client: A002 CAPABILITY
Server: * CAPABILITY IMAP4rev1 AUTH=PLAIN LOGIN UIDPLUS IDLE NAMESPACE UNSELECT LITERAL+
Server: A002 OK CAPABILITY completed
Client: A003 LOGIN eve@example.com password123
2026/06/13 08:53:15 Accepting login for user: eve@example.com (type=test-user)
Server: A003 OK [CAPABILITY IMAP4rev1 AUTH=PLAIN LOGIN UIDPLUS IDLE NAMESPACE UNSELECT LITERAL+] Authenticated
Client: A004 SELECT INBOX
Server: * FLAGS (\Answered \Flagged \Deleted \Seen \Draft)
Server: * 0 EXISTS
Server: * 0 RECENT
Server: * OK [UIDVALIDITY 1781340795] UIDs valid
Server: * OK [UIDNEXT 1] Predicted next UID
Server: * OK [PERMANENTFLAGS (\Answered \Flagged \Deleted \Seen \Draft \*)] Limited
Server: A004 OK [READ-WRITE] SELECT completed
Client: A005 FETCH 1 ENVELOPE
Server: A005 OK FETCH completed
    env.go:43: Test IMAP server stopped
2026/06/13 08:53:15 Shutting down LMTP server...
2026/06/13 08:53:15 All connections closed
2026/06/13 08:53:15 LMTP server shutdown complete
2026/06/13 08:53:15 Read failed from 127.0.0.1:45868: EOF (connection likely closed by client)
2026/06/13 08:53:15 Session error from 127.0.0.1:45868: read error: EOF
2026/06/13 08:53:15 Connection closed: 127.0.0.1:45868
2026/06/13 08:53:15 All connections closed
    env.go:53: Test database cleaned up: /tmp/raven_integration_test_2314350920
--- PASS: TestE2E_ServerRestart_Persistence (0.84s)
PASS
ok  	raven/test/e2e	(cached)
?   	raven/test/e2e/helpers	[no test files]
?   	raven/test/helpers	[no test files]
=== RUN   TestDBManagerToSharedDB_SuccessFlow
    database_integration_test.go:15: Test database created at: /tmp/raven_integration_test_4167643521
    database_integration_test.go:56: Test database cleaned up: /tmp/raven_integration_test_4167643521
--- PASS: TestDBManagerToSharedDB_SuccessFlow (0.01s)
=== RUN   TestDBManagerToUserDB_SuccessFlow
    database_integration_test.go:61: Test database created at: /tmp/raven_integration_test_1964932798
    database_integration_test.go:65: Test data seeded: email=testuser@example.com, mailbox=1
    database_integration_test.go:100: Test database cleaned up: /tmp/raven_integration_test_1964932798
--- PASS: TestDBManagerToUserDB_SuccessFlow (0.07s)
=== RUN   TestDBManagerToSharedDB_CreateUserFlow
    database_integration_test.go:105: Test database created at: /tmp/raven_integration_test_1300642328
    database_integration_test.go:109: Test user created: alice@example.com
    database_integration_test.go:117: Test database cleaned up: /tmp/raven_integration_test_1300642328
--- PASS: TestDBManagerToSharedDB_CreateUserFlow (0.06s)
=== RUN   TestDBManagerToSharedDB_MultipleUsersAndDomains
    database_integration_test.go:122: Test database created at: /tmp/raven_integration_test_3914156099
    database_integration_test.go:134: Test user created: alice@example.com
    database_integration_test.go:134: Test user created: bob@example.com
    database_integration_test.go:134: Test user created: charlie@different.com
    database_integration_test.go:162: Test database cleaned up: /tmp/raven_integration_test_3914156099
--- PASS: TestDBManagerToSharedDB_MultipleUsersAndDomains (0.15s)
=== RUN   TestDBManagerToUserDB_MailboxCRUD
    database_integration_test.go:167: Test database created at: /tmp/raven_integration_test_918003446
    database_integration_test.go:170: Test user created: alice@example.com
    database_integration_test.go:173: Test mailbox created: Work (id=6)
    database_integration_test.go:209: Test database cleaned up: /tmp/raven_integration_test_918003446
--- PASS: TestDBManagerToUserDB_MailboxCRUD (0.08s)
=== RUN   TestDBManagerToUserDB_Concurrency
    database_integration_test.go:214: Test database created at: /tmp/raven_integration_test_3887416722
    database_integration_test.go:223: Test user created: user0@example.com
    database_integration_test.go:223: Test user created: user1@example.com
    database_integration_test.go:223: Test user created: user2@example.com
    database_integration_test.go:223: Test user created: user3@example.com
    database_integration_test.go:223: Test user created: user4@example.com
    database_integration_test.go:223: Test user created: user5@example.com
    database_integration_test.go:223: Test user created: user6@example.com
    database_integration_test.go:223: Test user created: user7@example.com
    database_integration_test.go:223: Test user created: user8@example.com
    database_integration_test.go:223: Test user created: user9@example.com
    database_integration_test.go:244: Test mailbox created: Concurrent (id=6)
    database_integration_test.go:244: Test mailbox created: Concurrent (id=6)
    database_integration_test.go:244: Test mailbox created: Concurrent (id=6)
    database_integration_test.go:244: Test mailbox created: Concurrent (id=6)
    database_integration_test.go:244: Test mailbox created: Concurrent (id=6)
    database_integration_test.go:244: Test mailbox created: Concurrent (id=6)
    database_integration_test.go:244: Test mailbox created: Concurrent (id=6)
    database_integration_test.go:244: Test mailbox created: Concurrent (id=6)
    database_integration_test.go:244: Test mailbox created: Concurrent (id=6)
    database_integration_test.go:244: Test mailbox created: Concurrent (id=6)
    database_integration_test.go:278: Test database cleaned up: /tmp/raven_integration_test_3887416722
--- PASS: TestDBManagerToUserDB_Concurrency (0.56s)
=== RUN   TestDBManagerToSharedDB_Recovery
    database_integration_test.go:283: Test database created at: /tmp/raven_integration_test_3108068168
    database_integration_test.go:287: Test user created: alice@example.com
    database_integration_test.go:339: Test database cleaned up: /tmp/raven_integration_test_3108068168
--- PASS: TestDBManagerToSharedDB_Recovery (0.06s)
=== RUN   TestDBManagerToUserDB_RollbackAndCommit
    database_integration_test.go:344: Test database created at: /tmp/raven_integration_test_4205468187
    database_integration_test.go:348: Test user created: alice@example.com
    database_integration_test.go:435: Test database cleaned up: /tmp/raven_integration_test_4205468187
--- PASS: TestDBManagerToUserDB_RollbackAndCommit (0.07s)
PASS
ok  	raven/test/integration/db	(cached)
=== RUN   TestLMTP_SuccessFlow
    lmtp_integration_test.go:19: Test database created at: /tmp/raven_integration_test_748598245
2026/06/13 08:53:12 Warning: IDP base URL not configured, group email delivery will be disabled
2026/06/13 08:53:12 Starting LMTP server...
2026/06/13 08:53:12 LMTP server listening on TCP: 127.0.0.1:0 (with keep-alive enabled)
    lmtp_integration_test.go:22: Test LMTP server started on 127.0.0.1:40099
2026/06/13 08:53:12 New tcp connection from: 127.0.0.1:50932
2026/06/13 08:53:12 TCP options configured for connection from 127.0.0.1:50932
2026/06/13 08:53:12 Sending greeting to 127.0.0.1:50932
2026/06/13 08:53:12 S: 220 localhost LMTP Service ready
2026/06/13 08:53:12 Greeting sent successfully to 127.0.0.1:50932, waiting for client command...
2026/06/13 08:53:12 Waiting to read from 127.0.0.1:50932...
2026/06/13 08:53:12 C: LHLO localhost
2026/06/13 08:53:12 S: 250-localhost
2026/06/13 08:53:12 S: 250-PIPELINING
2026/06/13 08:53:12 S: 250-ENHANCEDSTATUSCODES
2026/06/13 08:53:12 S: 250-SIZE 1048576
2026/06/13 08:53:12 S: 250 8BITMIME
2026/06/13 08:53:12 Waiting to read from 127.0.0.1:50932...
2026/06/13 08:53:12 C: QUIT
2026/06/13 08:53:12 S: 221 Bye
2026/06/13 08:53:12 Command error: QUIT
2026/06/13 08:53:12 Connection closed: 127.0.0.1:50932
2026/06/13 08:53:12 Shutting down LMTP server...
2026/06/13 08:53:12 All connections closed
2026/06/13 08:53:12 LMTP server shutdown complete
    lmtp_integration_test.go:34: Test database cleaned up: /tmp/raven_integration_test_748598245
--- PASS: TestLMTP_SuccessFlow (0.06s)
=== RUN   TestLMTP_DeliverSuccess
    lmtp_integration_test.go:38: Test database created at: /tmp/raven_integration_test_3203373832
    lmtp_integration_test.go:41: Test user created: alice@example.com
2026/06/13 08:53:13 Warning: IDP base URL not configured, group email delivery will be disabled
2026/06/13 08:53:13 Starting LMTP server...
2026/06/13 08:53:13 LMTP server listening on TCP: 127.0.0.1:0 (with keep-alive enabled)
    lmtp_integration_test.go:43: Test LMTP server started on 127.0.0.1:33913
2026/06/13 08:53:13 New tcp connection from: 127.0.0.1:57726
2026/06/13 08:53:13 TCP options configured for connection from 127.0.0.1:57726
2026/06/13 08:53:13 Sending greeting to 127.0.0.1:57726
2026/06/13 08:53:13 S: 220 localhost LMTP Service ready
2026/06/13 08:53:13 Greeting sent successfully to 127.0.0.1:57726, waiting for client command...
2026/06/13 08:53:13 Waiting to read from 127.0.0.1:57726...
2026/06/13 08:53:13 C: LHLO mx.local
2026/06/13 08:53:13 S: 250-localhost
2026/06/13 08:53:13 S: 250-PIPELINING
2026/06/13 08:53:13 S: 250-ENHANCEDSTATUSCODES
2026/06/13 08:53:13 S: 250-SIZE 1048576
2026/06/13 08:53:13 S: 250 8BITMIME
2026/06/13 08:53:13 Waiting to read from 127.0.0.1:57726...
2026/06/13 08:53:13 C: MAIL FROM:<sender@example.com>
2026/06/13 08:53:13 S: 250 2.1.0 Sender OK
2026/06/13 08:53:13 Waiting to read from 127.0.0.1:57726...
2026/06/13 08:53:13 C: RCPT TO:<alice@example.com>
2026/06/13 08:53:13 S: 250 2.1.5 Recipient OK
2026/06/13 08:53:13 Waiting to read from 127.0.0.1:57726...
2026/06/13 08:53:13 C: DATA
2026/06/13 08:53:13 S: 354 Start mail input; end with <CRLF>.<CRLF>
DEBUG ParseMIMEMessage: Content-Type='text/plain; charset=us-ascii'
DEBUG ParseMIMEMessage: mediaType='text/plain', boundary=''
DEBUG ParseMIMEMessage: Single-part message (not multipart)
DEBUG StoreMessage: Stored part idx=0 (type=text/plain) as db_id=1 with part_number=1 (parent_db_id={0 false})
2026/06/13 08:53:13 Message delivered successfully to alice@example.com
2026/06/13 08:53:13 S: 250 2.0.0 Message accepted for delivery to <alice@example.com>
2026/06/13 08:53:13 Waiting to read from 127.0.0.1:57726...
2026/06/13 08:53:13 C: QUIT
2026/06/13 08:53:13 S: 221 Bye
2026/06/13 08:53:13 Command error: QUIT
2026/06/13 08:53:13 Connection closed: 127.0.0.1:57726
    lmtp_integration_test.go:69: LMTP session completed successfully, verifying message delivery...
    lmtp_integration_test.go:76: Retrieved user database for email: alice@example.com
    lmtp_integration_test.go:82: Found INBOX mailbox with ID: 1 for user alice@example.com
    lmtp_integration_test.go:89: Message count in INBOX: 1
    lmtp_integration_test.go:95: ✓ Message delivery verified: 1 message(s) found in INBOX
2026/06/13 08:53:13 Shutting down LMTP server...
2026/06/13 08:53:13 All connections closed
2026/06/13 08:53:13 LMTP server shutdown complete
    lmtp_integration_test.go:96: Test database cleaned up: /tmp/raven_integration_test_3203373832
--- PASS: TestLMTP_DeliverSuccess (0.12s)
=== RUN   TestLMTP_ErrorPropagation
    lmtp_integration_test.go:100: Test database created at: /tmp/raven_integration_test_174514700
2026/06/13 08:53:13 Warning: IDP base URL not configured, group email delivery will be disabled
2026/06/13 08:53:13 Starting LMTP server...
2026/06/13 08:53:13 LMTP server listening on TCP: 127.0.0.1:0 (with keep-alive enabled)
    lmtp_integration_test.go:103: Test LMTP server started on 127.0.0.1:40953
2026/06/13 08:53:13 New tcp connection from: 127.0.0.1:49394
2026/06/13 08:53:13 TCP options configured for connection from 127.0.0.1:49394
2026/06/13 08:53:13 Sending greeting to 127.0.0.1:49394
2026/06/13 08:53:13 S: 220 localhost LMTP Service ready
2026/06/13 08:53:13 Greeting sent successfully to 127.0.0.1:49394, waiting for client command...
2026/06/13 08:53:13 Waiting to read from 127.0.0.1:49394...
2026/06/13 08:53:13 C: LHLO mx.local
2026/06/13 08:53:13 S: 250-localhost
2026/06/13 08:53:13 S: 250-PIPELINING
2026/06/13 08:53:13 S: 250-ENHANCEDSTATUSCODES
2026/06/13 08:53:13 S: 250-SIZE 1048576
2026/06/13 08:53:13 S: 250 8BITMIME
2026/06/13 08:53:13 Waiting to read from 127.0.0.1:49394...
2026/06/13 08:53:13 C: MAIL FROM:<sender@example.com>
2026/06/13 08:53:13 S: 250 2.1.0 Sender OK
2026/06/13 08:53:13 Waiting to read from 127.0.0.1:49394...
2026/06/13 08:53:13 C: RCPT TO:<nouser@example.com>
2026/06/13 08:53:13 S: 250 2.1.5 Recipient OK
2026/06/13 08:53:13 Waiting to read from 127.0.0.1:49394...
2026/06/13 08:53:13 C: QUIT
2026/06/13 08:53:13 S: 221 Bye
2026/06/13 08:53:13 Command error: QUIT
2026/06/13 08:53:13 Connection closed: 127.0.0.1:49394
2026/06/13 08:53:13 Shutting down LMTP server...
2026/06/13 08:53:13 All connections closed
2026/06/13 08:53:13 LMTP server shutdown complete
    lmtp_integration_test.go:122: Test database cleaned up: /tmp/raven_integration_test_174514700
--- PASS: TestLMTP_ErrorPropagation (0.05s)
=== RUN   TestLMTP_Concurrency
    lmtp_integration_test.go:126: Test database created at: /tmp/raven_integration_test_3715351939
    lmtp_integration_test.go:131: Test user created: a@example.com
    lmtp_integration_test.go:132: Created test user: a@example.com
    lmtp_integration_test.go:131: Test user created: b@example.com
    lmtp_integration_test.go:132: Created test user: b@example.com
    lmtp_integration_test.go:131: Test user created: c@example.com
    lmtp_integration_test.go:132: Created test user: c@example.com
    lmtp_integration_test.go:131: Test user created: d@example.com
    lmtp_integration_test.go:132: Created test user: d@example.com
2026/06/13 08:53:13 Warning: IDP base URL not configured, group email delivery will be disabled
2026/06/13 08:53:13 Starting LMTP server...
2026/06/13 08:53:13 LMTP server listening on TCP: 127.0.0.1:0 (with keep-alive enabled)
    lmtp_integration_test.go:135: Test LMTP server started on 127.0.0.1:42283
    lmtp_integration_test.go:138: Starting concurrent delivery to 4 users...
2026/06/13 08:53:13 New tcp connection from: 127.0.0.1:59624
2026/06/13 08:53:13 New tcp connection from: 127.0.0.1:59636
2026/06/13 08:53:13 New tcp connection from: 127.0.0.1:59640
2026/06/13 08:53:13 TCP options configured for connection from 127.0.0.1:59640
2026/06/13 08:53:13 Sending greeting to 127.0.0.1:59640
2026/06/13 08:53:13 S: 220 localhost LMTP Service ready
2026/06/13 08:53:13 Greeting sent successfully to 127.0.0.1:59640, waiting for client command...
2026/06/13 08:53:13 Waiting to read from 127.0.0.1:59640...
2026/06/13 08:53:13 TCP options configured for connection from 127.0.0.1:59624
2026/06/13 08:53:13 Sending greeting to 127.0.0.1:59624
2026/06/13 08:53:13 S: 220 localhost LMTP Service ready
2026/06/13 08:53:13 Greeting sent successfully to 127.0.0.1:59624, waiting for client command...
2026/06/13 08:53:13 Waiting to read from 127.0.0.1:59624...
2026/06/13 08:53:13 TCP options configured for connection from 127.0.0.1:59636
2026/06/13 08:53:13 Sending greeting to 127.0.0.1:59636
2026/06/13 08:53:13 S: 220 localhost LMTP Service ready
2026/06/13 08:53:13 Greeting sent successfully to 127.0.0.1:59636, waiting for client command...
2026/06/13 08:53:13 Waiting to read from 127.0.0.1:59636...
2026/06/13 08:53:13 C: LHLO mx.local
2026/06/13 08:53:13 S: 250-localhost
2026/06/13 08:53:13 S: 250-PIPELINING
2026/06/13 08:53:13 S: 250-ENHANCEDSTATUSCODES
2026/06/13 08:53:13 New tcp connection from: 127.0.0.1:59654
2026/06/13 08:53:13 S: 250-SIZE 1048576
2026/06/13 08:53:13 S: 250 8BITMIME
2026/06/13 08:53:13 TCP options configured for connection from 127.0.0.1:59654
2026/06/13 08:53:13 Sending greeting to 127.0.0.1:59654
2026/06/13 08:53:13 S: 220 localhost LMTP Service ready
2026/06/13 08:53:13 C: LHLO mx.local
2026/06/13 08:53:13 S: 250-localhost
2026/06/13 08:53:13 Greeting sent successfully to 127.0.0.1:59654, waiting for client command...
2026/06/13 08:53:13 S: 250-PIPELINING
2026/06/13 08:53:13 S: 250-ENHANCEDSTATUSCODES
2026/06/13 08:53:13 S: 250-SIZE 1048576
2026/06/13 08:53:13 S: 250 8BITMIME
2026/06/13 08:53:13 Waiting to read from 127.0.0.1:59636...
2026/06/13 08:53:13 Waiting to read from 127.0.0.1:59654...
2026/06/13 08:53:13 C: MAIL FROM:<sender@example.com>
2026/06/13 08:53:13 C: LHLO mx.local
2026/06/13 08:53:13 S: 250 2.1.0 Sender OK
2026/06/13 08:53:13 Waiting to read from 127.0.0.1:59636...
2026/06/13 08:53:13 S: 250-localhost
2026/06/13 08:53:13 C: RCPT TO:<a@example.com>
2026/06/13 08:53:13 S: 250-PIPELINING
2026/06/13 08:53:13 S: 250-ENHANCEDSTATUSCODES
2026/06/13 08:53:13 S: 250-SIZE 1048576
2026/06/13 08:53:13 Waiting to read from 127.0.0.1:59624...
2026/06/13 08:53:13 S: 250 8BITMIME
2026/06/13 08:53:13 Waiting to read from 127.0.0.1:59654...
2026/06/13 08:53:13 S: 250 2.1.5 Recipient OK
2026/06/13 08:53:13 Waiting to read from 127.0.0.1:59636...
2026/06/13 08:53:13 C: MAIL FROM:<sender@example.com>
2026/06/13 08:53:13 C: DATA
2026/06/13 08:53:13 C: MAIL FROM:<sender@example.com>
2026/06/13 08:53:13 S: 250 2.1.0 Sender OK
2026/06/13 08:53:13 Waiting to read from 127.0.0.1:59654...
2026/06/13 08:53:13 S: 354 Start mail input; end with <CRLF>.<CRLF>
2026/06/13 08:53:13 C: RCPT TO:<c@example.com>
2026/06/13 08:53:13 S: 250 2.1.5 Recipient OK
2026/06/13 08:53:13 Waiting to read from 127.0.0.1:59654...
2026/06/13 08:53:13 C: LHLO mx.local
2026/06/13 08:53:13 S: 250-localhost
2026/06/13 08:53:13 S: 250-PIPELINING
2026/06/13 08:53:13 S: 250-ENHANCEDSTATUSCODES
2026/06/13 08:53:13 S: 250-SIZE 1048576
2026/06/13 08:53:13 S: 250 8BITMIME
2026/06/13 08:53:13 Waiting to read from 127.0.0.1:59640...
2026/06/13 08:53:13 S: 250 2.1.0 Sender OK
2026/06/13 08:53:13 Waiting to read from 127.0.0.1:59624...
2026/06/13 08:53:13 C: DATA
2026/06/13 08:53:13 S: 354 Start mail input; end with <CRLF>.<CRLF>
DEBUG ParseMIMEMessage: Content-Type='text/plain; charset=us-ascii'
DEBUG ParseMIMEMessage: mediaType='text/plain', boundary=''
DEBUG ParseMIMEMessage: Single-part message (not multipart)
2026/06/13 08:53:13 C: MAIL FROM:<sender@example.com>
2026/06/13 08:53:13 S: 250 2.1.0 Sender OK
2026/06/13 08:53:13 Waiting to read from 127.0.0.1:59640...
2026/06/13 08:53:13 C: RCPT TO:<d@example.com>
2026/06/13 08:53:13 S: 250 2.1.5 Recipient OK
2026/06/13 08:53:13 Waiting to read from 127.0.0.1:59624...
2026/06/13 08:53:13 C: RCPT TO:<b@example.com>
2026/06/13 08:53:13 S: 250 2.1.5 Recipient OK
DEBUG ParseMIMEMessage: Content-Type='text/plain; charset=us-ascii'
2026/06/13 08:53:13 Waiting to read from 127.0.0.1:59640...
DEBUG ParseMIMEMessage: mediaType='text/plain', boundary=''
DEBUG ParseMIMEMessage: Single-part message (not multipart)
2026/06/13 08:53:13 C: DATA
2026/06/13 08:53:13 S: 354 Start mail input; end with <CRLF>.<CRLF>
DEBUG ParseMIMEMessage: Content-Type='text/plain; charset=us-ascii'
DEBUG ParseMIMEMessage: mediaType='text/plain', boundary=''
DEBUG ParseMIMEMessage: Single-part message (not multipart)
2026/06/13 08:53:13 C: DATA
2026/06/13 08:53:13 S: 354 Start mail input; end with <CRLF>.<CRLF>
DEBUG ParseMIMEMessage: Content-Type='text/plain; charset=us-ascii'
DEBUG ParseMIMEMessage: mediaType='text/plain', boundary=''
DEBUG ParseMIMEMessage: Single-part message (not multipart)
DEBUG StoreMessage: Stored part idx=0 (type=text/plain) as db_id=1 with part_number=1 (parent_db_id={0 false})
DEBUG StoreMessage: Stored part idx=0 (type=text/plain) as db_id=1 with part_number=1 (parent_db_id={0 false})
DEBUG StoreMessage: Stored part idx=0 (type=text/plain) as db_id=1 with part_number=1 (parent_db_id={0 false})
DEBUG StoreMessage: Stored part idx=0 (type=text/plain) as db_id=1 with part_number=1 (parent_db_id={0 false})
2026/06/13 08:53:13 Message delivered successfully to a@example.com
2026/06/13 08:53:13 S: 250 2.0.0 Message accepted for delivery to <a@example.com>
2026/06/13 08:53:13 Waiting to read from 127.0.0.1:59636...
2026/06/13 08:53:13 C: QUIT
2026/06/13 08:53:13 S: 221 Bye
2026/06/13 08:53:13 Command error: QUIT
2026/06/13 08:53:13 Connection closed: 127.0.0.1:59636
    lmtp_integration_test.go:166: ✓ Successfully delivered message to: a@example.com
2026/06/13 08:53:13 Message delivered successfully to c@example.com
2026/06/13 08:53:13 S: 250 2.0.0 Message accepted for delivery to <c@example.com>
2026/06/13 08:53:13 Waiting to read from 127.0.0.1:59654...
2026/06/13 08:53:13 C: QUIT
2026/06/13 08:53:13 S: 221 Bye
2026/06/13 08:53:13 Command error: QUIT
2026/06/13 08:53:13 Connection closed: 127.0.0.1:59654
    lmtp_integration_test.go:166: ✓ Successfully delivered message to: c@example.com
2026/06/13 08:53:13 Message delivered successfully to b@example.com
2026/06/13 08:53:13 S: 250 2.0.0 Message accepted for delivery to <b@example.com>
2026/06/13 08:53:13 Waiting to read from 127.0.0.1:59640...
2026/06/13 08:53:13 C: QUIT
2026/06/13 08:53:13 S: 221 Bye
    lmtp_integration_test.go:166: ✓ Successfully delivered message to: b@example.com
2026/06/13 08:53:13 Command error: QUIT
2026/06/13 08:53:13 Connection closed: 127.0.0.1:59640
2026/06/13 08:53:13 Message delivered successfully to d@example.com
2026/06/13 08:53:13 S: 250 2.0.0 Message accepted for delivery to <d@example.com>
2026/06/13 08:53:13 Waiting to read from 127.0.0.1:59624...
2026/06/13 08:53:13 C: QUIT
2026/06/13 08:53:13 S: 221 Bye
2026/06/13 08:53:13 Command error: QUIT
2026/06/13 08:53:13 Connection closed: 127.0.0.1:59624
    lmtp_integration_test.go:166: ✓ Successfully delivered message to: d@example.com
    lmtp_integration_test.go:180: Concurrent delivery completed: 4/4 successful
2026/06/13 08:53:13 Shutting down LMTP server...
2026/06/13 08:53:13 All connections closed
2026/06/13 08:53:13 LMTP server shutdown complete
    lmtp_integration_test.go:181: Test database cleaned up: /tmp/raven_integration_test_3715351939
--- PASS: TestLMTP_Concurrency (0.33s)
=== RUN   TestLMTP_DataConsistency
    lmtp_integration_test.go:185: Test database created at: /tmp/raven_integration_test_1908191442
    lmtp_integration_test.go:188: Test user created: alice@example.com
    lmtp_integration_test.go:189: Created test user: alice@example.com
2026/06/13 08:53:13 Warning: IDP base URL not configured, group email delivery will be disabled
2026/06/13 08:53:13 Starting LMTP server...
2026/06/13 08:53:13 LMTP server listening on TCP: 127.0.0.1:0 (with keep-alive enabled)
    lmtp_integration_test.go:191: Test LMTP server started on 127.0.0.1:35655
2026/06/13 08:53:13 New tcp connection from: 127.0.0.1:40974
2026/06/13 08:53:13 TCP options configured for connection from 127.0.0.1:40974
2026/06/13 08:53:13 Sending greeting to 127.0.0.1:40974
2026/06/13 08:53:13 S: 220 localhost LMTP Service ready
2026/06/13 08:53:13 Greeting sent successfully to 127.0.0.1:40974, waiting for client command...
2026/06/13 08:53:13 Waiting to read from 127.0.0.1:40974...
    lmtp_integration_test.go:197: Delivering message for flag consistency test...
2026/06/13 08:53:13 C: LHLO mx.local
2026/06/13 08:53:13 S: 250-localhost
2026/06/13 08:53:13 S: 250-PIPELINING
2026/06/13 08:53:13 S: 250-ENHANCEDSTATUSCODES
2026/06/13 08:53:13 S: 250-SIZE 1048576
2026/06/13 08:53:13 S: 250 8BITMIME
2026/06/13 08:53:13 Waiting to read from 127.0.0.1:40974...
2026/06/13 08:53:13 C: MAIL FROM:<sender@example.com>
2026/06/13 08:53:13 S: 250 2.1.0 Sender OK
2026/06/13 08:53:13 Waiting to read from 127.0.0.1:40974...
2026/06/13 08:53:13 C: RCPT TO:<alice@example.com>
2026/06/13 08:53:13 S: 250 2.1.5 Recipient OK
2026/06/13 08:53:13 Waiting to read from 127.0.0.1:40974...
2026/06/13 08:53:13 C: DATA
2026/06/13 08:53:13 S: 354 Start mail input; end with <CRLF>.<CRLF>
DEBUG ParseMIMEMessage: Content-Type='text/plain; charset=us-ascii'
DEBUG ParseMIMEMessage: mediaType='text/plain', boundary=''
DEBUG ParseMIMEMessage: Single-part message (not multipart)
DEBUG StoreMessage: Stored part idx=0 (type=text/plain) as db_id=1 with part_number=1 (parent_db_id={0 false})
2026/06/13 08:53:13 Message delivered successfully to alice@example.com
2026/06/13 08:53:13 S: 250 2.0.0 Message accepted for delivery to <alice@example.com>
2026/06/13 08:53:13 Waiting to read from 127.0.0.1:40974...
2026/06/13 08:53:13 C: QUIT
2026/06/13 08:53:13 S: 221 Bye
2026/06/13 08:53:13 Command error: QUIT
2026/06/13 08:53:13 Connection closed: 127.0.0.1:40974
    lmtp_integration_test.go:205: Message delivered, verifying database consistency...
    lmtp_integration_test.go:209: Using INBOX mailbox ID: 1
    lmtp_integration_test.go:216: Unseen message count: 1
    lmtp_integration_test.go:226: Retrieved 1 message(s) from INBOX
    lmtp_integration_test.go:229: Marking message 1 as \Seen
    lmtp_integration_test.go:235: Message flags after update: "\\Seen"
    lmtp_integration_test.go:239: ✓ Flag consistency verified successfully
2026/06/13 08:53:13 Shutting down LMTP server...
2026/06/13 08:53:13 All connections closed
2026/06/13 08:53:13 LMTP server shutdown complete
    lmtp_integration_test.go:240: Test database cleaned up: /tmp/raven_integration_test_1908191442
--- PASS: TestLMTP_DataConsistency (0.13s)
=== RUN   TestLMTP_ShutdownRecovery
    lmtp_integration_test.go:244: Test database created at: /tmp/raven_integration_test_1664314054
    lmtp_integration_test.go:247: Starting initial LMTP server...
2026/06/13 08:53:13 Warning: IDP base URL not configured, group email delivery will be disabled
2026/06/13 08:53:13 Starting LMTP server...
2026/06/13 08:53:13 LMTP server listening on TCP: 127.0.0.1:0 (with keep-alive enabled)
    lmtp_integration_test.go:248: Test LMTP server started on 127.0.0.1:44499
    lmtp_integration_test.go:250: Shutting down initial server...
2026/06/13 08:53:13 Shutting down LMTP server...
2026/06/13 08:53:13 All connections closed
2026/06/13 08:53:13 LMTP server shutdown complete
    lmtp_integration_test.go:253: Restarting LMTP server with fresh configuration...
2026/06/13 08:53:13 Warning: IDP base URL not configured, group email delivery will be disabled
    lmtp_integration_test.go:270: Waiting for restarted server to become available...
2026/06/13 08:53:13 Starting LMTP server...
2026/06/13 08:53:13 LMTP server listening on TCP: 127.0.0.1:0 (with keep-alive enabled)
    lmtp_integration_test.go:281: ✓ LMTP server restarted successfully on: 127.0.0.1:42995
    lmtp_integration_test.go:283: Testing connection to restarted server...
2026/06/13 08:53:13 New tcp connection from: 127.0.0.1:44982
2026/06/13 08:53:13 TCP options configured for connection from 127.0.0.1:44982
2026/06/13 08:53:13 Sending greeting to 127.0.0.1:44982
2026/06/13 08:53:13 S: 220 localhost LMTP Service ready
2026/06/13 08:53:13 Greeting sent successfully to 127.0.0.1:44982, waiting for client command...
2026/06/13 08:53:13 Waiting to read from 127.0.0.1:44982...
2026/06/13 08:53:13 C: LHLO mx.local
2026/06/13 08:53:13 S: 250-localhost
2026/06/13 08:53:13 S: 250-PIPELINING
2026/06/13 08:53:13 S: 250-ENHANCEDSTATUSCODES
2026/06/13 08:53:13 S: 250-SIZE 1048576
2026/06/13 08:53:13 S: 250 8BITMIME
2026/06/13 08:53:13 Waiting to read from 127.0.0.1:44982...
2026/06/13 08:53:13 C: QUIT
2026/06/13 08:53:13 S: 221 Bye
2026/06/13 08:53:13 Command error: QUIT
2026/06/13 08:53:13 Connection closed: 127.0.0.1:44982
    lmtp_integration_test.go:288: ✓ Successfully connected to and communicated with restarted server
    lmtp_integration_test.go:291: Cleaning up restarted server...
2026/06/13 08:53:13 Shutting down LMTP server...
2026/06/13 08:53:13 All connections closed
2026/06/13 08:53:13 LMTP server shutdown complete
    lmtp_integration_test.go:293: ✓ Shutdown recovery test completed
    lmtp_integration_test.go:294: Test database cleaned up: /tmp/raven_integration_test_1664314054
--- PASS: TestLMTP_ShutdownRecovery (0.11s)
PASS
ok  	raven/test/integration/delivery	(cached)
=== RUN   TestSASLAuthenticationFlow
    server.go:782: Mock auth server started at: https://127.0.0.1:35605
2026/06/13 08:53:14 SASL OAUTHBEARER: config load skipped at init: open config/raven.yaml: no such file or directory
2026/06/13 08:53:14 Starting SASL server...
2026/06/13 08:53:14 SASL Scope: all
2026/06/13 08:53:14 SASL server listening on Unix socket: /tmp/raven-sasl-auth-flow-1781340794835821524.sock
2026/06/13 08:53:14 Using authentication URL: https://127.0.0.1:35605/auth
2026/06/13 08:53:14 Domain: example.com
2026/06/13 08:53:14 Skipping Unix socket listener (scope: all, only TCP connections are allowed)
    sasl_integration_test.go:47: SASL server started on socket: /tmp/raven-sasl-auth-flow-1781340794835821524.sock
2026/06/13 08:53:14 New unix connection from: @
2026/06/13 08:53:14 New unix connection from: @
    sasl_integration_test.go:53: Testing valid authentication flow...
2026/06/13 08:53:14 SASL received: VERSION	1	2
2026/06/13 08:53:14 SASL sent: VERSION	1	2
    sasl_integration_test.go:61: ✓ Version handshake successful: VERSION	1	2
2026/06/13 08:53:14 SASL received: CPID	12345
2026/06/13 08:53:14 SASL sent: MECH	PLAIN	plaintext
2026/06/13 08:53:14 SASL sent: MECH	LOGIN	plaintext
2026/06/13 08:53:14 SASL sent: MECH	OAUTHBEARER	plaintext
2026/06/13 08:53:14 SASL sent: MECH	XOAUTH2	plaintext
2026/06/13 08:53:14 SASL sent: DONE
    sasl_integration_test.go:68: Received 5 mechanism responses
    sasl_integration_test.go:72: Mechanism response: MECH	PLAIN	plaintext
    sasl_integration_test.go:72: Mechanism response: MECH	LOGIN	plaintext
    sasl_integration_test.go:72: Mechanism response: MECH	OAUTHBEARER	plaintext
    sasl_integration_test.go:72: Mechanism response: MECH	XOAUTH2	plaintext
    sasl_integration_test.go:72: Mechanism response: DONE
    sasl_integration_test.go:87: ✓ Authentication mechanisms announced successfully
2026/06/13 08:53:14 SASL received: AUTH	1	PLAIN	service=smtp	resp=AGFsaWNlAHZhbGlkcGFzczEyMw==
2026/06/13 08:53:14 AUTH request: id=1, mechanism=PLAIN
2026/06/13 08:53:14 Service: smtp, Response present: true
2026/06/13 08:53:14 PLAIN authentication attempt for user: alice
2026/06/13 08:53:14 Authentication API returned success for user: alice
2026/06/13 08:53:14 SASL sent: OK	1	user=alice
2026/06/13 08:53:14 Authentication successful for user: alice
    sasl_integration_test.go:99: Authentication response: OK	1	user=alice
    sasl_integration_test.go:107: ✓ PLAIN authentication with valid credentials successful
2026/06/13 08:53:14 Shutting down SASL server...
2026/06/13 08:53:14 All connections closed
2026/06/13 08:53:14 SASL server shutdown complete
--- PASS: TestSASLAuthenticationFlow (0.06s)
=== RUN   TestSASLAuthenticationFailure
    server.go:782: Mock auth server started at: https://127.0.0.1:33331
2026/06/13 08:53:14 SASL OAUTHBEARER: config load skipped at init: open config/raven.yaml: no such file or directory
2026/06/13 08:53:14 Starting SASL server...
2026/06/13 08:53:14 SASL Scope: all
2026/06/13 08:53:14 SASL server listening on Unix socket: /tmp/raven-sasl-auth-failure-1781340794893807063.sock
2026/06/13 08:53:14 Using authentication URL: https://127.0.0.1:33331/auth
2026/06/13 08:53:14 Domain: example.com
2026/06/13 08:53:14 Skipping Unix socket listener (scope: all, only TCP connections are allowed)
    sasl_integration_test.go:124: SASL server started for failure test on socket: /tmp/raven-sasl-auth-failure-1781340794893807063.sock
2026/06/13 08:53:14 New unix connection from: @
    sasl_integration_test.go:129: Testing authentication failure flow...
2026/06/13 08:53:14 New unix connection from: @
2026/06/13 08:53:14 SASL received: VERSION	1	2
2026/06/13 08:53:14 SASL sent: VERSION	1	2
2026/06/13 08:53:14 SASL received: CPID	12345
2026/06/13 08:53:14 SASL sent: MECH	PLAIN	plaintext
2026/06/13 08:53:14 SASL sent: MECH	LOGIN	plaintext
2026/06/13 08:53:14 SASL sent: MECH	OAUTHBEARER	plaintext
2026/06/13 08:53:14 SASL sent: MECH	XOAUTH2	plaintext
2026/06/13 08:53:14 SASL sent: DONE
2026/06/13 08:53:14 SASL received: AUTH	2	PLAIN	service=smtp	resp=AGFsaWNlAHdyb25ncGFzc3dvcmQ=
2026/06/13 08:53:14 AUTH request: id=2, mechanism=PLAIN
2026/06/13 08:53:14 Service: smtp, Response present: true
2026/06/13 08:53:14 PLAIN authentication attempt for user: alice
2026/06/13 08:53:14 Authentication API returned status 401 for user: alice
2026/06/13 08:53:14 SASL sent: FAIL	2	user=alice	reason=Invalid credentials
2026/06/13 08:53:14 Authentication failed for user: alice
    sasl_integration_test.go:149: Authentication failure response: FAIL	2	user=alice	reason=Invalid credentials
    sasl_integration_test.go:157: ✓ Authentication failure handled correctly
2026/06/13 08:53:14 Shutting down SASL server...
2026/06/13 08:53:14 SASL server shutdown complete
--- PASS: TestSASLAuthenticationFailure (0.06s)
2026/06/13 08:53:14 All connections closed
=== RUN   TestSASLPlainWithoutInitialResponse
    server.go:782: Mock auth server started at: https://127.0.0.1:45777
2026/06/13 08:53:14 SASL OAUTHBEARER: config load skipped at init: open config/raven.yaml: no such file or directory
2026/06/13 08:53:14 Starting SASL server...
2026/06/13 08:53:14 SASL Scope: all
2026/06/13 08:53:14 SASL server listening on Unix socket: /tmp/raven-sasl-plain-continuation-1781340794953383470.sock
2026/06/13 08:53:14 Using authentication URL: https://127.0.0.1:45777/auth
2026/06/13 08:53:14 Domain: example.com
2026/06/13 08:53:14 Skipping Unix socket listener (scope: all, only TCP connections are allowed)
    sasl_integration_test.go:176: Testing PLAIN authentication without initial response...
2026/06/13 08:53:15 New unix connection from: @
2026/06/13 08:53:15 New unix connection from: @
2026/06/13 08:53:15 SASL received: VERSION	1	2
2026/06/13 08:53:15 SASL sent: VERSION	1	2
2026/06/13 08:53:15 SASL received: CPID	12345
2026/06/13 08:53:15 SASL sent: MECH	PLAIN	plaintext
2026/06/13 08:53:15 SASL sent: MECH	LOGIN	plaintext
2026/06/13 08:53:15 SASL sent: MECH	OAUTHBEARER	plaintext
2026/06/13 08:53:15 SASL sent: MECH	XOAUTH2	plaintext
2026/06/13 08:53:15 SASL sent: DONE
2026/06/13 08:53:15 SASL received: AUTH	3	PLAIN	service=smtp
2026/06/13 08:53:15 AUTH request: id=3, mechanism=PLAIN
2026/06/13 08:53:15 Service: smtp, Response present: false
2026/06/13 08:53:15 SASL sent: CONT	3
    sasl_integration_test.go:188: Continuation response: CONT	3
    sasl_integration_test.go:193: ✓ PLAIN authentication continuation prompt handled correctly
2026/06/13 08:53:15 SASL received: CONT	3	AGFsaWNlAHZhbGlkcGFzczEyMw==
2026/06/13 08:53:15 PLAIN authentication attempt for user: alice
2026/06/13 08:53:15 Authentication API returned success for user: alice
2026/06/13 08:53:15 SASL sent: OK	3	user=alice
2026/06/13 08:53:15 Authentication successful for user: alice
    sasl_integration_test.go:207: ✓ PLAIN authentication via CONT handled correctly
2026/06/13 08:53:15 Shutting down SASL server...
2026/06/13 08:53:15 All connections closed
2026/06/13 08:53:15 SASL server shutdown complete
--- PASS: TestSASLPlainWithoutInitialResponse (0.06s)
=== RUN   TestSASLInvalidMechanism
    server.go:782: Mock auth server started at: https://127.0.0.1:42163
2026/06/13 08:53:15 SASL OAUTHBEARER: config load skipped at init: open config/raven.yaml: no such file or directory
2026/06/13 08:53:15 Starting SASL server...
2026/06/13 08:53:15 SASL Scope: all
2026/06/13 08:53:15 SASL server listening on Unix socket: /tmp/raven-sasl-invalid-mech-1781340795011240161.sock
2026/06/13 08:53:15 Using authentication URL: https://127.0.0.1:42163/auth
2026/06/13 08:53:15 Domain: example.com
2026/06/13 08:53:15 Skipping Unix socket listener (scope: all, only TCP connections are allowed)
2026/06/13 08:53:15 New unix connection from: @
    sasl_integration_test.go:226: Testing authentication with unsupported mechanism...
2026/06/13 08:53:15 New unix connection from: @
2026/06/13 08:53:15 SASL received: VERSION	1	2
2026/06/13 08:53:15 SASL sent: VERSION	1	2
2026/06/13 08:53:15 SASL received: CPID	12345
2026/06/13 08:53:15 SASL sent: MECH	PLAIN	plaintext
2026/06/13 08:53:15 SASL sent: MECH	LOGIN	plaintext
2026/06/13 08:53:15 SASL sent: MECH	OAUTHBEARER	plaintext
2026/06/13 08:53:15 SASL sent: MECH	XOAUTH2	plaintext
2026/06/13 08:53:15 SASL sent: DONE
2026/06/13 08:53:15 SASL received: AUTH	4	CRAM-MD5	service=smtp
2026/06/13 08:53:15 AUTH request: id=4, mechanism=CRAM-MD5
2026/06/13 08:53:15 Service: smtp, Response present: false
2026/06/13 08:53:15 SASL sent: FAIL	4	reason=Unsupported mechanism
    sasl_integration_test.go:238: Unsupported mechanism response: FAIL	4	reason=Unsupported mechanism
    sasl_integration_test.go:246: ✓ Unsupported mechanism handled correctly
2026/06/13 08:53:15 Shutting down SASL server...
2026/06/13 08:53:15 SASL server shutdown complete
--- PASS: TestSASLInvalidMechanism (0.05s)
2026/06/13 08:53:15 All connections closed
=== RUN   TestSASLMalformedCredentials
    server.go:782: Mock auth server started at: https://127.0.0.1:46083
2026/06/13 08:53:15 SASL OAUTHBEARER: config load skipped at init: open config/raven.yaml: no such file or directory
2026/06/13 08:53:15 Starting SASL server...
2026/06/13 08:53:15 SASL Scope: all
2026/06/13 08:53:15 SASL server listening on Unix socket: /tmp/raven-sasl-malformed-1781340795062720142.sock
2026/06/13 08:53:15 Using authentication URL: https://127.0.0.1:46083/auth
2026/06/13 08:53:15 Domain: example.com
2026/06/13 08:53:15 Skipping Unix socket listener (scope: all, only TCP connections are allowed)
2026/06/13 08:53:15 New unix connection from: @
2026/06/13 08:53:15 New unix connection from: @
    sasl_integration_test.go:265: Testing authentication with malformed credentials...
2026/06/13 08:53:15 SASL received: VERSION	1	2
2026/06/13 08:53:15 SASL sent: VERSION	1	2
2026/06/13 08:53:15 SASL received: CPID	12345
2026/06/13 08:53:15 SASL sent: MECH	PLAIN	plaintext
2026/06/13 08:53:15 SASL sent: MECH	LOGIN	plaintext
2026/06/13 08:53:15 SASL sent: MECH	OAUTHBEARER	plaintext
2026/06/13 08:53:15 SASL sent: MECH	XOAUTH2	plaintext
2026/06/13 08:53:15 SASL sent: DONE
=== RUN   TestSASLMalformedCredentials/Invalid_base64
2026/06/13 08:53:15 SASL received: AUTH	10	PLAIN	service=smtp	resp=invalid_base64_data!!!
2026/06/13 08:53:15 AUTH request: id=10, mechanism=PLAIN
2026/06/13 08:53:15 Service: smtp, Response present: true
2026/06/13 08:53:15 Failed to decode base64 response: illegal base64 data at input byte 7
    sasl_integration_test.go:301: Malformed credentials response for Invalid base64: FAIL	10	reason=Invalid encoding
=== RUN   TestSASLMalformedCredentials/Missing_password
2026/06/13 08:53:15 SASL sent: FAIL	10	reason=Invalid encoding
2026/06/13 08:53:15 SASL received: AUTH	11	PLAIN	service=smtp	resp=dXNlcm5hbWU=
2026/06/13 08:53:15 AUTH request: id=11, mechanism=PLAIN
2026/06/13 08:53:15 Service: smtp, Response present: true
2026/06/13 08:53:15 Invalid PLAIN format, parts: 1
2026/06/13 08:53:15 SASL sent: FAIL	11	reason=Invalid credentials format
    sasl_integration_test.go:301: Malformed credentials response for Missing password: FAIL	11	reason=Invalid credentials format
=== RUN   TestSASLMalformedCredentials/Empty_response
2026/06/13 08:53:15 SASL received: AUTH	12	PLAIN	service=smtp	resp=
2026/06/13 08:53:15 AUTH request: id=12, mechanism=PLAIN
2026/06/13 08:53:15 Service: smtp, Response present: true
2026/06/13 08:53:15 SASL sent: FAIL	12	reason=Invalid credentials format
    sasl_integration_test.go:301: Malformed credentials response for Empty response: FAIL	12	reason=Invalid credentials format
=== NAME  TestSASLMalformedCredentials
    sasl_integration_test.go:311: ✓ Malformed credentials handled correctly
2026/06/13 08:53:15 Shutting down SASL server...
2026/06/13 08:53:15 SASL server shutdown complete
--- PASS: TestSASLMalformedCredentials (0.05s)
    --- PASS: TestSASLMalformedCredentials/Invalid_base64 (0.00s)
    --- PASS: TestSASLMalformedCredentials/Missing_password (0.00s)
    --- PASS: TestSASLMalformedCredentials/Empty_response (0.00s)
=== RUN   TestSASLConcurrentConnections
2026/06/13 08:53:15 All connections closed
    server.go:782: Mock auth server started at: https://127.0.0.1:40041
2026/06/13 08:53:15 SASL OAUTHBEARER: config load skipped at init: open config/raven.yaml: no such file or directory
2026/06/13 08:53:15 Starting SASL server...
2026/06/13 08:53:15 SASL Scope: all
2026/06/13 08:53:15 SASL server listening on Unix socket: /tmp/raven-sasl-concurrent-1781340795114524386.sock
2026/06/13 08:53:15 Using authentication URL: https://127.0.0.1:40041/auth
2026/06/13 08:53:15 Domain: example.com
2026/06/13 08:53:15 Skipping Unix socket listener (scope: all, only TCP connections are allowed)
    sasl_integration_test.go:327: Testing concurrent SASL connections...
2026/06/13 08:53:15 New unix connection from: @
2026/06/13 08:53:15 New unix connection from: @
2026/06/13 08:53:15 New unix connection from: @
2026/06/13 08:53:15 SASL received: VERSION	1	2
2026/06/13 08:53:15 SASL sent: VERSION	1	2
2026/06/13 08:53:15 SASL received: VERSION	1	2
2026/06/13 08:53:15 SASL sent: VERSION	1	2
2026/06/13 08:53:15 SASL received: CPID	12345
2026/06/13 08:53:15 SASL received: CPID	12345
2026/06/13 08:53:15 SASL sent: MECH	PLAIN	plaintext
2026/06/13 08:53:15 SASL sent: MECH	PLAIN	plaintext
2026/06/13 08:53:15 SASL sent: MECH	LOGIN	plaintext
2026/06/13 08:53:15 SASL sent: MECH	LOGIN	plaintext
2026/06/13 08:53:15 New unix connection from: @
2026/06/13 08:53:15 SASL sent: MECH	OAUTHBEARER	plaintext
2026/06/13 08:53:15 SASL sent: MECH	OAUTHBEARER	plaintext
2026/06/13 08:53:15 SASL sent: MECH	XOAUTH2	plaintext
2026/06/13 08:53:15 SASL sent: MECH	XOAUTH2	plaintext
2026/06/13 08:53:15 SASL sent: DONE
2026/06/13 08:53:15 SASL sent: DONE
2026/06/13 08:53:15 New unix connection from: @
2026/06/13 08:53:15 SASL received: VERSION	1	2
2026/06/13 08:53:15 SASL sent: VERSION	1	2
2026/06/13 08:53:15 New unix connection from: @
2026/06/13 08:53:15 SASL received: AUTH	0	PLAIN	service=smtp	resp=AHVzZXIwAHZhbGlkcGFzczEyMw==
2026/06/13 08:53:15 AUTH request: id=0, mechanism=PLAIN
2026/06/13 08:53:15 SASL received: VERSION	1	2
2026/06/13 08:53:15 Service: smtp, Response present: true
2026/06/13 08:53:15 SASL sent: VERSION	1	2
2026/06/13 08:53:15 PLAIN authentication attempt for user: user0
2026/06/13 08:53:15 SASL received: VERSION	1	2
2026/06/13 08:53:15 SASL sent: VERSION	1	2
2026/06/13 08:53:15 SASL received: AUTH	4	PLAIN	service=smtp	resp=AHVzZXI0AHZhbGlkcGFzczEyMw==
2026/06/13 08:53:15 AUTH request: id=4, mechanism=PLAIN
2026/06/13 08:53:15 Service: smtp, Response present: true
2026/06/13 08:53:15 PLAIN authentication attempt for user: user4
2026/06/13 08:53:15 SASL received: CPID	12345
2026/06/13 08:53:15 SASL sent: MECH	PLAIN	plaintext
2026/06/13 08:53:15 SASL sent: MECH	LOGIN	plaintext
2026/06/13 08:53:15 SASL sent: MECH	OAUTHBEARER	plaintext
2026/06/13 08:53:15 SASL sent: MECH	XOAUTH2	plaintext
2026/06/13 08:53:15 SASL sent: DONE
2026/06/13 08:53:15 SASL received: CPID	12345
2026/06/13 08:53:15 SASL sent: MECH	PLAIN	plaintext
2026/06/13 08:53:15 SASL sent: MECH	LOGIN	plaintext
2026/06/13 08:53:15 SASL sent: MECH	OAUTHBEARER	plaintext
2026/06/13 08:53:15 SASL sent: MECH	XOAUTH2	plaintext
2026/06/13 08:53:15 SASL sent: DONE
2026/06/13 08:53:15 SASL received: AUTH	2	PLAIN	service=smtp	resp=AHVzZXIyAHZhbGlkcGFzczEyMw==
2026/06/13 08:53:15 AUTH request: id=2, mechanism=PLAIN
2026/06/13 08:53:15 Service: smtp, Response present: true
2026/06/13 08:53:15 PLAIN authentication attempt for user: user2
2026/06/13 08:53:15 SASL received: CPID	12345
2026/06/13 08:53:15 SASL sent: MECH	PLAIN	plaintext
2026/06/13 08:53:15 SASL sent: MECH	LOGIN	plaintext
2026/06/13 08:53:15 SASL sent: MECH	OAUTHBEARER	plaintext
2026/06/13 08:53:15 SASL sent: MECH	XOAUTH2	plaintext
2026/06/13 08:53:15 SASL sent: DONE
2026/06/13 08:53:15 SASL received: AUTH	3	PLAIN	service=smtp	resp=AHVzZXIzAHZhbGlkcGFzczEyMw==
2026/06/13 08:53:15 AUTH request: id=3, mechanism=PLAIN
2026/06/13 08:53:15 Service: smtp, Response present: true
2026/06/13 08:53:15 PLAIN authentication attempt for user: user3
2026/06/13 08:53:15 SASL received: AUTH	1	PLAIN	service=smtp	resp=AHVzZXIxAHZhbGlkcGFzczEyMw==
2026/06/13 08:53:15 AUTH request: id=1, mechanism=PLAIN
2026/06/13 08:53:15 Service: smtp, Response present: true
2026/06/13 08:53:15 PLAIN authentication attempt for user: user1
2026/06/13 08:53:15 Authentication API returned success for user: user2
2026/06/13 08:53:15 SASL sent: OK	2	user=user2
2026/06/13 08:53:15 Authentication successful for user: user2
    sasl_integration_test.go:366: ✓ Connection 2 authenticated successfully
2026/06/13 08:53:15 Authentication API returned success for user: user4
2026/06/13 08:53:15 SASL sent: OK	4	user=user4
2026/06/13 08:53:15 Authentication successful for user: user4
    sasl_integration_test.go:366: ✓ Connection 4 authenticated successfully
2026/06/13 08:53:15 Authentication API returned success for user: user0
2026/06/13 08:53:15 SASL sent: OK	0	user=user0
2026/06/13 08:53:15 Authentication successful for user: user0
    sasl_integration_test.go:366: ✓ Connection 0 authenticated successfully
2026/06/13 08:53:15 Authentication API returned success for user: user1
2026/06/13 08:53:15 SASL sent: OK	1	user=user1
2026/06/13 08:53:15 Authentication successful for user: user1
    sasl_integration_test.go:366: ✓ Connection 1 authenticated successfully
2026/06/13 08:53:15 Authentication API returned success for user: user3
2026/06/13 08:53:15 SASL sent: OK	3	user=user3
2026/06/13 08:53:15 Authentication successful for user: user3
    sasl_integration_test.go:366: ✓ Connection 3 authenticated successfully
    sasl_integration_test.go:380: ✓ All 5 concurrent connections handled successfully
2026/06/13 08:53:15 Shutting down SASL server...
2026/06/13 08:53:15 All connections closed
2026/06/13 08:53:15 SASL server shutdown complete
--- PASS: TestSASLConcurrentConnections (0.06s)
=== RUN   TestSASLServerShutdownGraceful
    server.go:782: Mock auth server started at: https://127.0.0.1:34779
2026/06/13 08:53:15 SASL OAUTHBEARER: config load skipped at init: open config/raven.yaml: no such file or directory
    sasl_integration_test.go:394: Testing graceful SASL server shutdown...
2026/06/13 08:53:15 Starting SASL server...
2026/06/13 08:53:15 SASL Scope: all
2026/06/13 08:53:15 SASL server listening on Unix socket: /tmp/raven-sasl-shutdown-1781340795179030336.sock
2026/06/13 08:53:15 Using authentication URL: https://127.0.0.1:34779/auth
2026/06/13 08:53:15 Domain: example.com
2026/06/13 08:53:15 Skipping Unix socket listener (scope: all, only TCP connections are allowed)
2026/06/13 08:53:15 New unix connection from: @
    sasl_integration_test.go:408: ✓ Socket file created: /tmp/raven-sasl-shutdown-1781340795179030336.sock
2026/06/13 08:53:15 New unix connection from: @
2026/06/13 08:53:15 SASL received: VERSION	1	2
2026/06/13 08:53:15 SASL sent: VERSION	1	2
    sasl_integration_test.go:414: ✓ Client connected before shutdown
    sasl_integration_test.go:418: ✓ Client connection closed
2026/06/13 08:53:15 Shutting down SASL server...
2026/06/13 08:53:15 SASL server shutdown complete
    sasl_integration_test.go:425: ✓ Shutdown initiated
2026/06/13 08:53:15 All connections closed
    sasl_integration_test.go:433: ✓ Server stopped gracefully
    sasl_integration_test.go:442: ✓ Socket file cleaned up
    sasl_integration_test.go:450: ✓ Idempotent shutdown works
--- PASS: TestSASLServerShutdownGraceful (0.05s)
=== RUN   TestSASLAuthenticationServerTimeout
2026/06/13 08:53:15 SASL OAUTHBEARER: config load skipped at init: open config/raven.yaml: no such file or directory
2026/06/13 08:53:15 Starting SASL server...
2026/06/13 08:53:15 SASL Scope: all
2026/06/13 08:53:15 SASL server listening on Unix socket: /tmp/raven-sasl-timeout-1781340795230071132.sock
2026/06/13 08:53:15 Using authentication URL: http://127.0.0.1:39725/auth
2026/06/13 08:53:15 Domain: example.com
2026/06/13 08:53:15 Skipping Unix socket listener (scope: all, only TCP connections are allowed)
    sasl_integration_test.go:475: Testing authentication server timeout handling...
2026/06/13 08:53:15 New unix connection from: @
2026/06/13 08:53:15 New unix connection from: @
2026/06/13 08:53:15 SASL received: VERSION	1	2
2026/06/13 08:53:15 SASL sent: VERSION	1	2
2026/06/13 08:53:15 SASL received: CPID	12345
2026/06/13 08:53:15 SASL sent: MECH	PLAIN	plaintext
2026/06/13 08:53:15 SASL sent: MECH	LOGIN	plaintext
2026/06/13 08:53:15 SASL sent: MECH	OAUTHBEARER	plaintext
2026/06/13 08:53:15 SASL sent: MECH	XOAUTH2	plaintext
2026/06/13 08:53:15 SASL sent: DONE
2026/06/13 08:53:15 SASL received: AUTH	1	PLAIN	service=smtp	resp=AGFsaWNlAHZhbGlkcGFzczEyMw==
2026/06/13 08:53:15 AUTH request: id=1, mechanism=PLAIN
2026/06/13 08:53:15 Service: smtp, Response present: true
2026/06/13 08:53:15 PLAIN authentication attempt for user: alice
2026/06/13 08:53:25 Authentication API request failed: Post "http://127.0.0.1:39725/auth": context deadline exceeded (Client.Timeout exceeded while awaiting headers)
2026/06/13 08:53:25 SASL sent: FAIL	1	user=alice	reason=Invalid credentials
2026/06/13 08:53:25 Authentication failed for user: alice
    sasl_integration_test.go:494: Timeout response: FAIL	1	user=alice	reason=Invalid credentials
    sasl_integration_test.go:499: ✓ Authentication server timeout handled correctly
2026/06/13 08:53:25 Shutting down SASL server...
2026/06/13 08:53:25 All connections closed
2026/06/13 08:53:25 SASL server shutdown complete
--- PASS: TestSASLAuthenticationServerTimeout (12.05s)
=== RUN   TestSASLDomainHandling
2026/06/13 08:53:27 SASL OAUTHBEARER: config load skipped at init: open config/raven.yaml: no such file or directory
2026/06/13 08:53:27 Starting SASL server...
2026/06/13 08:53:27 SASL Scope: all
2026/06/13 08:53:27 SASL server listening on Unix socket: /tmp/raven-sasl-domain-1781340807284794176.sock
2026/06/13 08:53:27 Using authentication URL: http://127.0.0.1:41361/auth
2026/06/13 08:53:27 Domain: example.com
2026/06/13 08:53:27 Skipping Unix socket listener (scope: all, only TCP connections are allowed)
2026/06/13 08:53:27 New unix connection from: @
    sasl_integration_test.go:528: Testing domain handling in authentication...
2026/06/13 08:53:27 New unix connection from: @
2026/06/13 08:53:27 SASL received: VERSION	1	2
2026/06/13 08:53:27 SASL sent: VERSION	1	2
2026/06/13 08:53:27 SASL received: CPID	12345
2026/06/13 08:53:27 SASL sent: MECH	PLAIN	plaintext
2026/06/13 08:53:27 SASL sent: MECH	LOGIN	plaintext
2026/06/13 08:53:27 SASL sent: MECH	OAUTHBEARER	plaintext
2026/06/13 08:53:27 SASL sent: MECH	XOAUTH2	plaintext
2026/06/13 08:53:27 SASL sent: DONE
=== RUN   TestSASLDomainHandling/Username_without_domain
2026/06/13 08:53:27 SASL received: AUTH	20	PLAIN	service=smtp	resp=AGFsaWNlAHZhbGlkcGFzczEyMw==
2026/06/13 08:53:27 AUTH request: id=20, mechanism=PLAIN
2026/06/13 08:53:27 Service: smtp, Response present: true
2026/06/13 08:53:27 PLAIN authentication attempt for user: alice
2026/06/13 08:53:27 Authentication API returned success for user: alice
2026/06/13 08:53:27 SASL sent: OK	20	user=alice
2026/06/13 08:53:27 Authentication successful for user: alice
    sasl_integration_test.go:591: ✓ Correct username sent to auth server: alice
=== RUN   TestSASLDomainHandling/Username_with_domain
2026/06/13 08:53:27 SASL received: AUTH	21	PLAIN	service=smtp	resp=AGJvYkBjdXN0b20uY29tAHZhbGlkcGFzczEyMw==
2026/06/13 08:53:27 AUTH request: id=21, mechanism=PLAIN
2026/06/13 08:53:27 Service: smtp, Response present: true
2026/06/13 08:53:27 PLAIN authentication attempt for user: bob@custom.com
2026/06/13 08:53:27 Authentication API returned success for user: bob
2026/06/13 08:53:27 SASL sent: OK	21	user=bob@custom.com
2026/06/13 08:53:27 Authentication successful for user: bob@custom.com
    sasl_integration_test.go:591: ✓ Correct username sent to auth server: bob
2026/06/13 08:53:27 Shutting down SASL server...
2026/06/13 08:53:27 All connections closed
2026/06/13 08:53:27 SASL server shutdown complete
--- PASS: TestSASLDomainHandling (0.05s)
    --- PASS: TestSASLDomainHandling/Username_without_domain (0.00s)
    --- PASS: TestSASLDomainHandling/Username_with_domain (0.00s)
=== RUN   TestSASLLoginMechanism
    server.go:782: Mock auth server started at: https://127.0.0.1:46457
2026/06/13 08:53:27 SASL OAUTHBEARER: config load skipped at init: open config/raven.yaml: no such file or directory
2026/06/13 08:53:27 Starting SASL server...
2026/06/13 08:53:27 SASL Scope: all
2026/06/13 08:53:27 SASL server listening on Unix socket: /tmp/raven-sasl-login-1781340807338602743.sock
2026/06/13 08:53:27 Using authentication URL: https://127.0.0.1:46457/auth
2026/06/13 08:53:27 Domain: example.com
2026/06/13 08:53:27 Skipping Unix socket listener (scope: all, only TCP connections are allowed)
    sasl_integration_test.go:613: Testing LOGIN mechanism...
2026/06/13 08:53:27 New unix connection from: @
2026/06/13 08:53:27 New unix connection from: @
2026/06/13 08:53:27 SASL received: VERSION	1	2
2026/06/13 08:53:27 SASL sent: VERSION	1	2
2026/06/13 08:53:27 SASL received: CPID	12345
2026/06/13 08:53:27 SASL sent: MECH	PLAIN	plaintext
2026/06/13 08:53:27 SASL sent: MECH	LOGIN	plaintext
2026/06/13 08:53:27 SASL sent: MECH	OAUTHBEARER	plaintext
2026/06/13 08:53:27 SASL sent: MECH	XOAUTH2	plaintext
2026/06/13 08:53:27 SASL sent: DONE
2026/06/13 08:53:27 SASL received: AUTH	1	LOGIN	service=smtp
2026/06/13 08:53:27 AUTH request: id=1, mechanism=LOGIN
2026/06/13 08:53:27 Service: smtp, Response present: false
2026/06/13 08:53:27 SASL sent: CONT	1	Username:
    sasl_integration_test.go:625: LOGIN mechanism continuation response: CONT	1	Username:
    sasl_integration_test.go:634: ✓ LOGIN mechanism requests username as expected
2026/06/13 08:53:27 SASL received: CONT	1	YWxpY2U=
2026/06/13 08:53:27 SASL sent: CONT	1	Password:
    sasl_integration_test.go:642: LOGIN mechanism password continuation response: CONT	1	Password:
    sasl_integration_test.go:651: ✓ LOGIN mechanism requests password as expected
2026/06/13 08:53:27 SASL received: CONT	1	dmFsaWRwYXNzMTIz
2026/06/13 08:53:27 LOGIN authentication attempt for user: alice
2026/06/13 08:53:27 Authentication API returned success for user: alice
2026/06/13 08:53:27 SASL sent: OK	1	user=alice
2026/06/13 08:53:27 Authentication successful for user: alice
    sasl_integration_test.go:658: LOGIN mechanism auth response: OK	1	user=alice
    sasl_integration_test.go:663: ✓ LOGIN mechanism authenticates successfully
2026/06/13 08:53:27 Shutting down SASL server...
2026/06/13 08:53:27 All connections closed
2026/06/13 08:53:27 SASL server shutdown complete
--- PASS: TestSASLLoginMechanism (0.06s)
PASS
ok  	raven/test/integration/sasl	(cached)
=== RUN   TestIMAPServerToClient_SuccessFlow
    imap_integration_test.go:15: Test database created at: /tmp/raven_integration_test_1053759598
2026/06/13 08:53:16 IMAP OAUTHBEARER: config load skipped at init: open config/raven.yaml: no such file or directory
    imap_integration_test.go:19: Test IMAP server started on 127.0.0.1:41179
Server: * OK [CAPABILITY IMAP4rev1 STARTTLS LOGINDISABLED UIDPLUS IDLE LITERAL+] SQLite IMAP server ready
Client: A001 STARTTLS
Server: A001 OK Begin TLS negotiation now
    imap_integration_test.go:23: IMAP client connected to 127.0.0.1:41179
Client: A002 LOGOUT
Server: * BYE IMAP4rev1 Server logging out
Server: A002 OK LOGOUT completed
    imap_integration_test.go:36: Test IMAP server stopped
    imap_integration_test.go:36: Test database cleaned up: /tmp/raven_integration_test_1053759598
--- PASS: TestIMAPServerToClient_SuccessFlow (0.24s)
=== RUN   TestIMAPServerToClient_Login
    imap_integration_test.go:41: Test database created at: /tmp/raven_integration_test_944071429
    imap_integration_test.go:45: Test user created: alice@example.com
2026/06/13 08:53:17 IMAP OAUTHBEARER: config load skipped at init: open config/raven.yaml: no such file or directory
    imap_integration_test.go:48: Test IMAP server started on 127.0.0.1:32959
Server: * OK [CAPABILITY IMAP4rev1 STARTTLS LOGINDISABLED UIDPLUS IDLE LITERAL+] SQLite IMAP server ready
Client: A001 STARTTLS
Server: A001 OK Begin TLS negotiation now
    imap_integration_test.go:52: IMAP client connected to 127.0.0.1:32959
Client: A002 CAPABILITY
Server: * CAPABILITY IMAP4rev1 AUTH=PLAIN LOGIN UIDPLUS IDLE NAMESPACE UNSELECT LITERAL+
Server: A002 OK CAPABILITY completed
Client: A003 LOGIN alice@example.com password
2026/06/13 08:53:17 Accepting login for user: alice@example.com (type=test-user)
Server: A003 OK [CAPABILITY IMAP4rev1 AUTH=PLAIN LOGIN UIDPLUS IDLE NAMESPACE UNSELECT LITERAL+] Authenticated
Client: A004 LOGOUT
Server: * BYE IMAP4rev1 Server logging out
Server: A004 OK LOGOUT completed
    imap_integration_test.go:63: Test IMAP server stopped
    imap_integration_test.go:63: Test database cleaned up: /tmp/raven_integration_test_944071429
--- PASS: TestIMAPServerToClient_Login (0.15s)
=== RUN   TestIMAPServerToClient_ListMailboxes
    imap_integration_test.go:68: Test database created at: /tmp/raven_integration_test_2225130360
    imap_integration_test.go:72: Test user created: alice@example.com
    imap_integration_test.go:75: Test mailbox created: Work (id=6)
    imap_integration_test.go:76: Test mailbox created: Personal (id=7)
2026/06/13 08:53:17 IMAP OAUTHBEARER: config load skipped at init: open config/raven.yaml: no such file or directory
    imap_integration_test.go:79: Test IMAP server started on 127.0.0.1:37555
Server: * OK [CAPABILITY IMAP4rev1 STARTTLS LOGINDISABLED UIDPLUS IDLE LITERAL+] SQLite IMAP server ready
Client: A001 STARTTLS
Server: A001 OK Begin TLS negotiation now
    imap_integration_test.go:83: IMAP client connected to 127.0.0.1:37555
Client: A002 CAPABILITY
Server: * CAPABILITY IMAP4rev1 AUTH=PLAIN LOGIN UIDPLUS IDLE NAMESPACE UNSELECT LITERAL+
Server: A002 OK CAPABILITY completed
Client: A003 LOGIN alice@example.com password
2026/06/13 08:53:17 Accepting login for user: alice@example.com (type=test-user)
Server: A003 OK [CAPABILITY IMAP4rev1 AUTH=PLAIN LOGIN UIDPLUS IDLE NAMESPACE UNSELECT LITERAL+] Authenticated
Client: A004 LIST "" "*"
Server: * LIST (\Drafts) "/" "Drafts"
Server: * LIST (\Unmarked) "/" "INBOX"
Server: * LIST (\Unmarked) "/" "Personal"
Server: * LIST (\Sent) "/" "Sent"
Server: * LIST (\Junk) "/" "Spam"
Server: * LIST (\Trash) "/" "Trash"
Server: * LIST (\Unmarked) "/" "Work"
Server: A004 OK LIST completed
Client: A005 LOGOUT
Server: * BYE IMAP4rev1 Server logging out
Server: A005 OK LOGOUT completed
    imap_integration_test.go:116: Test IMAP server stopped
    imap_integration_test.go:116: Test database cleaned up: /tmp/raven_integration_test_2225130360
--- PASS: TestIMAPServerToClient_ListMailboxes (0.12s)
=== RUN   TestIMAPServerToClient_SelectMailbox
    imap_integration_test.go:121: Test database created at: /tmp/raven_integration_test_4062619384
    imap_integration_test.go:125: Test user created: alice@example.com
2026/06/13 08:53:17 IMAP OAUTHBEARER: config load skipped at init: open config/raven.yaml: no such file or directory
    imap_integration_test.go:128: Test IMAP server started on 127.0.0.1:41209
Server: * OK [CAPABILITY IMAP4rev1 STARTTLS LOGINDISABLED UIDPLUS IDLE LITERAL+] SQLite IMAP server ready
Client: A001 STARTTLS
Server: A001 OK Begin TLS negotiation now
    imap_integration_test.go:132: IMAP client connected to 127.0.0.1:41209
Client: A002 CAPABILITY
Server: * CAPABILITY IMAP4rev1 AUTH=PLAIN LOGIN UIDPLUS IDLE NAMESPACE UNSELECT LITERAL+
Server: A002 OK CAPABILITY completed
Client: A003 LOGIN alice@example.com password
2026/06/13 08:53:17 Accepting login for user: alice@example.com (type=test-user)
Server: A003 OK [CAPABILITY IMAP4rev1 AUTH=PLAIN LOGIN UIDPLUS IDLE NAMESPACE UNSELECT LITERAL+] Authenticated
Client: A004 SELECT INBOX
Server: * FLAGS (\Answered \Flagged \Deleted \Seen \Draft)
Server: * 0 EXISTS
Server: * 0 RECENT
Server: * OK [UIDVALIDITY 1781340797] UIDs valid
Server: * OK [UIDNEXT 1] Predicted next UID
Server: * OK [PERMANENTFLAGS (\Answered \Flagged \Deleted \Seen \Draft \*)] Limited
Server: A004 OK [READ-WRITE] SELECT completed
Client: A005 LOGOUT
Server: * BYE IMAP4rev1 Server logging out
Server: A005 OK LOGOUT completed
    imap_integration_test.go:147: Test IMAP server stopped
    imap_integration_test.go:147: Test database cleaned up: /tmp/raven_integration_test_4062619384
--- PASS: TestIMAPServerToClient_SelectMailbox (0.25s)
=== RUN   TestIMAPServerToClient_Concurrency
    imap_integration_test.go:152: Test database created at: /tmp/raven_integration_test_583492883
    imap_integration_test.go:156: Test user created: alice@example.com
2026/06/13 08:53:17 IMAP OAUTHBEARER: config load skipped at init: open config/raven.yaml: no such file or directory
    imap_integration_test.go:159: Test IMAP server started on 127.0.0.1:45807
Server: * OK [CAPABILITY IMAP4rev1 STARTTLS LOGINDISABLED UIDPLUS IDLE LITERAL+] SQLite IMAP server ready
Server: * OK [CAPABILITY IMAP4rev1 STARTTLS LOGINDISABLED UIDPLUS IDLE LITERAL+] SQLite IMAP server ready
Server: * OK [CAPABILITY IMAP4rev1 STARTTLS LOGINDISABLED UIDPLUS IDLE LITERAL+] SQLite IMAP server ready
Server: * OK [CAPABILITY IMAP4rev1 STARTTLS LOGINDISABLED UIDPLUS IDLE LITERAL+] SQLite IMAP server ready
Client: A001 STARTTLS
Client: A001 STARTTLS
Server: * OK [CAPABILITY IMAP4rev1 STARTTLS LOGINDISABLED UIDPLUS IDLE LITERAL+] SQLite IMAP server ready
Client: A001 STARTTLS
Server: A001 OK Begin TLS negotiation now
Server: A001 OK Begin TLS negotiation now
Server: A001 OK Begin TLS negotiation now
Client: A001 STARTTLS
Server: A001 OK Begin TLS negotiation now
Client: A001 STARTTLS
Server: A001 OK Begin TLS negotiation now
    imap_integration_test.go:169: IMAP client connected to 127.0.0.1:45807
    imap_integration_test.go:169: IMAP client connected to 127.0.0.1:45807
    imap_integration_test.go:169: IMAP client connected to 127.0.0.1:45807
Client: A002 CAPABILITY
Server: * CAPABILITY IMAP4rev1 AUTH=PLAIN LOGIN UIDPLUS IDLE NAMESPACE UNSELECT LITERAL+
Server: A002 OK CAPABILITY completed
Client: A002 CAPABILITY
Server: * CAPABILITY IMAP4rev1 AUTH=PLAIN LOGIN UIDPLUS IDLE NAMESPACE UNSELECT LITERAL+
Server: A002 OK CAPABILITY completed
Client: A002 CAPABILITY
Server: * CAPABILITY IMAP4rev1 AUTH=PLAIN LOGIN UIDPLUS IDLE NAMESPACE UNSELECT LITERAL+
Server: A002 OK CAPABILITY completed
Client: A003 LOGIN alice@example.com password
Client: A003 LOGIN alice@example.com password
Client: A003 LOGIN alice@example.com password
    imap_integration_test.go:169: IMAP client connected to 127.0.0.1:45807
Client: A002 CAPABILITY
Server: * CAPABILITY IMAP4rev1 AUTH=PLAIN LOGIN UIDPLUS IDLE NAMESPACE UNSELECT LITERAL+
Server: A002 OK CAPABILITY completed
2026/06/13 08:53:17 Accepting login for user: alice@example.com (type=test-user)
Server: A003 OK [CAPABILITY IMAP4rev1 AUTH=PLAIN LOGIN UIDPLUS IDLE NAMESPACE UNSELECT LITERAL+] Authenticated
Client: A003 LOGIN alice@example.com password
Client: A004 SELECT INBOX
Server: * FLAGS (\Answered \Flagged \Deleted \Seen \Draft)
Server: * 0 EXISTS
Server: * 0 RECENT
Server: * OK [UIDVALIDITY 1781340797] UIDs valid
Server: * OK [UIDNEXT 1] Predicted next UID
Server: * OK [PERMANENTFLAGS (\Answered \Flagged \Deleted \Seen \Draft \*)] Limited
Server: A004 OK [READ-WRITE] SELECT completed
2026/06/13 08:53:17 Accepting login for user: alice@example.com (type=test-user)
Server: A003 OK [CAPABILITY IMAP4rev1 AUTH=PLAIN LOGIN UIDPLUS IDLE NAMESPACE UNSELECT LITERAL+] Authenticated
Client: A004 SELECT INBOX
Server: * FLAGS (\Answered \Flagged \Deleted \Seen \Draft)
Server: * 0 EXISTS
Server: * 0 RECENT
Server: * OK [UIDVALIDITY 1781340797] UIDs valid
Server: * OK [UIDNEXT 1] Predicted next UID
Server: * OK [PERMANENTFLAGS (\Answered \Flagged \Deleted \Seen \Draft \*)] Limited
Server: A004 OK [READ-WRITE] SELECT completed
2026/06/13 08:53:17 Accepting login for user: alice@example.com (type=test-user)
Server: A003 OK [CAPABILITY IMAP4rev1 AUTH=PLAIN LOGIN UIDPLUS IDLE NAMESPACE UNSELECT LITERAL+] Authenticated
Client: A004 SELECT INBOX
    imap_integration_test.go:169: IMAP client connected to 127.0.0.1:45807
Client: A002 CAPABILITY
Server: * CAPABILITY IMAP4rev1 AUTH=PLAIN LOGIN UIDPLUS IDLE NAMESPACE UNSELECT LITERAL+
Server: A002 OK CAPABILITY completed
Client: A003 LOGIN alice@example.com password
Server: * FLAGS (\Answered \Flagged \Deleted \Seen \Draft)
Server: * 0 EXISTS
Server: * 0 RECENT
Server: * OK [UIDVALIDITY 1781340797] UIDs valid
Server: * OK [UIDNEXT 1] Predicted next UID
Server: * OK [PERMANENTFLAGS (\Answered \Flagged \Deleted \Seen \Draft \*)] Limited
Server: A004 OK [READ-WRITE] SELECT completed
2026/06/13 08:53:17 Accepting login for user: alice@example.com (type=test-user)
Server: A003 OK [CAPABILITY IMAP4rev1 AUTH=PLAIN LOGIN UIDPLUS IDLE NAMESPACE UNSELECT LITERAL+] Authenticated
Client: A004 SELECT INBOX
Server: * FLAGS (\Answered \Flagged \Deleted \Seen \Draft)
Server: * 0 EXISTS
Server: * 0 RECENT
Server: * OK [UIDVALIDITY 1781340797] UIDs valid
Server: * OK [UIDNEXT 1] Predicted next UID
Server: * OK [PERMANENTFLAGS (\Answered \Flagged \Deleted \Seen \Draft \*)] Limited
Server: A004 OK [READ-WRITE] SELECT completed
2026/06/13 08:53:17 Accepting login for user: alice@example.com (type=test-user)
Server: A003 OK [CAPABILITY IMAP4rev1 AUTH=PLAIN LOGIN UIDPLUS IDLE NAMESPACE UNSELECT LITERAL+] Authenticated
Client: A004 SELECT INBOX
Server: * FLAGS (\Answered \Flagged \Deleted \Seen \Draft)
Server: * 0 EXISTS
Server: * 0 RECENT
Server: * OK [UIDVALIDITY 1781340797] UIDs valid
Server: * OK [UIDNEXT 1] Predicted next UID
Server: * OK [PERMANENTFLAGS (\Answered \Flagged \Deleted \Seen \Draft \*)] Limited
Server: A004 OK [READ-WRITE] SELECT completed
Client: A005 LOGOUT
Server: * BYE IMAP4rev1 Server logging out
Server: A005 OK LOGOUT completed
Client: A005 LOGOUT
Server: * BYE IMAP4rev1 Server logging out
Server: A005 OK LOGOUT completed
Client: A005 LOGOUT
Server: * BYE IMAP4rev1 Server logging out
Server: A005 OK LOGOUT completed
Client: A005 LOGOUT
Server: * BYE IMAP4rev1 Server logging out
Server: A005 OK LOGOUT completed
Client: A005 LOGOUT
Server: * BYE IMAP4rev1 Server logging out
Server: A005 OK LOGOUT completed
    imap_integration_test.go:202: Test IMAP server stopped
    imap_integration_test.go:202: Test database cleaned up: /tmp/raven_integration_test_583492883
--- PASS: TestIMAPServerToClient_Concurrency (0.42s)
=== RUN   TestIMAPServerToClient_ErrorPropagation
    imap_integration_test.go:206: Test database created at: /tmp/raven_integration_test_1400664881
    imap_integration_test.go:209: Test user created: valid@example.com
2026/06/13 08:53:17 IMAP OAUTHBEARER: config load skipped at init: open config/raven.yaml: no such file or directory
    imap_integration_test.go:211: Test IMAP server started on 127.0.0.1:34111
Server: * OK [CAPABILITY IMAP4rev1 STARTTLS LOGINDISABLED UIDPLUS IDLE LITERAL+] SQLite IMAP server ready
Client: A001 STARTTLS
Server: A001 OK Begin TLS negotiation now
    imap_integration_test.go:214: IMAP client connected to 127.0.0.1:34111
Client: A002 CAPABILITY
Server: * CAPABILITY IMAP4rev1 AUTH=PLAIN LOGIN UIDPLUS IDLE NAMESPACE UNSELECT LITERAL+
Server: A002 OK CAPABILITY completed
Client: A003 LOGIN valid@example.com password
2026/06/13 08:53:18 Accepting login for user: valid@example.com (type=test-user)
Server: A003 OK [CAPABILITY IMAP4rev1 AUTH=PLAIN LOGIN UIDPLUS IDLE NAMESPACE UNSELECT LITERAL+] Authenticated
Client: A004 SELECT DoesNotExist
Server: A004 NO [TRYCREATE] Mailbox does not exist
Client: A005 SELECT InvalidMailbox
Server: A005 NO [TRYCREATE] Mailbox does not exist
Client: A006 LIST "NonExistentReference" "*"
Server: A006 OK LIST completed
Client: A007 LOGOUT
Server: * BYE IMAP4rev1 Server logging out
Server: A007 OK LOGOUT completed
    imap_integration_test.go:242: Test IMAP server stopped
    imap_integration_test.go:242: Test database cleaned up: /tmp/raven_integration_test_1400664881
--- PASS: TestIMAPServerToClient_ErrorPropagation (0.17s)
=== RUN   TestIMAPServerToClient_DataConsistency
    imap_integration_test.go:246: Test database created at: /tmp/raven_integration_test_3198213041
    imap_integration_test.go:249: Test user created: alice@example.com
2026/06/13 08:53:18 IMAP OAUTHBEARER: config load skipped at init: open config/raven.yaml: no such file or directory
    imap_integration_test.go:276: Test IMAP server started on 127.0.0.1:44177
Server: * OK [CAPABILITY IMAP4rev1 STARTTLS LOGINDISABLED UIDPLUS IDLE LITERAL+] SQLite IMAP server ready
Client: A001 STARTTLS
Server: A001 OK Begin TLS negotiation now
    imap_integration_test.go:279: IMAP client connected to 127.0.0.1:44177
Client: A002 CAPABILITY
Server: * CAPABILITY IMAP4rev1 AUTH=PLAIN LOGIN UIDPLUS IDLE NAMESPACE UNSELECT LITERAL+
Server: A002 OK CAPABILITY completed
Client: A003 LOGIN alice@example.com password
2026/06/13 08:53:18 Accepting login for user: alice@example.com (type=test-user)
Server: A003 OK [CAPABILITY IMAP4rev1 AUTH=PLAIN LOGIN UIDPLUS IDLE NAMESPACE UNSELECT LITERAL+] Authenticated
Client: A004 SELECT INBOX
Server: * FLAGS (\Answered \Flagged \Deleted \Seen \Draft)
Server: * 2 EXISTS
Server: * 0 RECENT
Server: * OK [UNSEEN 1] Message 1 is first unseen
Server: * OK [UIDVALIDITY 1781340798] UIDs valid
Server: * OK [UIDNEXT 3] Predicted next UID
Server: * OK [PERMANENTFLAGS (\Answered \Flagged \Deleted \Seen \Draft \*)] Limited
Server: A004 OK [READ-WRITE] SELECT completed
Client: A005 LIST "" "INBOX"
Server: * LIST (\Unmarked) "/" "INBOX"
Server: A005 OK LIST completed
    imap_integration_test.go:320: Database contains 2 messages, IMAP server should report same count during SELECT
Client: A006 LOGOUT
Server: * BYE IMAP4rev1 Server logging out
Server: A006 OK LOGOUT completed
    imap_integration_test.go:323: Test IMAP server stopped
    imap_integration_test.go:323: Test database cleaned up: /tmp/raven_integration_test_3198213041
--- PASS: TestIMAPServerToClient_DataConsistency (0.19s)
=== RUN   TestIMAPServerToClient_UIDStoreSeenPersistsAcrossReconnect
    imap_integration_test.go:326: Test database created at: /tmp/raven_integration_test_2754824210
    imap_integration_test.go:329: Test user created: alice@example.com
2026/06/13 08:53:18 IMAP OAUTHBEARER: config load skipped at init: open config/raven.yaml: no such file or directory
    imap_integration_test.go:343: Test IMAP server started on 127.0.0.1:38719
Server: * OK [CAPABILITY IMAP4rev1 STARTTLS LOGINDISABLED UIDPLUS IDLE LITERAL+] SQLite IMAP server ready
Client: A001 STARTTLS
Server: A001 OK Begin TLS negotiation now
    imap_integration_test.go:346: IMAP client connected to 127.0.0.1:38719
Client: A002 CAPABILITY
Server: * CAPABILITY IMAP4rev1 AUTH=PLAIN LOGIN UIDPLUS IDLE NAMESPACE UNSELECT LITERAL+
Server: A002 OK CAPABILITY completed
Client: A003 LOGIN alice@example.com password
2026/06/13 08:53:18 Accepting login for user: alice@example.com (type=test-user)
Server: A003 OK [CAPABILITY IMAP4rev1 AUTH=PLAIN LOGIN UIDPLUS IDLE NAMESPACE UNSELECT LITERAL+] Authenticated
Client: A004 SELECT INBOX
Server: * FLAGS (\Answered \Flagged \Deleted \Seen \Draft)
Server: * 1 EXISTS
Server: * 0 RECENT
Server: * OK [UNSEEN 1] Message 1 is first unseen
Server: * OK [UIDVALIDITY 1781340798] UIDs valid
Server: * OK [UIDNEXT 2] Predicted next UID
Server: * OK [PERMANENTFLAGS (\Answered \Flagged \Deleted \Seen \Draft \*)] Limited
Server: A004 OK [READ-WRITE] SELECT completed
Client: A005 UID SEARCH UNSEEN
Server: * SEARCH 1
Server: A005 OK UID SEARCH completed
Client: A006 UID STORE 1 +FLAGS.SILENT (\Seen)
Server: A006 OK UID STORE completed
Client: A007 UID FETCH 1 (UID FLAGS)
Server: * 1 FETCH (UID 1 FLAGS (\Seen))
Server: A007 OK UID FETCH completed
Client: A008 LOGOUT
Server: * BYE IMAP4rev1 Server logging out
Server: A008 OK LOGOUT completed
Server: * OK [CAPABILITY IMAP4rev1 STARTTLS LOGINDISABLED UIDPLUS IDLE LITERAL+] SQLite IMAP server ready
Client: A001 STARTTLS
Server: A001 OK Begin TLS negotiation now
    imap_integration_test.go:390: IMAP client connected to 127.0.0.1:38719
Client: A002 CAPABILITY
Server: * CAPABILITY IMAP4rev1 AUTH=PLAIN LOGIN UIDPLUS IDLE NAMESPACE UNSELECT LITERAL+
Server: A002 OK CAPABILITY completed
Client: A003 LOGIN alice@example.com password
2026/06/13 08:53:18 Accepting login for user: alice@example.com (type=test-user)
Server: A003 OK [CAPABILITY IMAP4rev1 AUTH=PLAIN LOGIN UIDPLUS IDLE NAMESPACE UNSELECT LITERAL+] Authenticated
Client: A004 SELECT INBOX
Server: * FLAGS (\Answered \Flagged \Deleted \Seen \Draft)
Server: * 1 EXISTS
Server: * 0 RECENT
Server: * OK [UIDVALIDITY 1781340798] UIDs valid
Server: * OK [UIDNEXT 2] Predicted next UID
Server: * OK [PERMANENTFLAGS (\Answered \Flagged \Deleted \Seen \Draft \*)] Limited
Server: A004 OK [READ-WRITE] SELECT completed
Client: A005 UID SEARCH UNSEEN
Server: * SEARCH
Server: A005 OK UID SEARCH completed
Client: A006 UID FETCH 1 (UID FLAGS)
Server: * 1 FETCH (UID 1 FLAGS (\Seen))
Server: A006 OK UID FETCH completed
    imap_integration_test.go:418: Test IMAP server stopped
    imap_integration_test.go:418: Test database cleaned up: /tmp/raven_integration_test_2754824210
--- PASS: TestIMAPServerToClient_UIDStoreSeenPersistsAcrossReconnect (0.20s)
PASS
ok  	raven/test/integration/server	(cached)
